2026-09-20 18:58:02,371 - INFO - Failed to extract font properties from /usr/share/fonts/truetype/noto/NotoColorEmoji.ttf: Non-scalable fonts are not supported
2026-09-20 18:58:02,566 - INFO - generated new fontManager
2026-09-20 18:58:03,291 - INFO - ✅ Migration Successful!
2026-09-20 18:58:04,074 - INFO - No new games found.
2026-09-20 18:58:04,475 - INFO - 🔍 Found 628 games needing metadata. Starting IGDB + Steam + CheapShark enrichment...
2026-09-20 18:58:04,778 - INFO - 📅 Fetching Basic Metadata: LEGO Batman Trilogy
2026-09-20 18:58:05,332 - INFO - 🎯 IGDB Match: 'LEGO Batman Trilogy' (100%)
2026-09-20 18:58:05,347 - INFO - 📅 Fetching Basic Metadata: Antstream
2026-09-20 18:58:05,609 - INFO - 📅 Fetching Basic Metadata: The Drone Racing League Simulator
2026-09-20 18:58:05,893 - INFO - 🎯 IGDB Match: 'The Drone Racing League Simulator' (100%)
2026-09-20 18:58:05,899 - INFO - 📅 Fetching Basic Metadata: Dark Deity
2026-09-20 18:58:06,126 - INFO - 🎯 IGDB Match: 'Dark Deity' (100%)
2026-09-20 18:58:06,130 - INFO - 📅 Fetching Basic Metadata: RPG in a Box
2026-09-20 18:58:06,298 - INFO - 🎯 IGDB Match: 'RPG in a Box' (100%)
2026-09-20 18:58:06,302 - INFO - 📅 Fetching Basic Metadata: Fallout Classic Collection
2026-09-20 18:58:06,436 - INFO - 🎯 IGDB Match: 'Fallout Classic Collection' (100%)
2026-09-20 18:58:06,441 - INFO - 📅 Fetching Basic Metadata: Recipe for Disaster
2026-09-20 18:58:06,608 - INFO - 🎯 IGDB Match: 'Recipe For Disaster' (100%)
2026-09-20 18:58:06,612 - INFO - 📅 Fetching Basic Metadata: World of Warships — Starter Pack: Ishizuchi
2026-09-20 18:58:06,787 - INFO - 🎯 IGDB Match: 'World of Warships: Starter Pack - Ishizuchi' (98%)
2026-09-20 18:58:06,792 - INFO - 📅 Fetching Basic Metadata: Poker Club
2026-09-20 18:58:06,914 - INFO - 🎯 IGDB Match: 'Poker Club' (100%)
2026-09-20 18:58:06,918 - INFO - 📅 Fetching Basic Metadata: The Sims 4 The Daring Lifestyle Bundle
2026-09-20 18:58:07,076 - INFO - 🎯 IGDB Match: 'The Sims 4: The Daring Lifestyle Bundle' (99%)
2026-09-20 18:58:07,082 - INFO - 📅 Fetching Basic Metadata: Dodo Peak
2026-09-20 18:58:07,258 - INFO - 🎯 IGDB Match: 'Dodo Peak' (100%)
2026-09-20 18:58:07,263 - INFO - 📅 Fetching Basic Metadata: Spelldrifter
2026-09-20 18:58:07,422 - INFO - 🎯 IGDB Match: 'Spelldrifter' (100%)
2026-09-20 18:58:07,426 - INFO - 📅 Fetching Basic Metadata: Model Builder
2026-09-20 18:58:07,605 - INFO - 🎯 IGDB Match: 'Model Builder' (100%)
2026-09-20 18:58:07,610 - INFO - 📅 Fetching Basic Metadata: Godlike Burger
2026-09-20 18:58:07,747 - INFO - 🎯 IGDB Match: 'Godlike Burger' (100%)
2026-09-20 18:58:07,751 - INFO - 📅 Fetching Basic Metadata: Q.U.B.E. Ultimate Bundle
2026-09-20 18:58:08,053 - INFO - 🎯 IGDB Match: 'Q.U.B.E. Ultimate Bundle' (100%)
2026-09-20 18:58:08,058 - INFO - 📅 Fetching Basic Metadata: Jitsu Squad
2026-09-20 18:58:08,276 - INFO - 🎯 IGDB Match: 'Jitsu Squad' (100%)
2026-09-20 18:58:08,280 - INFO - 📅 Fetching Basic Metadata: Mighty Fight Federation
2026-09-20 18:58:08,441 - INFO - 🎯 IGDB Match: 'Mighty Fight Federation' (100%)
2026-09-20 18:58:08,448 - INFO - 📅 Fetching Basic Metadata: LOVE
2026-09-20 18:58:08,600 - INFO - 🎯 IGDB Match: 'Love Love Love' (90%)
2026-09-20 18:58:08,605 - INFO - 📅 Fetching Basic Metadata: Call of The Wild: The Angler
2026-09-20 18:58:08,748 - INFO - 🎯 IGDB Match: 'Call of the Wild: The Angler' (100%)
2026-09-20 18:58:09,036 - INFO - 📅 Fetching Basic Metadata: The Falconeer
2026-09-20 18:58:09,317 - INFO - 🎯 IGDB Match: 'The Falconeer: The Hunter' (90%)
2026-09-20 18:58:09,322 - INFO - 📅 Fetching Basic Metadata: Rawmen: Food Fighter Arena
2026-09-20 18:58:09,454 - INFO - 🎯 IGDB Match: 'Rawmen' (90%)
2026-09-20 18:58:09,459 - INFO - 📅 Fetching Basic Metadata: World of Warships – Starter Pack: Albany
2026-09-20 18:58:09,731 - INFO - 📅 Fetching Basic Metadata: Fallout Classic Edition
2026-09-20 18:58:09,962 - INFO - 📅 Fetching Basic Metadata: Outliver: Tribulation
2026-09-20 18:58:10,188 - INFO - 🎯 IGDB Match: 'Outliver: Tribulation' (100%)
2026-09-20 18:58:10,193 - INFO - 📅 Fetching Basic Metadata: Bus Simulator 21 Next Stop
2026-09-20 18:58:10,371 - INFO - 🎯 IGDB Match: 'Bus Simulator 21: Next Stop' (98%)
2026-09-20 18:58:10,377 - INFO - 📅 Fetching Basic Metadata: Turmoil
2026-09-20 18:58:10,509 - INFO - 🎯 IGDB Match: 'Turmoil' (100%)
2026-09-20 18:58:10,514 - INFO - 📅 Fetching Basic Metadata: World War Z Aftermath
2026-09-20 18:58:10,677 - INFO - 🎯 IGDB Match: 'World War Z: Aftermath' (98%)
2026-09-20 18:58:10,682 - INFO - 📅 Fetching Basic Metadata: World Of Warships – Anniversary Party Flavor
2026-09-20 18:58:10,810 - INFO - 📅 Fetching Basic Metadata: Neko Ghost, Jump!
2026-09-20 18:58:11,051 - INFO - 🎯 IGDB Match: 'Neko Ghost, Jump!' (100%)
2026-09-20 18:58:11,056 - INFO - 📅 Fetching Basic Metadata: Super Space Club
2026-09-20 18:58:11,173 - INFO - 🎯 IGDB Match: 'Super Space Club' (100%)
2026-09-20 18:58:11,177 - INFO - 📅 Fetching Basic Metadata: Touch Type Tale
2026-09-20 18:58:11,311 - INFO - 🎯 IGDB Match: 'Touch Type Tale' (100%)
2026-09-20 18:58:11,315 - INFO - 📅 Fetching Basic Metadata: Gigapocalypse
2026-09-20 18:58:11,535 - INFO - 🎯 IGDB Match: 'Gigapocalypse' (100%)
2026-09-20 18:58:11,540 - INFO - 📅 Fetching Basic Metadata: Legion TD2
2026-09-20 18:58:11,778 - INFO - 📅 Fetching Basic Metadata: Nightingale
2026-09-20 18:58:11,912 - INFO - 🎯 IGDB Match: 'Nightingale' (100%)
2026-09-20 18:58:11,917 - INFO - 📅 Fetching Basic Metadata: Godzilla Voxel Wars
2026-09-20 18:58:12,118 - INFO - 🎯 IGDB Match: 'Godzilla Voxel Wars' (100%)
2026-09-20 18:58:12,124 - INFO - 📅 Fetching Basic Metadata: Trine Classic Collection
2026-09-20 18:58:12,314 - INFO - 🎯 IGDB Match: 'Trine Classic Collection' (100%)
2026-09-20 18:58:12,319 - INFO - 📅 Fetching Basic Metadata: Poison Retro Set
2026-09-20 18:58:12,493 - INFO - 🎯 IGDB Match: 'Pixel Gun 3D: Poison Retro Set' (90%)
2026-09-20 18:58:12,497 - INFO - 📅 Fetching Basic Metadata: The Darkside Detective A Fumble in the Dark
2026-09-20 18:58:12,725 - INFO - 🎯 IGDB Match: 'The Darkside Detective: A Fumble in the Dark' (99%)
2026-09-20 18:58:12,730 - INFO - 📅 Fetching Basic Metadata: Return to Ash
2026-09-20 18:58:12,860 - INFO - 🎯 IGDB Match: 'Return to Ash' (100%)
2026-09-20 18:58:12,864 - INFO - 🏢 Publisher Search: STALCRAFT: X Starter Edition
2026-09-20 18:58:14,612 - INFO - 📅 Fetching Basic Metadata: STALCRAFT: X Starter Edition
2026-09-20 18:58:14,845 - INFO - 📅 Fetching Basic Metadata: Boxes: Lost Fragments
2026-09-20 18:58:14,964 - INFO - 🎯 IGDB Match: 'Boxes: Lost Fragments' (100%)
2026-09-20 18:58:14,969 - INFO - 📅 Fetching Basic Metadata: My Night Job
2026-09-20 18:58:15,197 - INFO - 🎯 IGDB Match: 'My Night Job' (100%)
2026-09-20 18:58:15,202 - INFO - 📅 Fetching Basic Metadata: Electrician Simulator
2026-09-20 18:58:15,320 - INFO - 🎯 IGDB Match: 'Electrician Simulator' (100%)
2026-09-20 18:58:15,324 - INFO - 🏢 Publisher Search: World of Warships — Epic Anniversary Tachibana Pack
2026-09-20 18:58:16,724 - INFO - 📅 Fetching Basic Metadata: World of Warships — Epic Anniversary Tachibana Pack
2026-09-20 18:58:16,855 - INFO - 📅 Fetching Basic Metadata: Hyper Echelon
2026-09-20 18:58:16,983 - INFO - 🎯 IGDB Match: 'Hyper Echelon' (100%)
2026-09-20 18:58:16,988 - INFO - 📅 Fetching Basic Metadata: Havendock
2026-09-20 18:58:17,110 - INFO - 🎯 IGDB Match: 'Havendock' (100%)
2026-09-20 18:58:17,114 - INFO - 📅 Fetching Basic Metadata: Clone Drone in the Danger Zone
2026-09-20 18:58:17,247 - INFO - 🎯 IGDB Match: 'Clone Drone in the Danger Zone' (100%)
2026-09-20 18:58:17,252 - INFO - 🏢 Publisher Search: TOMAK: Save the Earth Regeneration
2026-09-20 18:58:18,638 - INFO - 📅 Fetching Basic Metadata: TOMAK: Save the Earth Regeneration
2026-09-20 18:58:18,772 - INFO - 🎯 IGDB Match: 'Tomak: Save the Earth Regeneration' (100%)
2026-09-20 18:58:18,776 - INFO - 📅 Fetching Basic Metadata: Prop Sumo
2026-09-20 18:58:18,895 - INFO - 🎯 IGDB Match: 'Prop Sumo' (100%)
2026-09-20 18:58:18,899 - INFO - 📅 Fetching Basic Metadata: The Stone of Madness
2026-09-20 18:58:19,173 - INFO - 🎯 IGDB Match: 'The Stone of Madness' (100%)
2026-09-20 18:58:19,177 - INFO - 📅 Fetching Basic Metadata: Firestone Online Idle RPG
2026-09-20 18:58:19,337 - INFO - 🎯 IGDB Match: 'Firestone: Online Idle RPG' (98%)
2026-09-20 18:58:19,341 - INFO - 📅 Fetching Basic Metadata: Oddsparks: An Automation Adventure
2026-09-20 18:58:19,474 - INFO - 🎯 IGDB Match: 'Oddsparks: An Automation Adventure' (100%)
2026-09-20 18:58:19,479 - INFO - 📅 Fetching Basic Metadata: Trash Goblin
2026-09-20 18:58:19,697 - INFO - 🎯 IGDB Match: 'Trash Goblin' (100%)
2026-09-20 18:58:19,702 - INFO - 🏢 Publisher Search: The Telltale Batman Shadows Edition
2026-09-20 18:58:21,192 - INFO - 📅 Fetching Basic Metadata: The Telltale Batman Shadows Edition
2026-09-20 18:58:21,437 - INFO - 🎯 IGDB Match: 'Telltale Batman Shadows Edition' (95%)
2026-09-20 18:58:21,441 - INFO - 🏢 Publisher Search: Sunderfolk - Standard Edition
2026-09-20 18:58:22,930 - INFO - 📅 Fetching Basic Metadata: Sunderfolk - Standard Edition
2026-09-20 18:58:23,162 - INFO - 📅 Fetching Basic Metadata: Down in Bermuda
2026-09-20 18:58:23,391 - INFO - 🎯 IGDB Match: 'Down in Bermuda' (100%)
2026-09-20 18:58:23,395 - INFO - 📅 Fetching Basic Metadata: Tomb Raider I-III Remastered Starring Lara Croft
2026-09-20 18:58:23,526 - INFO - 📅 Fetching Basic Metadata: LONESTAR
2026-09-20 18:58:23,826 - INFO - 🎯 IGDB Match: 'LoneStar' (100%)
2026-09-20 18:58:23,831 - INFO - 📅 Fetching Basic Metadata: Calico
2026-09-20 18:58:24,060 - INFO - 🎯 IGDB Match: 'Calico' (100%)
2026-09-20 18:58:24,064 - INFO - 📅 Fetching Basic Metadata: Rogue Waters
2026-09-20 18:58:24,294 - INFO - 🎯 IGDB Match: 'Rogue Waters' (100%)
2026-09-20 18:58:24,299 - INFO - 📅 Fetching Basic Metadata: The Ouroboros King
2026-09-20 18:58:24,412 - INFO - 🎯 IGDB Match: 'The Ouroboros King' (100%)
2026-09-20 18:58:24,417 - INFO - 🏢 Publisher Search: Warhammer 40K Speed Freeks
2026-09-20 18:58:26,031 - INFO - 📅 Fetching Basic Metadata: I Have No Mouth, and I Must Scream
2026-09-20 18:58:26,248 - INFO - 🎯 IGDB Match: 'I Have No Mouth, and I Must Scream' (100%)
2026-09-20 18:58:26,253 - INFO - 📅 Fetching Basic Metadata: Nova Lands
2026-09-20 18:58:26,420 - INFO - 🎯 IGDB Match: 'Nova Lands' (100%)
2026-09-20 18:58:26,425 - INFO - 📅 Fetching Basic Metadata: Tattoo Tycoon
2026-09-20 18:58:26,558 - INFO - 🎯 IGDB Match: 'Tattoo Tycoon' (100%)
2026-09-20 18:58:26,563 - INFO - 📅 Fetching Basic Metadata: Echo Generation: Midnight Edition
2026-09-20 18:58:26,789 - INFO - 🎯 IGDB Match: 'Echo Generation: Midnight Edition' (100%)
2026-09-20 18:58:26,794 - INFO - 💰 Price Search: Foretales
2026-09-20 18:58:27,936 - WARNING - Price error for Foretales: string indices must be integers, not 'str'
2026-09-20 18:58:27,936 - INFO - 📅 Fetching Basic Metadata: Foretales
2026-09-20 18:58:28,164 - INFO - 🎯 IGDB Match: 'Foretales' (100%)
2026-09-20 18:58:28,169 - INFO - 💰 Price Search: OTXO
2026-09-20 18:58:29,301 - WARNING - Price error for OTXO: string indices must be integers, not 'str'
2026-09-20 18:58:29,302 - INFO - 💰 Price Search: Sol Cesto
2026-09-20 18:58:30,399 - WARNING - Price error for Sol Cesto: string indices must be integers, not 'str'
2026-09-20 18:58:30,399 - INFO - 📅 Fetching Basic Metadata: Sol Cesto
2026-09-20 18:58:30,651 - INFO - 🎯 IGDB Match: 'Sol Cesto' (100%)
2026-09-20 18:58:30,656 - INFO - 💰 Price Search: Beacon Pines
2026-09-20 18:58:31,747 - WARNING - Price error for Beacon Pines: string indices must be integers, not 'str'
2026-09-20 18:58:31,749 - INFO - 💰 Price Search: Caravan SandWitch
2026-09-20 18:58:32,819 - WARNING - Price error for Caravan SandWitch: string indices must be integers, not 'str'
2026-09-20 18:58:32,820 - INFO - 💰 Price Search: Cardpocalypse Standard Edition
2026-09-20 18:58:33,905 - WARNING - Price error for Cardpocalypse Standard Edition: string indices must be integers, not 'str'
2026-09-20 18:58:33,906 - INFO - 🏢 Publisher Search: Cardpocalypse Standard Edition
2026-09-20 18:58:35,318 - INFO - 📅 Fetching Basic Metadata: Cardpocalypse Standard Edition
2026-09-20 18:58:35,483 - INFO - 💰 Price Search: Epic Mage Bundle
2026-09-20 18:58:36,551 - WARNING - Price error for Epic Mage Bundle: string indices must be integers, not 'str'
2026-09-20 18:58:36,551 - INFO - 🏢 Publisher Search: Epic Mage Bundle
2026-09-20 18:58:38,124 - INFO - 📅 Fetching Basic Metadata: Epic Mage Bundle
2026-09-20 18:58:38,341 - INFO - 💰 Price Search: Rival Stars Horse Racing : Desktop Edition
2026-09-20 18:58:39,408 - WARNING - Price error for Rival Stars Horse Racing : Desktop Edition: string indices must be integers, not 'str'
2026-09-20 18:58:39,408 - INFO - 🏢 Publisher Search: Rival Stars Horse Racing : Desktop Edition
2026-09-20 18:58:40,933 - INFO - 📅 Fetching Basic Metadata: Rival Stars Horse Racing : Desktop Edition
2026-09-20 18:58:41,228 - INFO - 🎯 IGDB Match: 'Rival Stars Horse Racing: Desktop Edition' (99%)
2026-09-20 18:58:41,232 - INFO - 💰 Price Search: Alone With You
2026-09-20 18:58:42,326 - WARNING - Price error for Alone With You: string indices must be integers, not 'str'
2026-09-20 18:58:42,326 - INFO - 📅 Fetching Basic Metadata: Alone With You
2026-09-20 18:58:42,514 - INFO - 🎯 IGDB Match: 'Alone With You' (100%)
2026-09-20 18:58:42,519 - INFO - 💰 Price Search: Luftrausers
2026-09-20 18:58:43,588 - WARNING - Price error for Luftrausers: string indices must be integers, not 'str'
2026-09-20 18:58:43,589 - INFO - 💰 Price Search: Astral Ascent
2026-09-20 18:58:44,709 - WARNING - Price error for Astral Ascent: string indices must be integers, not 'str'
2026-09-20 18:58:44,710 - INFO - 💰 Price Search: Mindcop
2026-09-20 18:58:45,770 - WARNING - Price error for Mindcop: string indices must be integers, not 'str'
2026-09-20 18:58:45,771 - INFO - 💰 Price Search: Shogun Showdown
2026-09-20 18:58:46,840 - WARNING - Price error for Shogun Showdown: string indices must be integers, not 'str'
2026-09-20 18:58:46,845 - INFO - 
--- Starting Data Quality Checks ---
2026-09-20 18:58:46,855 - INFO - --- Data Quality Checks Complete ---

2026-09-20 18:58:46,876 - INFO - | Metric | Statistics |
| :--- | :--- |
| 💰 **Total Market Value** | **$13,332.99** |
| 📦 **Total Games Collected** | 705 |
| 🏷️ **Average Retail Price** | $21.93 per game |
| 💎 **Most Expensive Title** | Civilization 6 Platinum Edition ($79.99) |
| 👑 **MVP Publisher** | Bethesda Softworks |
| 🏢 **Value Leaders** | 2K ($579.90), Bethesda Softworks ($544.80), Paradox Interactive ($409.89) |
| 📈 **Inflation-Adjusted Value** | $15,130.23 |
| 🎈 **Inflation Bonus** | **+$1,797.24** in purchasing power |
| 🗓️ **Peak Saving Month** | 🎄 **Seasonality Peak:** December is historically the best month, offering $3,388.17 in savings. |
| ⭐ **Average Score** | 76.9/100 |
| 💳 **Subscription Equivalent** | **$166.24 / mo** |
| 🎯 **Prestige Ratio** | **2.0%** (Strategic Hype) |
| 🏎️ **Lead Time Avg** | 441 Days to Sequel |

2026-09-20 18:58:46,877 - INFO - ✅ README.md updated.
2026-09-20 18:58:46,895 - INFO - Using categorical units to plot a list of strings that are all parsable as floats or dates. If these strings should be plotted as numbers, cast to the appropriate data type before plotting.
2026-09-20 18:58:46,895 - INFO - Using categorical units to plot a list of strings that are all parsable as floats or dates. If these strings should be plotted as numbers, cast to the appropriate data type before plotting.
2026-09-20 18:58:50,850 - INFO - 📈 All charts generated successfully.
