2026-08-17 16:55:00,235 - INFO - Failed to extract font properties from /usr/share/fonts/truetype/noto/NotoColorEmoji.ttf: Non-scalable fonts are not supported
2026-08-17 16:55:00,312 - INFO - generated new fontManager
2026-08-17 16:55:00,627 - INFO - ✅ Migration Successful!
2026-08-17 16:55:01,052 - INFO - No new games found.
2026-08-17 16:55:01,400 - INFO - 🔍 Found 619 games needing metadata. Starting IGDB + Steam + CheapShark enrichment...
2026-08-17 16:55:01,434 - INFO - 📅 Fetching Basic Metadata: LEGO Batman Trilogy
2026-08-17 16:55:01,720 - INFO - 🎯 IGDB Match: 'LEGO Batman Trilogy' (100%)
2026-08-17 16:55:01,750 - INFO - 📅 Fetching Basic Metadata: Antstream
2026-08-17 16:55:01,913 - INFO - 📅 Fetching Basic Metadata: The Drone Racing League Simulator
2026-08-17 16:55:02,055 - INFO - 🎯 IGDB Match: 'The Drone Racing League Simulator' (100%)
2026-08-17 16:55:02,063 - INFO - 📅 Fetching Basic Metadata: Dark Deity
2026-08-17 16:55:02,192 - INFO - 🎯 IGDB Match: 'Dark Deity' (100%)
2026-08-17 16:55:02,199 - INFO - 📅 Fetching Basic Metadata: RPG in a Box
2026-08-17 16:55:02,276 - INFO - 🎯 IGDB Match: 'RPG in a Box' (100%)
2026-08-17 16:55:02,283 - INFO - 📅 Fetching Basic Metadata: Fallout Classic Collection
2026-08-17 16:55:02,374 - INFO - 🎯 IGDB Match: 'Fallout Classic Collection' (100%)
2026-08-17 16:55:02,383 - INFO - 📅 Fetching Basic Metadata: Recipe for Disaster
2026-08-17 16:55:02,457 - INFO - 🎯 IGDB Match: 'Recipe For Disaster' (100%)
2026-08-17 16:55:02,464 - INFO - 📅 Fetching Basic Metadata: World of Warships — Starter Pack: Ishizuchi
2026-08-17 16:55:02,619 - INFO - 🎯 IGDB Match: 'World of Warships: Starter Pack - Ishizuchi' (98%)
2026-08-17 16:55:02,627 - INFO - 📅 Fetching Basic Metadata: Poker Club
2026-08-17 16:55:02,733 - INFO - 🎯 IGDB Match: 'Poker Club' (100%)
2026-08-17 16:55:02,740 - INFO - 📅 Fetching Basic Metadata: The Sims 4 The Daring Lifestyle Bundle
2026-08-17 16:55:02,821 - INFO - 🎯 IGDB Match: 'The Sims 4: The Daring Lifestyle Bundle' (99%)
2026-08-17 16:55:02,830 - INFO - 📅 Fetching Basic Metadata: Dodo Peak
2026-08-17 16:55:02,976 - INFO - 🎯 IGDB Match: 'Dodo Peak' (100%)
2026-08-17 16:55:02,982 - INFO - 📅 Fetching Basic Metadata: Spelldrifter
2026-08-17 16:55:03,059 - INFO - 🎯 IGDB Match: 'Spelldrifter' (100%)
2026-08-17 16:55:03,065 - INFO - 📅 Fetching Basic Metadata: Model Builder
2026-08-17 16:55:03,174 - INFO - 🎯 IGDB Match: 'Model Builder' (100%)
2026-08-17 16:55:03,180 - INFO - 📅 Fetching Basic Metadata: Godlike Burger
2026-08-17 16:55:03,282 - INFO - 🎯 IGDB Match: 'Godlike Burger' (100%)
2026-08-17 16:55:03,289 - INFO - 📅 Fetching Basic Metadata: Q.U.B.E. Ultimate Bundle
2026-08-17 16:55:03,421 - INFO - 🎯 IGDB Match: 'Q.U.B.E. Ultimate Bundle' (100%)
2026-08-17 16:55:03,429 - INFO - 📅 Fetching Basic Metadata: Jitsu Squad
2026-08-17 16:55:03,594 - INFO - 🎯 IGDB Match: 'Jitsu Squad' (100%)
2026-08-17 16:55:03,600 - INFO - 📅 Fetching Basic Metadata: Mighty Fight Federation
2026-08-17 16:55:03,687 - INFO - 🎯 IGDB Match: 'Mighty Fight Federation' (100%)
2026-08-17 16:55:03,697 - INFO - 📅 Fetching Basic Metadata: LOVE
2026-08-17 16:55:03,798 - INFO - 🎯 IGDB Match: 'Love Love Love' (90%)
2026-08-17 16:55:03,806 - INFO - 📅 Fetching Basic Metadata: Call of The Wild: The Angler
2026-08-17 16:55:03,966 - INFO - 🎯 IGDB Match: 'Call of the Wild: The Angler' (100%)
2026-08-17 16:55:03,975 - INFO - 📅 Fetching Basic Metadata: The Falconeer
2026-08-17 16:55:04,051 - INFO - 🎯 IGDB Match: 'The Falconeer: The Hunter' (90%)
2026-08-17 16:55:04,058 - INFO - 📅 Fetching Basic Metadata: Rawmen: Food Fighter Arena
2026-08-17 16:55:04,187 - INFO - 🎯 IGDB Match: 'Rawmen' (90%)
2026-08-17 16:55:04,193 - INFO - 📅 Fetching Basic Metadata: World of Warships – Starter Pack: Albany
2026-08-17 16:55:04,333 - INFO - 📅 Fetching Basic Metadata: Fallout Classic Edition
2026-08-17 16:55:04,470 - WARNING - IGDB Error for Fallout Classic Edition: string indices must be integers, not 'str'
2026-08-17 16:55:04,478 - INFO - 📅 Fetching Basic Metadata: Outliver: Tribulation
2026-08-17 16:55:04,542 - WARNING - IGDB Error for Outliver: Tribulation: string indices must be integers, not 'str'
2026-08-17 16:55:04,550 - INFO - 📅 Fetching Basic Metadata: Bus Simulator 21 Next Stop
2026-08-17 16:55:04,656 - WARNING - IGDB Error for Bus Simulator 21 Next Stop: string indices must be integers, not 'str'
2026-08-17 16:55:04,665 - INFO - 📅 Fetching Basic Metadata: Turmoil
2026-08-17 16:55:04,727 - WARNING - IGDB Error for Turmoil: string indices must be integers, not 'str'
2026-08-17 16:55:04,736 - INFO - 📅 Fetching Basic Metadata: World War Z Aftermath
2026-08-17 16:55:04,799 - WARNING - IGDB Error for World War Z Aftermath: string indices must be integers, not 'str'
2026-08-17 16:55:04,806 - INFO - 📅 Fetching Basic Metadata: World Of Warships – Anniversary Party Flavor
2026-08-17 16:55:04,945 - WARNING - IGDB Error for World Of Warships – Anniversary Party Flavor: string indices must be integers, not 'str'
2026-08-17 16:55:04,952 - INFO - 📅 Fetching Basic Metadata: Neko Ghost, Jump!
2026-08-17 16:55:05,017 - WARNING - IGDB Error for Neko Ghost, Jump!: string indices must be integers, not 'str'
2026-08-17 16:55:05,024 - INFO - 📅 Fetching Basic Metadata: Super Space Club
2026-08-17 16:55:05,084 - WARNING - IGDB Error for Super Space Club: string indices must be integers, not 'str'
2026-08-17 16:55:05,091 - INFO - 📅 Fetching Basic Metadata: Touch Type Tale
2026-08-17 16:55:05,156 - WARNING - IGDB Error for Touch Type Tale: string indices must be integers, not 'str'
2026-08-17 16:55:05,162 - INFO - 📅 Fetching Basic Metadata: Gigapocalypse
2026-08-17 16:55:05,229 - WARNING - IGDB Error for Gigapocalypse: string indices must be integers, not 'str'
2026-08-17 16:55:05,237 - INFO - 📅 Fetching Basic Metadata: Legion TD2
2026-08-17 16:55:05,304 - WARNING - IGDB Error for Legion TD2: string indices must be integers, not 'str'
2026-08-17 16:55:05,314 - INFO - 📅 Fetching Basic Metadata: Nightingale
2026-08-17 16:55:05,376 - WARNING - IGDB Error for Nightingale: string indices must be integers, not 'str'
2026-08-17 16:55:05,384 - INFO - 📅 Fetching Basic Metadata: Godzilla Voxel Wars
2026-08-17 16:55:05,450 - WARNING - IGDB Error for Godzilla Voxel Wars: string indices must be integers, not 'str'
2026-08-17 16:55:05,459 - INFO - 📅 Fetching Basic Metadata: Trine Classic Collection
2026-08-17 16:55:05,546 - INFO - 🎯 IGDB Match: 'Trine Classic Collection' (100%)
2026-08-17 16:55:05,553 - INFO - 📅 Fetching Basic Metadata: Poison Retro Set
2026-08-17 16:55:05,643 - INFO - 🎯 IGDB Match: 'Pixel Gun 3D: Poison Retro Set' (90%)
2026-08-17 16:55:05,649 - INFO - 📅 Fetching Basic Metadata: The Darkside Detective A Fumble in the Dark
2026-08-17 16:55:05,726 - INFO - 🎯 IGDB Match: 'The Darkside Detective: A Fumble in the Dark' (99%)
2026-08-17 16:55:05,732 - INFO - 📅 Fetching Basic Metadata: Return to Ash
2026-08-17 16:55:05,804 - INFO - 🎯 IGDB Match: 'Return to Ash' (100%)
2026-08-17 16:55:05,810 - INFO - 🏢 Publisher Search: STALCRAFT: X Starter Edition
2026-08-17 16:55:07,133 - INFO - 📅 Fetching Basic Metadata: STALCRAFT: X Starter Edition
2026-08-17 16:55:07,216 - INFO - 📅 Fetching Basic Metadata: Boxes: Lost Fragments
2026-08-17 16:55:07,315 - INFO - 🎯 IGDB Match: 'Boxes: Lost Fragments' (100%)
2026-08-17 16:55:07,322 - INFO - 📅 Fetching Basic Metadata: My Night Job
2026-08-17 16:55:07,411 - INFO - 🎯 IGDB Match: 'My Night Job' (100%)
2026-08-17 16:55:07,418 - INFO - 📅 Fetching Basic Metadata: Electrician Simulator
2026-08-17 16:55:07,493 - INFO - 🎯 IGDB Match: 'Electrician Simulator' (100%)
2026-08-17 16:55:07,499 - INFO - 🏢 Publisher Search: World of Warships — Epic Anniversary Tachibana Pack
2026-08-17 16:55:08,946 - INFO - 📅 Fetching Basic Metadata: World of Warships — Epic Anniversary Tachibana Pack
2026-08-17 16:55:09,033 - INFO - 📅 Fetching Basic Metadata: Hyper Echelon
2026-08-17 16:55:09,119 - INFO - 🎯 IGDB Match: 'Hyper Echelon' (100%)
2026-08-17 16:55:09,125 - INFO - 📅 Fetching Basic Metadata: Havendock
2026-08-17 16:55:09,199 - INFO - 🎯 IGDB Match: 'Havendock' (100%)
2026-08-17 16:55:09,205 - INFO - 📅 Fetching Basic Metadata: Clone Drone in the Danger Zone
2026-08-17 16:55:09,295 - INFO - 🎯 IGDB Match: 'Clone Drone in the Danger Zone' (100%)
2026-08-17 16:55:09,301 - INFO - 🏢 Publisher Search: TOMAK: Save the Earth Regeneration
2026-08-17 16:55:10,651 - INFO - 📅 Fetching Basic Metadata: TOMAK: Save the Earth Regeneration
2026-08-17 16:55:10,729 - INFO - 🎯 IGDB Match: 'Tomak: Save the Earth Regeneration' (100%)
2026-08-17 16:55:10,736 - INFO - 📅 Fetching Basic Metadata: Prop Sumo
2026-08-17 16:55:10,809 - INFO - 🎯 IGDB Match: 'Prop Sumo' (100%)
2026-08-17 16:55:10,815 - INFO - 📅 Fetching Basic Metadata: The Stone of Madness
2026-08-17 16:55:10,890 - INFO - 🎯 IGDB Match: 'The Stone of Madness' (100%)
2026-08-17 16:55:10,897 - INFO - 📅 Fetching Basic Metadata: Firestone Online Idle RPG
2026-08-17 16:55:11,011 - INFO - 🎯 IGDB Match: 'Firestone: Online Idle RPG' (98%)
2026-08-17 16:55:11,017 - INFO - 📅 Fetching Basic Metadata: Oddsparks: An Automation Adventure
2026-08-17 16:55:11,119 - INFO - 🎯 IGDB Match: 'Oddsparks: An Automation Adventure' (100%)
2026-08-17 16:55:11,125 - INFO - 📅 Fetching Basic Metadata: Trash Goblin
2026-08-17 16:55:11,286 - INFO - 🎯 IGDB Match: 'Trash Goblin' (100%)
2026-08-17 16:55:11,293 - INFO - 🏢 Publisher Search: The Telltale Batman Shadows Edition
2026-08-17 16:55:12,726 - INFO - 📅 Fetching Basic Metadata: The Telltale Batman Shadows Edition
2026-08-17 16:55:12,820 - INFO - 🎯 IGDB Match: 'Telltale Batman Shadows Edition' (95%)
2026-08-17 16:55:12,826 - INFO - 🏢 Publisher Search: Sunderfolk - Standard Edition
2026-08-17 16:55:14,130 - INFO - 📅 Fetching Basic Metadata: Sunderfolk - Standard Edition
2026-08-17 16:55:14,215 - INFO - 📅 Fetching Basic Metadata: Down in Bermuda
2026-08-17 16:55:14,288 - INFO - 🎯 IGDB Match: 'Down in Bermuda' (100%)
2026-08-17 16:55:14,295 - INFO - 📅 Fetching Basic Metadata: Tomb Raider I-III Remastered Starring Lara Croft
2026-08-17 16:55:14,378 - INFO - 📅 Fetching Basic Metadata: LONESTAR
2026-08-17 16:55:14,459 - INFO - 🎯 IGDB Match: 'LoneStar' (100%)
2026-08-17 16:55:14,465 - INFO - 📅 Fetching Basic Metadata: Calico
2026-08-17 16:55:14,538 - INFO - 🎯 IGDB Match: 'Calico' (100%)
2026-08-17 16:55:14,545 - INFO - 📅 Fetching Basic Metadata: Rogue Waters
2026-08-17 16:55:14,683 - INFO - 🎯 IGDB Match: 'Rogue Waters' (100%)
2026-08-17 16:55:14,689 - INFO - 📅 Fetching Basic Metadata: The Ouroboros King
2026-08-17 16:55:14,772 - INFO - 🎯 IGDB Match: 'The Ouroboros King' (100%)
2026-08-17 16:55:14,779 - INFO - 🏢 Publisher Search: Warhammer 40K Speed Freeks
2026-08-17 16:55:16,201 - INFO - 📅 Fetching Basic Metadata: I Have No Mouth, and I Must Scream
2026-08-17 16:55:16,277 - INFO - 🎯 IGDB Match: 'I Have No Mouth, and I Must Scream' (100%)
2026-08-17 16:55:16,283 - INFO - 📅 Fetching Basic Metadata: Nova Lands
2026-08-17 16:55:16,362 - INFO - 🎯 IGDB Match: 'Nova Lands' (100%)
2026-08-17 16:55:16,368 - INFO - 📅 Fetching Basic Metadata: Tattoo Tycoon
2026-08-17 16:55:16,443 - INFO - 🎯 IGDB Match: 'Tattoo Tycoon' (100%)
2026-08-17 16:55:16,450 - INFO - 📅 Fetching Basic Metadata: Echo Generation: Midnight Edition
2026-08-17 16:55:16,530 - INFO - 🎯 IGDB Match: 'Echo Generation: Midnight Edition' (100%)
2026-08-17 16:55:16,537 - INFO - 💰 Price Search: Foretales
2026-08-17 16:55:17,634 - WARNING - Price error for Foretales: string indices must be integers, not 'str'
2026-08-17 16:55:17,634 - INFO - 📅 Fetching Basic Metadata: Foretales
2026-08-17 16:55:17,773 - INFO - 🎯 IGDB Match: 'Foretales' (100%)
2026-08-17 16:55:17,780 - INFO - 💰 Price Search: OTXO
2026-08-17 16:55:18,856 - WARNING - Price error for OTXO: string indices must be integers, not 'str'
2026-08-17 16:55:18,858 - INFO - 💰 Price Search: Sol Cesto
2026-08-17 16:55:19,906 - WARNING - Price error for Sol Cesto: string indices must be integers, not 'str'
2026-08-17 16:55:19,906 - INFO - 📅 Fetching Basic Metadata: Sol Cesto
2026-08-17 16:55:19,992 - INFO - 🎯 IGDB Match: 'Sol Cesto' (100%)
2026-08-17 16:55:19,998 - INFO - 💰 Price Search: Beacon Pines
2026-08-17 16:55:21,067 - WARNING - Price error for Beacon Pines: string indices must be integers, not 'str'
2026-08-17 16:55:21,068 - INFO - 💰 Price Search: Caravan SandWitch
2026-08-17 16:55:22,126 - WARNING - Price error for Caravan SandWitch: string indices must be integers, not 'str'
2026-08-17 16:55:22,132 - INFO - 
--- Starting Data Quality Checks ---
2026-08-17 16:55:22,145 - INFO - --- Data Quality Checks Complete ---

2026-08-17 16:55:22,175 - INFO - | Metric | Statistics |
| :--- | :--- |
| 💰 **Total Market Value** | **$13,332.99** |
| 📦 **Total Games Collected** | 696 |
| 🏷️ **Average Retail Price** | $22.18 per game |
| 💎 **Most Expensive Title** | Civilization 6 Platinum Edition ($79.99) |
| 👑 **MVP Publisher** | Bethesda Softworks |
| 🏢 **Value Leaders** | 2K ($579.90), Bethesda Softworks ($544.80), Paradox Interactive ($409.89) |
| 📈 **Inflation-Adjusted Value** | $15,130.23 |
| 🎈 **Inflation Bonus** | **+$1,797.24** in purchasing power |
| 🗓️ **Peak Saving Month** | 🎄 **Seasonality Peak:** December is historically the best month, offering $3,388.17 in savings. |
| ⭐ **Average Score** | 76.9/100 |
| 💳 **Subscription Equivalent** | **$167.78 / mo** |
| 🎯 **Prestige Ratio** | **2.0%** (Strategic Hype) |
| 🏎️ **Lead Time Avg** | 441 Days to Sequel |

2026-08-17 16:55:22,176 - INFO - ✅ README.md updated.
2026-08-17 16:55:22,200 - INFO - Using categorical units to plot a list of strings that are all parsable as floats or dates. If these strings should be plotted as numbers, cast to the appropriate data type before plotting.
2026-08-17 16:55:22,201 - INFO - Using categorical units to plot a list of strings that are all parsable as floats or dates. If these strings should be plotted as numbers, cast to the appropriate data type before plotting.
2026-08-17 16:55:28,581 - INFO - 📈 All charts generated successfully.
