2026-10-02 20:52:19,536 - INFO - Failed to extract font properties from /usr/share/fonts/truetype/noto/NotoColorEmoji.ttf: Non-scalable fonts are not supported
2026-10-02 20:52:19,584 - INFO - generated new fontManager
2026-10-02 20:52:20,182 - INFO - ✅ Migration Successful!
2026-10-02 20:52:20,400 - INFO - No new games found.
2026-10-02 20:52:20,713 - INFO - 🔍 Found 632 games needing metadata. Starting IGDB + Steam + CheapShark enrichment...
2026-10-02 20:52:20,875 - INFO - 📅 Fetching Basic Metadata: LEGO Batman Trilogy
2026-10-02 20:52:21,181 - INFO - 🎯 IGDB Match: 'LEGO Batman Trilogy' (100%)
2026-10-02 20:52:21,212 - INFO - 📅 Fetching Basic Metadata: Antstream
2026-10-02 20:52:21,419 - INFO - 📅 Fetching Basic Metadata: The Drone Racing League Simulator
2026-10-02 20:52:21,659 - INFO - 🎯 IGDB Match: 'The Drone Racing League Simulator' (100%)
2026-10-02 20:52:21,667 - INFO - 📅 Fetching Basic Metadata: Dark Deity
2026-10-02 20:52:21,878 - INFO - 🎯 IGDB Match: 'Dark Deity' (100%)
2026-10-02 20:52:21,885 - INFO - 📅 Fetching Basic Metadata: RPG in a Box
2026-10-02 20:52:22,161 - INFO - 🎯 IGDB Match: 'RPG in a Box' (100%)
2026-10-02 20:52:22,169 - INFO - 📅 Fetching Basic Metadata: Fallout Classic Collection
2026-10-02 20:52:22,369 - INFO - 🎯 IGDB Match: 'Fallout Classic Collection' (100%)
2026-10-02 20:52:22,378 - INFO - 📅 Fetching Basic Metadata: Recipe for Disaster
2026-10-02 20:52:22,777 - INFO - 🎯 IGDB Match: 'Recipe For Disaster' (100%)
2026-10-02 20:52:22,785 - INFO - 📅 Fetching Basic Metadata: World of Warships — Starter Pack: Ishizuchi
2026-10-02 20:52:23,009 - INFO - 🎯 IGDB Match: 'World of Warships: Starter Pack - Ishizuchi' (98%)
2026-10-02 20:52:23,017 - INFO - 📅 Fetching Basic Metadata: Poker Club
2026-10-02 20:52:23,221 - INFO - 🎯 IGDB Match: 'Poker Club' (100%)
2026-10-02 20:52:23,228 - INFO - 📅 Fetching Basic Metadata: The Sims 4 The Daring Lifestyle Bundle
2026-10-02 20:52:23,395 - INFO - 🎯 IGDB Match: 'The Sims 4: The Daring Lifestyle Bundle' (99%)
2026-10-02 20:52:23,404 - INFO - 📅 Fetching Basic Metadata: Dodo Peak
2026-10-02 20:52:23,576 - INFO - 🎯 IGDB Match: 'Dodo Peak' (100%)
2026-10-02 20:52:23,583 - INFO - 📅 Fetching Basic Metadata: Spelldrifter
2026-10-02 20:52:23,776 - INFO - 🎯 IGDB Match: 'Spelldrifter' (100%)
2026-10-02 20:52:23,784 - INFO - 📅 Fetching Basic Metadata: Model Builder
2026-10-02 20:52:23,893 - INFO - 🎯 IGDB Match: 'Model Builder' (100%)
2026-10-02 20:52:23,900 - INFO - 📅 Fetching Basic Metadata: Godlike Burger
2026-10-02 20:52:24,095 - INFO - 🎯 IGDB Match: 'Godlike Burger' (100%)
2026-10-02 20:52:24,102 - INFO - 📅 Fetching Basic Metadata: Q.U.B.E. Ultimate Bundle
2026-10-02 20:52:24,205 - INFO - 🎯 IGDB Match: 'Q.U.B.E. Ultimate Bundle' (100%)
2026-10-02 20:52:24,213 - INFO - 📅 Fetching Basic Metadata: Jitsu Squad
2026-10-02 20:52:24,407 - INFO - 🎯 IGDB Match: 'Jitsu Squad' (100%)
2026-10-02 20:52:24,413 - INFO - 📅 Fetching Basic Metadata: Mighty Fight Federation
2026-10-02 20:52:24,512 - INFO - 🎯 IGDB Match: 'Mighty Fight Federation' (100%)
2026-10-02 20:52:24,522 - INFO - 📅 Fetching Basic Metadata: LOVE
2026-10-02 20:52:24,825 - INFO - 🎯 IGDB Match: 'Love Love Love' (90%)
2026-10-02 20:52:24,834 - INFO - 📅 Fetching Basic Metadata: Call of The Wild: The Angler
2026-10-02 20:52:24,933 - INFO - 🎯 IGDB Match: 'Call of the Wild: The Angler' (100%)
2026-10-02 20:52:24,943 - INFO - 📅 Fetching Basic Metadata: The Falconeer
2026-10-02 20:52:25,045 - INFO - 🎯 IGDB Match: 'The Falconeer: The Hunter' (90%)
2026-10-02 20:52:25,053 - INFO - 📅 Fetching Basic Metadata: Rawmen: Food Fighter Arena
2026-10-02 20:52:25,250 - INFO - 🎯 IGDB Match: 'Rawmen' (90%)
2026-10-02 20:52:25,257 - INFO - 📅 Fetching Basic Metadata: World of Warships – Starter Pack: Albany
2026-10-02 20:52:25,364 - INFO - 📅 Fetching Basic Metadata: Fallout Classic Edition
2026-10-02 20:52:25,481 - INFO - 📅 Fetching Basic Metadata: Outliver: Tribulation
2026-10-02 20:52:25,585 - INFO - 🎯 IGDB Match: 'Outliver: Tribulation' (100%)
2026-10-02 20:52:25,594 - INFO - 📅 Fetching Basic Metadata: Bus Simulator 21 Next Stop
2026-10-02 20:52:25,777 - INFO - 🎯 IGDB Match: 'Bus Simulator 21: Next Stop' (98%)
2026-10-02 20:52:25,787 - INFO - 📅 Fetching Basic Metadata: Turmoil
2026-10-02 20:52:25,893 - INFO - 🎯 IGDB Match: 'Turmoil' (100%)
2026-10-02 20:52:25,901 - INFO - 📅 Fetching Basic Metadata: World War Z Aftermath
2026-10-02 20:52:26,002 - INFO - 🎯 IGDB Match: 'World War Z: Aftermath' (98%)
2026-10-02 20:52:26,010 - INFO - 📅 Fetching Basic Metadata: World Of Warships – Anniversary Party Flavor
2026-10-02 20:52:26,118 - INFO - 📅 Fetching Basic Metadata: Neko Ghost, Jump!
2026-10-02 20:52:26,226 - INFO - 🎯 IGDB Match: 'Neko Ghost, Jump!' (100%)
2026-10-02 20:52:26,234 - INFO - 📅 Fetching Basic Metadata: Super Space Club
2026-10-02 20:52:26,441 - INFO - 🎯 IGDB Match: 'Super Space Club' (100%)
2026-10-02 20:52:26,449 - INFO - 📅 Fetching Basic Metadata: Touch Type Tale
2026-10-02 20:52:26,555 - INFO - 🎯 IGDB Match: 'Touch Type Tale' (100%)
2026-10-02 20:52:26,562 - INFO - 📅 Fetching Basic Metadata: Gigapocalypse
2026-10-02 20:52:26,839 - WARNING - IGDB Error for Gigapocalypse: string indices must be integers, not 'str'
2026-10-02 20:52:26,848 - INFO - 📅 Fetching Basic Metadata: Legion TD2
2026-10-02 20:52:26,935 - WARNING - IGDB Error for Legion TD2: string indices must be integers, not 'str'
2026-10-02 20:52:26,945 - INFO - 📅 Fetching Basic Metadata: Nightingale
2026-10-02 20:52:27,033 - WARNING - IGDB Error for Nightingale: string indices must be integers, not 'str'
2026-10-02 20:52:27,042 - INFO - 📅 Fetching Basic Metadata: Godzilla Voxel Wars
2026-10-02 20:52:27,133 - WARNING - IGDB Error for Godzilla Voxel Wars: string indices must be integers, not 'str'
2026-10-02 20:52:27,142 - INFO - 📅 Fetching Basic Metadata: Trine Classic Collection
2026-10-02 20:52:27,329 - WARNING - IGDB Error for Trine Classic Collection: string indices must be integers, not 'str'
2026-10-02 20:52:27,338 - INFO - 📅 Fetching Basic Metadata: Poison Retro Set
2026-10-02 20:52:27,425 - WARNING - IGDB Error for Poison Retro Set: string indices must be integers, not 'str'
2026-10-02 20:52:27,432 - INFO - 📅 Fetching Basic Metadata: The Darkside Detective A Fumble in the Dark
2026-10-02 20:52:27,524 - WARNING - IGDB Error for The Darkside Detective A Fumble in the Dark: string indices must be integers, not 'str'
2026-10-02 20:52:27,531 - INFO - 📅 Fetching Basic Metadata: Return to Ash
2026-10-02 20:52:27,617 - WARNING - IGDB Error for Return to Ash: string indices must be integers, not 'str'
2026-10-02 20:52:27,625 - INFO - 🏢 Publisher Search: STALCRAFT: X Starter Edition
2026-10-02 20:52:29,000 - INFO - 📅 Fetching Basic Metadata: STALCRAFT: X Starter Edition
2026-10-02 20:52:29,116 - INFO - 📅 Fetching Basic Metadata: Boxes: Lost Fragments
2026-10-02 20:52:29,258 - INFO - 🎯 IGDB Match: 'Boxes: Lost Fragments' (100%)
2026-10-02 20:52:29,265 - INFO - 📅 Fetching Basic Metadata: My Night Job
2026-10-02 20:52:29,366 - INFO - 🎯 IGDB Match: 'My Night Job' (100%)
2026-10-02 20:52:29,373 - INFO - 📅 Fetching Basic Metadata: Electrician Simulator
2026-10-02 20:52:29,528 - INFO - 🎯 IGDB Match: 'Electrician Simulator' (100%)
2026-10-02 20:52:29,535 - INFO - 🏢 Publisher Search: World of Warships — Epic Anniversary Tachibana Pack
2026-10-02 20:52:30,909 - INFO - 📅 Fetching Basic Metadata: World of Warships — Epic Anniversary Tachibana Pack
2026-10-02 20:52:31,017 - INFO - 📅 Fetching Basic Metadata: Hyper Echelon
2026-10-02 20:52:31,118 - INFO - 🎯 IGDB Match: 'Hyper Echelon' (100%)
2026-10-02 20:52:31,125 - INFO - 📅 Fetching Basic Metadata: Havendock
2026-10-02 20:52:31,224 - INFO - 🎯 IGDB Match: 'Havendock' (100%)
2026-10-02 20:52:31,231 - INFO - 📅 Fetching Basic Metadata: Clone Drone in the Danger Zone
2026-10-02 20:52:31,333 - INFO - 🎯 IGDB Match: 'Clone Drone in the Danger Zone' (100%)
2026-10-02 20:52:31,340 - INFO - 🏢 Publisher Search: TOMAK: Save the Earth Regeneration
2026-10-02 20:52:32,710 - INFO - 📅 Fetching Basic Metadata: TOMAK: Save the Earth Regeneration
2026-10-02 20:52:32,903 - INFO - 🎯 IGDB Match: 'Tomak: Save the Earth Regeneration' (100%)
2026-10-02 20:52:32,910 - INFO - 📅 Fetching Basic Metadata: Prop Sumo
2026-10-02 20:52:33,124 - INFO - 🎯 IGDB Match: 'Prop Sumo' (100%)
2026-10-02 20:52:33,131 - INFO - 📅 Fetching Basic Metadata: The Stone of Madness
2026-10-02 20:52:33,333 - INFO - 🎯 IGDB Match: 'The Stone of Madness' (100%)
2026-10-02 20:52:33,340 - INFO - 📅 Fetching Basic Metadata: Firestone Online Idle RPG
2026-10-02 20:52:33,443 - INFO - 🎯 IGDB Match: 'Firestone: Online Idle RPG' (98%)
2026-10-02 20:52:33,449 - INFO - 📅 Fetching Basic Metadata: Oddsparks: An Automation Adventure
2026-10-02 20:52:33,550 - INFO - 🎯 IGDB Match: 'Oddsparks: An Automation Adventure' (100%)
2026-10-02 20:52:33,557 - INFO - 📅 Fetching Basic Metadata: Trash Goblin
2026-10-02 20:52:33,659 - INFO - 🎯 IGDB Match: 'Trash Goblin' (100%)
2026-10-02 20:52:33,666 - INFO - 🏢 Publisher Search: The Telltale Batman Shadows Edition
2026-10-02 20:52:35,034 - INFO - 📅 Fetching Basic Metadata: The Telltale Batman Shadows Edition
2026-10-02 20:52:35,134 - INFO - 🎯 IGDB Match: 'Telltale Batman Shadows Edition' (95%)
2026-10-02 20:52:35,140 - INFO - 🏢 Publisher Search: Sunderfolk - Standard Edition
2026-10-02 20:52:36,612 - INFO - 📅 Fetching Basic Metadata: Sunderfolk - Standard Edition
2026-10-02 20:52:36,746 - INFO - 📅 Fetching Basic Metadata: Down in Bermuda
2026-10-02 20:52:36,940 - INFO - 🎯 IGDB Match: 'Down in Bermuda' (100%)
2026-10-02 20:52:36,947 - INFO - 📅 Fetching Basic Metadata: Tomb Raider I-III Remastered Starring Lara Croft
2026-10-02 20:52:37,150 - INFO - 📅 Fetching Basic Metadata: LONESTAR
2026-10-02 20:52:37,344 - INFO - 🎯 IGDB Match: 'LoneStar' (100%)
2026-10-02 20:52:37,350 - INFO - 📅 Fetching Basic Metadata: Calico
2026-10-02 20:52:37,452 - INFO - 🎯 IGDB Match: 'Calico' (100%)
2026-10-02 20:52:37,459 - INFO - 📅 Fetching Basic Metadata: Rogue Waters
2026-10-02 20:52:37,656 - INFO - 🎯 IGDB Match: 'Rogue Waters' (100%)
2026-10-02 20:52:37,663 - INFO - 📅 Fetching Basic Metadata: The Ouroboros King
2026-10-02 20:52:37,858 - INFO - 🎯 IGDB Match: 'The Ouroboros King' (100%)
2026-10-02 20:52:37,865 - INFO - 🏢 Publisher Search: Warhammer 40K Speed Freeks
2026-10-02 20:52:39,260 - INFO - 📅 Fetching Basic Metadata: I Have No Mouth, and I Must Scream
2026-10-02 20:52:39,358 - INFO - 🎯 IGDB Match: 'I Have No Mouth, and I Must Scream' (100%)
2026-10-02 20:52:39,365 - INFO - 📅 Fetching Basic Metadata: Nova Lands
2026-10-02 20:52:39,465 - INFO - 🎯 IGDB Match: 'Nova Lands' (100%)
2026-10-02 20:52:39,472 - INFO - 📅 Fetching Basic Metadata: Tattoo Tycoon
2026-10-02 20:52:39,662 - INFO - 🎯 IGDB Match: 'Tattoo Tycoon' (100%)
2026-10-02 20:52:39,669 - INFO - 📅 Fetching Basic Metadata: Echo Generation: Midnight Edition
2026-10-02 20:52:39,872 - INFO - 🎯 IGDB Match: 'Echo Generation: Midnight Edition' (100%)
2026-10-02 20:52:39,879 - INFO - 💰 Price Search: Foretales
2026-10-02 20:52:40,970 - WARNING - Price error for Foretales: string indices must be integers, not 'str'
2026-10-02 20:52:40,970 - INFO - 📅 Fetching Basic Metadata: Foretales
2026-10-02 20:52:41,168 - INFO - 🎯 IGDB Match: 'Foretales' (100%)
2026-10-02 20:52:41,175 - INFO - 💰 Price Search: OTXO
2026-10-02 20:52:42,228 - WARNING - Price error for OTXO: string indices must be integers, not 'str'
2026-10-02 20:52:42,230 - INFO - 💰 Price Search: Sol Cesto
2026-10-02 20:52:43,278 - WARNING - Price error for Sol Cesto: string indices must be integers, not 'str'
2026-10-02 20:52:43,278 - INFO - 📅 Fetching Basic Metadata: Sol Cesto
2026-10-02 20:52:43,470 - INFO - 🎯 IGDB Match: 'Sol Cesto' (100%)
2026-10-02 20:52:43,477 - INFO - 💰 Price Search: Beacon Pines
2026-10-02 20:52:44,553 - WARNING - Price error for Beacon Pines: string indices must be integers, not 'str'
2026-10-02 20:52:44,554 - INFO - 💰 Price Search: Caravan SandWitch
2026-10-02 20:52:45,600 - WARNING - Price error for Caravan SandWitch: string indices must be integers, not 'str'
2026-10-02 20:52:45,601 - INFO - 💰 Price Search: Cardpocalypse Standard Edition
2026-10-02 20:52:46,635 - WARNING - Price error for Cardpocalypse Standard Edition: string indices must be integers, not 'str'
2026-10-02 20:52:46,635 - INFO - 🏢 Publisher Search: Cardpocalypse Standard Edition
2026-10-02 20:52:48,035 - INFO - 📅 Fetching Basic Metadata: Cardpocalypse Standard Edition
2026-10-02 20:52:48,240 - INFO - 💰 Price Search: Epic Mage Bundle
2026-10-02 20:52:49,277 - WARNING - Price error for Epic Mage Bundle: string indices must be integers, not 'str'
2026-10-02 20:52:49,278 - INFO - 🏢 Publisher Search: Epic Mage Bundle
2026-10-02 20:52:50,644 - INFO - 📅 Fetching Basic Metadata: Epic Mage Bundle
2026-10-02 20:52:50,844 - INFO - 💰 Price Search: Rival Stars Horse Racing : Desktop Edition
2026-10-02 20:52:51,881 - WARNING - Price error for Rival Stars Horse Racing : Desktop Edition: string indices must be integers, not 'str'
2026-10-02 20:52:51,882 - INFO - 🏢 Publisher Search: Rival Stars Horse Racing : Desktop Edition
2026-10-02 20:52:53,206 - INFO - 📅 Fetching Basic Metadata: Rival Stars Horse Racing : Desktop Edition
2026-10-02 20:52:53,326 - INFO - 🎯 IGDB Match: 'Rival Stars Horse Racing: Desktop Edition' (99%)
2026-10-02 20:52:53,333 - INFO - 💰 Price Search: Alone With You
2026-10-02 20:52:54,373 - WARNING - Price error for Alone With You: string indices must be integers, not 'str'
2026-10-02 20:52:54,374 - INFO - 📅 Fetching Basic Metadata: Alone With You
2026-10-02 20:52:54,513 - INFO - 🎯 IGDB Match: 'Alone With You' (100%)
2026-10-02 20:52:54,521 - INFO - 💰 Price Search: Luftrausers
2026-10-02 20:52:55,561 - WARNING - Price error for Luftrausers: string indices must be integers, not 'str'
2026-10-02 20:52:55,563 - INFO - 💰 Price Search: Astral Ascent
2026-10-02 20:52:56,600 - WARNING - Price error for Astral Ascent: string indices must be integers, not 'str'
2026-10-02 20:52:56,601 - INFO - 💰 Price Search: Mindcop
2026-10-02 20:52:57,644 - WARNING - Price error for Mindcop: string indices must be integers, not 'str'
2026-10-02 20:52:57,645 - INFO - 💰 Price Search: Shogun Showdown
2026-10-02 20:52:58,682 - WARNING - Price error for Shogun Showdown: string indices must be integers, not 'str'
2026-10-02 20:52:58,683 - INFO - 💰 Price Search: Astrea Six Sided Oracles
2026-10-02 20:52:59,723 - WARNING - Price error for Astrea Six Sided Oracles: string indices must be integers, not 'str'
2026-10-02 20:52:59,724 - INFO - 💰 Price Search: Mechabellum
2026-10-02 20:53:00,765 - WARNING - Price error for Mechabellum: string indices must be integers, not 'str'
2026-10-02 20:53:00,766 - INFO - 📅 Fetching Basic Metadata: Mechabellum
2026-10-02 20:53:00,864 - INFO - 🎯 IGDB Match: 'Mechabellum' (100%)
2026-10-02 20:53:00,872 - INFO - 💰 Price Search: System Shock 2: 25th Anniversary Remaster
2026-10-02 20:53:01,910 - WARNING - Price error for System Shock 2: 25th Anniversary Remaster: string indices must be integers, not 'str'
2026-10-02 20:53:01,911 - INFO - 💰 Price Search: BURIED STARS
2026-10-02 20:53:02,945 - WARNING - Price error for BURIED STARS: string indices must be integers, not 'str'
2026-10-02 20:53:02,951 - INFO - 
--- Starting Data Quality Checks ---
2026-10-02 20:53:02,964 - INFO - --- Data Quality Checks Complete ---

2026-10-02 20:53:02,995 - INFO - | Metric | Statistics |
| :--- | :--- |
| 💰 **Total Market Value** | **$13,332.99** |
| 📦 **Total Games Collected** | 709 |
| 🏷️ **Average Retail Price** | $21.81 per game |
| 💎 **Most Expensive Title** | Civilization 6 Platinum Edition ($79.99) |
| 👑 **MVP Publisher** | Bethesda Softworks |
| 🏢 **Value Leaders** | 2K ($579.90), Bethesda Softworks ($544.80), Paradox Interactive ($409.89) |
| 📈 **Inflation-Adjusted Value** | $15,130.23 |
| 🎈 **Inflation Bonus** | **+$1,797.24** in purchasing power |
| 🗓️ **Peak Saving Month** | 🎄 **Seasonality Peak:** December is historically the best month, offering $3,388.17 in savings. |
| ⭐ **Average Score** | 77.0/100 |
| 💳 **Subscription Equivalent** | **$164.47 / mo** |
| 🎯 **Prestige Ratio** | **2.0%** (Strategic Hype) |
| 🏎️ **Lead Time Avg** | 441 Days to Sequel |

2026-10-02 20:53:02,995 - INFO - ✅ README.md updated.
2026-10-02 20:53:03,021 - INFO - Using categorical units to plot a list of strings that are all parsable as floats or dates. If these strings should be plotted as numbers, cast to the appropriate data type before plotting.
2026-10-02 20:53:03,022 - INFO - Using categorical units to plot a list of strings that are all parsable as floats or dates. If these strings should be plotted as numbers, cast to the appropriate data type before plotting.
2026-10-02 20:53:09,573 - INFO - 📈 All charts generated successfully.
