2026-08-04 18:10:44,284 - INFO - Failed to extract font properties from /usr/share/fonts/truetype/noto/NotoColorEmoji.ttf: Non-scalable fonts are not supported
2026-08-04 18:10:44,427 - INFO - generated new fontManager
2026-08-04 18:10:44,671 - INFO - ✅ Migration Successful!
2026-08-04 18:10:45,330 - INFO - No new games found.
2026-08-04 18:10:45,815 - INFO - 🔍 Found 616 games needing metadata. Starting IGDB + Steam + CheapShark enrichment...
2026-08-04 18:10:45,883 - INFO - 📅 Fetching Basic Metadata: LEGO Batman Trilogy
2026-08-04 18:10:46,242 - INFO - 🎯 IGDB Match: 'LEGO Batman Trilogy' (100%)
2026-08-04 18:10:46,257 - INFO - 📅 Fetching Basic Metadata: Antstream
2026-08-04 18:10:46,390 - INFO - 📅 Fetching Basic Metadata: The Drone Racing League Simulator
2026-08-04 18:10:46,548 - INFO - 🎯 IGDB Match: 'The Drone Racing League Simulator' (100%)
2026-08-04 18:10:46,553 - INFO - 📅 Fetching Basic Metadata: Dark Deity
2026-08-04 18:10:46,710 - INFO - 🎯 IGDB Match: 'Dark Deity' (100%)
2026-08-04 18:10:46,714 - INFO - 📅 Fetching Basic Metadata: RPG in a Box
2026-08-04 18:10:46,888 - INFO - 🎯 IGDB Match: 'RPG in a Box' (100%)
2026-08-04 18:10:46,893 - INFO - 📅 Fetching Basic Metadata: Fallout Classic Collection
2026-08-04 18:10:47,181 - INFO - 🎯 IGDB Match: 'Fallout Classic Collection' (100%)
2026-08-04 18:10:47,186 - INFO - 📅 Fetching Basic Metadata: Recipe for Disaster
2026-08-04 18:10:47,340 - INFO - 🎯 IGDB Match: 'Recipe For Disaster' (100%)
2026-08-04 18:10:47,344 - INFO - 📅 Fetching Basic Metadata: World of Warships — Starter Pack: Ishizuchi
2026-08-04 18:10:47,486 - INFO - 🎯 IGDB Match: 'World of Warships: Starter Pack - Ishizuchi' (98%)
2026-08-04 18:10:47,491 - INFO - 📅 Fetching Basic Metadata: Poker Club
2026-08-04 18:10:47,640 - INFO - 🎯 IGDB Match: 'Poker Club' (100%)
2026-08-04 18:10:47,644 - INFO - 📅 Fetching Basic Metadata: The Sims 4 The Daring Lifestyle Bundle
2026-08-04 18:10:47,840 - INFO - 🎯 IGDB Match: 'The Sims 4: The Daring Lifestyle Bundle' (99%)
2026-08-04 18:10:47,845 - INFO - 📅 Fetching Basic Metadata: Dodo Peak
2026-08-04 18:10:47,991 - INFO - 🎯 IGDB Match: 'Dodo Peak' (100%)
2026-08-04 18:10:47,995 - INFO - 📅 Fetching Basic Metadata: Spelldrifter
2026-08-04 18:10:48,171 - INFO - 🎯 IGDB Match: 'Spelldrifter' (100%)
2026-08-04 18:10:48,175 - INFO - 📅 Fetching Basic Metadata: Model Builder
2026-08-04 18:10:48,456 - INFO - 🎯 IGDB Match: 'Model Builder' (100%)
2026-08-04 18:10:48,460 - INFO - 📅 Fetching Basic Metadata: Godlike Burger
2026-08-04 18:10:48,787 - INFO - 🎯 IGDB Match: 'Godlike Burger' (100%)
2026-08-04 18:10:48,791 - INFO - 📅 Fetching Basic Metadata: Q.U.B.E. Ultimate Bundle
2026-08-04 18:10:49,004 - INFO - 🎯 IGDB Match: 'Q.U.B.E. Ultimate Bundle' (100%)
2026-08-04 18:10:49,009 - INFO - 📅 Fetching Basic Metadata: Jitsu Squad
2026-08-04 18:10:49,287 - INFO - 🎯 IGDB Match: 'Jitsu Squad' (100%)
2026-08-04 18:10:49,291 - INFO - 📅 Fetching Basic Metadata: Mighty Fight Federation
2026-08-04 18:10:49,412 - INFO - 🎯 IGDB Match: 'Mighty Fight Federation' (100%)
2026-08-04 18:10:49,418 - INFO - 📅 Fetching Basic Metadata: LOVE
2026-08-04 18:10:49,585 - INFO - 🎯 IGDB Match: 'Love Love Love' (90%)
2026-08-04 18:10:49,633 - INFO - 📅 Fetching Basic Metadata: Call of The Wild: The Angler
2026-08-04 18:10:49,766 - INFO - 🎯 IGDB Match: 'Call of the Wild: The Angler' (100%)
2026-08-04 18:10:49,771 - INFO - 📅 Fetching Basic Metadata: The Falconeer
2026-08-04 18:10:49,892 - INFO - 🎯 IGDB Match: 'The Falconeer: The Hunter' (90%)
2026-08-04 18:10:49,896 - INFO - 📅 Fetching Basic Metadata: Rawmen: Food Fighter Arena
2026-08-04 18:10:50,172 - INFO - 🎯 IGDB Match: 'Rawmen' (90%)
2026-08-04 18:10:50,176 - INFO - 📅 Fetching Basic Metadata: World of Warships – Starter Pack: Albany
2026-08-04 18:10:50,359 - INFO - 📅 Fetching Basic Metadata: Fallout Classic Edition
2026-08-04 18:10:50,497 - INFO - 📅 Fetching Basic Metadata: Outliver: Tribulation
2026-08-04 18:10:50,626 - INFO - 🎯 IGDB Match: 'Outliver: Tribulation' (100%)
2026-08-04 18:10:50,631 - INFO - 📅 Fetching Basic Metadata: Bus Simulator 21 Next Stop
2026-08-04 18:10:50,749 - INFO - 🎯 IGDB Match: 'Bus Simulator 21: Next Stop' (98%)
2026-08-04 18:10:50,754 - INFO - 📅 Fetching Basic Metadata: Turmoil
2026-08-04 18:10:50,883 - INFO - 🎯 IGDB Match: 'Turmoil' (100%)
2026-08-04 18:10:50,887 - INFO - 📅 Fetching Basic Metadata: World War Z Aftermath
2026-08-04 18:10:51,018 - INFO - 🎯 IGDB Match: 'World War Z: Aftermath' (98%)
2026-08-04 18:10:51,022 - INFO - 📅 Fetching Basic Metadata: World Of Warships – Anniversary Party Flavor
2026-08-04 18:10:51,175 - INFO - 📅 Fetching Basic Metadata: Neko Ghost, Jump!
2026-08-04 18:10:51,413 - INFO - 🎯 IGDB Match: 'Neko Ghost, Jump!' (100%)
2026-08-04 18:10:51,417 - INFO - 📅 Fetching Basic Metadata: Super Space Club
2026-08-04 18:10:51,582 - INFO - 🎯 IGDB Match: 'Super Space Club' (100%)
2026-08-04 18:10:51,586 - INFO - 📅 Fetching Basic Metadata: Touch Type Tale
2026-08-04 18:10:51,774 - INFO - 🎯 IGDB Match: 'Touch Type Tale' (100%)
2026-08-04 18:10:51,778 - INFO - 📅 Fetching Basic Metadata: Gigapocalypse
2026-08-04 18:10:51,948 - INFO - 🎯 IGDB Match: 'Gigapocalypse' (100%)
2026-08-04 18:10:51,952 - INFO - 📅 Fetching Basic Metadata: Legion TD2
2026-08-04 18:10:52,066 - WARNING - IGDB Error for Legion TD2: string indices must be integers, not 'str'
2026-08-04 18:10:52,071 - INFO - 📅 Fetching Basic Metadata: Nightingale
2026-08-04 18:10:52,177 - WARNING - IGDB Error for Nightingale: string indices must be integers, not 'str'
2026-08-04 18:10:52,182 - INFO - 📅 Fetching Basic Metadata: Godzilla Voxel Wars
2026-08-04 18:10:52,301 - WARNING - IGDB Error for Godzilla Voxel Wars: string indices must be integers, not 'str'
2026-08-04 18:10:52,306 - INFO - 📅 Fetching Basic Metadata: Trine Classic Collection
2026-08-04 18:10:52,502 - WARNING - IGDB Error for Trine Classic Collection: string indices must be integers, not 'str'
2026-08-04 18:10:52,506 - INFO - 📅 Fetching Basic Metadata: Poison Retro Set
2026-08-04 18:10:52,701 - WARNING - IGDB Error for Poison Retro Set: string indices must be integers, not 'str'
2026-08-04 18:10:52,705 - INFO - 📅 Fetching Basic Metadata: The Darkside Detective A Fumble in the Dark
2026-08-04 18:10:52,925 - INFO - 🎯 IGDB Match: 'The Darkside Detective: A Fumble in the Dark' (99%)
2026-08-04 18:10:52,929 - INFO - 📅 Fetching Basic Metadata: Return to Ash
2026-08-04 18:10:53,148 - INFO - 🎯 IGDB Match: 'Return to Ash' (100%)
2026-08-04 18:10:53,151 - INFO - 🏢 Publisher Search: STALCRAFT: X Starter Edition
2026-08-04 18:10:54,573 - INFO - 📅 Fetching Basic Metadata: STALCRAFT: X Starter Edition
2026-08-04 18:10:54,804 - INFO - 📅 Fetching Basic Metadata: Boxes: Lost Fragments
2026-08-04 18:10:54,917 - INFO - 🎯 IGDB Match: 'Boxes: Lost Fragments' (100%)
2026-08-04 18:10:54,921 - INFO - 📅 Fetching Basic Metadata: My Night Job
2026-08-04 18:10:55,057 - INFO - 🎯 IGDB Match: 'My Night Job' (100%)
2026-08-04 18:10:55,061 - INFO - 📅 Fetching Basic Metadata: Electrician Simulator
2026-08-04 18:10:55,184 - INFO - 🎯 IGDB Match: 'Electrician Simulator' (100%)
2026-08-04 18:10:55,188 - INFO - 🏢 Publisher Search: World of Warships — Epic Anniversary Tachibana Pack
2026-08-04 18:10:56,641 - INFO - 📅 Fetching Basic Metadata: World of Warships — Epic Anniversary Tachibana Pack
2026-08-04 18:10:56,876 - INFO - 📅 Fetching Basic Metadata: Hyper Echelon
2026-08-04 18:10:57,041 - INFO - 🎯 IGDB Match: 'Hyper Echelon' (100%)
2026-08-04 18:10:57,046 - INFO - 📅 Fetching Basic Metadata: Havendock
2026-08-04 18:10:57,184 - INFO - 🎯 IGDB Match: 'Havendock' (100%)
2026-08-04 18:10:57,188 - INFO - 📅 Fetching Basic Metadata: Clone Drone in the Danger Zone
2026-08-04 18:10:57,404 - INFO - 🎯 IGDB Match: 'Clone Drone in the Danger Zone' (100%)
2026-08-04 18:10:57,408 - INFO - 🏢 Publisher Search: TOMAK: Save the Earth Regeneration
2026-08-04 18:10:58,802 - INFO - 📅 Fetching Basic Metadata: TOMAK: Save the Earth Regeneration
2026-08-04 18:10:58,919 - INFO - 🎯 IGDB Match: 'Tomak: Save the Earth Regeneration' (100%)
2026-08-04 18:10:58,923 - INFO - 📅 Fetching Basic Metadata: Prop Sumo
2026-08-04 18:10:59,035 - INFO - 🎯 IGDB Match: 'Prop Sumo' (100%)
2026-08-04 18:10:59,039 - INFO - 📅 Fetching Basic Metadata: The Stone of Madness
2026-08-04 18:10:59,395 - INFO - 🎯 IGDB Match: 'The Stone of Madness' (100%)
2026-08-04 18:10:59,399 - INFO - 📅 Fetching Basic Metadata: Firestone Online Idle RPG
2026-08-04 18:10:59,657 - INFO - 🎯 IGDB Match: 'Firestone: Online Idle RPG' (98%)
2026-08-04 18:10:59,661 - INFO - 📅 Fetching Basic Metadata: Oddsparks: An Automation Adventure
2026-08-04 18:10:59,909 - INFO - 🎯 IGDB Match: 'Oddsparks: An Automation Adventure' (100%)
2026-08-04 18:10:59,913 - INFO - 📅 Fetching Basic Metadata: Trash Goblin
2026-08-04 18:11:00,127 - INFO - 🎯 IGDB Match: 'Trash Goblin' (100%)
2026-08-04 18:11:00,131 - INFO - 🏢 Publisher Search: The Telltale Batman Shadows Edition
2026-08-04 18:11:01,519 - INFO - 📅 Fetching Basic Metadata: The Telltale Batman Shadows Edition
2026-08-04 18:11:01,654 - INFO - 🎯 IGDB Match: 'Telltale Batman Shadows Edition' (95%)
2026-08-04 18:11:01,658 - INFO - 🏢 Publisher Search: Sunderfolk - Standard Edition
2026-08-04 18:11:03,182 - INFO - 📅 Fetching Basic Metadata: Sunderfolk - Standard Edition
2026-08-04 18:11:03,315 - INFO - 📅 Fetching Basic Metadata: Down in Bermuda
2026-08-04 18:11:03,444 - INFO - 🎯 IGDB Match: 'Down in Bermuda' (100%)
2026-08-04 18:11:03,448 - INFO - 📅 Fetching Basic Metadata: Tomb Raider I-III Remastered Starring Lara Croft
2026-08-04 18:11:03,578 - INFO - 📅 Fetching Basic Metadata: LONESTAR
2026-08-04 18:11:03,708 - INFO - 🎯 IGDB Match: 'LoneStar' (100%)
2026-08-04 18:11:03,712 - INFO - 📅 Fetching Basic Metadata: Calico
2026-08-04 18:11:03,944 - INFO - 🎯 IGDB Match: 'Calico' (100%)
2026-08-04 18:11:03,948 - INFO - 📅 Fetching Basic Metadata: Rogue Waters
2026-08-04 18:11:04,084 - INFO - 🎯 IGDB Match: 'Rogue Waters' (100%)
2026-08-04 18:11:04,089 - INFO - 📅 Fetching Basic Metadata: The Ouroboros King
2026-08-04 18:11:04,220 - INFO - 🎯 IGDB Match: 'The Ouroboros King' (100%)
2026-08-04 18:11:04,225 - INFO - 🏢 Publisher Search: Warhammer 40K Speed Freeks
2026-08-04 18:11:05,709 - INFO - 📅 Fetching Basic Metadata: I Have No Mouth, and I Must Scream
2026-08-04 18:11:05,825 - INFO - 🎯 IGDB Match: 'I Have No Mouth, and I Must Scream' (100%)
2026-08-04 18:11:05,829 - INFO - 📅 Fetching Basic Metadata: Nova Lands
2026-08-04 18:11:05,975 - INFO - 🎯 IGDB Match: 'Nova Lands' (100%)
2026-08-04 18:11:05,979 - INFO - 📅 Fetching Basic Metadata: Tattoo Tycoon
2026-08-04 18:11:06,208 - INFO - 🎯 IGDB Match: 'Tattoo Tycoon' (100%)
2026-08-04 18:11:06,212 - INFO - 📅 Fetching Basic Metadata: Echo Generation: Midnight Edition
2026-08-04 18:11:06,419 - INFO - 🎯 IGDB Match: 'Echo Generation: Midnight Edition' (100%)
2026-08-04 18:11:06,423 - INFO - 💰 Price Search: Foretales
2026-08-04 18:11:07,548 - WARNING - Price error for Foretales: string indices must be integers, not 'str'
2026-08-04 18:11:07,548 - INFO - 📅 Fetching Basic Metadata: Foretales
2026-08-04 18:11:07,677 - INFO - 🎯 IGDB Match: 'Foretales' (100%)
2026-08-04 18:11:07,682 - INFO - 💰 Price Search: OTXO
2026-08-04 18:11:08,752 - WARNING - Price error for OTXO: string indices must be integers, not 'str'
2026-08-04 18:11:08,753 - INFO - 💰 Price Search: Sol Cesto
2026-08-04 18:11:09,817 - WARNING - Price error for Sol Cesto: string indices must be integers, not 'str'
2026-08-04 18:11:09,818 - INFO - 📅 Fetching Basic Metadata: Sol Cesto
2026-08-04 18:11:10,027 - INFO - 🎯 IGDB Match: 'Sol Cesto' (100%)
2026-08-04 18:11:10,034 - INFO - 
--- Starting Data Quality Checks ---
2026-08-04 18:11:10,043 - INFO - --- Data Quality Checks Complete ---

2026-08-04 18:11:10,062 - INFO - | Metric | Statistics |
| :--- | :--- |
| 💰 **Total Market Value** | **$13,332.99** |
| 📦 **Total Games Collected** | 693 |
| 🏷️ **Average Retail Price** | $22.25 per game |
| 💎 **Most Expensive Title** | Civilization 6 Platinum Edition ($79.99) |
| 👑 **MVP Publisher** | Bethesda Softworks |
| 🏢 **Value Leaders** | 2K ($579.90), Bethesda Softworks ($544.80), Paradox Interactive ($409.89) |
| 📈 **Inflation-Adjusted Value** | $15,130.23 |
| 🎈 **Inflation Bonus** | **+$1,797.24** in purchasing power |
| 🗓️ **Peak Saving Month** | 🎄 **Seasonality Peak:** December is historically the best month, offering $3,388.17 in savings. |
| ⭐ **Average Score** | 76.9/100 |
| 💳 **Subscription Equivalent** | **$169.48 / mo** |
| 🎯 **Prestige Ratio** | **2.0%** (Strategic Hype) |
| 🏎️ **Lead Time Avg** | 441 Days to Sequel |

2026-08-04 18:11:10,062 - INFO - ✅ README.md updated.
2026-08-04 18:11:10,078 - INFO - Using categorical units to plot a list of strings that are all parsable as floats or dates. If these strings should be plotted as numbers, cast to the appropriate data type before plotting.
2026-08-04 18:11:10,079 - INFO - Using categorical units to plot a list of strings that are all parsable as floats or dates. If these strings should be plotted as numbers, cast to the appropriate data type before plotting.
2026-08-04 18:11:13,921 - INFO - 📈 All charts generated successfully.
