2026-09-14 20:24:10,488 - INFO - Failed to extract font properties from /usr/share/fonts/truetype/noto/NotoColorEmoji.ttf: Non-scalable fonts are not supported
2026-09-14 20:24:10,984 - INFO - generated new fontManager
2026-09-14 20:24:11,530 - INFO - ✅ Migration Successful!
2026-09-14 20:24:11,908 - INFO - No new games found.
2026-09-14 20:24:12,192 - INFO - 🔍 Found 626 games needing metadata. Starting IGDB + Steam + CheapShark enrichment...
2026-09-14 20:24:12,215 - INFO - 📅 Fetching Basic Metadata: LEGO Batman Trilogy
2026-09-14 20:24:12,473 - INFO - 🎯 IGDB Match: 'LEGO Batman Trilogy' (100%)
2026-09-14 20:24:12,494 - INFO - 📅 Fetching Basic Metadata: Antstream
2026-09-14 20:24:12,685 - INFO - 📅 Fetching Basic Metadata: The Drone Racing League Simulator
2026-09-14 20:24:12,784 - INFO - 🎯 IGDB Match: 'The Drone Racing League Simulator' (100%)
2026-09-14 20:24:12,884 - INFO - 📅 Fetching Basic Metadata: Dark Deity
2026-09-14 20:24:13,029 - INFO - 🎯 IGDB Match: 'Dark Deity' (100%)
2026-09-14 20:24:13,115 - INFO - 📅 Fetching Basic Metadata: RPG in a Box
2026-09-14 20:24:13,213 - INFO - 🎯 IGDB Match: 'RPG in a Box' (100%)
2026-09-14 20:24:13,254 - INFO - 📅 Fetching Basic Metadata: Fallout Classic Collection
2026-09-14 20:24:13,369 - INFO - 🎯 IGDB Match: 'Fallout Classic Collection' (100%)
2026-09-14 20:24:13,490 - INFO - 📅 Fetching Basic Metadata: Recipe for Disaster
2026-09-14 20:24:13,597 - INFO - 🎯 IGDB Match: 'Recipe For Disaster' (100%)
2026-09-14 20:24:13,630 - INFO - 📅 Fetching Basic Metadata: World of Warships — Starter Pack: Ishizuchi
2026-09-14 20:24:13,721 - INFO - 🎯 IGDB Match: 'World of Warships: Starter Pack - Ishizuchi' (98%)
2026-09-14 20:24:13,750 - INFO - 📅 Fetching Basic Metadata: Poker Club
2026-09-14 20:24:14,589 - INFO - 🎯 IGDB Match: 'Poker Club' (100%)
2026-09-14 20:24:14,595 - INFO - 📅 Fetching Basic Metadata: The Sims 4 The Daring Lifestyle Bundle
2026-09-14 20:24:14,701 - INFO - 🎯 IGDB Match: 'The Sims 4: The Daring Lifestyle Bundle' (99%)
2026-09-14 20:24:14,709 - INFO - 📅 Fetching Basic Metadata: Dodo Peak
2026-09-14 20:24:14,804 - INFO - 🎯 IGDB Match: 'Dodo Peak' (100%)
2026-09-14 20:24:14,809 - INFO - 📅 Fetching Basic Metadata: Spelldrifter
2026-09-14 20:24:14,901 - INFO - 🎯 IGDB Match: 'Spelldrifter' (100%)
2026-09-14 20:24:14,907 - INFO - 📅 Fetching Basic Metadata: Model Builder
2026-09-14 20:24:14,998 - INFO - 🎯 IGDB Match: 'Model Builder' (100%)
2026-09-14 20:24:15,004 - INFO - 📅 Fetching Basic Metadata: Godlike Burger
2026-09-14 20:24:15,097 - INFO - 🎯 IGDB Match: 'Godlike Burger' (100%)
2026-09-14 20:24:15,102 - INFO - 📅 Fetching Basic Metadata: Q.U.B.E. Ultimate Bundle
2026-09-14 20:24:15,194 - INFO - 🎯 IGDB Match: 'Q.U.B.E. Ultimate Bundle' (100%)
2026-09-14 20:24:15,201 - INFO - 📅 Fetching Basic Metadata: Jitsu Squad
2026-09-14 20:24:15,292 - INFO - 🎯 IGDB Match: 'Jitsu Squad' (100%)
2026-09-14 20:24:15,298 - INFO - 📅 Fetching Basic Metadata: Mighty Fight Federation
2026-09-14 20:24:15,403 - INFO - 🎯 IGDB Match: 'Mighty Fight Federation' (100%)
2026-09-14 20:24:15,411 - INFO - 📅 Fetching Basic Metadata: LOVE
2026-09-14 20:24:15,536 - INFO - 🎯 IGDB Match: 'Love Love Love' (90%)
2026-09-14 20:24:15,542 - INFO - 📅 Fetching Basic Metadata: Call of The Wild: The Angler
2026-09-14 20:24:15,692 - INFO - 🎯 IGDB Match: 'Call of the Wild: The Angler' (100%)
2026-09-14 20:24:15,699 - INFO - 📅 Fetching Basic Metadata: The Falconeer
2026-09-14 20:24:15,797 - INFO - 🎯 IGDB Match: 'The Falconeer: The Hunter' (90%)
2026-09-14 20:24:15,803 - INFO - 📅 Fetching Basic Metadata: Rawmen: Food Fighter Arena
2026-09-14 20:24:15,930 - INFO - 🎯 IGDB Match: 'Rawmen' (90%)
2026-09-14 20:24:15,936 - INFO - 📅 Fetching Basic Metadata: World of Warships – Starter Pack: Albany
2026-09-14 20:24:16,030 - INFO - 📅 Fetching Basic Metadata: Fallout Classic Edition
2026-09-14 20:24:16,126 - INFO - 📅 Fetching Basic Metadata: Outliver: Tribulation
2026-09-14 20:24:16,224 - INFO - 🎯 IGDB Match: 'Outliver: Tribulation' (100%)
2026-09-14 20:24:16,231 - INFO - 📅 Fetching Basic Metadata: Bus Simulator 21 Next Stop
2026-09-14 20:24:16,326 - INFO - 🎯 IGDB Match: 'Bus Simulator 21: Next Stop' (98%)
2026-09-14 20:24:16,334 - INFO - 📅 Fetching Basic Metadata: Turmoil
2026-09-14 20:24:16,485 - INFO - 🎯 IGDB Match: 'Turmoil' (100%)
2026-09-14 20:24:16,492 - INFO - 📅 Fetching Basic Metadata: World War Z Aftermath
2026-09-14 20:24:16,623 - INFO - 🎯 IGDB Match: 'World War Z: Aftermath' (98%)
2026-09-14 20:24:16,629 - INFO - 📅 Fetching Basic Metadata: World Of Warships – Anniversary Party Flavor
2026-09-14 20:24:16,731 - INFO - 📅 Fetching Basic Metadata: Neko Ghost, Jump!
2026-09-14 20:24:16,817 - WARNING - IGDB Error for Neko Ghost, Jump!: string indices must be integers, not 'str'
2026-09-14 20:24:16,824 - INFO - 📅 Fetching Basic Metadata: Super Space Club
2026-09-14 20:24:16,934 - WARNING - IGDB Error for Super Space Club: string indices must be integers, not 'str'
2026-09-14 20:24:16,940 - INFO - 📅 Fetching Basic Metadata: Touch Type Tale
2026-09-14 20:24:17,016 - WARNING - IGDB Error for Touch Type Tale: string indices must be integers, not 'str'
2026-09-14 20:24:17,022 - INFO - 📅 Fetching Basic Metadata: Gigapocalypse
2026-09-14 20:24:17,102 - WARNING - IGDB Error for Gigapocalypse: string indices must be integers, not 'str'
2026-09-14 20:24:17,109 - INFO - 📅 Fetching Basic Metadata: Legion TD2
2026-09-14 20:24:17,190 - WARNING - IGDB Error for Legion TD2: string indices must be integers, not 'str'
2026-09-14 20:24:17,197 - INFO - 📅 Fetching Basic Metadata: Nightingale
2026-09-14 20:24:17,276 - WARNING - IGDB Error for Nightingale: string indices must be integers, not 'str'
2026-09-14 20:24:17,284 - INFO - 📅 Fetching Basic Metadata: Godzilla Voxel Wars
2026-09-14 20:24:17,367 - WARNING - IGDB Error for Godzilla Voxel Wars: string indices must be integers, not 'str'
2026-09-14 20:24:17,375 - INFO - 📅 Fetching Basic Metadata: Trine Classic Collection
2026-09-14 20:24:17,463 - WARNING - IGDB Error for Trine Classic Collection: string indices must be integers, not 'str'
2026-09-14 20:24:17,470 - INFO - 📅 Fetching Basic Metadata: Poison Retro Set
2026-09-14 20:24:17,554 - WARNING - IGDB Error for Poison Retro Set: string indices must be integers, not 'str'
2026-09-14 20:24:17,561 - INFO - 📅 Fetching Basic Metadata: The Darkside Detective A Fumble in the Dark
2026-09-14 20:24:17,643 - WARNING - IGDB Error for The Darkside Detective A Fumble in the Dark: string indices must be integers, not 'str'
2026-09-14 20:24:17,650 - INFO - 📅 Fetching Basic Metadata: Return to Ash
2026-09-14 20:24:17,737 - WARNING - IGDB Error for Return to Ash: string indices must be integers, not 'str'
2026-09-14 20:24:17,743 - INFO - 🏢 Publisher Search: STALCRAFT: X Starter Edition
2026-09-14 20:24:19,119 - INFO - 📅 Fetching Basic Metadata: STALCRAFT: X Starter Edition
2026-09-14 20:24:19,227 - INFO - 📅 Fetching Basic Metadata: Boxes: Lost Fragments
2026-09-14 20:24:19,316 - INFO - 🎯 IGDB Match: 'Boxes: Lost Fragments' (100%)
2026-09-14 20:24:19,322 - INFO - 📅 Fetching Basic Metadata: My Night Job
2026-09-14 20:24:19,442 - INFO - 🎯 IGDB Match: 'My Night Job' (100%)
2026-09-14 20:24:19,448 - INFO - 📅 Fetching Basic Metadata: Electrician Simulator
2026-09-14 20:24:19,565 - INFO - 🎯 IGDB Match: 'Electrician Simulator' (100%)
2026-09-14 20:24:19,571 - INFO - 🏢 Publisher Search: World of Warships — Epic Anniversary Tachibana Pack
2026-09-14 20:24:20,927 - INFO - 📅 Fetching Basic Metadata: World of Warships — Epic Anniversary Tachibana Pack
2026-09-14 20:24:21,022 - INFO - 📅 Fetching Basic Metadata: Hyper Echelon
2026-09-14 20:24:21,106 - INFO - 🎯 IGDB Match: 'Hyper Echelon' (100%)
2026-09-14 20:24:21,112 - INFO - 📅 Fetching Basic Metadata: Havendock
2026-09-14 20:24:21,201 - INFO - 🎯 IGDB Match: 'Havendock' (100%)
2026-09-14 20:24:21,207 - INFO - 📅 Fetching Basic Metadata: Clone Drone in the Danger Zone
2026-09-14 20:24:21,295 - INFO - 🎯 IGDB Match: 'Clone Drone in the Danger Zone' (100%)
2026-09-14 20:24:21,300 - INFO - 🏢 Publisher Search: TOMAK: Save the Earth Regeneration
2026-09-14 20:24:22,682 - INFO - 📅 Fetching Basic Metadata: TOMAK: Save the Earth Regeneration
2026-09-14 20:24:22,774 - INFO - 🎯 IGDB Match: 'Tomak: Save the Earth Regeneration' (100%)
2026-09-14 20:24:22,780 - INFO - 📅 Fetching Basic Metadata: Prop Sumo
2026-09-14 20:24:22,879 - INFO - 🎯 IGDB Match: 'Prop Sumo' (100%)
2026-09-14 20:24:22,885 - INFO - 📅 Fetching Basic Metadata: The Stone of Madness
2026-09-14 20:24:22,975 - INFO - 🎯 IGDB Match: 'The Stone of Madness' (100%)
2026-09-14 20:24:22,981 - INFO - 📅 Fetching Basic Metadata: Firestone Online Idle RPG
2026-09-14 20:24:23,071 - INFO - 🎯 IGDB Match: 'Firestone: Online Idle RPG' (98%)
2026-09-14 20:24:23,077 - INFO - 📅 Fetching Basic Metadata: Oddsparks: An Automation Adventure
2026-09-14 20:24:23,166 - INFO - 🎯 IGDB Match: 'Oddsparks: An Automation Adventure' (100%)
2026-09-14 20:24:23,172 - INFO - 📅 Fetching Basic Metadata: Trash Goblin
2026-09-14 20:24:23,258 - INFO - 🎯 IGDB Match: 'Trash Goblin' (100%)
2026-09-14 20:24:23,264 - INFO - 🏢 Publisher Search: The Telltale Batman Shadows Edition
2026-09-14 20:24:24,713 - INFO - 📅 Fetching Basic Metadata: The Telltale Batman Shadows Edition
2026-09-14 20:24:24,800 - INFO - 🎯 IGDB Match: 'Telltale Batman Shadows Edition' (95%)
2026-09-14 20:24:24,806 - INFO - 🏢 Publisher Search: Sunderfolk - Standard Edition
2026-09-14 20:24:26,206 - INFO - 📅 Fetching Basic Metadata: Sunderfolk - Standard Edition
2026-09-14 20:24:26,299 - INFO - 📅 Fetching Basic Metadata: Down in Bermuda
2026-09-14 20:24:26,396 - INFO - 🎯 IGDB Match: 'Down in Bermuda' (100%)
2026-09-14 20:24:26,401 - INFO - 📅 Fetching Basic Metadata: Tomb Raider I-III Remastered Starring Lara Croft
2026-09-14 20:24:26,497 - INFO - 📅 Fetching Basic Metadata: LONESTAR
2026-09-14 20:24:26,597 - INFO - 🎯 IGDB Match: 'LoneStar' (100%)
2026-09-14 20:24:26,603 - INFO - 📅 Fetching Basic Metadata: Calico
2026-09-14 20:24:26,692 - INFO - 🎯 IGDB Match: 'Calico' (100%)
2026-09-14 20:24:26,698 - INFO - 📅 Fetching Basic Metadata: Rogue Waters
2026-09-14 20:24:26,795 - INFO - 🎯 IGDB Match: 'Rogue Waters' (100%)
2026-09-14 20:24:26,802 - INFO - 📅 Fetching Basic Metadata: The Ouroboros King
2026-09-14 20:24:26,963 - INFO - 🎯 IGDB Match: 'The Ouroboros King' (100%)
2026-09-14 20:24:26,969 - INFO - 🏢 Publisher Search: Warhammer 40K Speed Freeks
2026-09-14 20:24:28,350 - INFO - 📅 Fetching Basic Metadata: I Have No Mouth, and I Must Scream
2026-09-14 20:24:28,436 - INFO - 🎯 IGDB Match: 'I Have No Mouth, and I Must Scream' (100%)
2026-09-14 20:24:28,442 - INFO - 📅 Fetching Basic Metadata: Nova Lands
2026-09-14 20:24:28,538 - INFO - 🎯 IGDB Match: 'Nova Lands' (100%)
2026-09-14 20:24:28,543 - INFO - 📅 Fetching Basic Metadata: Tattoo Tycoon
2026-09-14 20:24:28,632 - INFO - 🎯 IGDB Match: 'Tattoo Tycoon' (100%)
2026-09-14 20:24:28,659 - INFO - 📅 Fetching Basic Metadata: Echo Generation: Midnight Edition
2026-09-14 20:24:28,761 - INFO - 🎯 IGDB Match: 'Echo Generation: Midnight Edition' (100%)
2026-09-14 20:24:28,766 - INFO - 💰 Price Search: Foretales
2026-09-14 20:24:29,890 - WARNING - Price error for Foretales: string indices must be integers, not 'str'
2026-09-14 20:24:29,890 - INFO - 📅 Fetching Basic Metadata: Foretales
2026-09-14 20:24:30,050 - INFO - 🎯 IGDB Match: 'Foretales' (100%)
2026-09-14 20:24:30,056 - INFO - 💰 Price Search: OTXO
2026-09-14 20:24:31,157 - WARNING - Price error for OTXO: string indices must be integers, not 'str'
2026-09-14 20:24:31,158 - INFO - 💰 Price Search: Sol Cesto
2026-09-14 20:24:32,223 - WARNING - Price error for Sol Cesto: string indices must be integers, not 'str'
2026-09-14 20:24:32,223 - INFO - 📅 Fetching Basic Metadata: Sol Cesto
2026-09-14 20:24:32,357 - INFO - 🎯 IGDB Match: 'Sol Cesto' (100%)
2026-09-14 20:24:32,363 - INFO - 💰 Price Search: Beacon Pines
2026-09-14 20:24:33,458 - WARNING - Price error for Beacon Pines: string indices must be integers, not 'str'
2026-09-14 20:24:33,459 - INFO - 💰 Price Search: Caravan SandWitch
2026-09-14 20:24:34,520 - WARNING - Price error for Caravan SandWitch: string indices must be integers, not 'str'
2026-09-14 20:24:34,522 - INFO - 💰 Price Search: Cardpocalypse Standard Edition
2026-09-14 20:24:35,581 - WARNING - Price error for Cardpocalypse Standard Edition: string indices must be integers, not 'str'
2026-09-14 20:24:35,582 - INFO - 🏢 Publisher Search: Cardpocalypse Standard Edition
2026-09-14 20:24:36,953 - INFO - 📅 Fetching Basic Metadata: Cardpocalypse Standard Edition
2026-09-14 20:24:37,052 - INFO - 💰 Price Search: Epic Mage Bundle
2026-09-14 20:24:38,108 - WARNING - Price error for Epic Mage Bundle: string indices must be integers, not 'str'
2026-09-14 20:24:38,108 - INFO - 🏢 Publisher Search: Epic Mage Bundle
2026-09-14 20:24:39,491 - INFO - 📅 Fetching Basic Metadata: Epic Mage Bundle
2026-09-14 20:24:39,709 - INFO - 💰 Price Search: Rival Stars Horse Racing : Desktop Edition
2026-09-14 20:24:40,772 - WARNING - Price error for Rival Stars Horse Racing : Desktop Edition: string indices must be integers, not 'str'
2026-09-14 20:24:40,772 - INFO - 🏢 Publisher Search: Rival Stars Horse Racing : Desktop Edition
2026-09-14 20:24:42,149 - INFO - 📅 Fetching Basic Metadata: Rival Stars Horse Racing : Desktop Edition
2026-09-14 20:24:42,247 - INFO - 🎯 IGDB Match: 'Rival Stars Horse Racing: Desktop Edition' (99%)
2026-09-14 20:24:42,253 - INFO - 💰 Price Search: Alone With You
2026-09-14 20:24:43,314 - WARNING - Price error for Alone With You: string indices must be integers, not 'str'
2026-09-14 20:24:43,314 - INFO - 📅 Fetching Basic Metadata: Alone With You
2026-09-14 20:24:43,419 - INFO - 🎯 IGDB Match: 'Alone With You' (100%)
2026-09-14 20:24:43,425 - INFO - 💰 Price Search: Luftrausers
2026-09-14 20:24:44,494 - WARNING - Price error for Luftrausers: string indices must be integers, not 'str'
2026-09-14 20:24:44,496 - INFO - 💰 Price Search: Astral Ascent
2026-09-14 20:24:45,557 - WARNING - Price error for Astral Ascent: string indices must be integers, not 'str'
2026-09-14 20:24:45,563 - INFO - 
--- Starting Data Quality Checks ---
2026-09-14 20:24:45,575 - INFO - --- Data Quality Checks Complete ---

2026-09-14 20:24:45,602 - INFO - | Metric | Statistics |
| :--- | :--- |
| 💰 **Total Market Value** | **$13,332.99** |
| 📦 **Total Games Collected** | 703 |
| 🏷️ **Average Retail Price** | $21.99 per game |
| 💎 **Most Expensive Title** | Civilization 6 Platinum Edition ($79.99) |
| 👑 **MVP Publisher** | Bethesda Softworks |
| 🏢 **Value Leaders** | 2K ($579.90), Bethesda Softworks ($544.80), Paradox Interactive ($409.89) |
| 📈 **Inflation-Adjusted Value** | $15,130.23 |
| 🎈 **Inflation Bonus** | **+$1,797.24** in purchasing power |
| 🗓️ **Peak Saving Month** | 🎄 **Seasonality Peak:** December is historically the best month, offering $3,388.17 in savings. |
| ⭐ **Average Score** | 76.9/100 |
| 💳 **Subscription Equivalent** | **$166.24 / mo** |
| 🎯 **Prestige Ratio** | **2.0%** (Strategic Hype) |
| 🏎️ **Lead Time Avg** | 441 Days to Sequel |

2026-09-14 20:24:45,603 - INFO - ✅ README.md updated.
2026-09-14 20:24:45,625 - INFO - Using categorical units to plot a list of strings that are all parsable as floats or dates. If these strings should be plotted as numbers, cast to the appropriate data type before plotting.
2026-09-14 20:24:45,626 - INFO - Using categorical units to plot a list of strings that are all parsable as floats or dates. If these strings should be plotted as numbers, cast to the appropriate data type before plotting.
2026-09-14 20:24:50,731 - INFO - 📈 All charts generated successfully.
