2026-08-15 16:49:59,723 - INFO - Failed to extract font properties from /usr/share/fonts/truetype/noto/NotoColorEmoji.ttf: Non-scalable fonts are not supported
2026-08-15 16:49:59,882 - INFO - generated new fontManager
2026-08-15 16:50:00,311 - INFO - ✅ Migration Successful!
2026-08-15 16:50:00,464 - INFO - No new games found.
2026-08-15 16:50:00,852 - INFO - 🔍 Found 619 games needing metadata. Starting IGDB + Steam + CheapShark enrichment...
2026-08-15 16:50:01,079 - INFO - 📅 Fetching Basic Metadata: LEGO Batman Trilogy
2026-08-15 16:50:01,352 - INFO - 🎯 IGDB Match: 'LEGO Batman Trilogy' (100%)
2026-08-15 16:50:01,394 - INFO - 📅 Fetching Basic Metadata: Antstream
2026-08-15 16:50:01,580 - INFO - 📅 Fetching Basic Metadata: The Drone Racing League Simulator
2026-08-15 16:50:01,687 - INFO - 🎯 IGDB Match: 'The Drone Racing League Simulator' (100%)
2026-08-15 16:50:01,705 - INFO - 📅 Fetching Basic Metadata: Dark Deity
2026-08-15 16:50:01,815 - INFO - 🎯 IGDB Match: 'Dark Deity' (100%)
2026-08-15 16:50:01,834 - INFO - 📅 Fetching Basic Metadata: RPG in a Box
2026-08-15 16:50:01,957 - INFO - 🎯 IGDB Match: 'RPG in a Box' (100%)
2026-08-15 16:50:02,004 - INFO - 📅 Fetching Basic Metadata: Fallout Classic Collection
2026-08-15 16:50:02,114 - INFO - 🎯 IGDB Match: 'Fallout Classic Collection' (100%)
2026-08-15 16:50:02,136 - INFO - 📅 Fetching Basic Metadata: Recipe for Disaster
2026-08-15 16:50:02,229 - INFO - 🎯 IGDB Match: 'Recipe For Disaster' (100%)
2026-08-15 16:50:02,344 - INFO - 📅 Fetching Basic Metadata: World of Warships — Starter Pack: Ishizuchi
2026-08-15 16:50:02,512 - INFO - 🎯 IGDB Match: 'World of Warships: Starter Pack - Ishizuchi' (98%)
2026-08-15 16:50:02,566 - INFO - 📅 Fetching Basic Metadata: Poker Club
2026-08-15 16:50:02,755 - INFO - 🎯 IGDB Match: 'Poker Club' (100%)
2026-08-15 16:50:02,784 - INFO - 📅 Fetching Basic Metadata: The Sims 4 The Daring Lifestyle Bundle
2026-08-15 16:50:02,908 - INFO - 🎯 IGDB Match: 'The Sims 4: The Daring Lifestyle Bundle' (99%)
2026-08-15 16:50:03,018 - INFO - 📅 Fetching Basic Metadata: Dodo Peak
2026-08-15 16:50:03,150 - INFO - 🎯 IGDB Match: 'Dodo Peak' (100%)
2026-08-15 16:50:03,245 - INFO - 📅 Fetching Basic Metadata: Spelldrifter
2026-08-15 16:50:03,336 - INFO - 🎯 IGDB Match: 'Spelldrifter' (100%)
2026-08-15 16:50:03,342 - INFO - 📅 Fetching Basic Metadata: Model Builder
2026-08-15 16:50:03,546 - INFO - 🎯 IGDB Match: 'Model Builder' (100%)
2026-08-15 16:50:03,551 - INFO - 📅 Fetching Basic Metadata: Godlike Burger
2026-08-15 16:50:03,655 - INFO - 🎯 IGDB Match: 'Godlike Burger' (100%)
2026-08-15 16:50:03,661 - INFO - 📅 Fetching Basic Metadata: Q.U.B.E. Ultimate Bundle
2026-08-15 16:50:03,826 - INFO - 🎯 IGDB Match: 'Q.U.B.E. Ultimate Bundle' (100%)
2026-08-15 16:50:03,833 - INFO - 📅 Fetching Basic Metadata: Jitsu Squad
2026-08-15 16:50:03,992 - INFO - 🎯 IGDB Match: 'Jitsu Squad' (100%)
2026-08-15 16:50:03,997 - INFO - 📅 Fetching Basic Metadata: Mighty Fight Federation
2026-08-15 16:50:04,096 - INFO - 🎯 IGDB Match: 'Mighty Fight Federation' (100%)
2026-08-15 16:50:04,104 - INFO - 📅 Fetching Basic Metadata: LOVE
2026-08-15 16:50:04,259 - INFO - 🎯 IGDB Match: 'Love Love Love' (90%)
2026-08-15 16:50:04,266 - INFO - 📅 Fetching Basic Metadata: Call of The Wild: The Angler
2026-08-15 16:50:04,351 - INFO - 🎯 IGDB Match: 'Call of the Wild: The Angler' (100%)
2026-08-15 16:50:04,358 - INFO - 📅 Fetching Basic Metadata: The Falconeer
2026-08-15 16:50:04,451 - INFO - 🎯 IGDB Match: 'The Falconeer: The Hunter' (90%)
2026-08-15 16:50:04,457 - INFO - 📅 Fetching Basic Metadata: Rawmen: Food Fighter Arena
2026-08-15 16:50:04,546 - INFO - 🎯 IGDB Match: 'Rawmen' (90%)
2026-08-15 16:50:04,552 - INFO - 📅 Fetching Basic Metadata: World of Warships – Starter Pack: Albany
2026-08-15 16:50:04,677 - INFO - 📅 Fetching Basic Metadata: Fallout Classic Edition
2026-08-15 16:50:04,840 - WARNING - IGDB Error for Fallout Classic Edition: string indices must be integers, not 'str'
2026-08-15 16:50:04,847 - INFO - 📅 Fetching Basic Metadata: Outliver: Tribulation
2026-08-15 16:50:04,933 - INFO - 🎯 IGDB Match: 'Outliver: Tribulation' (100%)
2026-08-15 16:50:04,939 - INFO - 📅 Fetching Basic Metadata: Bus Simulator 21 Next Stop
2026-08-15 16:50:05,021 - INFO - 🎯 IGDB Match: 'Bus Simulator 21: Next Stop' (98%)
2026-08-15 16:50:05,028 - INFO - 📅 Fetching Basic Metadata: Turmoil
2026-08-15 16:50:05,114 - INFO - 🎯 IGDB Match: 'Turmoil' (100%)
2026-08-15 16:50:05,121 - INFO - 📅 Fetching Basic Metadata: World War Z Aftermath
2026-08-15 16:50:05,218 - INFO - 🎯 IGDB Match: 'World War Z: Aftermath' (98%)
2026-08-15 16:50:05,224 - INFO - 📅 Fetching Basic Metadata: World Of Warships – Anniversary Party Flavor
2026-08-15 16:50:05,342 - INFO - 📅 Fetching Basic Metadata: Neko Ghost, Jump!
2026-08-15 16:50:05,488 - WARNING - IGDB Error for Neko Ghost, Jump!: string indices must be integers, not 'str'
2026-08-15 16:50:05,494 - INFO - 📅 Fetching Basic Metadata: Super Space Club
2026-08-15 16:50:05,603 - WARNING - IGDB Error for Super Space Club: string indices must be integers, not 'str'
2026-08-15 16:50:05,609 - INFO - 📅 Fetching Basic Metadata: Touch Type Tale
2026-08-15 16:50:05,772 - WARNING - IGDB Error for Touch Type Tale: string indices must be integers, not 'str'
2026-08-15 16:50:05,778 - INFO - 📅 Fetching Basic Metadata: Gigapocalypse
2026-08-15 16:50:05,928 - WARNING - IGDB Error for Gigapocalypse: string indices must be integers, not 'str'
2026-08-15 16:50:05,935 - INFO - 📅 Fetching Basic Metadata: Legion TD2
2026-08-15 16:50:06,022 - WARNING - IGDB Error for Legion TD2: string indices must be integers, not 'str'
2026-08-15 16:50:06,029 - INFO - 📅 Fetching Basic Metadata: Nightingale
2026-08-15 16:50:06,174 - WARNING - IGDB Error for Nightingale: string indices must be integers, not 'str'
2026-08-15 16:50:06,181 - INFO - 📅 Fetching Basic Metadata: Godzilla Voxel Wars
2026-08-15 16:50:06,272 - WARNING - IGDB Error for Godzilla Voxel Wars: string indices must be integers, not 'str'
2026-08-15 16:50:06,279 - INFO - 📅 Fetching Basic Metadata: Trine Classic Collection
2026-08-15 16:50:06,352 - WARNING - IGDB Error for Trine Classic Collection: string indices must be integers, not 'str'
2026-08-15 16:50:06,358 - INFO - 📅 Fetching Basic Metadata: Poison Retro Set
2026-08-15 16:50:06,441 - WARNING - IGDB Error for Poison Retro Set: string indices must be integers, not 'str'
2026-08-15 16:50:06,447 - INFO - 📅 Fetching Basic Metadata: The Darkside Detective A Fumble in the Dark
2026-08-15 16:50:06,531 - WARNING - IGDB Error for The Darkside Detective A Fumble in the Dark: string indices must be integers, not 'str'
2026-08-15 16:50:06,537 - INFO - 📅 Fetching Basic Metadata: Return to Ash
2026-08-15 16:50:06,617 - WARNING - IGDB Error for Return to Ash: string indices must be integers, not 'str'
2026-08-15 16:50:06,636 - INFO - 🏢 Publisher Search: STALCRAFT: X Starter Edition
2026-08-15 16:50:08,071 - INFO - 📅 Fetching Basic Metadata: STALCRAFT: X Starter Edition
2026-08-15 16:50:08,189 - INFO - 📅 Fetching Basic Metadata: Boxes: Lost Fragments
2026-08-15 16:50:08,281 - INFO - 🎯 IGDB Match: 'Boxes: Lost Fragments' (100%)
2026-08-15 16:50:08,287 - INFO - 📅 Fetching Basic Metadata: My Night Job
2026-08-15 16:50:08,379 - INFO - 🎯 IGDB Match: 'My Night Job' (100%)
2026-08-15 16:50:08,385 - INFO - 📅 Fetching Basic Metadata: Electrician Simulator
2026-08-15 16:50:08,543 - INFO - 🎯 IGDB Match: 'Electrician Simulator' (100%)
2026-08-15 16:50:08,659 - INFO - 🏢 Publisher Search: World of Warships — Epic Anniversary Tachibana Pack
2026-08-15 16:50:10,057 - INFO - 📅 Fetching Basic Metadata: World of Warships — Epic Anniversary Tachibana Pack
2026-08-15 16:50:10,159 - INFO - 📅 Fetching Basic Metadata: Hyper Echelon
2026-08-15 16:50:10,300 - INFO - 🎯 IGDB Match: 'Hyper Echelon' (100%)
2026-08-15 16:50:10,306 - INFO - 📅 Fetching Basic Metadata: Havendock
2026-08-15 16:50:10,397 - INFO - 🎯 IGDB Match: 'Havendock' (100%)
2026-08-15 16:50:10,403 - INFO - 📅 Fetching Basic Metadata: Clone Drone in the Danger Zone
2026-08-15 16:50:10,486 - INFO - 🎯 IGDB Match: 'Clone Drone in the Danger Zone' (100%)
2026-08-15 16:50:10,491 - INFO - 🏢 Publisher Search: TOMAK: Save the Earth Regeneration
2026-08-15 16:50:11,805 - INFO - 📅 Fetching Basic Metadata: TOMAK: Save the Earth Regeneration
2026-08-15 16:50:11,996 - INFO - 🎯 IGDB Match: 'Tomak: Save the Earth Regeneration' (100%)
2026-08-15 16:50:12,002 - INFO - 📅 Fetching Basic Metadata: Prop Sumo
2026-08-15 16:50:12,101 - INFO - 🎯 IGDB Match: 'Prop Sumo' (100%)
2026-08-15 16:50:12,107 - INFO - 📅 Fetching Basic Metadata: The Stone of Madness
2026-08-15 16:50:12,234 - INFO - 🎯 IGDB Match: 'The Stone of Madness' (100%)
2026-08-15 16:50:12,240 - INFO - 📅 Fetching Basic Metadata: Firestone Online Idle RPG
2026-08-15 16:50:12,349 - INFO - 🎯 IGDB Match: 'Firestone: Online Idle RPG' (98%)
2026-08-15 16:50:12,354 - INFO - 📅 Fetching Basic Metadata: Oddsparks: An Automation Adventure
2026-08-15 16:50:12,477 - INFO - 🎯 IGDB Match: 'Oddsparks: An Automation Adventure' (100%)
2026-08-15 16:50:12,483 - INFO - 📅 Fetching Basic Metadata: Trash Goblin
2026-08-15 16:50:12,625 - INFO - 🎯 IGDB Match: 'Trash Goblin' (100%)
2026-08-15 16:50:12,631 - INFO - 🏢 Publisher Search: The Telltale Batman Shadows Edition
2026-08-15 16:50:14,022 - INFO - 📅 Fetching Basic Metadata: The Telltale Batman Shadows Edition
2026-08-15 16:50:14,202 - INFO - 🎯 IGDB Match: 'Telltale Batman Shadows Edition' (95%)
2026-08-15 16:50:14,208 - INFO - 🏢 Publisher Search: Sunderfolk - Standard Edition
2026-08-15 16:50:15,554 - INFO - 📅 Fetching Basic Metadata: Sunderfolk - Standard Edition
2026-08-15 16:50:15,661 - INFO - 📅 Fetching Basic Metadata: Down in Bermuda
2026-08-15 16:50:15,759 - INFO - 🎯 IGDB Match: 'Down in Bermuda' (100%)
2026-08-15 16:50:15,765 - INFO - 📅 Fetching Basic Metadata: Tomb Raider I-III Remastered Starring Lara Croft
2026-08-15 16:50:15,871 - INFO - 📅 Fetching Basic Metadata: LONESTAR
2026-08-15 16:50:15,956 - INFO - 🎯 IGDB Match: 'LoneStar' (100%)
2026-08-15 16:50:15,961 - INFO - 📅 Fetching Basic Metadata: Calico
2026-08-15 16:50:16,093 - INFO - 🎯 IGDB Match: 'Calico' (100%)
2026-08-15 16:50:16,098 - INFO - 📅 Fetching Basic Metadata: Rogue Waters
2026-08-15 16:50:16,223 - INFO - 🎯 IGDB Match: 'Rogue Waters' (100%)
2026-08-15 16:50:16,228 - INFO - 📅 Fetching Basic Metadata: The Ouroboros King
2026-08-15 16:50:16,410 - INFO - 🎯 IGDB Match: 'The Ouroboros King' (100%)
2026-08-15 16:50:16,415 - INFO - 🏢 Publisher Search: Warhammer 40K Speed Freeks
2026-08-15 16:50:17,798 - INFO - 📅 Fetching Basic Metadata: I Have No Mouth, and I Must Scream
2026-08-15 16:50:17,888 - INFO - 🎯 IGDB Match: 'I Have No Mouth, and I Must Scream' (100%)
2026-08-15 16:50:17,894 - INFO - 📅 Fetching Basic Metadata: Nova Lands
2026-08-15 16:50:17,982 - INFO - 🎯 IGDB Match: 'Nova Lands' (100%)
2026-08-15 16:50:17,988 - INFO - 📅 Fetching Basic Metadata: Tattoo Tycoon
2026-08-15 16:50:18,089 - INFO - 🎯 IGDB Match: 'Tattoo Tycoon' (100%)
2026-08-15 16:50:18,101 - INFO - 📅 Fetching Basic Metadata: Echo Generation: Midnight Edition
2026-08-15 16:50:18,315 - INFO - 🎯 IGDB Match: 'Echo Generation: Midnight Edition' (100%)
2026-08-15 16:50:18,321 - INFO - 💰 Price Search: Foretales
2026-08-15 16:50:19,464 - WARNING - Price error for Foretales: string indices must be integers, not 'str'
2026-08-15 16:50:19,465 - INFO - 📅 Fetching Basic Metadata: Foretales
2026-08-15 16:50:19,550 - INFO - 🎯 IGDB Match: 'Foretales' (100%)
2026-08-15 16:50:19,556 - INFO - 💰 Price Search: OTXO
2026-08-15 16:50:20,637 - WARNING - Price error for OTXO: string indices must be integers, not 'str'
2026-08-15 16:50:20,638 - INFO - 💰 Price Search: Sol Cesto
2026-08-15 16:50:21,705 - WARNING - Price error for Sol Cesto: string indices must be integers, not 'str'
2026-08-15 16:50:21,705 - INFO - 📅 Fetching Basic Metadata: Sol Cesto
2026-08-15 16:50:21,821 - INFO - 🎯 IGDB Match: 'Sol Cesto' (100%)
2026-08-15 16:50:21,827 - INFO - 💰 Price Search: Beacon Pines
2026-08-15 16:50:22,892 - WARNING - Price error for Beacon Pines: string indices must be integers, not 'str'
2026-08-15 16:50:22,893 - INFO - 💰 Price Search: Caravan SandWitch
2026-08-15 16:50:23,974 - WARNING - Price error for Caravan SandWitch: string indices must be integers, not 'str'
2026-08-15 16:50:23,980 - INFO - 
--- Starting Data Quality Checks ---
2026-08-15 16:50:23,991 - INFO - --- Data Quality Checks Complete ---

2026-08-15 16:50:24,017 - INFO - | Metric | Statistics |
| :--- | :--- |
| 💰 **Total Market Value** | **$13,332.99** |
| 📦 **Total Games Collected** | 696 |
| 🏷️ **Average Retail Price** | $22.18 per game |
| 💎 **Most Expensive Title** | Civilization 6 Platinum Edition ($79.99) |
| 👑 **MVP Publisher** | Bethesda Softworks |
| 🏢 **Value Leaders** | 2K ($579.90), Bethesda Softworks ($544.80), Paradox Interactive ($409.89) |
| 📈 **Inflation-Adjusted Value** | $15,130.23 |
| 🎈 **Inflation Bonus** | **+$1,797.24** in purchasing power |
| 🗓️ **Peak Saving Month** | 🎄 **Seasonality Peak:** December is historically the best month, offering $3,388.17 in savings. |
| ⭐ **Average Score** | 76.9/100 |
| 💳 **Subscription Equivalent** | **$167.78 / mo** |
| 🎯 **Prestige Ratio** | **2.0%** (Strategic Hype) |
| 🏎️ **Lead Time Avg** | 441 Days to Sequel |

2026-08-15 16:50:24,018 - INFO - ✅ README.md updated.
2026-08-15 16:50:24,038 - INFO - Using categorical units to plot a list of strings that are all parsable as floats or dates. If these strings should be plotted as numbers, cast to the appropriate data type before plotting.
2026-08-15 16:50:24,039 - INFO - Using categorical units to plot a list of strings that are all parsable as floats or dates. If these strings should be plotted as numbers, cast to the appropriate data type before plotting.
2026-08-15 16:50:28,926 - INFO - 📈 All charts generated successfully.
