2026-08-18 16:58:01,386 - INFO - Failed to extract font properties from /usr/share/fonts/truetype/noto/NotoColorEmoji.ttf: Non-scalable fonts are not supported
2026-08-18 16:58:01,525 - INFO - generated new fontManager
2026-08-18 16:58:01,912 - INFO - ✅ Migration Successful!
2026-08-18 16:58:02,127 - INFO - No new games found.
2026-08-18 16:58:02,536 - INFO - 🔍 Found 619 games needing metadata. Starting IGDB + Steam + CheapShark enrichment...
2026-08-18 16:58:02,628 - INFO - 📅 Fetching Basic Metadata: LEGO Batman Trilogy
2026-08-18 16:58:02,859 - INFO - 🎯 IGDB Match: 'LEGO Batman Trilogy' (100%)
2026-08-18 16:58:02,889 - INFO - 📅 Fetching Basic Metadata: Antstream
2026-08-18 16:58:03,001 - INFO - 📅 Fetching Basic Metadata: The Drone Racing League Simulator
2026-08-18 16:58:03,099 - INFO - 🎯 IGDB Match: 'The Drone Racing League Simulator' (100%)
2026-08-18 16:58:03,108 - INFO - 📅 Fetching Basic Metadata: Dark Deity
2026-08-18 16:58:03,200 - INFO - 🎯 IGDB Match: 'Dark Deity' (100%)
2026-08-18 16:58:03,207 - INFO - 📅 Fetching Basic Metadata: RPG in a Box
2026-08-18 16:58:03,314 - INFO - 🎯 IGDB Match: 'RPG in a Box' (100%)
2026-08-18 16:58:03,322 - INFO - 📅 Fetching Basic Metadata: Fallout Classic Collection
2026-08-18 16:58:03,410 - INFO - 🎯 IGDB Match: 'Fallout Classic Collection' (100%)
2026-08-18 16:58:03,419 - INFO - 📅 Fetching Basic Metadata: Recipe for Disaster
2026-08-18 16:58:03,576 - INFO - 🎯 IGDB Match: 'Recipe For Disaster' (100%)
2026-08-18 16:58:03,583 - INFO - 📅 Fetching Basic Metadata: World of Warships — Starter Pack: Ishizuchi
2026-08-18 16:58:03,669 - INFO - 🎯 IGDB Match: 'World of Warships: Starter Pack - Ishizuchi' (98%)
2026-08-18 16:58:03,677 - INFO - 📅 Fetching Basic Metadata: Poker Club
2026-08-18 16:58:03,762 - INFO - 🎯 IGDB Match: 'Poker Club' (100%)
2026-08-18 16:58:03,769 - INFO - 📅 Fetching Basic Metadata: The Sims 4 The Daring Lifestyle Bundle
2026-08-18 16:58:03,858 - INFO - 🎯 IGDB Match: 'The Sims 4: The Daring Lifestyle Bundle' (99%)
2026-08-18 16:58:03,868 - INFO - 📅 Fetching Basic Metadata: Dodo Peak
2026-08-18 16:58:03,951 - INFO - 🎯 IGDB Match: 'Dodo Peak' (100%)
2026-08-18 16:58:03,958 - INFO - 📅 Fetching Basic Metadata: Spelldrifter
2026-08-18 16:58:04,065 - INFO - 🎯 IGDB Match: 'Spelldrifter' (100%)
2026-08-18 16:58:04,072 - INFO - 📅 Fetching Basic Metadata: Model Builder
2026-08-18 16:58:04,160 - INFO - 🎯 IGDB Match: 'Model Builder' (100%)
2026-08-18 16:58:04,166 - INFO - 📅 Fetching Basic Metadata: Godlike Burger
2026-08-18 16:58:04,243 - WARNING - IGDB Error for Godlike Burger: string indices must be integers, not 'str'
2026-08-18 16:58:04,249 - INFO - 📅 Fetching Basic Metadata: Q.U.B.E. Ultimate Bundle
2026-08-18 16:58:04,343 - INFO - 🎯 IGDB Match: 'Q.U.B.E. Ultimate Bundle' (100%)
2026-08-18 16:58:04,350 - INFO - 📅 Fetching Basic Metadata: Jitsu Squad
2026-08-18 16:58:04,442 - INFO - 🎯 IGDB Match: 'Jitsu Squad' (100%)
2026-08-18 16:58:04,449 - INFO - 📅 Fetching Basic Metadata: Mighty Fight Federation
2026-08-18 16:58:04,537 - INFO - 🎯 IGDB Match: 'Mighty Fight Federation' (100%)
2026-08-18 16:58:04,548 - INFO - 📅 Fetching Basic Metadata: LOVE
2026-08-18 16:58:04,670 - INFO - 🎯 IGDB Match: 'Love Love Love' (90%)
2026-08-18 16:58:04,678 - INFO - 📅 Fetching Basic Metadata: Call of The Wild: The Angler
2026-08-18 16:58:04,767 - INFO - 🎯 IGDB Match: 'Call of the Wild: The Angler' (100%)
2026-08-18 16:58:04,776 - INFO - 📅 Fetching Basic Metadata: The Falconeer
2026-08-18 16:58:04,850 - WARNING - IGDB Error for The Falconeer: string indices must be integers, not 'str'
2026-08-18 16:58:04,857 - INFO - 📅 Fetching Basic Metadata: Rawmen: Food Fighter Arena
2026-08-18 16:58:04,967 - WARNING - IGDB Error for Rawmen: Food Fighter Arena: string indices must be integers, not 'str'
2026-08-18 16:58:04,974 - INFO - 📅 Fetching Basic Metadata: World of Warships – Starter Pack: Albany
2026-08-18 16:58:05,046 - WARNING - IGDB Error for World of Warships – Starter Pack: Albany: string indices must be integers, not 'str'
2026-08-18 16:58:05,054 - INFO - 📅 Fetching Basic Metadata: Fallout Classic Edition
2026-08-18 16:58:05,132 - WARNING - IGDB Error for Fallout Classic Edition: string indices must be integers, not 'str'
2026-08-18 16:58:05,140 - INFO - 📅 Fetching Basic Metadata: Outliver: Tribulation
2026-08-18 16:58:05,214 - WARNING - IGDB Error for Outliver: Tribulation: string indices must be integers, not 'str'
2026-08-18 16:58:05,223 - INFO - 📅 Fetching Basic Metadata: Bus Simulator 21 Next Stop
2026-08-18 16:58:05,300 - WARNING - IGDB Error for Bus Simulator 21 Next Stop: string indices must be integers, not 'str'
2026-08-18 16:58:05,308 - INFO - 📅 Fetching Basic Metadata: Turmoil
2026-08-18 16:58:05,386 - WARNING - IGDB Error for Turmoil: string indices must be integers, not 'str'
2026-08-18 16:58:05,394 - INFO - 📅 Fetching Basic Metadata: World War Z Aftermath
2026-08-18 16:58:05,467 - WARNING - IGDB Error for World War Z Aftermath: string indices must be integers, not 'str'
2026-08-18 16:58:05,475 - INFO - 📅 Fetching Basic Metadata: World Of Warships – Anniversary Party Flavor
2026-08-18 16:58:05,615 - WARNING - IGDB Error for World Of Warships – Anniversary Party Flavor: string indices must be integers, not 'str'
2026-08-18 16:58:05,622 - INFO - 📅 Fetching Basic Metadata: Neko Ghost, Jump!
2026-08-18 16:58:05,701 - WARNING - IGDB Error for Neko Ghost, Jump!: string indices must be integers, not 'str'
2026-08-18 16:58:05,708 - INFO - 📅 Fetching Basic Metadata: Super Space Club
2026-08-18 16:58:05,780 - WARNING - IGDB Error for Super Space Club: string indices must be integers, not 'str'
2026-08-18 16:58:05,787 - INFO - 📅 Fetching Basic Metadata: Touch Type Tale
2026-08-18 16:58:05,862 - WARNING - IGDB Error for Touch Type Tale: string indices must be integers, not 'str'
2026-08-18 16:58:05,869 - INFO - 📅 Fetching Basic Metadata: Gigapocalypse
2026-08-18 16:58:05,945 - WARNING - IGDB Error for Gigapocalypse: string indices must be integers, not 'str'
2026-08-18 16:58:05,954 - INFO - 📅 Fetching Basic Metadata: Legion TD2
2026-08-18 16:58:06,112 - INFO - 📅 Fetching Basic Metadata: Nightingale
2026-08-18 16:58:06,216 - INFO - 🎯 IGDB Match: 'Nightingale' (100%)
2026-08-18 16:58:06,224 - INFO - 📅 Fetching Basic Metadata: Godzilla Voxel Wars
2026-08-18 16:58:06,309 - INFO - 🎯 IGDB Match: 'Godzilla Voxel Wars' (100%)
2026-08-18 16:58:06,317 - INFO - 📅 Fetching Basic Metadata: Trine Classic Collection
2026-08-18 16:58:06,403 - INFO - 🎯 IGDB Match: 'Trine Classic Collection' (100%)
2026-08-18 16:58:06,411 - INFO - 📅 Fetching Basic Metadata: Poison Retro Set
2026-08-18 16:58:06,498 - INFO - 🎯 IGDB Match: 'Pixel Gun 3D: Poison Retro Set' (90%)
2026-08-18 16:58:06,504 - INFO - 📅 Fetching Basic Metadata: The Darkside Detective A Fumble in the Dark
2026-08-18 16:58:06,593 - INFO - 🎯 IGDB Match: 'The Darkside Detective: A Fumble in the Dark' (99%)
2026-08-18 16:58:06,599 - INFO - 📅 Fetching Basic Metadata: Return to Ash
2026-08-18 16:58:06,684 - INFO - 🎯 IGDB Match: 'Return to Ash' (100%)
2026-08-18 16:58:06,691 - INFO - 🏢 Publisher Search: STALCRAFT: X Starter Edition
2026-08-18 16:58:08,068 - INFO - 📅 Fetching Basic Metadata: STALCRAFT: X Starter Edition
2026-08-18 16:58:08,248 - INFO - 📅 Fetching Basic Metadata: Boxes: Lost Fragments
2026-08-18 16:58:08,358 - INFO - 🎯 IGDB Match: 'Boxes: Lost Fragments' (100%)
2026-08-18 16:58:08,365 - INFO - 📅 Fetching Basic Metadata: My Night Job
2026-08-18 16:58:08,453 - INFO - 🎯 IGDB Match: 'My Night Job' (100%)
2026-08-18 16:58:08,460 - INFO - 📅 Fetching Basic Metadata: Electrician Simulator
2026-08-18 16:58:08,562 - INFO - 🎯 IGDB Match: 'Electrician Simulator' (100%)
2026-08-18 16:58:08,569 - INFO - 🏢 Publisher Search: World of Warships — Epic Anniversary Tachibana Pack
2026-08-18 16:58:09,910 - INFO - 📅 Fetching Basic Metadata: World of Warships — Epic Anniversary Tachibana Pack
2026-08-18 16:58:10,001 - INFO - 📅 Fetching Basic Metadata: Hyper Echelon
2026-08-18 16:58:10,082 - INFO - 🎯 IGDB Match: 'Hyper Echelon' (100%)
2026-08-18 16:58:10,089 - INFO - 📅 Fetching Basic Metadata: Havendock
2026-08-18 16:58:10,174 - INFO - 🎯 IGDB Match: 'Havendock' (100%)
2026-08-18 16:58:10,181 - INFO - 📅 Fetching Basic Metadata: Clone Drone in the Danger Zone
2026-08-18 16:58:10,265 - INFO - 🎯 IGDB Match: 'Clone Drone in the Danger Zone' (100%)
2026-08-18 16:58:10,271 - INFO - 🏢 Publisher Search: TOMAK: Save the Earth Regeneration
2026-08-18 16:58:11,642 - INFO - 📅 Fetching Basic Metadata: TOMAK: Save the Earth Regeneration
2026-08-18 16:58:11,724 - INFO - 🎯 IGDB Match: 'Tomak: Save the Earth Regeneration' (100%)
2026-08-18 16:58:11,731 - INFO - 📅 Fetching Basic Metadata: Prop Sumo
2026-08-18 16:58:11,815 - INFO - 🎯 IGDB Match: 'Prop Sumo' (100%)
2026-08-18 16:58:11,822 - INFO - 📅 Fetching Basic Metadata: The Stone of Madness
2026-08-18 16:58:11,907 - INFO - 🎯 IGDB Match: 'The Stone of Madness' (100%)
2026-08-18 16:58:11,913 - INFO - 📅 Fetching Basic Metadata: Firestone Online Idle RPG
2026-08-18 16:58:12,025 - INFO - 🎯 IGDB Match: 'Firestone: Online Idle RPG' (98%)
2026-08-18 16:58:12,032 - INFO - 📅 Fetching Basic Metadata: Oddsparks: An Automation Adventure
2026-08-18 16:58:12,127 - INFO - 🎯 IGDB Match: 'Oddsparks: An Automation Adventure' (100%)
2026-08-18 16:58:12,134 - INFO - 📅 Fetching Basic Metadata: Trash Goblin
2026-08-18 16:58:12,216 - INFO - 🎯 IGDB Match: 'Trash Goblin' (100%)
2026-08-18 16:58:12,223 - INFO - 🏢 Publisher Search: The Telltale Batman Shadows Edition
2026-08-18 16:58:13,573 - INFO - 📅 Fetching Basic Metadata: The Telltale Batman Shadows Edition
2026-08-18 16:58:13,659 - INFO - 🎯 IGDB Match: 'Telltale Batman Shadows Edition' (95%)
2026-08-18 16:58:13,666 - INFO - 🏢 Publisher Search: Sunderfolk - Standard Edition
2026-08-18 16:58:15,003 - INFO - 📅 Fetching Basic Metadata: Sunderfolk - Standard Edition
2026-08-18 16:58:15,109 - INFO - 📅 Fetching Basic Metadata: Down in Bermuda
2026-08-18 16:58:15,194 - INFO - 🎯 IGDB Match: 'Down in Bermuda' (100%)
2026-08-18 16:58:15,200 - INFO - 📅 Fetching Basic Metadata: Tomb Raider I-III Remastered Starring Lara Croft
2026-08-18 16:58:15,300 - INFO - 📅 Fetching Basic Metadata: LONESTAR
2026-08-18 16:58:15,390 - INFO - 🎯 IGDB Match: 'LoneStar' (100%)
2026-08-18 16:58:15,396 - INFO - 📅 Fetching Basic Metadata: Calico
2026-08-18 16:58:15,495 - INFO - 🎯 IGDB Match: 'Calico' (100%)
2026-08-18 16:58:15,501 - INFO - 📅 Fetching Basic Metadata: Rogue Waters
2026-08-18 16:58:15,595 - INFO - 🎯 IGDB Match: 'Rogue Waters' (100%)
2026-08-18 16:58:15,602 - INFO - 📅 Fetching Basic Metadata: The Ouroboros King
2026-08-18 16:58:15,691 - INFO - 🎯 IGDB Match: 'The Ouroboros King' (100%)
2026-08-18 16:58:15,697 - INFO - 🏢 Publisher Search: Warhammer 40K Speed Freeks
2026-08-18 16:58:17,232 - INFO - 📅 Fetching Basic Metadata: I Have No Mouth, and I Must Scream
2026-08-18 16:58:17,317 - INFO - 🎯 IGDB Match: 'I Have No Mouth, and I Must Scream' (100%)
2026-08-18 16:58:17,324 - INFO - 📅 Fetching Basic Metadata: Nova Lands
2026-08-18 16:58:17,411 - INFO - 🎯 IGDB Match: 'Nova Lands' (100%)
2026-08-18 16:58:17,417 - INFO - 📅 Fetching Basic Metadata: Tattoo Tycoon
2026-08-18 16:58:17,501 - INFO - 🎯 IGDB Match: 'Tattoo Tycoon' (100%)
2026-08-18 16:58:17,508 - INFO - 📅 Fetching Basic Metadata: Echo Generation: Midnight Edition
2026-08-18 16:58:17,592 - INFO - 🎯 IGDB Match: 'Echo Generation: Midnight Edition' (100%)
2026-08-18 16:58:17,599 - INFO - 💰 Price Search: Foretales
2026-08-18 16:58:18,749 - WARNING - Price error for Foretales: string indices must be integers, not 'str'
2026-08-18 16:58:18,749 - INFO - 📅 Fetching Basic Metadata: Foretales
2026-08-18 16:58:18,833 - INFO - 🎯 IGDB Match: 'Foretales' (100%)
2026-08-18 16:58:18,840 - INFO - 💰 Price Search: OTXO
2026-08-18 16:58:19,912 - WARNING - Price error for OTXO: string indices must be integers, not 'str'
2026-08-18 16:58:19,913 - INFO - 💰 Price Search: Sol Cesto
2026-08-18 16:58:20,975 - WARNING - Price error for Sol Cesto: string indices must be integers, not 'str'
2026-08-18 16:58:20,976 - INFO - 📅 Fetching Basic Metadata: Sol Cesto
2026-08-18 16:58:21,060 - INFO - 🎯 IGDB Match: 'Sol Cesto' (100%)
2026-08-18 16:58:21,067 - INFO - 💰 Price Search: Beacon Pines
2026-08-18 16:58:22,154 - WARNING - Price error for Beacon Pines: string indices must be integers, not 'str'
2026-08-18 16:58:22,155 - INFO - 💰 Price Search: Caravan SandWitch
2026-08-18 16:58:23,229 - WARNING - Price error for Caravan SandWitch: string indices must be integers, not 'str'
2026-08-18 16:58:23,235 - INFO - 
--- Starting Data Quality Checks ---
2026-08-18 16:58:23,248 - INFO - --- Data Quality Checks Complete ---

2026-08-18 16:58:23,280 - INFO - | Metric | Statistics |
| :--- | :--- |
| 💰 **Total Market Value** | **$13,332.99** |
| 📦 **Total Games Collected** | 696 |
| 🏷️ **Average Retail Price** | $22.18 per game |
| 💎 **Most Expensive Title** | Civilization 6 Platinum Edition ($79.99) |
| 👑 **MVP Publisher** | Bethesda Softworks |
| 🏢 **Value Leaders** | 2K ($579.90), Bethesda Softworks ($544.80), Paradox Interactive ($409.89) |
| 📈 **Inflation-Adjusted Value** | $15,130.23 |
| 🎈 **Inflation Bonus** | **+$1,797.24** in purchasing power |
| 🗓️ **Peak Saving Month** | 🎄 **Seasonality Peak:** December is historically the best month, offering $3,388.17 in savings. |
| ⭐ **Average Score** | 76.9/100 |
| 💳 **Subscription Equivalent** | **$167.78 / mo** |
| 🎯 **Prestige Ratio** | **2.0%** (Strategic Hype) |
| 🏎️ **Lead Time Avg** | 441 Days to Sequel |

2026-08-18 16:58:23,281 - INFO - ✅ README.md updated.
2026-08-18 16:58:23,306 - INFO - Using categorical units to plot a list of strings that are all parsable as floats or dates. If these strings should be plotted as numbers, cast to the appropriate data type before plotting.
2026-08-18 16:58:23,307 - INFO - Using categorical units to plot a list of strings that are all parsable as floats or dates. If these strings should be plotted as numbers, cast to the appropriate data type before plotting.
2026-08-18 16:58:29,689 - INFO - 📈 All charts generated successfully.
