2026-09-05 18:30:06,877 - INFO - Failed to extract font properties from /usr/share/fonts/truetype/noto/NotoColorEmoji.ttf: Non-scalable fonts are not supported
2026-09-05 18:30:07,000 - INFO - generated new fontManager
2026-09-05 18:30:07,708 - INFO - ✅ Migration Successful!
2026-09-05 18:30:07,876 - INFO - No new games found.
2026-09-05 18:30:08,288 - INFO - 🔍 Found 624 games needing metadata. Starting IGDB + Steam + CheapShark enrichment...
2026-09-05 18:30:08,386 - INFO - 📅 Fetching Basic Metadata: LEGO Batman Trilogy
2026-09-05 18:30:08,774 - INFO - 🎯 IGDB Match: 'LEGO Batman Trilogy' (100%)
2026-09-05 18:30:08,802 - INFO - 📅 Fetching Basic Metadata: Antstream
2026-09-05 18:30:09,052 - INFO - 📅 Fetching Basic Metadata: The Drone Racing League Simulator
2026-09-05 18:30:09,185 - INFO - 🎯 IGDB Match: 'The Drone Racing League Simulator' (100%)
2026-09-05 18:30:09,193 - INFO - 📅 Fetching Basic Metadata: Dark Deity
2026-09-05 18:30:09,433 - INFO - 🎯 IGDB Match: 'Dark Deity' (100%)
2026-09-05 18:30:09,440 - INFO - 📅 Fetching Basic Metadata: RPG in a Box
2026-09-05 18:30:09,855 - INFO - 🎯 IGDB Match: 'RPG in a Box' (100%)
2026-09-05 18:30:09,863 - INFO - 📅 Fetching Basic Metadata: Fallout Classic Collection
2026-09-05 18:30:10,131 - INFO - 🎯 IGDB Match: 'Fallout Classic Collection' (100%)
2026-09-05 18:30:10,140 - INFO - 📅 Fetching Basic Metadata: Recipe for Disaster
2026-09-05 18:30:10,322 - INFO - 🎯 IGDB Match: 'Recipe For Disaster' (100%)
2026-09-05 18:30:10,329 - INFO - 📅 Fetching Basic Metadata: World of Warships — Starter Pack: Ishizuchi
2026-09-05 18:30:10,590 - INFO - 🎯 IGDB Match: 'World of Warships: Starter Pack - Ishizuchi' (98%)
2026-09-05 18:30:10,597 - INFO - 📅 Fetching Basic Metadata: Poker Club
2026-09-05 18:30:10,709 - INFO - 🎯 IGDB Match: 'Poker Club' (100%)
2026-09-05 18:30:10,716 - INFO - 📅 Fetching Basic Metadata: The Sims 4 The Daring Lifestyle Bundle
2026-09-05 18:30:10,831 - INFO - 🎯 IGDB Match: 'The Sims 4: The Daring Lifestyle Bundle' (99%)
2026-09-05 18:30:10,840 - INFO - 📅 Fetching Basic Metadata: Dodo Peak
2026-09-05 18:30:11,062 - INFO - 🎯 IGDB Match: 'Dodo Peak' (100%)
2026-09-05 18:30:11,069 - INFO - 📅 Fetching Basic Metadata: Spelldrifter
2026-09-05 18:30:11,269 - INFO - 🎯 IGDB Match: 'Spelldrifter' (100%)
2026-09-05 18:30:11,276 - INFO - 📅 Fetching Basic Metadata: Model Builder
2026-09-05 18:30:11,470 - INFO - 🎯 IGDB Match: 'Model Builder' (100%)
2026-09-05 18:30:11,476 - INFO - 📅 Fetching Basic Metadata: Godlike Burger
2026-09-05 18:30:11,630 - INFO - 🎯 IGDB Match: 'Godlike Burger' (100%)
2026-09-05 18:30:11,637 - INFO - 📅 Fetching Basic Metadata: Q.U.B.E. Ultimate Bundle
2026-09-05 18:30:11,752 - INFO - 🎯 IGDB Match: 'Q.U.B.E. Ultimate Bundle' (100%)
2026-09-05 18:30:11,760 - INFO - 📅 Fetching Basic Metadata: Jitsu Squad
2026-09-05 18:30:11,966 - INFO - 🎯 IGDB Match: 'Jitsu Squad' (100%)
2026-09-05 18:30:11,972 - INFO - 📅 Fetching Basic Metadata: Mighty Fight Federation
2026-09-05 18:30:12,161 - INFO - 🎯 IGDB Match: 'Mighty Fight Federation' (100%)
2026-09-05 18:30:12,172 - INFO - 📅 Fetching Basic Metadata: LOVE
2026-09-05 18:30:12,337 - INFO - 🎯 IGDB Match: 'Love Love Love' (90%)
2026-09-05 18:30:12,346 - INFO - 📅 Fetching Basic Metadata: Call of The Wild: The Angler
2026-09-05 18:30:12,710 - INFO - 🎯 IGDB Match: 'Call of the Wild: The Angler' (100%)
2026-09-05 18:30:12,719 - INFO - 📅 Fetching Basic Metadata: The Falconeer
2026-09-05 18:30:12,839 - INFO - 🎯 IGDB Match: 'The Falconeer: The Hunter' (90%)
2026-09-05 18:30:12,847 - INFO - 📅 Fetching Basic Metadata: Rawmen: Food Fighter Arena
2026-09-05 18:30:12,965 - INFO - 🎯 IGDB Match: 'Rawmen' (90%)
2026-09-05 18:30:12,971 - INFO - 📅 Fetching Basic Metadata: World of Warships – Starter Pack: Albany
2026-09-05 18:30:13,150 - INFO - 📅 Fetching Basic Metadata: Fallout Classic Edition
2026-09-05 18:30:13,343 - INFO - 📅 Fetching Basic Metadata: Outliver: Tribulation
2026-09-05 18:30:13,458 - INFO - 🎯 IGDB Match: 'Outliver: Tribulation' (100%)
2026-09-05 18:30:13,466 - INFO - 📅 Fetching Basic Metadata: Bus Simulator 21 Next Stop
2026-09-05 18:30:13,578 - INFO - 🎯 IGDB Match: 'Bus Simulator 21: Next Stop' (98%)
2026-09-05 18:30:13,586 - INFO - 📅 Fetching Basic Metadata: Turmoil
2026-09-05 18:30:13,703 - INFO - 🎯 IGDB Match: 'Turmoil' (100%)
2026-09-05 18:30:13,710 - INFO - 📅 Fetching Basic Metadata: World War Z Aftermath
2026-09-05 18:30:13,830 - INFO - 🎯 IGDB Match: 'World War Z: Aftermath' (98%)
2026-09-05 18:30:13,837 - INFO - 📅 Fetching Basic Metadata: World Of Warships – Anniversary Party Flavor
2026-09-05 18:30:14,021 - INFO - 📅 Fetching Basic Metadata: Neko Ghost, Jump!
2026-09-05 18:30:14,181 - INFO - 🎯 IGDB Match: 'Neko Ghost, Jump!' (100%)
2026-09-05 18:30:14,189 - INFO - 📅 Fetching Basic Metadata: Super Space Club
2026-09-05 18:30:14,316 - INFO - 🎯 IGDB Match: 'Super Space Club' (100%)
2026-09-05 18:30:14,323 - INFO - 📅 Fetching Basic Metadata: Touch Type Tale
2026-09-05 18:30:14,448 - INFO - 🎯 IGDB Match: 'Touch Type Tale' (100%)
2026-09-05 18:30:14,455 - INFO - 📅 Fetching Basic Metadata: Gigapocalypse
2026-09-05 18:30:14,612 - INFO - 🎯 IGDB Match: 'Gigapocalypse' (100%)
2026-09-05 18:30:14,621 - INFO - 📅 Fetching Basic Metadata: Legion TD2
2026-09-05 18:30:14,742 - INFO - 📅 Fetching Basic Metadata: Nightingale
2026-09-05 18:30:14,941 - INFO - 🎯 IGDB Match: 'Nightingale' (100%)
2026-09-05 18:30:14,949 - INFO - 📅 Fetching Basic Metadata: Godzilla Voxel Wars
2026-09-05 18:30:15,064 - INFO - 🎯 IGDB Match: 'Godzilla Voxel Wars' (100%)
2026-09-05 18:30:15,072 - INFO - 📅 Fetching Basic Metadata: Trine Classic Collection
2026-09-05 18:30:15,274 - WARNING - IGDB Error for Trine Classic Collection: string indices must be integers, not 'str'
2026-09-05 18:30:15,281 - INFO - 📅 Fetching Basic Metadata: Poison Retro Set
2026-09-05 18:30:15,390 - WARNING - IGDB Error for Poison Retro Set: string indices must be integers, not 'str'
2026-09-05 18:30:15,397 - INFO - 📅 Fetching Basic Metadata: The Darkside Detective A Fumble in the Dark
2026-09-05 18:30:15,494 - WARNING - IGDB Error for The Darkside Detective A Fumble in the Dark: string indices must be integers, not 'str'
2026-09-05 18:30:15,501 - INFO - 📅 Fetching Basic Metadata: Return to Ash
2026-09-05 18:30:15,605 - WARNING - IGDB Error for Return to Ash: string indices must be integers, not 'str'
2026-09-05 18:30:15,612 - INFO - 🏢 Publisher Search: STALCRAFT: X Starter Edition
2026-09-05 18:30:16,954 - INFO - 📅 Fetching Basic Metadata: STALCRAFT: X Starter Edition
2026-09-05 18:30:17,102 - INFO - 📅 Fetching Basic Metadata: Boxes: Lost Fragments
2026-09-05 18:30:17,227 - INFO - 🎯 IGDB Match: 'Boxes: Lost Fragments' (100%)
2026-09-05 18:30:17,233 - INFO - 📅 Fetching Basic Metadata: My Night Job
2026-09-05 18:30:17,389 - INFO - 🎯 IGDB Match: 'My Night Job' (100%)
2026-09-05 18:30:17,397 - INFO - 📅 Fetching Basic Metadata: Electrician Simulator
2026-09-05 18:30:17,644 - INFO - 🎯 IGDB Match: 'Electrician Simulator' (100%)
2026-09-05 18:30:17,650 - INFO - 🏢 Publisher Search: World of Warships — Epic Anniversary Tachibana Pack
2026-09-05 18:30:18,999 - INFO - 📅 Fetching Basic Metadata: World of Warships — Epic Anniversary Tachibana Pack
2026-09-05 18:30:19,125 - INFO - 📅 Fetching Basic Metadata: Hyper Echelon
2026-09-05 18:30:19,249 - INFO - 🎯 IGDB Match: 'Hyper Echelon' (100%)
2026-09-05 18:30:19,255 - INFO - 📅 Fetching Basic Metadata: Havendock
2026-09-05 18:30:19,492 - INFO - 🎯 IGDB Match: 'Havendock' (100%)
2026-09-05 18:30:19,499 - INFO - 📅 Fetching Basic Metadata: Clone Drone in the Danger Zone
2026-09-05 18:30:19,660 - INFO - 🎯 IGDB Match: 'Clone Drone in the Danger Zone' (100%)
2026-09-05 18:30:19,666 - INFO - 🏢 Publisher Search: TOMAK: Save the Earth Regeneration
2026-09-05 18:30:20,984 - INFO - 📅 Fetching Basic Metadata: TOMAK: Save the Earth Regeneration
2026-09-05 18:30:21,108 - INFO - 🎯 IGDB Match: 'Tomak: Save the Earth Regeneration' (100%)
2026-09-05 18:30:21,114 - INFO - 📅 Fetching Basic Metadata: Prop Sumo
2026-09-05 18:30:21,301 - INFO - 🎯 IGDB Match: 'Prop Sumo' (100%)
2026-09-05 18:30:21,307 - INFO - 📅 Fetching Basic Metadata: The Stone of Madness
2026-09-05 18:30:21,432 - INFO - 🎯 IGDB Match: 'The Stone of Madness' (100%)
2026-09-05 18:30:21,439 - INFO - 📅 Fetching Basic Metadata: Firestone Online Idle RPG
2026-09-05 18:30:21,558 - INFO - 🎯 IGDB Match: 'Firestone: Online Idle RPG' (98%)
2026-09-05 18:30:21,565 - INFO - 📅 Fetching Basic Metadata: Oddsparks: An Automation Adventure
2026-09-05 18:30:21,686 - INFO - 🎯 IGDB Match: 'Oddsparks: An Automation Adventure' (100%)
2026-09-05 18:30:21,693 - INFO - 📅 Fetching Basic Metadata: Trash Goblin
2026-09-05 18:30:21,803 - INFO - 🎯 IGDB Match: 'Trash Goblin' (100%)
2026-09-05 18:30:21,810 - INFO - 🏢 Publisher Search: The Telltale Batman Shadows Edition
2026-09-05 18:30:23,137 - INFO - 📅 Fetching Basic Metadata: The Telltale Batman Shadows Edition
2026-09-05 18:30:23,251 - INFO - 🎯 IGDB Match: 'Telltale Batman Shadows Edition' (95%)
2026-09-05 18:30:23,258 - INFO - 🏢 Publisher Search: Sunderfolk - Standard Edition
2026-09-05 18:30:24,594 - INFO - 📅 Fetching Basic Metadata: Sunderfolk - Standard Edition
2026-09-05 18:30:24,735 - INFO - 📅 Fetching Basic Metadata: Down in Bermuda
2026-09-05 18:30:24,930 - INFO - 🎯 IGDB Match: 'Down in Bermuda' (100%)
2026-09-05 18:30:24,937 - INFO - 📅 Fetching Basic Metadata: Tomb Raider I-III Remastered Starring Lara Croft
2026-09-05 18:30:25,058 - INFO - 📅 Fetching Basic Metadata: LONESTAR
2026-09-05 18:30:25,166 - INFO - 🎯 IGDB Match: 'LoneStar' (100%)
2026-09-05 18:30:25,172 - INFO - 📅 Fetching Basic Metadata: Calico
2026-09-05 18:30:25,298 - INFO - 🎯 IGDB Match: 'Calico' (100%)
2026-09-05 18:30:25,305 - INFO - 📅 Fetching Basic Metadata: Rogue Waters
2026-09-05 18:30:25,427 - INFO - 🎯 IGDB Match: 'Rogue Waters' (100%)
2026-09-05 18:30:25,434 - INFO - 📅 Fetching Basic Metadata: The Ouroboros King
2026-09-05 18:30:25,556 - INFO - 🎯 IGDB Match: 'The Ouroboros King' (100%)
2026-09-05 18:30:25,562 - INFO - 🏢 Publisher Search: Warhammer 40K Speed Freeks
2026-09-05 18:30:26,939 - INFO - 📅 Fetching Basic Metadata: I Have No Mouth, and I Must Scream
2026-09-05 18:30:27,050 - INFO - 🎯 IGDB Match: 'I Have No Mouth, and I Must Scream' (100%)
2026-09-05 18:30:27,057 - INFO - 📅 Fetching Basic Metadata: Nova Lands
2026-09-05 18:30:27,179 - INFO - 🎯 IGDB Match: 'Nova Lands' (100%)
2026-09-05 18:30:27,186 - INFO - 📅 Fetching Basic Metadata: Tattoo Tycoon
2026-09-05 18:30:27,408 - INFO - 🎯 IGDB Match: 'Tattoo Tycoon' (100%)
2026-09-05 18:30:27,415 - INFO - 📅 Fetching Basic Metadata: Echo Generation: Midnight Edition
2026-09-05 18:30:27,531 - INFO - 🎯 IGDB Match: 'Echo Generation: Midnight Edition' (100%)
2026-09-05 18:30:27,537 - INFO - 💰 Price Search: Foretales
2026-09-05 18:30:28,659 - WARNING - Price error for Foretales: string indices must be integers, not 'str'
2026-09-05 18:30:28,659 - INFO - 📅 Fetching Basic Metadata: Foretales
2026-09-05 18:30:28,767 - INFO - 🎯 IGDB Match: 'Foretales' (100%)
2026-09-05 18:30:28,774 - INFO - 💰 Price Search: OTXO
2026-09-05 18:30:29,816 - WARNING - Price error for OTXO: string indices must be integers, not 'str'
2026-09-05 18:30:29,817 - INFO - 💰 Price Search: Sol Cesto
2026-09-05 18:30:30,872 - WARNING - Price error for Sol Cesto: string indices must be integers, not 'str'
2026-09-05 18:30:30,872 - INFO - 📅 Fetching Basic Metadata: Sol Cesto
2026-09-05 18:30:31,042 - INFO - 🎯 IGDB Match: 'Sol Cesto' (100%)
2026-09-05 18:30:31,049 - INFO - 💰 Price Search: Beacon Pines
2026-09-05 18:30:32,087 - WARNING - Price error for Beacon Pines: string indices must be integers, not 'str'
2026-09-05 18:30:32,088 - INFO - 💰 Price Search: Caravan SandWitch
2026-09-05 18:30:33,132 - WARNING - Price error for Caravan SandWitch: string indices must be integers, not 'str'
2026-09-05 18:30:33,133 - INFO - 💰 Price Search: Cardpocalypse Standard Edition
2026-09-05 18:30:34,172 - WARNING - Price error for Cardpocalypse Standard Edition: string indices must be integers, not 'str'
2026-09-05 18:30:34,172 - INFO - 🏢 Publisher Search: Cardpocalypse Standard Edition
2026-09-05 18:30:35,549 - INFO - 📅 Fetching Basic Metadata: Cardpocalypse Standard Edition
2026-09-05 18:30:35,670 - INFO - 💰 Price Search: Epic Mage Bundle
2026-09-05 18:30:36,717 - WARNING - Price error for Epic Mage Bundle: string indices must be integers, not 'str'
2026-09-05 18:30:36,717 - INFO - 🏢 Publisher Search: Epic Mage Bundle
2026-09-05 18:30:38,079 - INFO - 📅 Fetching Basic Metadata: Epic Mage Bundle
2026-09-05 18:30:38,203 - INFO - 💰 Price Search: Rival Stars Horse Racing : Desktop Edition
2026-09-05 18:30:39,238 - WARNING - Price error for Rival Stars Horse Racing : Desktop Edition: string indices must be integers, not 'str'
2026-09-05 18:30:39,239 - INFO - 🏢 Publisher Search: Rival Stars Horse Racing : Desktop Edition
2026-09-05 18:30:40,629 - INFO - 📅 Fetching Basic Metadata: Rival Stars Horse Racing : Desktop Edition
2026-09-05 18:30:40,755 - INFO - 🎯 IGDB Match: 'Rival Stars Horse Racing: Desktop Edition' (99%)
2026-09-05 18:30:40,762 - INFO - 💰 Price Search: Alone With You
2026-09-05 18:30:41,802 - WARNING - Price error for Alone With You: string indices must be integers, not 'str'
2026-09-05 18:30:41,802 - INFO - 📅 Fetching Basic Metadata: Alone With You
2026-09-05 18:30:41,921 - INFO - 🎯 IGDB Match: 'Alone With You' (100%)
2026-09-05 18:30:41,932 - INFO - 
--- Starting Data Quality Checks ---
2026-09-05 18:30:41,945 - INFO - --- Data Quality Checks Complete ---

2026-09-05 18:30:41,975 - INFO - | Metric | Statistics |
| :--- | :--- |
| 💰 **Total Market Value** | **$13,332.99** |
| 📦 **Total Games Collected** | 701 |
| 🏷️ **Average Retail Price** | $22.06 per game |
| 💎 **Most Expensive Title** | Civilization 6 Platinum Edition ($79.99) |
| 👑 **MVP Publisher** | Bethesda Softworks |
| 🏢 **Value Leaders** | 2K ($579.90), Bethesda Softworks ($544.80), Paradox Interactive ($409.89) |
| 📈 **Inflation-Adjusted Value** | $15,130.23 |
| 🎈 **Inflation Bonus** | **+$1,797.24** in purchasing power |
| 🗓️ **Peak Saving Month** | 🎄 **Seasonality Peak:** December is historically the best month, offering $3,388.17 in savings. |
| ⭐ **Average Score** | 76.9/100 |
| 💳 **Subscription Equivalent** | **$166.24 / mo** |
| 🎯 **Prestige Ratio** | **2.0%** (Strategic Hype) |
| 🏎️ **Lead Time Avg** | 441 Days to Sequel |

2026-09-05 18:30:41,975 - INFO - ✅ README.md updated.
2026-09-05 18:30:41,999 - INFO - Using categorical units to plot a list of strings that are all parsable as floats or dates. If these strings should be plotted as numbers, cast to the appropriate data type before plotting.
2026-09-05 18:30:41,999 - INFO - Using categorical units to plot a list of strings that are all parsable as floats or dates. If these strings should be plotted as numbers, cast to the appropriate data type before plotting.
2026-09-05 18:30:48,326 - INFO - 📈 All charts generated successfully.
