2026-09-07 20:05:06,112 - INFO - Failed to extract font properties from /usr/share/fonts/truetype/noto/NotoColorEmoji.ttf: Non-scalable fonts are not supported
2026-09-07 20:05:06,208 - INFO - generated new fontManager
2026-09-07 20:05:06,577 - INFO - ✅ Migration Successful!
2026-09-07 20:05:06,979 - INFO - No new games found.
2026-09-07 20:05:07,373 - INFO - 🔍 Found 624 games needing metadata. Starting IGDB + Steam + CheapShark enrichment...
2026-09-07 20:05:07,456 - INFO - 📅 Fetching Basic Metadata: LEGO Batman Trilogy
2026-09-07 20:05:07,854 - INFO - 🎯 IGDB Match: 'LEGO Batman Trilogy' (100%)
2026-09-07 20:05:07,883 - INFO - 📅 Fetching Basic Metadata: Antstream
2026-09-07 20:05:08,093 - INFO - 📅 Fetching Basic Metadata: The Drone Racing League Simulator
2026-09-07 20:05:08,297 - INFO - 🎯 IGDB Match: 'The Drone Racing League Simulator' (100%)
2026-09-07 20:05:08,306 - INFO - 📅 Fetching Basic Metadata: Dark Deity
2026-09-07 20:05:08,553 - INFO - 🎯 IGDB Match: 'Dark Deity' (100%)
2026-09-07 20:05:08,560 - INFO - 📅 Fetching Basic Metadata: RPG in a Box
2026-09-07 20:05:08,829 - INFO - 🎯 IGDB Match: 'RPG in a Box' (100%)
2026-09-07 20:05:08,837 - INFO - 📅 Fetching Basic Metadata: Fallout Classic Collection
2026-09-07 20:05:09,066 - INFO - 🎯 IGDB Match: 'Fallout Classic Collection' (100%)
2026-09-07 20:05:09,075 - INFO - 📅 Fetching Basic Metadata: Recipe for Disaster
2026-09-07 20:05:09,173 - INFO - 🎯 IGDB Match: 'Recipe For Disaster' (100%)
2026-09-07 20:05:09,180 - INFO - 📅 Fetching Basic Metadata: World of Warships — Starter Pack: Ishizuchi
2026-09-07 20:05:09,363 - INFO - 🎯 IGDB Match: 'World of Warships: Starter Pack - Ishizuchi' (98%)
2026-09-07 20:05:09,371 - INFO - 📅 Fetching Basic Metadata: Poker Club
2026-09-07 20:05:09,471 - INFO - 🎯 IGDB Match: 'Poker Club' (100%)
2026-09-07 20:05:09,478 - INFO - 📅 Fetching Basic Metadata: The Sims 4 The Daring Lifestyle Bundle
2026-09-07 20:05:09,582 - INFO - 🎯 IGDB Match: 'The Sims 4: The Daring Lifestyle Bundle' (99%)
2026-09-07 20:05:09,591 - INFO - 📅 Fetching Basic Metadata: Dodo Peak
2026-09-07 20:05:09,755 - INFO - 🎯 IGDB Match: 'Dodo Peak' (100%)
2026-09-07 20:05:09,762 - INFO - 📅 Fetching Basic Metadata: Spelldrifter
2026-09-07 20:05:09,957 - INFO - 🎯 IGDB Match: 'Spelldrifter' (100%)
2026-09-07 20:05:09,964 - INFO - 📅 Fetching Basic Metadata: Model Builder
2026-09-07 20:05:10,159 - INFO - 🎯 IGDB Match: 'Model Builder' (100%)
2026-09-07 20:05:10,166 - INFO - 📅 Fetching Basic Metadata: Godlike Burger
2026-09-07 20:05:10,355 - INFO - 🎯 IGDB Match: 'Godlike Burger' (100%)
2026-09-07 20:05:10,362 - INFO - 📅 Fetching Basic Metadata: Q.U.B.E. Ultimate Bundle
2026-09-07 20:05:10,462 - INFO - 🎯 IGDB Match: 'Q.U.B.E. Ultimate Bundle' (100%)
2026-09-07 20:05:10,470 - INFO - 📅 Fetching Basic Metadata: Jitsu Squad
2026-09-07 20:05:10,572 - INFO - 🎯 IGDB Match: 'Jitsu Squad' (100%)
2026-09-07 20:05:10,579 - INFO - 📅 Fetching Basic Metadata: Mighty Fight Federation
2026-09-07 20:05:10,699 - INFO - 🎯 IGDB Match: 'Mighty Fight Federation' (100%)
2026-09-07 20:05:10,709 - INFO - 📅 Fetching Basic Metadata: LOVE
2026-09-07 20:05:10,845 - INFO - 🎯 IGDB Match: 'Love Love Love' (90%)
2026-09-07 20:05:10,853 - INFO - 📅 Fetching Basic Metadata: Call of The Wild: The Angler
2026-09-07 20:05:10,958 - INFO - 🎯 IGDB Match: 'Call of the Wild: The Angler' (100%)
2026-09-07 20:05:10,968 - INFO - 📅 Fetching Basic Metadata: The Falconeer
2026-09-07 20:05:11,168 - INFO - 🎯 IGDB Match: 'The Falconeer: The Hunter' (90%)
2026-09-07 20:05:11,175 - INFO - 📅 Fetching Basic Metadata: Rawmen: Food Fighter Arena
2026-09-07 20:05:11,277 - INFO - 🎯 IGDB Match: 'Rawmen' (90%)
2026-09-07 20:05:11,284 - INFO - 📅 Fetching Basic Metadata: World of Warships – Starter Pack: Albany
2026-09-07 20:05:11,487 - INFO - 📅 Fetching Basic Metadata: Fallout Classic Edition
2026-09-07 20:05:11,592 - INFO - 📅 Fetching Basic Metadata: Outliver: Tribulation
2026-09-07 20:05:11,783 - INFO - 🎯 IGDB Match: 'Outliver: Tribulation' (100%)
2026-09-07 20:05:11,792 - INFO - 📅 Fetching Basic Metadata: Bus Simulator 21 Next Stop
2026-09-07 20:05:12,009 - WARNING - IGDB Error for Bus Simulator 21 Next Stop: string indices must be integers, not 'str'
2026-09-07 20:05:12,018 - INFO - 📅 Fetching Basic Metadata: Turmoil
2026-09-07 20:05:12,202 - WARNING - IGDB Error for Turmoil: string indices must be integers, not 'str'
2026-09-07 20:05:12,210 - INFO - 📅 Fetching Basic Metadata: World War Z Aftermath
2026-09-07 20:05:12,297 - WARNING - IGDB Error for World War Z Aftermath: string indices must be integers, not 'str'
2026-09-07 20:05:12,304 - INFO - 📅 Fetching Basic Metadata: World Of Warships – Anniversary Party Flavor
2026-09-07 20:05:12,486 - WARNING - IGDB Error for World Of Warships – Anniversary Party Flavor: string indices must be integers, not 'str'
2026-09-07 20:05:12,493 - INFO - 📅 Fetching Basic Metadata: Neko Ghost, Jump!
2026-09-07 20:05:12,584 - WARNING - IGDB Error for Neko Ghost, Jump!: string indices must be integers, not 'str'
2026-09-07 20:05:12,591 - INFO - 📅 Fetching Basic Metadata: Super Space Club
2026-09-07 20:05:12,717 - WARNING - IGDB Error for Super Space Club: string indices must be integers, not 'str'
2026-09-07 20:05:12,724 - INFO - 📅 Fetching Basic Metadata: Touch Type Tale
2026-09-07 20:05:12,819 - INFO - 🎯 IGDB Match: 'Touch Type Tale' (100%)
2026-09-07 20:05:12,826 - INFO - 📅 Fetching Basic Metadata: Gigapocalypse
2026-09-07 20:05:12,934 - INFO - 🎯 IGDB Match: 'Gigapocalypse' (100%)
2026-09-07 20:05:12,942 - INFO - 📅 Fetching Basic Metadata: Legion TD2
2026-09-07 20:05:13,053 - INFO - 📅 Fetching Basic Metadata: Nightingale
2026-09-07 20:05:13,243 - INFO - 🎯 IGDB Match: 'Nightingale' (100%)
2026-09-07 20:05:13,251 - INFO - 📅 Fetching Basic Metadata: Godzilla Voxel Wars
2026-09-07 20:05:13,352 - INFO - 🎯 IGDB Match: 'Godzilla Voxel Wars' (100%)
2026-09-07 20:05:13,361 - INFO - 📅 Fetching Basic Metadata: Trine Classic Collection
2026-09-07 20:05:13,489 - INFO - 🎯 IGDB Match: 'Trine Classic Collection' (100%)
2026-09-07 20:05:13,497 - INFO - 📅 Fetching Basic Metadata: Poison Retro Set
2026-09-07 20:05:13,700 - INFO - 🎯 IGDB Match: 'Pixel Gun 3D: Poison Retro Set' (90%)
2026-09-07 20:05:13,707 - INFO - 📅 Fetching Basic Metadata: The Darkside Detective A Fumble in the Dark
2026-09-07 20:05:13,900 - INFO - 🎯 IGDB Match: 'The Darkside Detective: A Fumble in the Dark' (99%)
2026-09-07 20:05:13,906 - INFO - 📅 Fetching Basic Metadata: Return to Ash
2026-09-07 20:05:14,013 - INFO - 🎯 IGDB Match: 'Return to Ash' (100%)
2026-09-07 20:05:14,020 - INFO - 🏢 Publisher Search: STALCRAFT: X Starter Edition
2026-09-07 20:05:15,419 - INFO - 📅 Fetching Basic Metadata: STALCRAFT: X Starter Edition
2026-09-07 20:05:15,617 - INFO - 📅 Fetching Basic Metadata: Boxes: Lost Fragments
2026-09-07 20:05:15,738 - INFO - 🎯 IGDB Match: 'Boxes: Lost Fragments' (100%)
2026-09-07 20:05:15,745 - INFO - 📅 Fetching Basic Metadata: My Night Job
2026-09-07 20:05:15,844 - INFO - 🎯 IGDB Match: 'My Night Job' (100%)
2026-09-07 20:05:15,851 - INFO - 📅 Fetching Basic Metadata: Electrician Simulator
2026-09-07 20:05:15,950 - INFO - 🎯 IGDB Match: 'Electrician Simulator' (100%)
2026-09-07 20:05:15,956 - INFO - 🏢 Publisher Search: World of Warships — Epic Anniversary Tachibana Pack
2026-09-07 20:05:17,344 - INFO - 📅 Fetching Basic Metadata: World of Warships — Epic Anniversary Tachibana Pack
2026-09-07 20:05:17,544 - INFO - 📅 Fetching Basic Metadata: Hyper Echelon
2026-09-07 20:05:17,641 - INFO - 🎯 IGDB Match: 'Hyper Echelon' (100%)
2026-09-07 20:05:17,648 - INFO - 📅 Fetching Basic Metadata: Havendock
2026-09-07 20:05:17,840 - INFO - 🎯 IGDB Match: 'Havendock' (100%)
2026-09-07 20:05:17,847 - INFO - 📅 Fetching Basic Metadata: Clone Drone in the Danger Zone
2026-09-07 20:05:18,042 - INFO - 🎯 IGDB Match: 'Clone Drone in the Danger Zone' (100%)
2026-09-07 20:05:18,049 - INFO - 🏢 Publisher Search: TOMAK: Save the Earth Regeneration
2026-09-07 20:05:19,637 - INFO - 📅 Fetching Basic Metadata: TOMAK: Save the Earth Regeneration
2026-09-07 20:05:19,833 - INFO - 🎯 IGDB Match: 'Tomak: Save the Earth Regeneration' (100%)
2026-09-07 20:05:19,840 - INFO - 📅 Fetching Basic Metadata: Prop Sumo
2026-09-07 20:05:19,938 - INFO - 🎯 IGDB Match: 'Prop Sumo' (100%)
2026-09-07 20:05:19,944 - INFO - 📅 Fetching Basic Metadata: The Stone of Madness
2026-09-07 20:05:20,048 - INFO - 🎯 IGDB Match: 'The Stone of Madness' (100%)
2026-09-07 20:05:20,055 - INFO - 📅 Fetching Basic Metadata: Firestone Online Idle RPG
2026-09-07 20:05:20,153 - INFO - 🎯 IGDB Match: 'Firestone: Online Idle RPG' (98%)
2026-09-07 20:05:20,160 - INFO - 📅 Fetching Basic Metadata: Oddsparks: An Automation Adventure
2026-09-07 20:05:20,258 - INFO - 🎯 IGDB Match: 'Oddsparks: An Automation Adventure' (100%)
2026-09-07 20:05:20,265 - INFO - 📅 Fetching Basic Metadata: Trash Goblin
2026-09-07 20:05:20,461 - INFO - 🎯 IGDB Match: 'Trash Goblin' (100%)
2026-09-07 20:05:20,468 - INFO - 🏢 Publisher Search: The Telltale Batman Shadows Edition
2026-09-07 20:05:21,860 - INFO - 📅 Fetching Basic Metadata: The Telltale Batman Shadows Edition
2026-09-07 20:05:22,055 - INFO - 🎯 IGDB Match: 'Telltale Batman Shadows Edition' (95%)
2026-09-07 20:05:22,061 - INFO - 🏢 Publisher Search: Sunderfolk - Standard Edition
2026-09-07 20:05:23,446 - INFO - 📅 Fetching Basic Metadata: Sunderfolk - Standard Edition
2026-09-07 20:05:23,652 - INFO - 📅 Fetching Basic Metadata: Down in Bermuda
2026-09-07 20:05:23,751 - INFO - 🎯 IGDB Match: 'Down in Bermuda' (100%)
2026-09-07 20:05:23,757 - INFO - 📅 Fetching Basic Metadata: Tomb Raider I-III Remastered Starring Lara Croft
2026-09-07 20:05:23,957 - INFO - 📅 Fetching Basic Metadata: LONESTAR
2026-09-07 20:05:24,154 - INFO - 🎯 IGDB Match: 'LoneStar' (100%)
2026-09-07 20:05:24,160 - INFO - 📅 Fetching Basic Metadata: Calico
2026-09-07 20:05:24,258 - INFO - 🎯 IGDB Match: 'Calico' (100%)
2026-09-07 20:05:24,265 - INFO - 📅 Fetching Basic Metadata: Rogue Waters
2026-09-07 20:05:24,466 - INFO - 🎯 IGDB Match: 'Rogue Waters' (100%)
2026-09-07 20:05:24,473 - INFO - 📅 Fetching Basic Metadata: The Ouroboros King
2026-09-07 20:05:24,663 - INFO - 🎯 IGDB Match: 'The Ouroboros King' (100%)
2026-09-07 20:05:24,670 - INFO - 🏢 Publisher Search: Warhammer 40K Speed Freeks
2026-09-07 20:05:26,180 - INFO - 📅 Fetching Basic Metadata: I Have No Mouth, and I Must Scream
2026-09-07 20:05:26,278 - INFO - 🎯 IGDB Match: 'I Have No Mouth, and I Must Scream' (100%)
2026-09-07 20:05:26,284 - INFO - 📅 Fetching Basic Metadata: Nova Lands
2026-09-07 20:05:26,384 - INFO - 🎯 IGDB Match: 'Nova Lands' (100%)
2026-09-07 20:05:26,390 - INFO - 📅 Fetching Basic Metadata: Tattoo Tycoon
2026-09-07 20:05:26,587 - INFO - 🎯 IGDB Match: 'Tattoo Tycoon' (100%)
2026-09-07 20:05:26,594 - INFO - 📅 Fetching Basic Metadata: Echo Generation: Midnight Edition
2026-09-07 20:05:26,690 - INFO - 🎯 IGDB Match: 'Echo Generation: Midnight Edition' (100%)
2026-09-07 20:05:26,696 - INFO - 💰 Price Search: Foretales
2026-09-07 20:05:27,855 - WARNING - Price error for Foretales: string indices must be integers, not 'str'
2026-09-07 20:05:27,855 - INFO - 📅 Fetching Basic Metadata: Foretales
2026-09-07 20:05:28,046 - INFO - 🎯 IGDB Match: 'Foretales' (100%)
2026-09-07 20:05:28,053 - INFO - 💰 Price Search: OTXO
2026-09-07 20:05:29,101 - WARNING - Price error for OTXO: string indices must be integers, not 'str'
2026-09-07 20:05:29,102 - INFO - 💰 Price Search: Sol Cesto
2026-09-07 20:05:30,154 - WARNING - Price error for Sol Cesto: string indices must be integers, not 'str'
2026-09-07 20:05:30,154 - INFO - 📅 Fetching Basic Metadata: Sol Cesto
2026-09-07 20:05:30,347 - INFO - 🎯 IGDB Match: 'Sol Cesto' (100%)
2026-09-07 20:05:30,354 - INFO - 💰 Price Search: Beacon Pines
2026-09-07 20:05:31,400 - WARNING - Price error for Beacon Pines: string indices must be integers, not 'str'
2026-09-07 20:05:31,401 - INFO - 💰 Price Search: Caravan SandWitch
2026-09-07 20:05:32,451 - WARNING - Price error for Caravan SandWitch: string indices must be integers, not 'str'
2026-09-07 20:05:32,453 - INFO - 💰 Price Search: Cardpocalypse Standard Edition
2026-09-07 20:05:33,537 - WARNING - Price error for Cardpocalypse Standard Edition: string indices must be integers, not 'str'
2026-09-07 20:05:33,537 - INFO - 🏢 Publisher Search: Cardpocalypse Standard Edition
2026-09-07 20:05:34,931 - INFO - 📅 Fetching Basic Metadata: Cardpocalypse Standard Edition
2026-09-07 20:05:35,039 - INFO - 💰 Price Search: Epic Mage Bundle
2026-09-07 20:05:36,074 - WARNING - Price error for Epic Mage Bundle: string indices must be integers, not 'str'
2026-09-07 20:05:36,074 - INFO - 🏢 Publisher Search: Epic Mage Bundle
2026-09-07 20:05:37,452 - INFO - 📅 Fetching Basic Metadata: Epic Mage Bundle
2026-09-07 20:05:37,649 - INFO - 💰 Price Search: Rival Stars Horse Racing : Desktop Edition
2026-09-07 20:05:38,681 - WARNING - Price error for Rival Stars Horse Racing : Desktop Edition: string indices must be integers, not 'str'
2026-09-07 20:05:38,681 - INFO - 🏢 Publisher Search: Rival Stars Horse Racing : Desktop Edition
2026-09-07 20:05:40,089 - INFO - 📅 Fetching Basic Metadata: Rival Stars Horse Racing : Desktop Edition
2026-09-07 20:05:40,283 - INFO - 🎯 IGDB Match: 'Rival Stars Horse Racing: Desktop Edition' (99%)
2026-09-07 20:05:40,290 - INFO - 💰 Price Search: Alone With You
2026-09-07 20:05:41,340 - WARNING - Price error for Alone With You: string indices must be integers, not 'str'
2026-09-07 20:05:41,341 - INFO - 📅 Fetching Basic Metadata: Alone With You
2026-09-07 20:05:41,542 - INFO - 🎯 IGDB Match: 'Alone With You' (100%)
2026-09-07 20:05:41,554 - INFO - 
--- Starting Data Quality Checks ---
2026-09-07 20:05:41,567 - INFO - --- Data Quality Checks Complete ---

2026-09-07 20:05:41,597 - INFO - | Metric | Statistics |
| :--- | :--- |
| 💰 **Total Market Value** | **$13,332.99** |
| 📦 **Total Games Collected** | 701 |
| 🏷️ **Average Retail Price** | $22.06 per game |
| 💎 **Most Expensive Title** | Civilization 6 Platinum Edition ($79.99) |
| 👑 **MVP Publisher** | Bethesda Softworks |
| 🏢 **Value Leaders** | 2K ($579.90), Bethesda Softworks ($544.80), Paradox Interactive ($409.89) |
| 📈 **Inflation-Adjusted Value** | $15,130.23 |
| 🎈 **Inflation Bonus** | **+$1,797.24** in purchasing power |
| 🗓️ **Peak Saving Month** | 🎄 **Seasonality Peak:** December is historically the best month, offering $3,388.17 in savings. |
| ⭐ **Average Score** | 76.9/100 |
| 💳 **Subscription Equivalent** | **$166.24 / mo** |
| 🎯 **Prestige Ratio** | **2.0%** (Strategic Hype) |
| 🏎️ **Lead Time Avg** | 441 Days to Sequel |

2026-09-07 20:05:41,597 - INFO - ✅ README.md updated.
2026-09-07 20:05:41,622 - INFO - Using categorical units to plot a list of strings that are all parsable as floats or dates. If these strings should be plotted as numbers, cast to the appropriate data type before plotting.
2026-09-07 20:05:41,623 - INFO - Using categorical units to plot a list of strings that are all parsable as floats or dates. If these strings should be plotted as numbers, cast to the appropriate data type before plotting.
2026-09-07 20:05:47,949 - INFO - 📈 All charts generated successfully.
