2026-10-03 19:20:15,657 - INFO - Failed to extract font properties from /usr/share/fonts/truetype/noto/NotoColorEmoji.ttf: Non-scalable fonts are not supported
2026-10-03 19:20:15,727 - INFO - generated new fontManager
2026-10-03 19:20:16,068 - INFO - ✅ Migration Successful!
2026-10-03 19:20:16,508 - INFO - No new games found.
2026-10-03 19:20:16,807 - INFO - 🔍 Found 632 games needing metadata. Starting IGDB + Steam + CheapShark enrichment...
2026-10-03 19:20:16,842 - INFO - 📅 Fetching Basic Metadata: LEGO Batman Trilogy
2026-10-03 19:20:17,106 - INFO - 🎯 IGDB Match: 'LEGO Batman Trilogy' (100%)
2026-10-03 19:20:17,136 - INFO - 📅 Fetching Basic Metadata: Antstream
2026-10-03 19:20:17,244 - INFO - 📅 Fetching Basic Metadata: The Drone Racing League Simulator
2026-10-03 19:20:17,354 - INFO - 🎯 IGDB Match: 'The Drone Racing League Simulator' (100%)
2026-10-03 19:20:17,363 - INFO - 📅 Fetching Basic Metadata: Dark Deity
2026-10-03 19:20:17,452 - INFO - 🎯 IGDB Match: 'Dark Deity' (100%)
2026-10-03 19:20:17,459 - INFO - 📅 Fetching Basic Metadata: RPG in a Box
2026-10-03 19:20:17,598 - INFO - 🎯 IGDB Match: 'RPG in a Box' (100%)
2026-10-03 19:20:17,606 - INFO - 📅 Fetching Basic Metadata: Fallout Classic Collection
2026-10-03 19:20:17,751 - INFO - 🎯 IGDB Match: 'Fallout Classic Collection' (100%)
2026-10-03 19:20:17,760 - INFO - 📅 Fetching Basic Metadata: Recipe for Disaster
2026-10-03 19:20:17,847 - INFO - 🎯 IGDB Match: 'Recipe For Disaster' (100%)
2026-10-03 19:20:17,854 - INFO - 📅 Fetching Basic Metadata: World of Warships — Starter Pack: Ishizuchi
2026-10-03 19:20:17,937 - INFO - 🎯 IGDB Match: 'World of Warships: Starter Pack - Ishizuchi' (98%)
2026-10-03 19:20:17,945 - INFO - 📅 Fetching Basic Metadata: Poker Club
2026-10-03 19:20:18,029 - INFO - 🎯 IGDB Match: 'Poker Club' (100%)
2026-10-03 19:20:18,036 - INFO - 📅 Fetching Basic Metadata: The Sims 4 The Daring Lifestyle Bundle
2026-10-03 19:20:18,121 - INFO - 🎯 IGDB Match: 'The Sims 4: The Daring Lifestyle Bundle' (99%)
2026-10-03 19:20:18,130 - INFO - 📅 Fetching Basic Metadata: Dodo Peak
2026-10-03 19:20:18,347 - INFO - 🎯 IGDB Match: 'Dodo Peak' (100%)
2026-10-03 19:20:18,355 - INFO - 📅 Fetching Basic Metadata: Spelldrifter
2026-10-03 19:20:18,435 - INFO - 🎯 IGDB Match: 'Spelldrifter' (100%)
2026-10-03 19:20:18,442 - INFO - 📅 Fetching Basic Metadata: Model Builder
2026-10-03 19:20:18,530 - INFO - 🎯 IGDB Match: 'Model Builder' (100%)
2026-10-03 19:20:18,537 - INFO - 📅 Fetching Basic Metadata: Godlike Burger
2026-10-03 19:20:18,642 - INFO - 🎯 IGDB Match: 'Godlike Burger' (100%)
2026-10-03 19:20:18,649 - INFO - 📅 Fetching Basic Metadata: Q.U.B.E. Ultimate Bundle
2026-10-03 19:20:18,754 - INFO - 🎯 IGDB Match: 'Q.U.B.E. Ultimate Bundle' (100%)
2026-10-03 19:20:18,762 - INFO - 📅 Fetching Basic Metadata: Jitsu Squad
2026-10-03 19:20:18,867 - INFO - 🎯 IGDB Match: 'Jitsu Squad' (100%)
2026-10-03 19:20:18,873 - INFO - 📅 Fetching Basic Metadata: Mighty Fight Federation
2026-10-03 19:20:18,984 - INFO - 🎯 IGDB Match: 'Mighty Fight Federation' (100%)
2026-10-03 19:20:18,994 - INFO - 📅 Fetching Basic Metadata: LOVE
2026-10-03 19:20:19,078 - WARNING - IGDB Error for LOVE: string indices must be integers, not 'str'
2026-10-03 19:20:19,087 - INFO - 📅 Fetching Basic Metadata: Call of The Wild: The Angler
2026-10-03 19:20:19,160 - WARNING - IGDB Error for Call of The Wild: The Angler: string indices must be integers, not 'str'
2026-10-03 19:20:19,170 - INFO - 📅 Fetching Basic Metadata: The Falconeer
2026-10-03 19:20:19,251 - WARNING - IGDB Error for The Falconeer: string indices must be integers, not 'str'
2026-10-03 19:20:19,258 - INFO - 📅 Fetching Basic Metadata: Rawmen: Food Fighter Arena
2026-10-03 19:20:19,332 - WARNING - IGDB Error for Rawmen: Food Fighter Arena: string indices must be integers, not 'str'
2026-10-03 19:20:19,340 - INFO - 📅 Fetching Basic Metadata: World of Warships – Starter Pack: Albany
2026-10-03 19:20:19,413 - WARNING - IGDB Error for World of Warships – Starter Pack: Albany: string indices must be integers, not 'str'
2026-10-03 19:20:19,420 - INFO - 📅 Fetching Basic Metadata: Fallout Classic Edition
2026-10-03 19:20:19,535 - WARNING - IGDB Error for Fallout Classic Edition: string indices must be integers, not 'str'
2026-10-03 19:20:19,543 - INFO - 📅 Fetching Basic Metadata: Outliver: Tribulation
2026-10-03 19:20:19,614 - WARNING - IGDB Error for Outliver: Tribulation: string indices must be integers, not 'str'
2026-10-03 19:20:19,623 - INFO - 📅 Fetching Basic Metadata: Bus Simulator 21 Next Stop
2026-10-03 19:20:19,693 - WARNING - IGDB Error for Bus Simulator 21 Next Stop: string indices must be integers, not 'str'
2026-10-03 19:20:19,702 - INFO - 📅 Fetching Basic Metadata: Turmoil
2026-10-03 19:20:19,775 - WARNING - IGDB Error for Turmoil: string indices must be integers, not 'str'
2026-10-03 19:20:19,783 - INFO - 📅 Fetching Basic Metadata: World War Z Aftermath
2026-10-03 19:20:19,874 - INFO - 🎯 IGDB Match: 'World War Z: Aftermath' (98%)
2026-10-03 19:20:19,881 - INFO - 📅 Fetching Basic Metadata: World Of Warships – Anniversary Party Flavor
2026-10-03 19:20:19,952 - WARNING - IGDB Error for World Of Warships – Anniversary Party Flavor: string indices must be integers, not 'str'
2026-10-03 19:20:19,959 - INFO - 📅 Fetching Basic Metadata: Neko Ghost, Jump!
2026-10-03 19:20:20,051 - INFO - 🎯 IGDB Match: 'Neko Ghost, Jump!' (100%)
2026-10-03 19:20:20,059 - INFO - 📅 Fetching Basic Metadata: Super Space Club
2026-10-03 19:20:20,141 - INFO - 🎯 IGDB Match: 'Super Space Club' (100%)
2026-10-03 19:20:20,148 - INFO - 📅 Fetching Basic Metadata: Touch Type Tale
2026-10-03 19:20:20,233 - INFO - 🎯 IGDB Match: 'Touch Type Tale' (100%)
2026-10-03 19:20:20,240 - INFO - 📅 Fetching Basic Metadata: Gigapocalypse
2026-10-03 19:20:20,323 - INFO - 🎯 IGDB Match: 'Gigapocalypse' (100%)
2026-10-03 19:20:20,332 - INFO - 📅 Fetching Basic Metadata: Legion TD2
2026-10-03 19:20:20,426 - INFO - 📅 Fetching Basic Metadata: Nightingale
2026-10-03 19:20:20,511 - INFO - 🎯 IGDB Match: 'Nightingale' (100%)
2026-10-03 19:20:20,519 - INFO - 📅 Fetching Basic Metadata: Godzilla Voxel Wars
2026-10-03 19:20:20,601 - INFO - 🎯 IGDB Match: 'Godzilla Voxel Wars' (100%)
2026-10-03 19:20:20,610 - INFO - 📅 Fetching Basic Metadata: Trine Classic Collection
2026-10-03 19:20:20,693 - INFO - 🎯 IGDB Match: 'Trine Classic Collection' (100%)
2026-10-03 19:20:20,702 - INFO - 📅 Fetching Basic Metadata: Poison Retro Set
2026-10-03 19:20:20,784 - INFO - 🎯 IGDB Match: 'Pixel Gun 3D: Poison Retro Set' (90%)
2026-10-03 19:20:20,790 - INFO - 📅 Fetching Basic Metadata: The Darkside Detective A Fumble in the Dark
2026-10-03 19:20:20,883 - INFO - 🎯 IGDB Match: 'The Darkside Detective: A Fumble in the Dark' (99%)
2026-10-03 19:20:20,890 - INFO - 📅 Fetching Basic Metadata: Return to Ash
2026-10-03 19:20:20,972 - INFO - 🎯 IGDB Match: 'Return to Ash' (100%)
2026-10-03 19:20:20,979 - INFO - 🏢 Publisher Search: STALCRAFT: X Starter Edition
2026-10-03 19:20:22,347 - INFO - 📅 Fetching Basic Metadata: STALCRAFT: X Starter Edition
2026-10-03 19:20:22,442 - WARNING - IGDB Error for STALCRAFT: X Starter Edition: string indices must be integers, not 'str'
2026-10-03 19:20:22,449 - INFO - 📅 Fetching Basic Metadata: Boxes: Lost Fragments
2026-10-03 19:20:22,529 - WARNING - IGDB Error for Boxes: Lost Fragments: string indices must be integers, not 'str'
2026-10-03 19:20:22,535 - INFO - 📅 Fetching Basic Metadata: My Night Job
2026-10-03 19:20:22,632 - WARNING - IGDB Error for My Night Job: string indices must be integers, not 'str'
2026-10-03 19:20:22,640 - INFO - 📅 Fetching Basic Metadata: Electrician Simulator
2026-10-03 19:20:22,711 - WARNING - IGDB Error for Electrician Simulator: string indices must be integers, not 'str'
2026-10-03 19:20:22,718 - INFO - 🏢 Publisher Search: World of Warships — Epic Anniversary Tachibana Pack
2026-10-03 19:20:24,120 - INFO - 📅 Fetching Basic Metadata: World of Warships — Epic Anniversary Tachibana Pack
2026-10-03 19:20:24,210 - INFO - 📅 Fetching Basic Metadata: Hyper Echelon
2026-10-03 19:20:24,300 - INFO - 🎯 IGDB Match: 'Hyper Echelon' (100%)
2026-10-03 19:20:24,307 - INFO - 📅 Fetching Basic Metadata: Havendock
2026-10-03 19:20:24,395 - INFO - 🎯 IGDB Match: 'Havendock' (100%)
2026-10-03 19:20:24,401 - INFO - 📅 Fetching Basic Metadata: Clone Drone in the Danger Zone
2026-10-03 19:20:24,487 - INFO - 🎯 IGDB Match: 'Clone Drone in the Danger Zone' (100%)
2026-10-03 19:20:24,494 - INFO - 🏢 Publisher Search: TOMAK: Save the Earth Regeneration
2026-10-03 19:20:25,884 - INFO - 📅 Fetching Basic Metadata: TOMAK: Save the Earth Regeneration
2026-10-03 19:20:25,970 - INFO - 🎯 IGDB Match: 'Tomak: Save the Earth Regeneration' (100%)
2026-10-03 19:20:25,976 - INFO - 📅 Fetching Basic Metadata: Prop Sumo
2026-10-03 19:20:26,061 - INFO - 🎯 IGDB Match: 'Prop Sumo' (100%)
2026-10-03 19:20:26,068 - INFO - 📅 Fetching Basic Metadata: The Stone of Madness
2026-10-03 19:20:26,161 - INFO - 🎯 IGDB Match: 'The Stone of Madness' (100%)
2026-10-03 19:20:26,168 - INFO - 📅 Fetching Basic Metadata: Firestone Online Idle RPG
2026-10-03 19:20:26,255 - INFO - 🎯 IGDB Match: 'Firestone: Online Idle RPG' (98%)
2026-10-03 19:20:26,262 - INFO - 📅 Fetching Basic Metadata: Oddsparks: An Automation Adventure
2026-10-03 19:20:26,349 - INFO - 🎯 IGDB Match: 'Oddsparks: An Automation Adventure' (100%)
2026-10-03 19:20:26,356 - INFO - 📅 Fetching Basic Metadata: Trash Goblin
2026-10-03 19:20:26,438 - INFO - 🎯 IGDB Match: 'Trash Goblin' (100%)
2026-10-03 19:20:26,446 - INFO - 🏢 Publisher Search: The Telltale Batman Shadows Edition
2026-10-03 19:20:27,772 - INFO - 📅 Fetching Basic Metadata: The Telltale Batman Shadows Edition
2026-10-03 19:20:27,854 - INFO - 🎯 IGDB Match: 'Telltale Batman Shadows Edition' (95%)
2026-10-03 19:20:27,861 - INFO - 🏢 Publisher Search: Sunderfolk - Standard Edition
2026-10-03 19:20:29,218 - INFO - 📅 Fetching Basic Metadata: Sunderfolk - Standard Edition
2026-10-03 19:20:29,307 - INFO - 📅 Fetching Basic Metadata: Down in Bermuda
2026-10-03 19:20:29,394 - INFO - 🎯 IGDB Match: 'Down in Bermuda' (100%)
2026-10-03 19:20:29,401 - INFO - 📅 Fetching Basic Metadata: Tomb Raider I-III Remastered Starring Lara Croft
2026-10-03 19:20:29,489 - INFO - 📅 Fetching Basic Metadata: LONESTAR
2026-10-03 19:20:29,574 - INFO - 🎯 IGDB Match: 'LoneStar' (100%)
2026-10-03 19:20:29,581 - INFO - 📅 Fetching Basic Metadata: Calico
2026-10-03 19:20:29,664 - INFO - 🎯 IGDB Match: 'Calico' (100%)
2026-10-03 19:20:29,671 - INFO - 📅 Fetching Basic Metadata: Rogue Waters
2026-10-03 19:20:29,754 - INFO - 🎯 IGDB Match: 'Rogue Waters' (100%)
2026-10-03 19:20:29,761 - INFO - 📅 Fetching Basic Metadata: The Ouroboros King
2026-10-03 19:20:29,843 - INFO - 🎯 IGDB Match: 'The Ouroboros King' (100%)
2026-10-03 19:20:29,850 - INFO - 🏢 Publisher Search: Warhammer 40K Speed Freeks
2026-10-03 19:20:31,237 - INFO - 📅 Fetching Basic Metadata: I Have No Mouth, and I Must Scream
2026-10-03 19:20:31,321 - INFO - 🎯 IGDB Match: 'I Have No Mouth, and I Must Scream' (100%)
2026-10-03 19:20:31,327 - INFO - 📅 Fetching Basic Metadata: Nova Lands
2026-10-03 19:20:31,413 - INFO - 🎯 IGDB Match: 'Nova Lands' (100%)
2026-10-03 19:20:31,420 - INFO - 📅 Fetching Basic Metadata: Tattoo Tycoon
2026-10-03 19:20:31,504 - INFO - 🎯 IGDB Match: 'Tattoo Tycoon' (100%)
2026-10-03 19:20:31,511 - INFO - 📅 Fetching Basic Metadata: Echo Generation: Midnight Edition
2026-10-03 19:20:31,594 - INFO - 🎯 IGDB Match: 'Echo Generation: Midnight Edition' (100%)
2026-10-03 19:20:31,600 - INFO - 💰 Price Search: Foretales
2026-10-03 19:20:32,706 - WARNING - Price error for Foretales: string indices must be integers, not 'str'
2026-10-03 19:20:32,706 - INFO - 📅 Fetching Basic Metadata: Foretales
2026-10-03 19:20:32,789 - INFO - 🎯 IGDB Match: 'Foretales' (100%)
2026-10-03 19:20:32,796 - INFO - 💰 Price Search: OTXO
2026-10-03 19:20:33,857 - WARNING - Price error for OTXO: string indices must be integers, not 'str'
2026-10-03 19:20:33,859 - INFO - 💰 Price Search: Sol Cesto
2026-10-03 19:20:34,914 - WARNING - Price error for Sol Cesto: string indices must be integers, not 'str'
2026-10-03 19:20:34,914 - INFO - 📅 Fetching Basic Metadata: Sol Cesto
2026-10-03 19:20:34,998 - INFO - 🎯 IGDB Match: 'Sol Cesto' (100%)
2026-10-03 19:20:35,005 - INFO - 💰 Price Search: Beacon Pines
2026-10-03 19:20:36,066 - WARNING - Price error for Beacon Pines: string indices must be integers, not 'str'
2026-10-03 19:20:36,068 - INFO - 💰 Price Search: Caravan SandWitch
2026-10-03 19:20:37,124 - WARNING - Price error for Caravan SandWitch: string indices must be integers, not 'str'
2026-10-03 19:20:37,125 - INFO - 💰 Price Search: Cardpocalypse Standard Edition
2026-10-03 19:20:38,189 - WARNING - Price error for Cardpocalypse Standard Edition: string indices must be integers, not 'str'
2026-10-03 19:20:38,189 - INFO - 🏢 Publisher Search: Cardpocalypse Standard Edition
2026-10-03 19:20:39,509 - INFO - 📅 Fetching Basic Metadata: Cardpocalypse Standard Edition
2026-10-03 19:20:39,599 - INFO - 💰 Price Search: Epic Mage Bundle
2026-10-03 19:20:40,655 - WARNING - Price error for Epic Mage Bundle: string indices must be integers, not 'str'
2026-10-03 19:20:40,655 - INFO - 🏢 Publisher Search: Epic Mage Bundle
2026-10-03 19:20:42,048 - INFO - 📅 Fetching Basic Metadata: Epic Mage Bundle
2026-10-03 19:20:42,141 - INFO - 💰 Price Search: Rival Stars Horse Racing : Desktop Edition
2026-10-03 19:20:43,195 - WARNING - Price error for Rival Stars Horse Racing : Desktop Edition: string indices must be integers, not 'str'
2026-10-03 19:20:43,195 - INFO - 🏢 Publisher Search: Rival Stars Horse Racing : Desktop Edition
2026-10-03 19:20:44,578 - INFO - 📅 Fetching Basic Metadata: Rival Stars Horse Racing : Desktop Edition
2026-10-03 19:20:44,665 - INFO - 🎯 IGDB Match: 'Rival Stars Horse Racing: Desktop Edition' (99%)
2026-10-03 19:20:44,672 - INFO - 💰 Price Search: Alone With You
2026-10-03 19:20:45,728 - WARNING - Price error for Alone With You: string indices must be integers, not 'str'
2026-10-03 19:20:45,728 - INFO - 📅 Fetching Basic Metadata: Alone With You
2026-10-03 19:20:45,817 - INFO - 🎯 IGDB Match: 'Alone With You' (100%)
2026-10-03 19:20:45,824 - INFO - 💰 Price Search: Luftrausers
2026-10-03 19:20:46,878 - WARNING - Price error for Luftrausers: string indices must be integers, not 'str'
2026-10-03 19:20:46,879 - INFO - 💰 Price Search: Astral Ascent
2026-10-03 19:20:47,932 - WARNING - Price error for Astral Ascent: string indices must be integers, not 'str'
2026-10-03 19:20:47,933 - INFO - 💰 Price Search: Mindcop
2026-10-03 19:20:48,992 - WARNING - Price error for Mindcop: string indices must be integers, not 'str'
2026-10-03 19:20:48,993 - INFO - 💰 Price Search: Shogun Showdown
2026-10-03 19:20:50,048 - WARNING - Price error for Shogun Showdown: string indices must be integers, not 'str'
2026-10-03 19:20:50,049 - INFO - 💰 Price Search: Astrea Six Sided Oracles
2026-10-03 19:20:51,103 - WARNING - Price error for Astrea Six Sided Oracles: string indices must be integers, not 'str'
2026-10-03 19:20:51,104 - INFO - 💰 Price Search: Mechabellum
2026-10-03 19:20:52,167 - WARNING - Price error for Mechabellum: string indices must be integers, not 'str'
2026-10-03 19:20:52,167 - INFO - 📅 Fetching Basic Metadata: Mechabellum
2026-10-03 19:20:52,250 - INFO - 🎯 IGDB Match: 'Mechabellum' (100%)
2026-10-03 19:20:52,257 - INFO - 💰 Price Search: System Shock 2: 25th Anniversary Remaster
2026-10-03 19:20:53,314 - WARNING - Price error for System Shock 2: 25th Anniversary Remaster: string indices must be integers, not 'str'
2026-10-03 19:20:53,315 - INFO - 💰 Price Search: BURIED STARS
2026-10-03 19:20:54,371 - WARNING - Price error for BURIED STARS: string indices must be integers, not 'str'
2026-10-03 19:20:54,376 - INFO - 
--- Starting Data Quality Checks ---
2026-10-03 19:20:54,390 - INFO - --- Data Quality Checks Complete ---

2026-10-03 19:20:54,419 - INFO - | Metric | Statistics |
| :--- | :--- |
| 💰 **Total Market Value** | **$13,332.99** |
| 📦 **Total Games Collected** | 709 |
| 🏷️ **Average Retail Price** | $21.81 per game |
| 💎 **Most Expensive Title** | Civilization 6 Platinum Edition ($79.99) |
| 👑 **MVP Publisher** | Bethesda Softworks |
| 🏢 **Value Leaders** | 2K ($579.90), Bethesda Softworks ($544.80), Paradox Interactive ($409.89) |
| 📈 **Inflation-Adjusted Value** | $15,130.23 |
| 🎈 **Inflation Bonus** | **+$1,797.24** in purchasing power |
| 🗓️ **Peak Saving Month** | 🎄 **Seasonality Peak:** December is historically the best month, offering $3,388.17 in savings. |
| ⭐ **Average Score** | 77.0/100 |
| 💳 **Subscription Equivalent** | **$164.47 / mo** |
| 🎯 **Prestige Ratio** | **2.0%** (Strategic Hype) |
| 🏎️ **Lead Time Avg** | 441 Days to Sequel |

2026-10-03 19:20:54,420 - INFO - ✅ README.md updated.
2026-10-03 19:20:54,445 - INFO - Using categorical units to plot a list of strings that are all parsable as floats or dates. If these strings should be plotted as numbers, cast to the appropriate data type before plotting.
2026-10-03 19:20:54,446 - INFO - Using categorical units to plot a list of strings that are all parsable as floats or dates. If these strings should be plotted as numbers, cast to the appropriate data type before plotting.
2026-10-03 19:21:00,758 - INFO - 📈 All charts generated successfully.
