2026-09-27 19:49:37,743 - INFO - Failed to extract font properties from /usr/share/fonts/truetype/noto/NotoColorEmoji.ttf: Non-scalable fonts are not supported
2026-09-27 19:49:37,827 - INFO - generated new fontManager
2026-09-27 19:49:38,204 - INFO - ✅ Migration Successful!
2026-09-27 19:49:38,404 - INFO - No new games found.
2026-09-27 19:49:38,795 - INFO - 🔍 Found 630 games needing metadata. Starting IGDB + Steam + CheapShark enrichment...
2026-09-27 19:49:38,844 - INFO - 📅 Fetching Basic Metadata: LEGO Batman Trilogy
2026-09-27 19:49:39,240 - INFO - 🎯 IGDB Match: 'LEGO Batman Trilogy' (100%)
2026-09-27 19:49:39,269 - INFO - 📅 Fetching Basic Metadata: Antstream
2026-09-27 19:49:39,441 - INFO - 📅 Fetching Basic Metadata: The Drone Racing League Simulator
2026-09-27 19:49:39,584 - INFO - 🎯 IGDB Match: 'The Drone Racing League Simulator' (100%)
2026-09-27 19:49:39,593 - INFO - 📅 Fetching Basic Metadata: Dark Deity
2026-09-27 19:49:39,733 - INFO - 🎯 IGDB Match: 'Dark Deity' (100%)
2026-09-27 19:49:39,740 - INFO - 📅 Fetching Basic Metadata: RPG in a Box
2026-09-27 19:49:40,005 - INFO - 🎯 IGDB Match: 'RPG in a Box' (100%)
2026-09-27 19:49:40,013 - INFO - 📅 Fetching Basic Metadata: Fallout Classic Collection
2026-09-27 19:49:40,211 - INFO - 🎯 IGDB Match: 'Fallout Classic Collection' (100%)
2026-09-27 19:49:40,220 - INFO - 📅 Fetching Basic Metadata: Recipe for Disaster
2026-09-27 19:49:40,575 - INFO - 🎯 IGDB Match: 'Recipe For Disaster' (100%)
2026-09-27 19:49:40,582 - INFO - 📅 Fetching Basic Metadata: World of Warships — Starter Pack: Ishizuchi
2026-09-27 19:49:40,736 - INFO - 🎯 IGDB Match: 'World of Warships: Starter Pack - Ishizuchi' (98%)
2026-09-27 19:49:40,744 - INFO - 📅 Fetching Basic Metadata: Poker Club
2026-09-27 19:49:40,874 - INFO - 🎯 IGDB Match: 'Poker Club' (100%)
2026-09-27 19:49:40,881 - INFO - 📅 Fetching Basic Metadata: The Sims 4 The Daring Lifestyle Bundle
2026-09-27 19:49:41,034 - INFO - 🎯 IGDB Match: 'The Sims 4: The Daring Lifestyle Bundle' (99%)
2026-09-27 19:49:41,043 - INFO - 📅 Fetching Basic Metadata: Dodo Peak
2026-09-27 19:49:41,307 - INFO - 🎯 IGDB Match: 'Dodo Peak' (100%)
2026-09-27 19:49:41,313 - INFO - 📅 Fetching Basic Metadata: Spelldrifter
2026-09-27 19:49:41,440 - INFO - 🎯 IGDB Match: 'Spelldrifter' (100%)
2026-09-27 19:49:41,448 - INFO - 📅 Fetching Basic Metadata: Model Builder
2026-09-27 19:49:41,615 - INFO - 🎯 IGDB Match: 'Model Builder' (100%)
2026-09-27 19:49:41,622 - INFO - 📅 Fetching Basic Metadata: Godlike Burger
2026-09-27 19:49:41,820 - INFO - 🎯 IGDB Match: 'Godlike Burger' (100%)
2026-09-27 19:49:41,826 - INFO - 📅 Fetching Basic Metadata: Q.U.B.E. Ultimate Bundle
2026-09-27 19:49:42,234 - INFO - 🎯 IGDB Match: 'Q.U.B.E. Ultimate Bundle' (100%)
2026-09-27 19:49:42,241 - INFO - 📅 Fetching Basic Metadata: Jitsu Squad
2026-09-27 19:49:42,359 - INFO - 🎯 IGDB Match: 'Jitsu Squad' (100%)
2026-09-27 19:49:42,366 - INFO - 📅 Fetching Basic Metadata: Mighty Fight Federation
2026-09-27 19:49:42,487 - INFO - 🎯 IGDB Match: 'Mighty Fight Federation' (100%)
2026-09-27 19:49:42,498 - INFO - 📅 Fetching Basic Metadata: LOVE
2026-09-27 19:49:42,851 - INFO - 🎯 IGDB Match: 'Love Love Love' (90%)
2026-09-27 19:49:42,860 - INFO - 📅 Fetching Basic Metadata: Call of The Wild: The Angler
2026-09-27 19:49:43,045 - INFO - 🎯 IGDB Match: 'Call of the Wild: The Angler' (100%)
2026-09-27 19:49:43,055 - INFO - 📅 Fetching Basic Metadata: The Falconeer
2026-09-27 19:49:43,184 - INFO - 🎯 IGDB Match: 'The Falconeer: The Hunter' (90%)
2026-09-27 19:49:43,192 - INFO - 📅 Fetching Basic Metadata: Rawmen: Food Fighter Arena
2026-09-27 19:49:43,318 - INFO - 🎯 IGDB Match: 'Rawmen' (90%)
2026-09-27 19:49:43,325 - INFO - 📅 Fetching Basic Metadata: World of Warships – Starter Pack: Albany
2026-09-27 19:49:43,602 - INFO - 📅 Fetching Basic Metadata: Fallout Classic Edition
2026-09-27 19:49:43,745 - INFO - 📅 Fetching Basic Metadata: Outliver: Tribulation
2026-09-27 19:49:44,239 - INFO - 🎯 IGDB Match: 'Outliver: Tribulation' (100%)
2026-09-27 19:49:44,247 - INFO - 📅 Fetching Basic Metadata: Bus Simulator 21 Next Stop
2026-09-27 19:49:44,374 - INFO - 🎯 IGDB Match: 'Bus Simulator 21: Next Stop' (98%)
2026-09-27 19:49:44,382 - INFO - 📅 Fetching Basic Metadata: Turmoil
2026-09-27 19:49:44,503 - INFO - 🎯 IGDB Match: 'Turmoil' (100%)
2026-09-27 19:49:44,511 - INFO - 📅 Fetching Basic Metadata: World War Z Aftermath
2026-09-27 19:49:44,640 - INFO - 🎯 IGDB Match: 'World War Z: Aftermath' (98%)
2026-09-27 19:49:44,647 - INFO - 📅 Fetching Basic Metadata: World Of Warships – Anniversary Party Flavor
2026-09-27 19:49:44,851 - INFO - 📅 Fetching Basic Metadata: Neko Ghost, Jump!
2026-09-27 19:49:44,978 - INFO - 🎯 IGDB Match: 'Neko Ghost, Jump!' (100%)
2026-09-27 19:49:44,987 - INFO - 📅 Fetching Basic Metadata: Super Space Club
2026-09-27 19:49:45,186 - INFO - 🎯 IGDB Match: 'Super Space Club' (100%)
2026-09-27 19:49:45,193 - INFO - 📅 Fetching Basic Metadata: Touch Type Tale
2026-09-27 19:49:45,352 - INFO - 🎯 IGDB Match: 'Touch Type Tale' (100%)
2026-09-27 19:49:45,359 - INFO - 📅 Fetching Basic Metadata: Gigapocalypse
2026-09-27 19:49:45,566 - INFO - 🎯 IGDB Match: 'Gigapocalypse' (100%)
2026-09-27 19:49:45,574 - INFO - 📅 Fetching Basic Metadata: Legion TD2
2026-09-27 19:49:45,721 - INFO - 📅 Fetching Basic Metadata: Nightingale
2026-09-27 19:49:45,937 - INFO - 🎯 IGDB Match: 'Nightingale' (100%)
2026-09-27 19:49:45,945 - INFO - 📅 Fetching Basic Metadata: Godzilla Voxel Wars
2026-09-27 19:49:46,070 - INFO - 🎯 IGDB Match: 'Godzilla Voxel Wars' (100%)
2026-09-27 19:49:46,079 - INFO - 📅 Fetching Basic Metadata: Trine Classic Collection
2026-09-27 19:49:46,348 - INFO - 🎯 IGDB Match: 'Trine Classic Collection' (100%)
2026-09-27 19:49:46,356 - INFO - 📅 Fetching Basic Metadata: Poison Retro Set
2026-09-27 19:49:46,504 - INFO - 🎯 IGDB Match: 'Pixel Gun 3D: Poison Retro Set' (90%)
2026-09-27 19:49:46,511 - INFO - 📅 Fetching Basic Metadata: The Darkside Detective A Fumble in the Dark
2026-09-27 19:49:46,639 - INFO - 🎯 IGDB Match: 'The Darkside Detective: A Fumble in the Dark' (99%)
2026-09-27 19:49:46,646 - INFO - 📅 Fetching Basic Metadata: Return to Ash
2026-09-27 19:49:46,778 - INFO - 🎯 IGDB Match: 'Return to Ash' (100%)
2026-09-27 19:49:46,784 - INFO - 🏢 Publisher Search: STALCRAFT: X Starter Edition
2026-09-27 19:49:48,232 - INFO - 📅 Fetching Basic Metadata: STALCRAFT: X Starter Edition
2026-09-27 19:49:48,447 - INFO - 📅 Fetching Basic Metadata: Boxes: Lost Fragments
2026-09-27 19:49:48,569 - INFO - 🎯 IGDB Match: 'Boxes: Lost Fragments' (100%)
2026-09-27 19:49:48,575 - INFO - 📅 Fetching Basic Metadata: My Night Job
2026-09-27 19:49:48,709 - INFO - 🎯 IGDB Match: 'My Night Job' (100%)
2026-09-27 19:49:48,716 - INFO - 📅 Fetching Basic Metadata: Electrician Simulator
2026-09-27 19:49:48,842 - INFO - 🎯 IGDB Match: 'Electrician Simulator' (100%)
2026-09-27 19:49:48,848 - INFO - 🏢 Publisher Search: World of Warships — Epic Anniversary Tachibana Pack
2026-09-27 19:49:50,202 - INFO - 📅 Fetching Basic Metadata: World of Warships — Epic Anniversary Tachibana Pack
2026-09-27 19:49:50,336 - INFO - 📅 Fetching Basic Metadata: Hyper Echelon
2026-09-27 19:49:50,467 - INFO - 🎯 IGDB Match: 'Hyper Echelon' (100%)
2026-09-27 19:49:50,474 - INFO - 📅 Fetching Basic Metadata: Havendock
2026-09-27 19:49:50,595 - INFO - 🎯 IGDB Match: 'Havendock' (100%)
2026-09-27 19:49:50,602 - INFO - 📅 Fetching Basic Metadata: Clone Drone in the Danger Zone
2026-09-27 19:49:50,795 - INFO - 🎯 IGDB Match: 'Clone Drone in the Danger Zone' (100%)
2026-09-27 19:49:50,802 - INFO - 🏢 Publisher Search: TOMAK: Save the Earth Regeneration
2026-09-27 19:49:52,140 - INFO - 📅 Fetching Basic Metadata: TOMAK: Save the Earth Regeneration
2026-09-27 19:49:52,268 - INFO - 🎯 IGDB Match: 'Tomak: Save the Earth Regeneration' (100%)
2026-09-27 19:49:52,275 - INFO - 📅 Fetching Basic Metadata: Prop Sumo
2026-09-27 19:49:52,438 - INFO - 🎯 IGDB Match: 'Prop Sumo' (100%)
2026-09-27 19:49:52,445 - INFO - 📅 Fetching Basic Metadata: The Stone of Madness
2026-09-27 19:49:52,584 - INFO - 🎯 IGDB Match: 'The Stone of Madness' (100%)
2026-09-27 19:49:52,591 - INFO - 📅 Fetching Basic Metadata: Firestone Online Idle RPG
2026-09-27 19:49:52,733 - INFO - 🎯 IGDB Match: 'Firestone: Online Idle RPG' (98%)
2026-09-27 19:49:52,740 - INFO - 📅 Fetching Basic Metadata: Oddsparks: An Automation Adventure
2026-09-27 19:49:52,872 - INFO - 🎯 IGDB Match: 'Oddsparks: An Automation Adventure' (100%)
2026-09-27 19:49:52,879 - INFO - 📅 Fetching Basic Metadata: Trash Goblin
2026-09-27 19:49:53,004 - INFO - 🎯 IGDB Match: 'Trash Goblin' (100%)
2026-09-27 19:49:53,011 - INFO - 🏢 Publisher Search: The Telltale Batman Shadows Edition
2026-09-27 19:49:54,381 - INFO - 📅 Fetching Basic Metadata: The Telltale Batman Shadows Edition
2026-09-27 19:49:54,575 - INFO - 🎯 IGDB Match: 'Telltale Batman Shadows Edition' (95%)
2026-09-27 19:49:54,582 - INFO - 🏢 Publisher Search: Sunderfolk - Standard Edition
2026-09-27 19:49:55,949 - INFO - 📅 Fetching Basic Metadata: Sunderfolk - Standard Edition
2026-09-27 19:49:56,121 - INFO - 📅 Fetching Basic Metadata: Down in Bermuda
2026-09-27 19:49:56,245 - INFO - 🎯 IGDB Match: 'Down in Bermuda' (100%)
2026-09-27 19:49:56,251 - INFO - 📅 Fetching Basic Metadata: Tomb Raider I-III Remastered Starring Lara Croft
2026-09-27 19:49:56,381 - INFO - 📅 Fetching Basic Metadata: LONESTAR
2026-09-27 19:49:56,534 - INFO - 🎯 IGDB Match: 'LoneStar' (100%)
2026-09-27 19:49:56,541 - INFO - 📅 Fetching Basic Metadata: Calico
2026-09-27 19:49:56,665 - INFO - 🎯 IGDB Match: 'Calico' (100%)
2026-09-27 19:49:56,672 - INFO - 📅 Fetching Basic Metadata: Rogue Waters
2026-09-27 19:49:56,791 - INFO - 🎯 IGDB Match: 'Rogue Waters' (100%)
2026-09-27 19:49:56,798 - INFO - 📅 Fetching Basic Metadata: The Ouroboros King
2026-09-27 19:49:56,931 - INFO - 🎯 IGDB Match: 'The Ouroboros King' (100%)
2026-09-27 19:49:56,938 - INFO - 🏢 Publisher Search: Warhammer 40K Speed Freeks
2026-09-27 19:49:58,302 - INFO - 📅 Fetching Basic Metadata: I Have No Mouth, and I Must Scream
2026-09-27 19:49:58,442 - INFO - 🎯 IGDB Match: 'I Have No Mouth, and I Must Scream' (100%)
2026-09-27 19:49:58,449 - INFO - 📅 Fetching Basic Metadata: Nova Lands
2026-09-27 19:49:58,584 - INFO - 🎯 IGDB Match: 'Nova Lands' (100%)
2026-09-27 19:49:58,590 - INFO - 📅 Fetching Basic Metadata: Tattoo Tycoon
2026-09-27 19:49:58,845 - INFO - 🎯 IGDB Match: 'Tattoo Tycoon' (100%)
2026-09-27 19:49:58,852 - INFO - 📅 Fetching Basic Metadata: Echo Generation: Midnight Edition
2026-09-27 19:49:59,100 - INFO - 🎯 IGDB Match: 'Echo Generation: Midnight Edition' (100%)
2026-09-27 19:49:59,107 - INFO - 💰 Price Search: Foretales
2026-09-27 19:50:00,250 - WARNING - Price error for Foretales: string indices must be integers, not 'str'
2026-09-27 19:50:00,251 - INFO - 📅 Fetching Basic Metadata: Foretales
2026-09-27 19:50:00,430 - INFO - 🎯 IGDB Match: 'Foretales' (100%)
2026-09-27 19:50:00,436 - INFO - 💰 Price Search: OTXO
2026-09-27 19:50:01,488 - WARNING - Price error for OTXO: string indices must be integers, not 'str'
2026-09-27 19:50:01,489 - INFO - 💰 Price Search: Sol Cesto
2026-09-27 19:50:02,536 - WARNING - Price error for Sol Cesto: string indices must be integers, not 'str'
2026-09-27 19:50:02,537 - INFO - 📅 Fetching Basic Metadata: Sol Cesto
2026-09-27 19:50:02,821 - INFO - 🎯 IGDB Match: 'Sol Cesto' (100%)
2026-09-27 19:50:02,827 - INFO - 💰 Price Search: Beacon Pines
2026-09-27 19:50:03,878 - WARNING - Price error for Beacon Pines: string indices must be integers, not 'str'
2026-09-27 19:50:03,879 - INFO - 💰 Price Search: Caravan SandWitch
2026-09-27 19:50:04,932 - WARNING - Price error for Caravan SandWitch: string indices must be integers, not 'str'
2026-09-27 19:50:04,933 - INFO - 💰 Price Search: Cardpocalypse Standard Edition
2026-09-27 19:50:05,977 - WARNING - Price error for Cardpocalypse Standard Edition: string indices must be integers, not 'str'
2026-09-27 19:50:05,977 - INFO - 🏢 Publisher Search: Cardpocalypse Standard Edition
2026-09-27 19:50:07,356 - INFO - 📅 Fetching Basic Metadata: Cardpocalypse Standard Edition
2026-09-27 19:50:07,501 - INFO - 💰 Price Search: Epic Mage Bundle
2026-09-27 19:50:08,547 - WARNING - Price error for Epic Mage Bundle: string indices must be integers, not 'str'
2026-09-27 19:50:08,547 - INFO - 🏢 Publisher Search: Epic Mage Bundle
2026-09-27 19:50:09,956 - INFO - 📅 Fetching Basic Metadata: Epic Mage Bundle
2026-09-27 19:50:10,263 - INFO - 💰 Price Search: Rival Stars Horse Racing : Desktop Edition
2026-09-27 19:50:11,308 - WARNING - Price error for Rival Stars Horse Racing : Desktop Edition: string indices must be integers, not 'str'
2026-09-27 19:50:11,308 - INFO - 🏢 Publisher Search: Rival Stars Horse Racing : Desktop Edition
2026-09-27 19:50:12,692 - INFO - 📅 Fetching Basic Metadata: Rival Stars Horse Racing : Desktop Edition
2026-09-27 19:50:12,816 - INFO - 🎯 IGDB Match: 'Rival Stars Horse Racing: Desktop Edition' (99%)
2026-09-27 19:50:12,823 - INFO - 💰 Price Search: Alone With You
2026-09-27 19:50:13,867 - WARNING - Price error for Alone With You: string indices must be integers, not 'str'
2026-09-27 19:50:13,867 - INFO - 📅 Fetching Basic Metadata: Alone With You
2026-09-27 19:50:13,998 - INFO - 🎯 IGDB Match: 'Alone With You' (100%)
2026-09-27 19:50:14,005 - INFO - 💰 Price Search: Luftrausers
2026-09-27 19:50:15,050 - WARNING - Price error for Luftrausers: string indices must be integers, not 'str'
2026-09-27 19:50:15,051 - INFO - 💰 Price Search: Astral Ascent
2026-09-27 19:50:16,107 - WARNING - Price error for Astral Ascent: string indices must be integers, not 'str'
2026-09-27 19:50:16,108 - INFO - 💰 Price Search: Mindcop
2026-09-27 19:50:17,155 - WARNING - Price error for Mindcop: string indices must be integers, not 'str'
2026-09-27 19:50:17,156 - INFO - 💰 Price Search: Shogun Showdown
2026-09-27 19:50:18,203 - WARNING - Price error for Shogun Showdown: string indices must be integers, not 'str'
2026-09-27 19:50:18,204 - INFO - 💰 Price Search: Astrea Six Sided Oracles
2026-09-27 19:50:19,250 - WARNING - Price error for Astrea Six Sided Oracles: string indices must be integers, not 'str'
2026-09-27 19:50:19,251 - INFO - 🏢 Publisher Search: Astrea Six Sided Oracles
2026-09-27 19:50:20,842 - INFO - 💰 Price Search: Mechabellum
2026-09-27 19:50:21,892 - WARNING - Price error for Mechabellum: string indices must be integers, not 'str'
2026-09-27 19:50:21,893 - INFO - 🏢 Publisher Search: Mechabellum
2026-09-27 19:50:23,439 - INFO - 📅 Fetching Basic Metadata: Mechabellum
2026-09-27 19:50:23,643 - INFO - 🎯 IGDB Match: 'Mechabellum' (100%)
2026-09-27 19:50:23,655 - INFO - 
--- Starting Data Quality Checks ---
2026-09-27 19:50:23,668 - INFO - --- Data Quality Checks Complete ---

2026-09-27 19:50:23,697 - INFO - | Metric | Statistics |
| :--- | :--- |
| 💰 **Total Market Value** | **$13,332.99** |
| 📦 **Total Games Collected** | 707 |
| 🏷️ **Average Retail Price** | $21.87 per game |
| 💎 **Most Expensive Title** | Civilization 6 Platinum Edition ($79.99) |
| 👑 **MVP Publisher** | Bethesda Softworks |
| 🏢 **Value Leaders** | 2K ($579.90), Bethesda Softworks ($544.80), Paradox Interactive ($409.89) |
| 📈 **Inflation-Adjusted Value** | $15,130.23 |
| 🎈 **Inflation Bonus** | **+$1,797.24** in purchasing power |
| 🗓️ **Peak Saving Month** | 🎄 **Seasonality Peak:** December is historically the best month, offering $3,388.17 in savings. |
| ⭐ **Average Score** | 77.0/100 |
| 💳 **Subscription Equivalent** | **$166.24 / mo** |
| 🎯 **Prestige Ratio** | **2.0%** (Strategic Hype) |
| 🏎️ **Lead Time Avg** | 441 Days to Sequel |

2026-09-27 19:50:23,698 - INFO - ✅ README.md updated.
2026-09-27 19:50:23,722 - INFO - Using categorical units to plot a list of strings that are all parsable as floats or dates. If these strings should be plotted as numbers, cast to the appropriate data type before plotting.
2026-09-27 19:50:23,723 - INFO - Using categorical units to plot a list of strings that are all parsable as floats or dates. If these strings should be plotted as numbers, cast to the appropriate data type before plotting.
2026-09-27 19:50:30,035 - INFO - 📈 All charts generated successfully.
