2026-10-06 21:06:46,963 - INFO - Failed to extract font properties from /usr/share/fonts/truetype/noto/NotoColorEmoji.ttf: Non-scalable fonts are not supported
2026-10-06 21:06:47,178 - INFO - generated new fontManager
2026-10-06 21:06:47,395 - INFO - ✅ Migration Successful!
2026-10-06 21:06:47,875 - INFO - No new games found.
2026-10-06 21:06:48,162 - INFO - 🔍 Found 632 games needing metadata. Starting IGDB + Steam + CheapShark enrichment...
2026-10-06 21:06:48,184 - INFO - 📅 Fetching Basic Metadata: LEGO Batman Trilogy
2026-10-06 21:06:48,472 - INFO - 🎯 IGDB Match: 'LEGO Batman Trilogy' (100%)
2026-10-06 21:06:48,490 - INFO - 📅 Fetching Basic Metadata: Antstream
2026-10-06 21:06:48,599 - INFO - 📅 Fetching Basic Metadata: The Drone Racing League Simulator
2026-10-06 21:06:48,688 - INFO - 🎯 IGDB Match: 'The Drone Racing League Simulator' (100%)
2026-10-06 21:06:48,694 - INFO - 📅 Fetching Basic Metadata: Dark Deity
2026-10-06 21:06:48,787 - INFO - 🎯 IGDB Match: 'Dark Deity' (100%)
2026-10-06 21:06:48,793 - INFO - 📅 Fetching Basic Metadata: RPG in a Box
2026-10-06 21:06:48,893 - INFO - 🎯 IGDB Match: 'RPG in a Box' (100%)
2026-10-06 21:06:48,899 - INFO - 📅 Fetching Basic Metadata: Fallout Classic Collection
2026-10-06 21:06:49,052 - INFO - 🎯 IGDB Match: 'Fallout Classic Collection' (100%)
2026-10-06 21:06:49,059 - INFO - 📅 Fetching Basic Metadata: Recipe for Disaster
2026-10-06 21:06:49,162 - INFO - 🎯 IGDB Match: 'Recipe For Disaster' (100%)
2026-10-06 21:06:49,168 - INFO - 📅 Fetching Basic Metadata: World of Warships — Starter Pack: Ishizuchi
2026-10-06 21:06:49,254 - INFO - 🎯 IGDB Match: 'World of Warships: Starter Pack - Ishizuchi' (98%)
2026-10-06 21:06:49,260 - INFO - 📅 Fetching Basic Metadata: Poker Club
2026-10-06 21:06:49,360 - INFO - 🎯 IGDB Match: 'Poker Club' (100%)
2026-10-06 21:06:49,365 - INFO - 📅 Fetching Basic Metadata: The Sims 4 The Daring Lifestyle Bundle
2026-10-06 21:06:49,491 - INFO - 🎯 IGDB Match: 'The Sims 4: The Daring Lifestyle Bundle' (99%)
2026-10-06 21:06:49,498 - INFO - 📅 Fetching Basic Metadata: Dodo Peak
2026-10-06 21:06:49,589 - INFO - 🎯 IGDB Match: 'Dodo Peak' (100%)
2026-10-06 21:06:49,595 - INFO - 📅 Fetching Basic Metadata: Spelldrifter
2026-10-06 21:06:49,721 - INFO - 🎯 IGDB Match: 'Spelldrifter' (100%)
2026-10-06 21:06:49,727 - INFO - 📅 Fetching Basic Metadata: Model Builder
2026-10-06 21:06:49,835 - INFO - 🎯 IGDB Match: 'Model Builder' (100%)
2026-10-06 21:06:49,841 - INFO - 📅 Fetching Basic Metadata: Godlike Burger
2026-10-06 21:06:49,932 - INFO - 🎯 IGDB Match: 'Godlike Burger' (100%)
2026-10-06 21:06:49,937 - INFO - 📅 Fetching Basic Metadata: Q.U.B.E. Ultimate Bundle
2026-10-06 21:06:50,094 - INFO - 🎯 IGDB Match: 'Q.U.B.E. Ultimate Bundle' (100%)
2026-10-06 21:06:50,100 - INFO - 📅 Fetching Basic Metadata: Jitsu Squad
2026-10-06 21:06:50,204 - INFO - 🎯 IGDB Match: 'Jitsu Squad' (100%)
2026-10-06 21:06:50,209 - INFO - 📅 Fetching Basic Metadata: Mighty Fight Federation
2026-10-06 21:06:50,291 - INFO - 🎯 IGDB Match: 'Mighty Fight Federation' (100%)
2026-10-06 21:06:50,298 - INFO - 📅 Fetching Basic Metadata: LOVE
2026-10-06 21:06:50,383 - WARNING - IGDB Error for LOVE: string indices must be integers, not 'str'
2026-10-06 21:06:50,389 - INFO - 📅 Fetching Basic Metadata: Call of The Wild: The Angler
2026-10-06 21:06:50,457 - WARNING - IGDB Error for Call of The Wild: The Angler: string indices must be integers, not 'str'
2026-10-06 21:06:50,464 - INFO - 📅 Fetching Basic Metadata: The Falconeer
2026-10-06 21:06:50,538 - WARNING - IGDB Error for The Falconeer: string indices must be integers, not 'str'
2026-10-06 21:06:50,544 - INFO - 📅 Fetching Basic Metadata: Rawmen: Food Fighter Arena
2026-10-06 21:06:50,615 - WARNING - IGDB Error for Rawmen: Food Fighter Arena: string indices must be integers, not 'str'
2026-10-06 21:06:50,620 - INFO - 📅 Fetching Basic Metadata: World of Warships – Starter Pack: Albany
2026-10-06 21:06:50,689 - WARNING - IGDB Error for World of Warships – Starter Pack: Albany: string indices must be integers, not 'str'
2026-10-06 21:06:50,695 - INFO - 📅 Fetching Basic Metadata: Fallout Classic Edition
2026-10-06 21:06:50,764 - WARNING - IGDB Error for Fallout Classic Edition: string indices must be integers, not 'str'
2026-10-06 21:06:50,770 - INFO - 📅 Fetching Basic Metadata: Outliver: Tribulation
2026-10-06 21:06:50,872 - WARNING - IGDB Error for Outliver: Tribulation: string indices must be integers, not 'str'
2026-10-06 21:06:50,878 - INFO - 📅 Fetching Basic Metadata: Bus Simulator 21 Next Stop
2026-10-06 21:06:50,945 - WARNING - IGDB Error for Bus Simulator 21 Next Stop: string indices must be integers, not 'str'
2026-10-06 21:06:50,952 - INFO - 📅 Fetching Basic Metadata: Turmoil
2026-10-06 21:06:51,055 - WARNING - IGDB Error for Turmoil: string indices must be integers, not 'str'
2026-10-06 21:06:51,061 - INFO - 📅 Fetching Basic Metadata: World War Z Aftermath
2026-10-06 21:06:51,200 - WARNING - IGDB Error for World War Z Aftermath: string indices must be integers, not 'str'
2026-10-06 21:06:51,205 - INFO - 📅 Fetching Basic Metadata: World Of Warships – Anniversary Party Flavor
2026-10-06 21:06:51,366 - INFO - 📅 Fetching Basic Metadata: Neko Ghost, Jump!
2026-10-06 21:06:51,460 - INFO - 🎯 IGDB Match: 'Neko Ghost, Jump!' (100%)
2026-10-06 21:06:51,465 - INFO - 📅 Fetching Basic Metadata: Super Space Club
2026-10-06 21:06:51,548 - INFO - 🎯 IGDB Match: 'Super Space Club' (100%)
2026-10-06 21:06:51,553 - INFO - 📅 Fetching Basic Metadata: Touch Type Tale
2026-10-06 21:06:51,636 - INFO - 🎯 IGDB Match: 'Touch Type Tale' (100%)
2026-10-06 21:06:51,642 - INFO - 📅 Fetching Basic Metadata: Gigapocalypse
2026-10-06 21:06:51,737 - INFO - 🎯 IGDB Match: 'Gigapocalypse' (100%)
2026-10-06 21:06:51,743 - INFO - 📅 Fetching Basic Metadata: Legion TD2
2026-10-06 21:06:51,834 - INFO - 📅 Fetching Basic Metadata: Nightingale
2026-10-06 21:06:51,962 - INFO - 🎯 IGDB Match: 'Nightingale' (100%)
2026-10-06 21:06:51,968 - INFO - 📅 Fetching Basic Metadata: Godzilla Voxel Wars
2026-10-06 21:06:52,074 - INFO - 🎯 IGDB Match: 'Godzilla Voxel Wars' (100%)
2026-10-06 21:06:52,081 - INFO - 📅 Fetching Basic Metadata: Trine Classic Collection
2026-10-06 21:06:52,169 - INFO - 🎯 IGDB Match: 'Trine Classic Collection' (100%)
2026-10-06 21:06:52,174 - INFO - 📅 Fetching Basic Metadata: Poison Retro Set
2026-10-06 21:06:52,305 - INFO - 🎯 IGDB Match: 'Pixel Gun 3D: Poison Retro Set' (90%)
2026-10-06 21:06:52,310 - INFO - 📅 Fetching Basic Metadata: The Darkside Detective A Fumble in the Dark
2026-10-06 21:06:52,419 - INFO - 🎯 IGDB Match: 'The Darkside Detective: A Fumble in the Dark' (99%)
2026-10-06 21:06:52,425 - INFO - 📅 Fetching Basic Metadata: Return to Ash
2026-10-06 21:06:52,492 - WARNING - IGDB Error for Return to Ash: string indices must be integers, not 'str'
2026-10-06 21:06:52,497 - INFO - 🏢 Publisher Search: STALCRAFT: X Starter Edition
2026-10-06 21:06:53,894 - INFO - 📅 Fetching Basic Metadata: STALCRAFT: X Starter Edition
2026-10-06 21:06:53,961 - WARNING - IGDB Error for STALCRAFT: X Starter Edition: string indices must be integers, not 'str'
2026-10-06 21:06:53,967 - INFO - 📅 Fetching Basic Metadata: Boxes: Lost Fragments
2026-10-06 21:06:54,053 - INFO - 🎯 IGDB Match: 'Boxes: Lost Fragments' (100%)
2026-10-06 21:06:54,058 - INFO - 📅 Fetching Basic Metadata: My Night Job
2026-10-06 21:06:54,140 - INFO - 🎯 IGDB Match: 'My Night Job' (100%)
2026-10-06 21:06:54,146 - INFO - 📅 Fetching Basic Metadata: Electrician Simulator
2026-10-06 21:06:54,227 - INFO - 🎯 IGDB Match: 'Electrician Simulator' (100%)
2026-10-06 21:06:54,233 - INFO - 🏢 Publisher Search: World of Warships — Epic Anniversary Tachibana Pack
2026-10-06 21:06:55,748 - INFO - 📅 Fetching Basic Metadata: World of Warships — Epic Anniversary Tachibana Pack
2026-10-06 21:06:55,836 - INFO - 📅 Fetching Basic Metadata: Hyper Echelon
2026-10-06 21:06:55,914 - INFO - 🎯 IGDB Match: 'Hyper Echelon' (100%)
2026-10-06 21:06:55,919 - INFO - 📅 Fetching Basic Metadata: Havendock
2026-10-06 21:06:56,001 - INFO - 🎯 IGDB Match: 'Havendock' (100%)
2026-10-06 21:06:56,006 - INFO - 📅 Fetching Basic Metadata: Clone Drone in the Danger Zone
2026-10-06 21:06:56,084 - INFO - 🎯 IGDB Match: 'Clone Drone in the Danger Zone' (100%)
2026-10-06 21:06:56,089 - INFO - 🏢 Publisher Search: TOMAK: Save the Earth Regeneration
2026-10-06 21:06:57,471 - INFO - 📅 Fetching Basic Metadata: TOMAK: Save the Earth Regeneration
2026-10-06 21:06:57,556 - INFO - 🎯 IGDB Match: 'Tomak: Save the Earth Regeneration' (100%)
2026-10-06 21:06:57,562 - INFO - 📅 Fetching Basic Metadata: Prop Sumo
2026-10-06 21:06:57,642 - INFO - 🎯 IGDB Match: 'Prop Sumo' (100%)
2026-10-06 21:06:57,647 - INFO - 📅 Fetching Basic Metadata: The Stone of Madness
2026-10-06 21:06:57,731 - INFO - 🎯 IGDB Match: 'The Stone of Madness' (100%)
2026-10-06 21:06:57,736 - INFO - 📅 Fetching Basic Metadata: Firestone Online Idle RPG
2026-10-06 21:06:57,816 - INFO - 🎯 IGDB Match: 'Firestone: Online Idle RPG' (98%)
2026-10-06 21:06:57,821 - INFO - 📅 Fetching Basic Metadata: Oddsparks: An Automation Adventure
2026-10-06 21:06:57,935 - INFO - 🎯 IGDB Match: 'Oddsparks: An Automation Adventure' (100%)
2026-10-06 21:06:57,940 - INFO - 📅 Fetching Basic Metadata: Trash Goblin
2026-10-06 21:06:58,022 - INFO - 🎯 IGDB Match: 'Trash Goblin' (100%)
2026-10-06 21:06:58,027 - INFO - 🏢 Publisher Search: The Telltale Batman Shadows Edition
2026-10-06 21:06:59,437 - INFO - 📅 Fetching Basic Metadata: The Telltale Batman Shadows Edition
2026-10-06 21:06:59,523 - INFO - 🎯 IGDB Match: 'Telltale Batman Shadows Edition' (95%)
2026-10-06 21:06:59,528 - INFO - 🏢 Publisher Search: Sunderfolk - Standard Edition
2026-10-06 21:07:00,956 - INFO - 📅 Fetching Basic Metadata: Sunderfolk - Standard Edition
2026-10-06 21:07:01,076 - INFO - 📅 Fetching Basic Metadata: Down in Bermuda
2026-10-06 21:07:01,163 - INFO - 🎯 IGDB Match: 'Down in Bermuda' (100%)
2026-10-06 21:07:01,168 - INFO - 📅 Fetching Basic Metadata: Tomb Raider I-III Remastered Starring Lara Croft
2026-10-06 21:07:01,255 - INFO - 📅 Fetching Basic Metadata: LONESTAR
2026-10-06 21:07:01,389 - INFO - 🎯 IGDB Match: 'LoneStar' (100%)
2026-10-06 21:07:01,394 - INFO - 📅 Fetching Basic Metadata: Calico
2026-10-06 21:07:01,474 - INFO - 🎯 IGDB Match: 'Calico' (100%)
2026-10-06 21:07:01,480 - INFO - 📅 Fetching Basic Metadata: Rogue Waters
2026-10-06 21:07:01,560 - INFO - 🎯 IGDB Match: 'Rogue Waters' (100%)
2026-10-06 21:07:01,566 - INFO - 📅 Fetching Basic Metadata: The Ouroboros King
2026-10-06 21:07:01,755 - INFO - 🎯 IGDB Match: 'The Ouroboros King' (100%)
2026-10-06 21:07:01,761 - INFO - 🏢 Publisher Search: Warhammer 40K Speed Freeks
2026-10-06 21:07:03,081 - INFO - 📅 Fetching Basic Metadata: I Have No Mouth, and I Must Scream
2026-10-06 21:07:03,164 - INFO - 🎯 IGDB Match: 'I Have No Mouth, and I Must Scream' (100%)
2026-10-06 21:07:03,170 - INFO - 📅 Fetching Basic Metadata: Nova Lands
2026-10-06 21:07:03,257 - INFO - 🎯 IGDB Match: 'Nova Lands' (100%)
2026-10-06 21:07:03,263 - INFO - 📅 Fetching Basic Metadata: Tattoo Tycoon
2026-10-06 21:07:03,344 - INFO - 🎯 IGDB Match: 'Tattoo Tycoon' (100%)
2026-10-06 21:07:03,350 - INFO - 📅 Fetching Basic Metadata: Echo Generation: Midnight Edition
2026-10-06 21:07:03,432 - INFO - 🎯 IGDB Match: 'Echo Generation: Midnight Edition' (100%)
2026-10-06 21:07:03,438 - INFO - 💰 Price Search: Foretales
2026-10-06 21:07:04,546 - WARNING - Price error for Foretales: string indices must be integers, not 'str'
2026-10-06 21:07:04,547 - INFO - 📅 Fetching Basic Metadata: Foretales
2026-10-06 21:07:04,635 - INFO - 🎯 IGDB Match: 'Foretales' (100%)
2026-10-06 21:07:04,641 - INFO - 💰 Price Search: OTXO
2026-10-06 21:07:05,702 - WARNING - Price error for OTXO: string indices must be integers, not 'str'
2026-10-06 21:07:05,703 - INFO - 💰 Price Search: Sol Cesto
2026-10-06 21:07:06,756 - WARNING - Price error for Sol Cesto: string indices must be integers, not 'str'
2026-10-06 21:07:06,757 - INFO - 📅 Fetching Basic Metadata: Sol Cesto
2026-10-06 21:07:06,848 - INFO - 🎯 IGDB Match: 'Sol Cesto' (100%)
2026-10-06 21:07:06,853 - INFO - 💰 Price Search: Beacon Pines
2026-10-06 21:07:07,904 - WARNING - Price error for Beacon Pines: string indices must be integers, not 'str'
2026-10-06 21:07:07,905 - INFO - 💰 Price Search: Caravan SandWitch
2026-10-06 21:07:08,962 - WARNING - Price error for Caravan SandWitch: string indices must be integers, not 'str'
2026-10-06 21:07:08,963 - INFO - 💰 Price Search: Cardpocalypse Standard Edition
2026-10-06 21:07:10,043 - WARNING - Price error for Cardpocalypse Standard Edition: string indices must be integers, not 'str'
2026-10-06 21:07:10,043 - INFO - 🏢 Publisher Search: Cardpocalypse Standard Edition
2026-10-06 21:07:11,403 - INFO - 📅 Fetching Basic Metadata: Cardpocalypse Standard Edition
2026-10-06 21:07:11,533 - INFO - 💰 Price Search: Epic Mage Bundle
2026-10-06 21:07:12,607 - WARNING - Price error for Epic Mage Bundle: string indices must be integers, not 'str'
2026-10-06 21:07:12,607 - INFO - 🏢 Publisher Search: Epic Mage Bundle
2026-10-06 21:07:14,021 - INFO - 📅 Fetching Basic Metadata: Epic Mage Bundle
2026-10-06 21:07:14,105 - INFO - 💰 Price Search: Rival Stars Horse Racing : Desktop Edition
2026-10-06 21:07:15,153 - WARNING - Price error for Rival Stars Horse Racing : Desktop Edition: string indices must be integers, not 'str'
2026-10-06 21:07:15,153 - INFO - 🏢 Publisher Search: Rival Stars Horse Racing : Desktop Edition
2026-10-06 21:07:16,529 - INFO - 📅 Fetching Basic Metadata: Rival Stars Horse Racing : Desktop Edition
2026-10-06 21:07:16,612 - INFO - 🎯 IGDB Match: 'Rival Stars Horse Racing: Desktop Edition' (99%)
2026-10-06 21:07:16,626 - INFO - 💰 Price Search: Alone With You
2026-10-06 21:07:17,677 - WARNING - Price error for Alone With You: string indices must be integers, not 'str'
2026-10-06 21:07:17,678 - INFO - 💰 Price Search: Luftrausers
2026-10-06 21:07:18,733 - WARNING - Price error for Luftrausers: string indices must be integers, not 'str'
2026-10-06 21:07:18,734 - INFO - 💰 Price Search: Astral Ascent
2026-10-06 21:07:19,784 - WARNING - Price error for Astral Ascent: string indices must be integers, not 'str'
2026-10-06 21:07:19,785 - INFO - 💰 Price Search: Mindcop
2026-10-06 21:07:20,838 - WARNING - Price error for Mindcop: string indices must be integers, not 'str'
2026-10-06 21:07:20,839 - INFO - 💰 Price Search: Shogun Showdown
2026-10-06 21:07:21,894 - WARNING - Price error for Shogun Showdown: string indices must be integers, not 'str'
2026-10-06 21:07:21,895 - INFO - 💰 Price Search: Astrea Six Sided Oracles
2026-10-06 21:07:22,948 - WARNING - Price error for Astrea Six Sided Oracles: string indices must be integers, not 'str'
2026-10-06 21:07:22,949 - INFO - 💰 Price Search: Mechabellum
2026-10-06 21:07:24,020 - WARNING - Price error for Mechabellum: string indices must be integers, not 'str'
2026-10-06 21:07:24,021 - INFO - 📅 Fetching Basic Metadata: Mechabellum
2026-10-06 21:07:24,107 - INFO - 🎯 IGDB Match: 'Mechabellum' (100%)
2026-10-06 21:07:24,112 - INFO - 💰 Price Search: System Shock 2: 25th Anniversary Remaster
2026-10-06 21:07:25,164 - WARNING - Price error for System Shock 2: 25th Anniversary Remaster: string indices must be integers, not 'str'
2026-10-06 21:07:25,165 - INFO - 💰 Price Search: BURIED STARS
2026-10-06 21:07:26,228 - WARNING - Price error for BURIED STARS: string indices must be integers, not 'str'
2026-10-06 21:07:26,232 - INFO - 
--- Starting Data Quality Checks ---
2026-10-06 21:07:26,242 - INFO - --- Data Quality Checks Complete ---

2026-10-06 21:07:26,264 - INFO - | Metric | Statistics |
| :--- | :--- |
| 💰 **Total Market Value** | **$13,332.99** |
| 📦 **Total Games Collected** | 709 |
| 🏷️ **Average Retail Price** | $21.81 per game |
| 💎 **Most Expensive Title** | Civilization 6 Platinum Edition ($79.99) |
| 👑 **MVP Publisher** | Bethesda Softworks |
| 🏢 **Value Leaders** | 2K ($579.90), Bethesda Softworks ($544.80), Paradox Interactive ($409.89) |
| 📈 **Inflation-Adjusted Value** | $15,130.23 |
| 🎈 **Inflation Bonus** | **+$1,797.24** in purchasing power |
| 🗓️ **Peak Saving Month** | 🎄 **Seasonality Peak:** December is historically the best month, offering $3,388.17 in savings. |
| ⭐ **Average Score** | 77.0/100 |
| 💳 **Subscription Equivalent** | **$164.47 / mo** |
| 🎯 **Prestige Ratio** | **2.0%** (Strategic Hype) |
| 🏎️ **Lead Time Avg** | 441 Days to Sequel |

2026-10-06 21:07:26,265 - INFO - ✅ README.md updated.
2026-10-06 21:07:26,283 - INFO - Using categorical units to plot a list of strings that are all parsable as floats or dates. If these strings should be plotted as numbers, cast to the appropriate data type before plotting.
2026-10-06 21:07:26,284 - INFO - Using categorical units to plot a list of strings that are all parsable as floats or dates. If these strings should be plotted as numbers, cast to the appropriate data type before plotting.
2026-10-06 21:07:30,765 - INFO - 📈 All charts generated successfully.
