2026-09-19 18:42:53,391 - INFO - Failed to extract font properties from /usr/share/fonts/truetype/noto/NotoColorEmoji.ttf: Non-scalable fonts are not supported
2026-09-19 18:42:53,398 - INFO - generated new fontManager
2026-09-19 18:42:53,727 - INFO - ✅ Migration Successful!
2026-09-19 18:42:54,053 - INFO - No new games found.
2026-09-19 18:42:54,398 - INFO - 🔍 Found 628 games needing metadata. Starting IGDB + Steam + CheapShark enrichment...
2026-09-19 18:42:54,499 - INFO - 📅 Fetching Basic Metadata: LEGO Batman Trilogy
2026-09-19 18:42:54,814 - INFO - 🎯 IGDB Match: 'LEGO Batman Trilogy' (100%)
2026-09-19 18:42:54,832 - INFO - 📅 Fetching Basic Metadata: Antstream
2026-09-19 18:42:54,942 - INFO - 📅 Fetching Basic Metadata: The Drone Racing League Simulator
2026-09-19 18:42:55,031 - INFO - 🎯 IGDB Match: 'The Drone Racing League Simulator' (100%)
2026-09-19 18:42:55,037 - INFO - 📅 Fetching Basic Metadata: Dark Deity
2026-09-19 18:42:55,153 - INFO - 🎯 IGDB Match: 'Dark Deity' (100%)
2026-09-19 18:42:55,158 - INFO - 📅 Fetching Basic Metadata: RPG in a Box
2026-09-19 18:42:55,312 - INFO - 🎯 IGDB Match: 'RPG in a Box' (100%)
2026-09-19 18:42:55,318 - INFO - 📅 Fetching Basic Metadata: Fallout Classic Collection
2026-09-19 18:42:55,401 - INFO - 🎯 IGDB Match: 'Fallout Classic Collection' (100%)
2026-09-19 18:42:55,408 - INFO - 📅 Fetching Basic Metadata: Recipe for Disaster
2026-09-19 18:42:55,491 - INFO - 🎯 IGDB Match: 'Recipe For Disaster' (100%)
2026-09-19 18:42:55,496 - INFO - 📅 Fetching Basic Metadata: World of Warships — Starter Pack: Ishizuchi
2026-09-19 18:42:55,634 - INFO - 🎯 IGDB Match: 'World of Warships: Starter Pack - Ishizuchi' (98%)
2026-09-19 18:42:55,640 - INFO - 📅 Fetching Basic Metadata: Poker Club
2026-09-19 18:42:55,723 - INFO - 🎯 IGDB Match: 'Poker Club' (100%)
2026-09-19 18:42:55,728 - INFO - 📅 Fetching Basic Metadata: The Sims 4 The Daring Lifestyle Bundle
2026-09-19 18:42:55,840 - INFO - 🎯 IGDB Match: 'The Sims 4: The Daring Lifestyle Bundle' (99%)
2026-09-19 18:42:55,847 - INFO - 📅 Fetching Basic Metadata: Dodo Peak
2026-09-19 18:42:55,927 - INFO - 🎯 IGDB Match: 'Dodo Peak' (100%)
2026-09-19 18:42:55,932 - INFO - 📅 Fetching Basic Metadata: Spelldrifter
2026-09-19 18:42:56,013 - INFO - 🎯 IGDB Match: 'Spelldrifter' (100%)
2026-09-19 18:42:56,019 - INFO - 📅 Fetching Basic Metadata: Model Builder
2026-09-19 18:42:56,107 - INFO - 🎯 IGDB Match: 'Model Builder' (100%)
2026-09-19 18:42:56,113 - INFO - 📅 Fetching Basic Metadata: Godlike Burger
2026-09-19 18:42:56,198 - INFO - 🎯 IGDB Match: 'Godlike Burger' (100%)
2026-09-19 18:42:56,203 - INFO - 📅 Fetching Basic Metadata: Q.U.B.E. Ultimate Bundle
2026-09-19 18:42:56,297 - INFO - 🎯 IGDB Match: 'Q.U.B.E. Ultimate Bundle' (100%)
2026-09-19 18:42:56,303 - INFO - 📅 Fetching Basic Metadata: Jitsu Squad
2026-09-19 18:42:56,385 - INFO - 🎯 IGDB Match: 'Jitsu Squad' (100%)
2026-09-19 18:42:56,391 - INFO - 📅 Fetching Basic Metadata: Mighty Fight Federation
2026-09-19 18:42:56,511 - INFO - 🎯 IGDB Match: 'Mighty Fight Federation' (100%)
2026-09-19 18:42:56,519 - INFO - 📅 Fetching Basic Metadata: LOVE
2026-09-19 18:42:56,669 - INFO - 🎯 IGDB Match: 'Love Love Love' (90%)
2026-09-19 18:42:56,675 - INFO - 📅 Fetching Basic Metadata: Call of The Wild: The Angler
2026-09-19 18:42:56,741 - WARNING - IGDB Error for Call of The Wild: The Angler: string indices must be integers, not 'str'
2026-09-19 18:42:56,749 - INFO - 📅 Fetching Basic Metadata: The Falconeer
2026-09-19 18:42:56,817 - WARNING - IGDB Error for The Falconeer: string indices must be integers, not 'str'
2026-09-19 18:42:56,823 - INFO - 📅 Fetching Basic Metadata: Rawmen: Food Fighter Arena
2026-09-19 18:42:56,895 - WARNING - IGDB Error for Rawmen: Food Fighter Arena: string indices must be integers, not 'str'
2026-09-19 18:42:56,900 - INFO - 📅 Fetching Basic Metadata: World of Warships – Starter Pack: Albany
2026-09-19 18:42:56,968 - WARNING - IGDB Error for World of Warships – Starter Pack: Albany: string indices must be integers, not 'str'
2026-09-19 18:42:56,973 - INFO - 📅 Fetching Basic Metadata: Fallout Classic Edition
2026-09-19 18:42:57,042 - WARNING - IGDB Error for Fallout Classic Edition: string indices must be integers, not 'str'
2026-09-19 18:42:57,048 - INFO - 📅 Fetching Basic Metadata: Outliver: Tribulation
2026-09-19 18:42:57,119 - WARNING - IGDB Error for Outliver: Tribulation: string indices must be integers, not 'str'
2026-09-19 18:42:57,126 - INFO - 📅 Fetching Basic Metadata: Bus Simulator 21 Next Stop
2026-09-19 18:42:57,231 - WARNING - IGDB Error for Bus Simulator 21 Next Stop: string indices must be integers, not 'str'
2026-09-19 18:42:57,237 - INFO - 📅 Fetching Basic Metadata: Turmoil
2026-09-19 18:42:57,311 - WARNING - IGDB Error for Turmoil: string indices must be integers, not 'str'
2026-09-19 18:42:57,317 - INFO - 📅 Fetching Basic Metadata: World War Z Aftermath
2026-09-19 18:42:57,385 - WARNING - IGDB Error for World War Z Aftermath: string indices must be integers, not 'str'
2026-09-19 18:42:57,391 - INFO - 📅 Fetching Basic Metadata: World Of Warships – Anniversary Party Flavor
2026-09-19 18:42:57,459 - WARNING - IGDB Error for World Of Warships – Anniversary Party Flavor: string indices must be integers, not 'str'
2026-09-19 18:42:57,465 - INFO - 📅 Fetching Basic Metadata: Neko Ghost, Jump!
2026-09-19 18:42:57,535 - WARNING - IGDB Error for Neko Ghost, Jump!: string indices must be integers, not 'str'
2026-09-19 18:42:57,541 - INFO - 📅 Fetching Basic Metadata: Super Space Club
2026-09-19 18:42:57,609 - WARNING - IGDB Error for Super Space Club: string indices must be integers, not 'str'
2026-09-19 18:42:57,614 - INFO - 📅 Fetching Basic Metadata: Touch Type Tale
2026-09-19 18:42:57,682 - WARNING - IGDB Error for Touch Type Tale: string indices must be integers, not 'str'
2026-09-19 18:42:57,688 - INFO - 📅 Fetching Basic Metadata: Gigapocalypse
2026-09-19 18:42:57,758 - WARNING - IGDB Error for Gigapocalypse: string indices must be integers, not 'str'
2026-09-19 18:42:57,764 - INFO - 📅 Fetching Basic Metadata: Legion TD2
2026-09-19 18:42:57,837 - WARNING - IGDB Error for Legion TD2: string indices must be integers, not 'str'
2026-09-19 18:42:57,844 - INFO - 📅 Fetching Basic Metadata: Nightingale
2026-09-19 18:42:57,913 - WARNING - IGDB Error for Nightingale: string indices must be integers, not 'str'
2026-09-19 18:42:57,920 - INFO - 📅 Fetching Basic Metadata: Godzilla Voxel Wars
2026-09-19 18:42:57,988 - WARNING - IGDB Error for Godzilla Voxel Wars: string indices must be integers, not 'str'
2026-09-19 18:42:57,994 - INFO - 📅 Fetching Basic Metadata: Trine Classic Collection
2026-09-19 18:42:58,111 - INFO - 🎯 IGDB Match: 'Trine Classic Collection' (100%)
2026-09-19 18:42:58,117 - INFO - 📅 Fetching Basic Metadata: Poison Retro Set
2026-09-19 18:42:58,237 - INFO - 🎯 IGDB Match: 'Pixel Gun 3D: Poison Retro Set' (90%)
2026-09-19 18:42:58,242 - INFO - 📅 Fetching Basic Metadata: The Darkside Detective A Fumble in the Dark
2026-09-19 18:42:58,319 - INFO - 🎯 IGDB Match: 'The Darkside Detective: A Fumble in the Dark' (99%)
2026-09-19 18:42:58,325 - INFO - 📅 Fetching Basic Metadata: Return to Ash
2026-09-19 18:42:58,410 - INFO - 🎯 IGDB Match: 'Return to Ash' (100%)
2026-09-19 18:42:58,415 - INFO - 🏢 Publisher Search: STALCRAFT: X Starter Edition
2026-09-19 18:42:59,785 - INFO - 📅 Fetching Basic Metadata: STALCRAFT: X Starter Edition
2026-09-19 18:42:59,868 - INFO - 📅 Fetching Basic Metadata: Boxes: Lost Fragments
2026-09-19 18:42:59,950 - INFO - 🎯 IGDB Match: 'Boxes: Lost Fragments' (100%)
2026-09-19 18:42:59,956 - INFO - 📅 Fetching Basic Metadata: My Night Job
2026-09-19 18:43:00,043 - INFO - 🎯 IGDB Match: 'My Night Job' (100%)
2026-09-19 18:43:00,049 - INFO - 📅 Fetching Basic Metadata: Electrician Simulator
2026-09-19 18:43:00,133 - INFO - 🎯 IGDB Match: 'Electrician Simulator' (100%)
2026-09-19 18:43:00,138 - INFO - 🏢 Publisher Search: World of Warships — Epic Anniversary Tachibana Pack
2026-09-19 18:43:01,493 - INFO - 📅 Fetching Basic Metadata: World of Warships — Epic Anniversary Tachibana Pack
2026-09-19 18:43:01,577 - INFO - 📅 Fetching Basic Metadata: Hyper Echelon
2026-09-19 18:43:01,657 - INFO - 🎯 IGDB Match: 'Hyper Echelon' (100%)
2026-09-19 18:43:01,662 - INFO - 📅 Fetching Basic Metadata: Havendock
2026-09-19 18:43:01,754 - INFO - 🎯 IGDB Match: 'Havendock' (100%)
2026-09-19 18:43:01,760 - INFO - 📅 Fetching Basic Metadata: Clone Drone in the Danger Zone
2026-09-19 18:43:01,838 - INFO - 🎯 IGDB Match: 'Clone Drone in the Danger Zone' (100%)
2026-09-19 18:43:01,843 - INFO - 🏢 Publisher Search: TOMAK: Save the Earth Regeneration
2026-09-19 18:43:03,257 - INFO - 📅 Fetching Basic Metadata: TOMAK: Save the Earth Regeneration
2026-09-19 18:43:03,340 - INFO - 🎯 IGDB Match: 'Tomak: Save the Earth Regeneration' (100%)
2026-09-19 18:43:03,345 - INFO - 📅 Fetching Basic Metadata: Prop Sumo
2026-09-19 18:43:03,424 - INFO - 🎯 IGDB Match: 'Prop Sumo' (100%)
2026-09-19 18:43:03,429 - INFO - 📅 Fetching Basic Metadata: The Stone of Madness
2026-09-19 18:43:03,514 - INFO - 🎯 IGDB Match: 'The Stone of Madness' (100%)
2026-09-19 18:43:03,520 - INFO - 📅 Fetching Basic Metadata: Firestone Online Idle RPG
2026-09-19 18:43:03,601 - INFO - 🎯 IGDB Match: 'Firestone: Online Idle RPG' (98%)
2026-09-19 18:43:03,630 - INFO - 📅 Fetching Basic Metadata: Oddsparks: An Automation Adventure
2026-09-19 18:43:03,712 - INFO - 🎯 IGDB Match: 'Oddsparks: An Automation Adventure' (100%)
2026-09-19 18:43:03,718 - INFO - 📅 Fetching Basic Metadata: Trash Goblin
2026-09-19 18:43:03,795 - INFO - 🎯 IGDB Match: 'Trash Goblin' (100%)
2026-09-19 18:43:03,800 - INFO - 🏢 Publisher Search: The Telltale Batman Shadows Edition
2026-09-19 18:43:05,196 - INFO - 📅 Fetching Basic Metadata: The Telltale Batman Shadows Edition
2026-09-19 18:43:05,287 - INFO - 🎯 IGDB Match: 'Telltale Batman Shadows Edition' (95%)
2026-09-19 18:43:05,292 - INFO - 🏢 Publisher Search: Sunderfolk - Standard Edition
2026-09-19 18:43:06,755 - INFO - 📅 Fetching Basic Metadata: Sunderfolk - Standard Edition
2026-09-19 18:43:06,842 - INFO - 📅 Fetching Basic Metadata: Down in Bermuda
2026-09-19 18:43:06,923 - INFO - 🎯 IGDB Match: 'Down in Bermuda' (100%)
2026-09-19 18:43:06,928 - INFO - 📅 Fetching Basic Metadata: Tomb Raider I-III Remastered Starring Lara Croft
2026-09-19 18:43:07,012 - INFO - 📅 Fetching Basic Metadata: LONESTAR
2026-09-19 18:43:07,121 - INFO - 🎯 IGDB Match: 'LoneStar' (100%)
2026-09-19 18:43:07,127 - INFO - 📅 Fetching Basic Metadata: Calico
2026-09-19 18:43:07,212 - INFO - 🎯 IGDB Match: 'Calico' (100%)
2026-09-19 18:43:07,217 - INFO - 📅 Fetching Basic Metadata: Rogue Waters
2026-09-19 18:43:07,297 - INFO - 🎯 IGDB Match: 'Rogue Waters' (100%)
2026-09-19 18:43:07,302 - INFO - 📅 Fetching Basic Metadata: The Ouroboros King
2026-09-19 18:43:07,396 - INFO - 🎯 IGDB Match: 'The Ouroboros King' (100%)
2026-09-19 18:43:07,401 - INFO - 🏢 Publisher Search: Warhammer 40K Speed Freeks
2026-09-19 18:43:08,823 - INFO - 📅 Fetching Basic Metadata: I Have No Mouth, and I Must Scream
2026-09-19 18:43:08,902 - INFO - 🎯 IGDB Match: 'I Have No Mouth, and I Must Scream' (100%)
2026-09-19 18:43:08,907 - INFO - 📅 Fetching Basic Metadata: Nova Lands
2026-09-19 18:43:08,982 - INFO - 🎯 IGDB Match: 'Nova Lands' (100%)
2026-09-19 18:43:08,988 - INFO - 📅 Fetching Basic Metadata: Tattoo Tycoon
2026-09-19 18:43:09,069 - INFO - 🎯 IGDB Match: 'Tattoo Tycoon' (100%)
2026-09-19 18:43:09,074 - INFO - 📅 Fetching Basic Metadata: Echo Generation: Midnight Edition
2026-09-19 18:43:09,153 - INFO - 🎯 IGDB Match: 'Echo Generation: Midnight Edition' (100%)
2026-09-19 18:43:09,159 - INFO - 💰 Price Search: Foretales
2026-09-19 18:43:10,270 - WARNING - Price error for Foretales: string indices must be integers, not 'str'
2026-09-19 18:43:10,271 - INFO - 📅 Fetching Basic Metadata: Foretales
2026-09-19 18:43:10,421 - INFO - 🎯 IGDB Match: 'Foretales' (100%)
2026-09-19 18:43:10,426 - INFO - 💰 Price Search: OTXO
2026-09-19 18:43:11,488 - WARNING - Price error for OTXO: string indices must be integers, not 'str'
2026-09-19 18:43:11,489 - INFO - 💰 Price Search: Sol Cesto
2026-09-19 18:43:12,542 - WARNING - Price error for Sol Cesto: string indices must be integers, not 'str'
2026-09-19 18:43:12,542 - INFO - 📅 Fetching Basic Metadata: Sol Cesto
2026-09-19 18:43:12,625 - INFO - 🎯 IGDB Match: 'Sol Cesto' (100%)
2026-09-19 18:43:12,630 - INFO - 💰 Price Search: Beacon Pines
2026-09-19 18:43:13,686 - WARNING - Price error for Beacon Pines: string indices must be integers, not 'str'
2026-09-19 18:43:13,687 - INFO - 💰 Price Search: Caravan SandWitch
2026-09-19 18:43:14,747 - WARNING - Price error for Caravan SandWitch: string indices must be integers, not 'str'
2026-09-19 18:43:14,748 - INFO - 💰 Price Search: Cardpocalypse Standard Edition
2026-09-19 18:43:15,805 - WARNING - Price error for Cardpocalypse Standard Edition: string indices must be integers, not 'str'
2026-09-19 18:43:15,805 - INFO - 🏢 Publisher Search: Cardpocalypse Standard Edition
2026-09-19 18:43:17,136 - INFO - 📅 Fetching Basic Metadata: Cardpocalypse Standard Edition
2026-09-19 18:43:17,255 - INFO - 💰 Price Search: Epic Mage Bundle
2026-09-19 18:43:18,328 - WARNING - Price error for Epic Mage Bundle: string indices must be integers, not 'str'
2026-09-19 18:43:18,328 - INFO - 🏢 Publisher Search: Epic Mage Bundle
2026-09-19 18:43:19,717 - INFO - 📅 Fetching Basic Metadata: Epic Mage Bundle
2026-09-19 18:43:19,807 - INFO - 💰 Price Search: Rival Stars Horse Racing : Desktop Edition
2026-09-19 18:43:20,859 - WARNING - Price error for Rival Stars Horse Racing : Desktop Edition: string indices must be integers, not 'str'
2026-09-19 18:43:20,859 - INFO - 🏢 Publisher Search: Rival Stars Horse Racing : Desktop Edition
2026-09-19 18:43:22,212 - INFO - 📅 Fetching Basic Metadata: Rival Stars Horse Racing : Desktop Edition
2026-09-19 18:43:22,293 - INFO - 🎯 IGDB Match: 'Rival Stars Horse Racing: Desktop Edition' (99%)
2026-09-19 18:43:22,299 - INFO - 💰 Price Search: Alone With You
2026-09-19 18:43:23,355 - WARNING - Price error for Alone With You: string indices must be integers, not 'str'
2026-09-19 18:43:23,355 - INFO - 📅 Fetching Basic Metadata: Alone With You
2026-09-19 18:43:23,520 - INFO - 🎯 IGDB Match: 'Alone With You' (100%)
2026-09-19 18:43:23,526 - INFO - 💰 Price Search: Luftrausers
2026-09-19 18:43:24,575 - WARNING - Price error for Luftrausers: string indices must be integers, not 'str'
2026-09-19 18:43:24,576 - INFO - 💰 Price Search: Astral Ascent
2026-09-19 18:43:25,626 - WARNING - Price error for Astral Ascent: string indices must be integers, not 'str'
2026-09-19 18:43:25,627 - INFO - 💰 Price Search: Mindcop
2026-09-19 18:43:26,681 - WARNING - Price error for Mindcop: string indices must be integers, not 'str'
2026-09-19 18:43:26,682 - INFO - 💰 Price Search: Shogun Showdown
2026-09-19 18:43:27,753 - WARNING - Price error for Shogun Showdown: string indices must be integers, not 'str'
2026-09-19 18:43:27,758 - INFO - 
--- Starting Data Quality Checks ---
2026-09-19 18:43:27,768 - INFO - --- Data Quality Checks Complete ---

2026-09-19 18:43:27,791 - INFO - | Metric | Statistics |
| :--- | :--- |
| 💰 **Total Market Value** | **$13,332.99** |
| 📦 **Total Games Collected** | 705 |
| 🏷️ **Average Retail Price** | $21.93 per game |
| 💎 **Most Expensive Title** | Civilization 6 Platinum Edition ($79.99) |
| 👑 **MVP Publisher** | Bethesda Softworks |
| 🏢 **Value Leaders** | 2K ($579.90), Bethesda Softworks ($544.80), Paradox Interactive ($409.89) |
| 📈 **Inflation-Adjusted Value** | $15,130.23 |
| 🎈 **Inflation Bonus** | **+$1,797.24** in purchasing power |
| 🗓️ **Peak Saving Month** | 🎄 **Seasonality Peak:** December is historically the best month, offering $3,388.17 in savings. |
| ⭐ **Average Score** | 76.9/100 |
| 💳 **Subscription Equivalent** | **$166.24 / mo** |
| 🎯 **Prestige Ratio** | **2.0%** (Strategic Hype) |
| 🏎️ **Lead Time Avg** | 441 Days to Sequel |

2026-09-19 18:43:27,791 - INFO - ✅ README.md updated.
2026-09-19 18:43:27,809 - INFO - Using categorical units to plot a list of strings that are all parsable as floats or dates. If these strings should be plotted as numbers, cast to the appropriate data type before plotting.
2026-09-19 18:43:27,810 - INFO - Using categorical units to plot a list of strings that are all parsable as floats or dates. If these strings should be plotted as numbers, cast to the appropriate data type before plotting.
2026-09-19 18:43:32,332 - INFO - 📈 All charts generated successfully.
