2026-09-12 18:35:26,671 - INFO - Failed to extract font properties from /usr/share/fonts/truetype/noto/NotoColorEmoji.ttf: Non-scalable fonts are not supported
2026-09-12 18:35:27,355 - INFO - generated new fontManager
2026-09-12 18:35:28,005 - INFO - ✅ Migration Successful!
2026-09-12 18:35:28,252 - INFO - No new games found.
2026-09-12 18:35:28,625 - INFO - 🔍 Found 626 games needing metadata. Starting IGDB + Steam + CheapShark enrichment...
2026-09-12 18:35:28,980 - INFO - 📅 Fetching Basic Metadata: LEGO Batman Trilogy
2026-09-12 18:35:29,342 - INFO - 🎯 IGDB Match: 'LEGO Batman Trilogy' (100%)
2026-09-12 18:35:29,392 - INFO - 📅 Fetching Basic Metadata: Antstream
2026-09-12 18:35:29,656 - INFO - 📅 Fetching Basic Metadata: The Drone Racing League Simulator
2026-09-12 18:35:29,843 - INFO - 🎯 IGDB Match: 'The Drone Racing League Simulator' (100%)
2026-09-12 18:35:29,870 - INFO - 📅 Fetching Basic Metadata: Dark Deity
2026-09-12 18:35:30,020 - INFO - 🎯 IGDB Match: 'Dark Deity' (100%)
2026-09-12 18:35:30,046 - INFO - 📅 Fetching Basic Metadata: RPG in a Box
2026-09-12 18:35:30,206 - INFO - 🎯 IGDB Match: 'RPG in a Box' (100%)
2026-09-12 18:35:30,213 - INFO - 📅 Fetching Basic Metadata: Fallout Classic Collection
2026-09-12 18:35:30,420 - INFO - 🎯 IGDB Match: 'Fallout Classic Collection' (100%)
2026-09-12 18:35:30,427 - INFO - 📅 Fetching Basic Metadata: Recipe for Disaster
2026-09-12 18:35:30,643 - INFO - 🎯 IGDB Match: 'Recipe For Disaster' (100%)
2026-09-12 18:35:30,650 - INFO - 📅 Fetching Basic Metadata: World of Warships — Starter Pack: Ishizuchi
2026-09-12 18:35:30,893 - INFO - 🎯 IGDB Match: 'World of Warships: Starter Pack - Ishizuchi' (98%)
2026-09-12 18:35:30,899 - INFO - 📅 Fetching Basic Metadata: Poker Club
2026-09-12 18:35:31,088 - INFO - 🎯 IGDB Match: 'Poker Club' (100%)
2026-09-12 18:35:31,094 - INFO - 📅 Fetching Basic Metadata: The Sims 4 The Daring Lifestyle Bundle
2026-09-12 18:35:31,242 - INFO - 🎯 IGDB Match: 'The Sims 4: The Daring Lifestyle Bundle' (99%)
2026-09-12 18:35:31,249 - INFO - 📅 Fetching Basic Metadata: Dodo Peak
2026-09-12 18:35:31,391 - INFO - 🎯 IGDB Match: 'Dodo Peak' (100%)
2026-09-12 18:35:31,397 - INFO - 📅 Fetching Basic Metadata: Spelldrifter
2026-09-12 18:35:31,546 - INFO - 🎯 IGDB Match: 'Spelldrifter' (100%)
2026-09-12 18:35:31,552 - INFO - 📅 Fetching Basic Metadata: Model Builder
2026-09-12 18:35:31,691 - INFO - 🎯 IGDB Match: 'Model Builder' (100%)
2026-09-12 18:35:31,697 - INFO - 📅 Fetching Basic Metadata: Godlike Burger
2026-09-12 18:35:31,916 - INFO - 🎯 IGDB Match: 'Godlike Burger' (100%)
2026-09-12 18:35:31,922 - INFO - 📅 Fetching Basic Metadata: Q.U.B.E. Ultimate Bundle
2026-09-12 18:35:32,066 - INFO - 🎯 IGDB Match: 'Q.U.B.E. Ultimate Bundle' (100%)
2026-09-12 18:35:32,073 - INFO - 📅 Fetching Basic Metadata: Jitsu Squad
2026-09-12 18:35:32,295 - INFO - 🎯 IGDB Match: 'Jitsu Squad' (100%)
2026-09-12 18:35:32,300 - INFO - 📅 Fetching Basic Metadata: Mighty Fight Federation
2026-09-12 18:35:32,443 - INFO - 🎯 IGDB Match: 'Mighty Fight Federation' (100%)
2026-09-12 18:35:32,452 - INFO - 📅 Fetching Basic Metadata: LOVE
2026-09-12 18:35:32,625 - INFO - 🎯 IGDB Match: 'Love Love Love' (90%)
2026-09-12 18:35:32,632 - INFO - 📅 Fetching Basic Metadata: Call of The Wild: The Angler
2026-09-12 18:35:32,811 - INFO - 🎯 IGDB Match: 'Call of the Wild: The Angler' (100%)
2026-09-12 18:35:32,819 - INFO - 📅 Fetching Basic Metadata: The Falconeer
2026-09-12 18:35:32,968 - INFO - 🎯 IGDB Match: 'The Falconeer: The Hunter' (90%)
2026-09-12 18:35:32,975 - INFO - 📅 Fetching Basic Metadata: Rawmen: Food Fighter Arena
2026-09-12 18:35:33,114 - INFO - 🎯 IGDB Match: 'Rawmen' (90%)
2026-09-12 18:35:33,120 - INFO - 📅 Fetching Basic Metadata: World of Warships – Starter Pack: Albany
2026-09-12 18:35:33,344 - INFO - 📅 Fetching Basic Metadata: Fallout Classic Edition
2026-09-12 18:35:33,616 - INFO - 📅 Fetching Basic Metadata: Outliver: Tribulation
2026-09-12 18:35:33,844 - INFO - 🎯 IGDB Match: 'Outliver: Tribulation' (100%)
2026-09-12 18:35:33,851 - INFO - 📅 Fetching Basic Metadata: Bus Simulator 21 Next Stop
2026-09-12 18:35:34,006 - INFO - 🎯 IGDB Match: 'Bus Simulator 21: Next Stop' (98%)
2026-09-12 18:35:34,014 - INFO - 📅 Fetching Basic Metadata: Turmoil
2026-09-12 18:35:34,160 - INFO - 🎯 IGDB Match: 'Turmoil' (100%)
2026-09-12 18:35:34,166 - INFO - 📅 Fetching Basic Metadata: World War Z Aftermath
2026-09-12 18:35:34,331 - INFO - 🎯 IGDB Match: 'World War Z: Aftermath' (98%)
2026-09-12 18:35:34,337 - INFO - 📅 Fetching Basic Metadata: World Of Warships – Anniversary Party Flavor
2026-09-12 18:35:34,495 - INFO - 📅 Fetching Basic Metadata: Neko Ghost, Jump!
2026-09-12 18:35:34,643 - INFO - 🎯 IGDB Match: 'Neko Ghost, Jump!' (100%)
2026-09-12 18:35:34,649 - INFO - 📅 Fetching Basic Metadata: Super Space Club
2026-09-12 18:35:34,801 - INFO - 🎯 IGDB Match: 'Super Space Club' (100%)
2026-09-12 18:35:34,843 - INFO - 📅 Fetching Basic Metadata: Touch Type Tale
2026-09-12 18:35:34,999 - INFO - 🎯 IGDB Match: 'Touch Type Tale' (100%)
2026-09-12 18:35:35,005 - INFO - 📅 Fetching Basic Metadata: Gigapocalypse
2026-09-12 18:35:35,144 - INFO - 🎯 IGDB Match: 'Gigapocalypse' (100%)
2026-09-12 18:35:35,151 - INFO - 📅 Fetching Basic Metadata: Legion TD2
2026-09-12 18:35:35,319 - INFO - 📅 Fetching Basic Metadata: Nightingale
2026-09-12 18:35:35,487 - INFO - 🎯 IGDB Match: 'Nightingale' (100%)
2026-09-12 18:35:35,494 - INFO - 📅 Fetching Basic Metadata: Godzilla Voxel Wars
2026-09-12 18:35:35,703 - INFO - 🎯 IGDB Match: 'Godzilla Voxel Wars' (100%)
2026-09-12 18:35:35,710 - INFO - 📅 Fetching Basic Metadata: Trine Classic Collection
2026-09-12 18:35:35,851 - INFO - 🎯 IGDB Match: 'Trine Classic Collection' (100%)
2026-09-12 18:35:35,858 - INFO - 📅 Fetching Basic Metadata: Poison Retro Set
2026-09-12 18:35:36,010 - INFO - 🎯 IGDB Match: 'Pixel Gun 3D: Poison Retro Set' (90%)
2026-09-12 18:35:36,016 - INFO - 📅 Fetching Basic Metadata: The Darkside Detective A Fumble in the Dark
2026-09-12 18:35:36,148 - WARNING - IGDB Error for The Darkside Detective A Fumble in the Dark: string indices must be integers, not 'str'
2026-09-12 18:35:36,154 - INFO - 📅 Fetching Basic Metadata: Return to Ash
2026-09-12 18:35:36,300 - INFO - 🎯 IGDB Match: 'Return to Ash' (100%)
2026-09-12 18:35:36,305 - INFO - 🏢 Publisher Search: STALCRAFT: X Starter Edition
2026-09-12 18:35:37,774 - INFO - 📅 Fetching Basic Metadata: STALCRAFT: X Starter Edition
2026-09-12 18:35:37,923 - INFO - 📅 Fetching Basic Metadata: Boxes: Lost Fragments
2026-09-12 18:35:38,129 - INFO - 🎯 IGDB Match: 'Boxes: Lost Fragments' (100%)
2026-09-12 18:35:38,135 - INFO - 📅 Fetching Basic Metadata: My Night Job
2026-09-12 18:35:38,279 - INFO - 🎯 IGDB Match: 'My Night Job' (100%)
2026-09-12 18:35:38,286 - INFO - 📅 Fetching Basic Metadata: Electrician Simulator
2026-09-12 18:35:38,442 - INFO - 🎯 IGDB Match: 'Electrician Simulator' (100%)
2026-09-12 18:35:38,448 - INFO - 🏢 Publisher Search: World of Warships — Epic Anniversary Tachibana Pack
2026-09-12 18:35:39,845 - INFO - 📅 Fetching Basic Metadata: World of Warships — Epic Anniversary Tachibana Pack
2026-09-12 18:35:40,001 - INFO - 📅 Fetching Basic Metadata: Hyper Echelon
2026-09-12 18:35:40,220 - INFO - 🎯 IGDB Match: 'Hyper Echelon' (100%)
2026-09-12 18:35:40,226 - INFO - 📅 Fetching Basic Metadata: Havendock
2026-09-12 18:35:40,378 - INFO - 🎯 IGDB Match: 'Havendock' (100%)
2026-09-12 18:35:40,383 - INFO - 📅 Fetching Basic Metadata: Clone Drone in the Danger Zone
2026-09-12 18:35:40,718 - INFO - 🎯 IGDB Match: 'Clone Drone in the Danger Zone' (100%)
2026-09-12 18:35:40,724 - INFO - 🏢 Publisher Search: TOMAK: Save the Earth Regeneration
2026-09-12 18:35:42,144 - INFO - 📅 Fetching Basic Metadata: TOMAK: Save the Earth Regeneration
2026-09-12 18:35:42,360 - INFO - 🎯 IGDB Match: 'Tomak: Save the Earth Regeneration' (100%)
2026-09-12 18:35:42,366 - INFO - 📅 Fetching Basic Metadata: Prop Sumo
2026-09-12 18:35:42,502 - INFO - 🎯 IGDB Match: 'Prop Sumo' (100%)
2026-09-12 18:35:42,508 - INFO - 📅 Fetching Basic Metadata: The Stone of Madness
2026-09-12 18:35:42,665 - INFO - 🎯 IGDB Match: 'The Stone of Madness' (100%)
2026-09-12 18:35:42,671 - INFO - 📅 Fetching Basic Metadata: Firestone Online Idle RPG
2026-09-12 18:35:42,833 - INFO - 🎯 IGDB Match: 'Firestone: Online Idle RPG' (98%)
2026-09-12 18:35:42,839 - INFO - 📅 Fetching Basic Metadata: Oddsparks: An Automation Adventure
2026-09-12 18:35:42,992 - INFO - 🎯 IGDB Match: 'Oddsparks: An Automation Adventure' (100%)
2026-09-12 18:35:42,998 - INFO - 📅 Fetching Basic Metadata: Trash Goblin
2026-09-12 18:35:43,142 - INFO - 🎯 IGDB Match: 'Trash Goblin' (100%)
2026-09-12 18:35:43,148 - INFO - 🏢 Publisher Search: The Telltale Batman Shadows Edition
2026-09-12 18:35:44,547 - INFO - 📅 Fetching Basic Metadata: The Telltale Batman Shadows Edition
2026-09-12 18:35:44,714 - INFO - 🎯 IGDB Match: 'Telltale Batman Shadows Edition' (95%)
2026-09-12 18:35:44,720 - INFO - 🏢 Publisher Search: Sunderfolk - Standard Edition
2026-09-12 18:35:46,083 - INFO - 📅 Fetching Basic Metadata: Sunderfolk - Standard Edition
2026-09-12 18:35:46,246 - INFO - 📅 Fetching Basic Metadata: Down in Bermuda
2026-09-12 18:35:46,385 - INFO - 🎯 IGDB Match: 'Down in Bermuda' (100%)
2026-09-12 18:35:46,391 - INFO - 📅 Fetching Basic Metadata: Tomb Raider I-III Remastered Starring Lara Croft
2026-09-12 18:35:46,545 - INFO - 📅 Fetching Basic Metadata: LONESTAR
2026-09-12 18:35:46,692 - INFO - 🎯 IGDB Match: 'LoneStar' (100%)
2026-09-12 18:35:46,698 - INFO - 📅 Fetching Basic Metadata: Calico
2026-09-12 18:35:46,870 - INFO - 🎯 IGDB Match: 'Calico' (100%)
2026-09-12 18:35:46,876 - INFO - 📅 Fetching Basic Metadata: Rogue Waters
2026-09-12 18:35:47,021 - INFO - 🎯 IGDB Match: 'Rogue Waters' (100%)
2026-09-12 18:35:47,027 - INFO - 📅 Fetching Basic Metadata: The Ouroboros King
2026-09-12 18:35:47,176 - INFO - 🎯 IGDB Match: 'The Ouroboros King' (100%)
2026-09-12 18:35:47,182 - INFO - 🏢 Publisher Search: Warhammer 40K Speed Freeks
2026-09-12 18:35:48,581 - INFO - 📅 Fetching Basic Metadata: I Have No Mouth, and I Must Scream
2026-09-12 18:35:48,737 - INFO - 🎯 IGDB Match: 'I Have No Mouth, and I Must Scream' (100%)
2026-09-12 18:35:48,743 - INFO - 📅 Fetching Basic Metadata: Nova Lands
2026-09-12 18:35:48,887 - INFO - 🎯 IGDB Match: 'Nova Lands' (100%)
2026-09-12 18:35:48,893 - INFO - 📅 Fetching Basic Metadata: Tattoo Tycoon
2026-09-12 18:35:49,029 - INFO - 🎯 IGDB Match: 'Tattoo Tycoon' (100%)
2026-09-12 18:35:49,035 - INFO - 📅 Fetching Basic Metadata: Echo Generation: Midnight Edition
2026-09-12 18:35:49,193 - INFO - 🎯 IGDB Match: 'Echo Generation: Midnight Edition' (100%)
2026-09-12 18:35:49,199 - INFO - 💰 Price Search: Foretales
2026-09-12 18:35:50,355 - WARNING - Price error for Foretales: string indices must be integers, not 'str'
2026-09-12 18:35:50,355 - INFO - 📅 Fetching Basic Metadata: Foretales
2026-09-12 18:35:50,497 - INFO - 🎯 IGDB Match: 'Foretales' (100%)
2026-09-12 18:35:50,503 - INFO - 💰 Price Search: OTXO
2026-09-12 18:35:51,591 - WARNING - Price error for OTXO: string indices must be integers, not 'str'
2026-09-12 18:35:51,592 - INFO - 💰 Price Search: Sol Cesto
2026-09-12 18:35:52,688 - WARNING - Price error for Sol Cesto: string indices must be integers, not 'str'
2026-09-12 18:35:52,688 - INFO - 📅 Fetching Basic Metadata: Sol Cesto
2026-09-12 18:35:52,832 - INFO - 🎯 IGDB Match: 'Sol Cesto' (100%)
2026-09-12 18:35:52,838 - INFO - 💰 Price Search: Beacon Pines
2026-09-12 18:35:53,930 - WARNING - Price error for Beacon Pines: string indices must be integers, not 'str'
2026-09-12 18:35:53,931 - INFO - 💰 Price Search: Caravan SandWitch
2026-09-12 18:35:55,021 - WARNING - Price error for Caravan SandWitch: string indices must be integers, not 'str'
2026-09-12 18:35:55,023 - INFO - 💰 Price Search: Cardpocalypse Standard Edition
2026-09-12 18:35:56,126 - WARNING - Price error for Cardpocalypse Standard Edition: string indices must be integers, not 'str'
2026-09-12 18:35:56,127 - INFO - 🏢 Publisher Search: Cardpocalypse Standard Edition
2026-09-12 18:35:57,517 - INFO - 📅 Fetching Basic Metadata: Cardpocalypse Standard Edition
2026-09-12 18:35:57,670 - INFO - 💰 Price Search: Epic Mage Bundle
2026-09-12 18:35:58,753 - WARNING - Price error for Epic Mage Bundle: string indices must be integers, not 'str'
2026-09-12 18:35:58,753 - INFO - 🏢 Publisher Search: Epic Mage Bundle
2026-09-12 18:36:00,124 - INFO - 📅 Fetching Basic Metadata: Epic Mage Bundle
2026-09-12 18:36:00,352 - INFO - 💰 Price Search: Rival Stars Horse Racing : Desktop Edition
2026-09-12 18:36:01,446 - WARNING - Price error for Rival Stars Horse Racing : Desktop Edition: string indices must be integers, not 'str'
2026-09-12 18:36:01,446 - INFO - 🏢 Publisher Search: Rival Stars Horse Racing : Desktop Edition
2026-09-12 18:36:02,820 - INFO - 📅 Fetching Basic Metadata: Rival Stars Horse Racing : Desktop Edition
2026-09-12 18:36:03,032 - INFO - 🎯 IGDB Match: 'Rival Stars Horse Racing: Desktop Edition' (99%)
2026-09-12 18:36:03,038 - INFO - 💰 Price Search: Alone With You
2026-09-12 18:36:04,133 - WARNING - Price error for Alone With You: string indices must be integers, not 'str'
2026-09-12 18:36:04,133 - INFO - 📅 Fetching Basic Metadata: Alone With You
2026-09-12 18:36:04,283 - INFO - 🎯 IGDB Match: 'Alone With You' (100%)
2026-09-12 18:36:04,290 - INFO - 💰 Price Search: Luftrausers
2026-09-12 18:36:05,380 - WARNING - Price error for Luftrausers: string indices must be integers, not 'str'
2026-09-12 18:36:05,381 - INFO - 💰 Price Search: Astral Ascent
2026-09-12 18:36:06,465 - WARNING - Price error for Astral Ascent: string indices must be integers, not 'str'
2026-09-12 18:36:06,471 - INFO - 
--- Starting Data Quality Checks ---
2026-09-12 18:36:06,483 - INFO - --- Data Quality Checks Complete ---

2026-09-12 18:36:06,511 - INFO - | Metric | Statistics |
| :--- | :--- |
| 💰 **Total Market Value** | **$13,332.99** |
| 📦 **Total Games Collected** | 703 |
| 🏷️ **Average Retail Price** | $21.99 per game |
| 💎 **Most Expensive Title** | Civilization 6 Platinum Edition ($79.99) |
| 👑 **MVP Publisher** | Bethesda Softworks |
| 🏢 **Value Leaders** | 2K ($579.90), Bethesda Softworks ($544.80), Paradox Interactive ($409.89) |
| 📈 **Inflation-Adjusted Value** | $15,130.23 |
| 🎈 **Inflation Bonus** | **+$1,797.24** in purchasing power |
| 🗓️ **Peak Saving Month** | 🎄 **Seasonality Peak:** December is historically the best month, offering $3,388.17 in savings. |
| ⭐ **Average Score** | 76.9/100 |
| 💳 **Subscription Equivalent** | **$166.24 / mo** |
| 🎯 **Prestige Ratio** | **2.0%** (Strategic Hype) |
| 🏎️ **Lead Time Avg** | 441 Days to Sequel |

2026-09-12 18:36:06,512 - INFO - ✅ README.md updated.
2026-09-12 18:36:06,534 - INFO - Using categorical units to plot a list of strings that are all parsable as floats or dates. If these strings should be plotted as numbers, cast to the appropriate data type before plotting.
2026-09-12 18:36:06,535 - INFO - Using categorical units to plot a list of strings that are all parsable as floats or dates. If these strings should be plotted as numbers, cast to the appropriate data type before plotting.
2026-09-12 18:36:11,659 - INFO - 📈 All charts generated successfully.
