2026-08-09 17:04:09,748 - INFO - Failed to extract font properties from /usr/share/fonts/truetype/noto/NotoColorEmoji.ttf: Non-scalable fonts are not supported
2026-08-09 17:04:10,387 - INFO - generated new fontManager
2026-08-09 17:04:10,951 - INFO - ✅ Migration Successful!
2026-08-09 17:04:11,254 - INFO - No new games found.
2026-08-09 17:04:11,781 - INFO - 🔍 Found 618 games needing metadata. Starting IGDB + Steam + CheapShark enrichment...
2026-08-09 17:04:12,009 - INFO - 📅 Fetching Basic Metadata: LEGO Batman Trilogy
2026-08-09 17:04:12,309 - INFO - 🎯 IGDB Match: 'LEGO Batman Trilogy' (100%)
2026-08-09 17:04:12,338 - INFO - 📅 Fetching Basic Metadata: Antstream
2026-08-09 17:04:12,511 - INFO - 📅 Fetching Basic Metadata: The Drone Racing League Simulator
2026-08-09 17:04:12,712 - INFO - 🎯 IGDB Match: 'The Drone Racing League Simulator' (100%)
2026-08-09 17:04:12,720 - INFO - 📅 Fetching Basic Metadata: Dark Deity
2026-08-09 17:04:12,969 - INFO - 🎯 IGDB Match: 'Dark Deity' (100%)
2026-08-09 17:04:12,976 - INFO - 📅 Fetching Basic Metadata: RPG in a Box
2026-08-09 17:04:13,190 - INFO - 🎯 IGDB Match: 'RPG in a Box' (100%)
2026-08-09 17:04:13,198 - INFO - 📅 Fetching Basic Metadata: Fallout Classic Collection
2026-08-09 17:04:13,355 - INFO - 🎯 IGDB Match: 'Fallout Classic Collection' (100%)
2026-08-09 17:04:13,364 - INFO - 📅 Fetching Basic Metadata: Recipe for Disaster
2026-08-09 17:04:13,661 - INFO - 🎯 IGDB Match: 'Recipe For Disaster' (100%)
2026-08-09 17:04:13,668 - INFO - 📅 Fetching Basic Metadata: World of Warships — Starter Pack: Ishizuchi
2026-08-09 17:04:13,819 - INFO - 🎯 IGDB Match: 'World of Warships: Starter Pack - Ishizuchi' (98%)
2026-08-09 17:04:13,827 - INFO - 📅 Fetching Basic Metadata: Poker Club
2026-08-09 17:04:13,988 - INFO - 🎯 IGDB Match: 'Poker Club' (100%)
2026-08-09 17:04:13,995 - INFO - 📅 Fetching Basic Metadata: The Sims 4 The Daring Lifestyle Bundle
2026-08-09 17:04:14,298 - INFO - 🎯 IGDB Match: 'The Sims 4: The Daring Lifestyle Bundle' (99%)
2026-08-09 17:04:14,307 - INFO - 📅 Fetching Basic Metadata: Dodo Peak
2026-08-09 17:04:14,490 - INFO - 🎯 IGDB Match: 'Dodo Peak' (100%)
2026-08-09 17:04:14,497 - INFO - 📅 Fetching Basic Metadata: Spelldrifter
2026-08-09 17:04:14,676 - INFO - 🎯 IGDB Match: 'Spelldrifter' (100%)
2026-08-09 17:04:14,682 - INFO - 📅 Fetching Basic Metadata: Model Builder
2026-08-09 17:04:14,836 - INFO - 🎯 IGDB Match: 'Model Builder' (100%)
2026-08-09 17:04:14,843 - INFO - 📅 Fetching Basic Metadata: Godlike Burger
2026-08-09 17:04:14,999 - INFO - 🎯 IGDB Match: 'Godlike Burger' (100%)
2026-08-09 17:04:15,005 - INFO - 📅 Fetching Basic Metadata: Q.U.B.E. Ultimate Bundle
2026-08-09 17:04:15,296 - INFO - 🎯 IGDB Match: 'Q.U.B.E. Ultimate Bundle' (100%)
2026-08-09 17:04:15,304 - INFO - 📅 Fetching Basic Metadata: Jitsu Squad
2026-08-09 17:04:15,452 - INFO - 🎯 IGDB Match: 'Jitsu Squad' (100%)
2026-08-09 17:04:15,458 - INFO - 📅 Fetching Basic Metadata: Mighty Fight Federation
2026-08-09 17:04:15,647 - INFO - 🎯 IGDB Match: 'Mighty Fight Federation' (100%)
2026-08-09 17:04:15,657 - INFO - 📅 Fetching Basic Metadata: LOVE
2026-08-09 17:04:15,858 - INFO - 🎯 IGDB Match: 'Love Love Love' (90%)
2026-08-09 17:04:15,866 - INFO - 📅 Fetching Basic Metadata: Call of The Wild: The Angler
2026-08-09 17:04:16,085 - INFO - 🎯 IGDB Match: 'Call of the Wild: The Angler' (100%)
2026-08-09 17:04:16,094 - INFO - 📅 Fetching Basic Metadata: The Falconeer
2026-08-09 17:04:16,267 - INFO - 🎯 IGDB Match: 'The Falconeer: The Hunter' (90%)
2026-08-09 17:04:16,275 - INFO - 📅 Fetching Basic Metadata: Rawmen: Food Fighter Arena
2026-08-09 17:04:16,434 - INFO - 🎯 IGDB Match: 'Rawmen' (90%)
2026-08-09 17:04:16,441 - INFO - 📅 Fetching Basic Metadata: World of Warships – Starter Pack: Albany
2026-08-09 17:04:16,618 - INFO - 📅 Fetching Basic Metadata: Fallout Classic Edition
2026-08-09 17:04:16,801 - INFO - 📅 Fetching Basic Metadata: Outliver: Tribulation
2026-08-09 17:04:16,946 - INFO - 🎯 IGDB Match: 'Outliver: Tribulation' (100%)
2026-08-09 17:04:16,954 - INFO - 📅 Fetching Basic Metadata: Bus Simulator 21 Next Stop
2026-08-09 17:04:17,116 - INFO - 🎯 IGDB Match: 'Bus Simulator 21: Next Stop' (98%)
2026-08-09 17:04:17,125 - INFO - 📅 Fetching Basic Metadata: Turmoil
2026-08-09 17:04:17,285 - INFO - 🎯 IGDB Match: 'Turmoil' (100%)
2026-08-09 17:04:17,293 - INFO - 📅 Fetching Basic Metadata: World War Z Aftermath
2026-08-09 17:04:17,640 - INFO - 🎯 IGDB Match: 'World War Z: Aftermath' (98%)
2026-08-09 17:04:17,647 - INFO - 📅 Fetching Basic Metadata: World Of Warships – Anniversary Party Flavor
2026-08-09 17:04:17,820 - INFO - 📅 Fetching Basic Metadata: Neko Ghost, Jump!
2026-08-09 17:04:18,128 - INFO - 🎯 IGDB Match: 'Neko Ghost, Jump!' (100%)
2026-08-09 17:04:18,135 - INFO - 📅 Fetching Basic Metadata: Super Space Club
2026-08-09 17:04:18,286 - INFO - 🎯 IGDB Match: 'Super Space Club' (100%)
2026-08-09 17:04:18,293 - INFO - 📅 Fetching Basic Metadata: Touch Type Tale
2026-08-09 17:04:18,444 - INFO - 🎯 IGDB Match: 'Touch Type Tale' (100%)
2026-08-09 17:04:18,451 - INFO - 📅 Fetching Basic Metadata: Gigapocalypse
2026-08-09 17:04:18,615 - INFO - 🎯 IGDB Match: 'Gigapocalypse' (100%)
2026-08-09 17:04:18,624 - INFO - 📅 Fetching Basic Metadata: Legion TD2
2026-08-09 17:04:18,801 - INFO - 📅 Fetching Basic Metadata: Nightingale
2026-08-09 17:04:18,958 - INFO - 🎯 IGDB Match: 'Nightingale' (100%)
2026-08-09 17:04:18,966 - INFO - 📅 Fetching Basic Metadata: Godzilla Voxel Wars
2026-08-09 17:04:19,236 - WARNING - IGDB Error for Godzilla Voxel Wars: string indices must be integers, not 'str'
2026-08-09 17:04:19,245 - INFO - 📅 Fetching Basic Metadata: Trine Classic Collection
2026-08-09 17:04:19,527 - INFO - 🎯 IGDB Match: 'Trine Classic Collection' (100%)
2026-08-09 17:04:19,535 - INFO - 📅 Fetching Basic Metadata: Poison Retro Set
2026-08-09 17:04:19,690 - INFO - 🎯 IGDB Match: 'Pixel Gun 3D: Poison Retro Set' (90%)
2026-08-09 17:04:19,697 - INFO - 📅 Fetching Basic Metadata: The Darkside Detective A Fumble in the Dark
2026-08-09 17:04:19,853 - INFO - 🎯 IGDB Match: 'The Darkside Detective: A Fumble in the Dark' (99%)
2026-08-09 17:04:19,859 - INFO - 📅 Fetching Basic Metadata: Return to Ash
2026-08-09 17:04:20,017 - INFO - 🎯 IGDB Match: 'Return to Ash' (100%)
2026-08-09 17:04:20,023 - INFO - 🏢 Publisher Search: STALCRAFT: X Starter Edition
2026-08-09 17:04:21,337 - INFO - 📅 Fetching Basic Metadata: STALCRAFT: X Starter Edition
2026-08-09 17:04:21,497 - INFO - 📅 Fetching Basic Metadata: Boxes: Lost Fragments
2026-08-09 17:04:21,649 - INFO - 🎯 IGDB Match: 'Boxes: Lost Fragments' (100%)
2026-08-09 17:04:21,656 - INFO - 📅 Fetching Basic Metadata: My Night Job
2026-08-09 17:04:21,806 - INFO - 🎯 IGDB Match: 'My Night Job' (100%)
2026-08-09 17:04:21,813 - INFO - 📅 Fetching Basic Metadata: Electrician Simulator
2026-08-09 17:04:21,983 - INFO - 🎯 IGDB Match: 'Electrician Simulator' (100%)
2026-08-09 17:04:21,989 - INFO - 🏢 Publisher Search: World of Warships — Epic Anniversary Tachibana Pack
2026-08-09 17:04:23,309 - INFO - 📅 Fetching Basic Metadata: World of Warships — Epic Anniversary Tachibana Pack
2026-08-09 17:04:23,491 - INFO - 📅 Fetching Basic Metadata: Hyper Echelon
2026-08-09 17:04:23,666 - INFO - 🎯 IGDB Match: 'Hyper Echelon' (100%)
2026-08-09 17:04:23,673 - INFO - 📅 Fetching Basic Metadata: Havendock
2026-08-09 17:04:23,826 - INFO - 🎯 IGDB Match: 'Havendock' (100%)
2026-08-09 17:04:23,833 - INFO - 📅 Fetching Basic Metadata: Clone Drone in the Danger Zone
2026-08-09 17:04:24,008 - INFO - 🎯 IGDB Match: 'Clone Drone in the Danger Zone' (100%)
2026-08-09 17:04:24,015 - INFO - 🏢 Publisher Search: TOMAK: Save the Earth Regeneration
2026-08-09 17:04:25,313 - INFO - 📅 Fetching Basic Metadata: TOMAK: Save the Earth Regeneration
2026-08-09 17:04:25,475 - INFO - 🎯 IGDB Match: 'Tomak: Save the Earth Regeneration' (100%)
2026-08-09 17:04:25,482 - INFO - 📅 Fetching Basic Metadata: Prop Sumo
2026-08-09 17:04:25,760 - INFO - 🎯 IGDB Match: 'Prop Sumo' (100%)
2026-08-09 17:04:25,767 - INFO - 📅 Fetching Basic Metadata: The Stone of Madness
2026-08-09 17:04:25,946 - INFO - 🎯 IGDB Match: 'The Stone of Madness' (100%)
2026-08-09 17:04:25,953 - INFO - 📅 Fetching Basic Metadata: Firestone Online Idle RPG
2026-08-09 17:04:26,232 - INFO - 🎯 IGDB Match: 'Firestone: Online Idle RPG' (98%)
2026-08-09 17:04:26,238 - INFO - 📅 Fetching Basic Metadata: Oddsparks: An Automation Adventure
2026-08-09 17:04:26,401 - INFO - 🎯 IGDB Match: 'Oddsparks: An Automation Adventure' (100%)
2026-08-09 17:04:26,408 - INFO - 📅 Fetching Basic Metadata: Trash Goblin
2026-08-09 17:04:26,563 - INFO - 🎯 IGDB Match: 'Trash Goblin' (100%)
2026-08-09 17:04:26,569 - INFO - 🏢 Publisher Search: The Telltale Batman Shadows Edition
2026-08-09 17:04:27,913 - INFO - 📅 Fetching Basic Metadata: The Telltale Batman Shadows Edition
2026-08-09 17:04:28,088 - INFO - 🎯 IGDB Match: 'Telltale Batman Shadows Edition' (95%)
2026-08-09 17:04:28,095 - INFO - 🏢 Publisher Search: Sunderfolk - Standard Edition
2026-08-09 17:04:29,429 - INFO - 📅 Fetching Basic Metadata: Sunderfolk - Standard Edition
2026-08-09 17:04:29,729 - INFO - 📅 Fetching Basic Metadata: Down in Bermuda
2026-08-09 17:04:29,877 - INFO - 🎯 IGDB Match: 'Down in Bermuda' (100%)
2026-08-09 17:04:29,884 - INFO - 📅 Fetching Basic Metadata: Tomb Raider I-III Remastered Starring Lara Croft
2026-08-09 17:04:30,066 - INFO - 📅 Fetching Basic Metadata: LONESTAR
2026-08-09 17:04:30,379 - INFO - 🎯 IGDB Match: 'LoneStar' (100%)
2026-08-09 17:04:30,386 - INFO - 📅 Fetching Basic Metadata: Calico
2026-08-09 17:04:30,540 - INFO - 🎯 IGDB Match: 'Calico' (100%)
2026-08-09 17:04:30,547 - INFO - 📅 Fetching Basic Metadata: Rogue Waters
2026-08-09 17:04:30,703 - INFO - 🎯 IGDB Match: 'Rogue Waters' (100%)
2026-08-09 17:04:30,710 - INFO - 📅 Fetching Basic Metadata: The Ouroboros King
2026-08-09 17:04:30,859 - INFO - 🎯 IGDB Match: 'The Ouroboros King' (100%)
2026-08-09 17:04:30,866 - INFO - 🏢 Publisher Search: Warhammer 40K Speed Freeks
2026-08-09 17:04:32,185 - INFO - 📅 Fetching Basic Metadata: I Have No Mouth, and I Must Scream
2026-08-09 17:04:32,334 - INFO - 🎯 IGDB Match: 'I Have No Mouth, and I Must Scream' (100%)
2026-08-09 17:04:32,340 - INFO - 📅 Fetching Basic Metadata: Nova Lands
2026-08-09 17:04:32,495 - INFO - 🎯 IGDB Match: 'Nova Lands' (100%)
2026-08-09 17:04:32,502 - INFO - 📅 Fetching Basic Metadata: Tattoo Tycoon
2026-08-09 17:04:32,768 - INFO - 🎯 IGDB Match: 'Tattoo Tycoon' (100%)
2026-08-09 17:04:32,775 - INFO - 📅 Fetching Basic Metadata: Echo Generation: Midnight Edition
2026-08-09 17:04:32,924 - INFO - 🎯 IGDB Match: 'Echo Generation: Midnight Edition' (100%)
2026-08-09 17:04:32,931 - INFO - 💰 Price Search: Foretales
2026-08-09 17:04:34,014 - WARNING - Price error for Foretales: string indices must be integers, not 'str'
2026-08-09 17:04:34,014 - INFO - 📅 Fetching Basic Metadata: Foretales
2026-08-09 17:04:34,200 - INFO - 🎯 IGDB Match: 'Foretales' (100%)
2026-08-09 17:04:34,207 - INFO - 💰 Price Search: OTXO
2026-08-09 17:04:35,247 - WARNING - Price error for OTXO: string indices must be integers, not 'str'
2026-08-09 17:04:35,248 - INFO - 💰 Price Search: Sol Cesto
2026-08-09 17:04:36,293 - WARNING - Price error for Sol Cesto: string indices must be integers, not 'str'
2026-08-09 17:04:36,293 - INFO - 📅 Fetching Basic Metadata: Sol Cesto
2026-08-09 17:04:36,573 - INFO - 🎯 IGDB Match: 'Sol Cesto' (100%)
2026-08-09 17:04:36,579 - INFO - 💰 Price Search: Beacon Pines
2026-08-09 17:04:37,625 - WARNING - Price error for Beacon Pines: string indices must be integers, not 'str'
2026-08-09 17:04:37,632 - INFO - 
--- Starting Data Quality Checks ---
2026-08-09 17:04:37,645 - INFO - --- Data Quality Checks Complete ---

2026-08-09 17:04:37,676 - INFO - | Metric | Statistics |
| :--- | :--- |
| 💰 **Total Market Value** | **$13,332.99** |
| 📦 **Total Games Collected** | 695 |
| 🏷️ **Average Retail Price** | $22.21 per game |
| 💎 **Most Expensive Title** | Civilization 6 Platinum Edition ($79.99) |
| 👑 **MVP Publisher** | Bethesda Softworks |
| 🏢 **Value Leaders** | 2K ($579.90), Bethesda Softworks ($544.80), Paradox Interactive ($409.89) |
| 📈 **Inflation-Adjusted Value** | $15,130.23 |
| 🎈 **Inflation Bonus** | **+$1,797.24** in purchasing power |
| 🗓️ **Peak Saving Month** | 🎄 **Seasonality Peak:** December is historically the best month, offering $3,388.17 in savings. |
| ⭐ **Average Score** | 76.9/100 |
| 💳 **Subscription Equivalent** | **$167.78 / mo** |
| 🎯 **Prestige Ratio** | **2.0%** (Strategic Hype) |
| 🏎️ **Lead Time Avg** | 441 Days to Sequel |

2026-08-09 17:04:37,676 - INFO - ✅ README.md updated.
2026-08-09 17:04:37,717 - INFO - Using categorical units to plot a list of strings that are all parsable as floats or dates. If these strings should be plotted as numbers, cast to the appropriate data type before plotting.
2026-08-09 17:04:37,718 - INFO - Using categorical units to plot a list of strings that are all parsable as floats or dates. If these strings should be plotted as numbers, cast to the appropriate data type before plotting.
2026-08-09 17:04:44,119 - INFO - 📈 All charts generated successfully.
