2026-07-28 17:53:55,944 - INFO - Failed to extract font properties from /usr/share/fonts/truetype/noto/NotoColorEmoji.ttf: Non-scalable fonts are not supported
2026-07-28 17:53:55,965 - INFO - generated new fontManager
2026-07-28 17:53:56,405 - INFO - ✅ Migration Successful!
2026-07-28 17:53:56,940 - INFO - No new games found.
2026-07-28 17:53:57,261 - INFO - 🔍 Found 614 games needing metadata. Starting IGDB + Steam + CheapShark enrichment...
2026-07-28 17:53:57,358 - INFO - 📅 Fetching Basic Metadata: LEGO Batman Trilogy
2026-07-28 17:53:57,606 - INFO - 🎯 IGDB Match: 'LEGO Batman Trilogy' (100%)
2026-07-28 17:53:57,635 - INFO - 📅 Fetching Basic Metadata: Antstream
2026-07-28 17:53:57,793 - INFO - 📅 Fetching Basic Metadata: The Drone Racing League Simulator
2026-07-28 17:53:57,934 - INFO - 🎯 IGDB Match: 'The Drone Racing League Simulator' (100%)
2026-07-28 17:53:57,942 - INFO - 📅 Fetching Basic Metadata: Dark Deity
2026-07-28 17:53:58,076 - INFO - 🎯 IGDB Match: 'Dark Deity' (100%)
2026-07-28 17:53:58,083 - INFO - 📅 Fetching Basic Metadata: RPG in a Box
2026-07-28 17:53:58,208 - INFO - 🎯 IGDB Match: 'RPG in a Box' (100%)
2026-07-28 17:53:58,215 - INFO - 📅 Fetching Basic Metadata: Fallout Classic Collection
2026-07-28 17:53:58,388 - INFO - 🎯 IGDB Match: 'Fallout Classic Collection' (100%)
2026-07-28 17:53:58,396 - INFO - 📅 Fetching Basic Metadata: Recipe for Disaster
2026-07-28 17:53:58,530 - INFO - 🎯 IGDB Match: 'Recipe For Disaster' (100%)
2026-07-28 17:53:58,537 - INFO - 📅 Fetching Basic Metadata: World of Warships — Starter Pack: Ishizuchi
2026-07-28 17:53:58,675 - INFO - 🎯 IGDB Match: 'World of Warships: Starter Pack - Ishizuchi' (98%)
2026-07-28 17:53:58,682 - INFO - 📅 Fetching Basic Metadata: Poker Club
2026-07-28 17:53:58,967 - INFO - 🎯 IGDB Match: 'Poker Club' (100%)
2026-07-28 17:53:58,973 - INFO - 📅 Fetching Basic Metadata: The Sims 4 The Daring Lifestyle Bundle
2026-07-28 17:53:59,116 - INFO - 🎯 IGDB Match: 'The Sims 4: The Daring Lifestyle Bundle' (99%)
2026-07-28 17:53:59,124 - INFO - 📅 Fetching Basic Metadata: Dodo Peak
2026-07-28 17:53:59,196 - INFO - 🎯 IGDB Match: 'Dodo Peak' (100%)
2026-07-28 17:53:59,203 - INFO - 📅 Fetching Basic Metadata: Spelldrifter
2026-07-28 17:53:59,279 - INFO - 🎯 IGDB Match: 'Spelldrifter' (100%)
2026-07-28 17:53:59,285 - INFO - 📅 Fetching Basic Metadata: Model Builder
2026-07-28 17:53:59,361 - INFO - 🎯 IGDB Match: 'Model Builder' (100%)
2026-07-28 17:53:59,367 - INFO - 📅 Fetching Basic Metadata: Godlike Burger
2026-07-28 17:53:59,445 - INFO - 🎯 IGDB Match: 'Godlike Burger' (100%)
2026-07-28 17:53:59,451 - INFO - 📅 Fetching Basic Metadata: Q.U.B.E. Ultimate Bundle
2026-07-28 17:53:59,521 - INFO - 🎯 IGDB Match: 'Q.U.B.E. Ultimate Bundle' (100%)
2026-07-28 17:53:59,528 - INFO - 📅 Fetching Basic Metadata: Jitsu Squad
2026-07-28 17:53:59,705 - INFO - 🎯 IGDB Match: 'Jitsu Squad' (100%)
2026-07-28 17:53:59,711 - INFO - 📅 Fetching Basic Metadata: Mighty Fight Federation
2026-07-28 17:53:59,804 - INFO - 🎯 IGDB Match: 'Mighty Fight Federation' (100%)
2026-07-28 17:53:59,814 - INFO - 📅 Fetching Basic Metadata: LOVE
2026-07-28 17:53:59,961 - INFO - 🎯 IGDB Match: 'Love Love Love' (90%)
2026-07-28 17:53:59,969 - INFO - 📅 Fetching Basic Metadata: Call of The Wild: The Angler
2026-07-28 17:54:00,047 - INFO - 🎯 IGDB Match: 'Call of the Wild: The Angler' (100%)
2026-07-28 17:54:00,056 - INFO - 📅 Fetching Basic Metadata: The Falconeer
2026-07-28 17:54:00,212 - WARNING - IGDB Error for The Falconeer: string indices must be integers, not 'str'
2026-07-28 17:54:00,219 - INFO - 📅 Fetching Basic Metadata: Rawmen: Food Fighter Arena
2026-07-28 17:54:00,280 - WARNING - IGDB Error for Rawmen: Food Fighter Arena: string indices must be integers, not 'str'
2026-07-28 17:54:00,287 - INFO - 📅 Fetching Basic Metadata: World of Warships – Starter Pack: Albany
2026-07-28 17:54:00,345 - WARNING - IGDB Error for World of Warships – Starter Pack: Albany: string indices must be integers, not 'str'
2026-07-28 17:54:00,352 - INFO - 📅 Fetching Basic Metadata: Fallout Classic Edition
2026-07-28 17:54:00,413 - WARNING - IGDB Error for Fallout Classic Edition: string indices must be integers, not 'str'
2026-07-28 17:54:00,420 - INFO - 📅 Fetching Basic Metadata: Outliver: Tribulation
2026-07-28 17:54:00,482 - WARNING - IGDB Error for Outliver: Tribulation: string indices must be integers, not 'str'
2026-07-28 17:54:00,489 - INFO - 📅 Fetching Basic Metadata: Bus Simulator 21 Next Stop
2026-07-28 17:54:00,564 - INFO - 🎯 IGDB Match: 'Bus Simulator 21: Next Stop' (98%)
2026-07-28 17:54:00,572 - INFO - 📅 Fetching Basic Metadata: Turmoil
2026-07-28 17:54:00,645 - INFO - 🎯 IGDB Match: 'Turmoil' (100%)
2026-07-28 17:54:00,652 - INFO - 📅 Fetching Basic Metadata: World War Z Aftermath
2026-07-28 17:54:00,729 - WARNING - IGDB Error for World War Z Aftermath: string indices must be integers, not 'str'
2026-07-28 17:54:00,736 - INFO - 📅 Fetching Basic Metadata: World Of Warships – Anniversary Party Flavor
2026-07-28 17:54:00,873 - WARNING - IGDB Error for World Of Warships – Anniversary Party Flavor: string indices must be integers, not 'str'
2026-07-28 17:54:00,880 - INFO - 📅 Fetching Basic Metadata: Neko Ghost, Jump!
2026-07-28 17:54:00,939 - WARNING - IGDB Error for Neko Ghost, Jump!: string indices must be integers, not 'str'
2026-07-28 17:54:00,946 - INFO - 📅 Fetching Basic Metadata: Super Space Club
2026-07-28 17:54:01,052 - INFO - 🎯 IGDB Match: 'Super Space Club' (100%)
2026-07-28 17:54:01,058 - INFO - 📅 Fetching Basic Metadata: Touch Type Tale
2026-07-28 17:54:01,131 - INFO - 🎯 IGDB Match: 'Touch Type Tale' (100%)
2026-07-28 17:54:01,137 - INFO - 📅 Fetching Basic Metadata: Gigapocalypse
2026-07-28 17:54:01,211 - INFO - 🎯 IGDB Match: 'Gigapocalypse' (100%)
2026-07-28 17:54:01,219 - INFO - 📅 Fetching Basic Metadata: Legion TD2
2026-07-28 17:54:01,300 - INFO - 📅 Fetching Basic Metadata: Nightingale
2026-07-28 17:54:01,370 - INFO - 🎯 IGDB Match: 'Nightingale' (100%)
2026-07-28 17:54:01,377 - INFO - 📅 Fetching Basic Metadata: Godzilla Voxel Wars
2026-07-28 17:54:01,451 - INFO - 🎯 IGDB Match: 'Godzilla Voxel Wars' (100%)
2026-07-28 17:54:01,459 - INFO - 📅 Fetching Basic Metadata: Trine Classic Collection
2026-07-28 17:54:01,533 - INFO - 🎯 IGDB Match: 'Trine Classic Collection' (100%)
2026-07-28 17:54:01,540 - INFO - 📅 Fetching Basic Metadata: Poison Retro Set
2026-07-28 17:54:01,611 - INFO - 🎯 IGDB Match: 'Pixel Gun 3D: Poison Retro Set' (90%)
2026-07-28 17:54:01,617 - INFO - 📅 Fetching Basic Metadata: The Darkside Detective A Fumble in the Dark
2026-07-28 17:54:01,687 - INFO - 🎯 IGDB Match: 'The Darkside Detective: A Fumble in the Dark' (99%)
2026-07-28 17:54:01,693 - INFO - 📅 Fetching Basic Metadata: Return to Ash
2026-07-28 17:54:01,845 - WARNING - IGDB Error for Return to Ash: string indices must be integers, not 'str'
2026-07-28 17:54:01,852 - INFO - 🏢 Publisher Search: STALCRAFT: X Starter Edition
2026-07-28 17:54:03,191 - INFO - 📅 Fetching Basic Metadata: STALCRAFT: X Starter Edition
2026-07-28 17:54:03,251 - WARNING - IGDB Error for STALCRAFT: X Starter Edition: string indices must be integers, not 'str'
2026-07-28 17:54:03,258 - INFO - 📅 Fetching Basic Metadata: Boxes: Lost Fragments
2026-07-28 17:54:03,318 - WARNING - IGDB Error for Boxes: Lost Fragments: string indices must be integers, not 'str'
2026-07-28 17:54:03,325 - INFO - 📅 Fetching Basic Metadata: My Night Job
2026-07-28 17:54:03,386 - WARNING - IGDB Error for My Night Job: string indices must be integers, not 'str'
2026-07-28 17:54:03,393 - INFO - 📅 Fetching Basic Metadata: Electrician Simulator
2026-07-28 17:54:03,502 - WARNING - IGDB Error for Electrician Simulator: string indices must be integers, not 'str'
2026-07-28 17:54:03,508 - INFO - 🏢 Publisher Search: World of Warships — Epic Anniversary Tachibana Pack
2026-07-28 17:54:04,846 - INFO - 📅 Fetching Basic Metadata: World of Warships — Epic Anniversary Tachibana Pack
2026-07-28 17:54:04,961 - INFO - 📅 Fetching Basic Metadata: Hyper Echelon
2026-07-28 17:54:05,068 - INFO - 🎯 IGDB Match: 'Hyper Echelon' (100%)
2026-07-28 17:54:05,074 - INFO - 📅 Fetching Basic Metadata: Havendock
2026-07-28 17:54:05,146 - INFO - 🎯 IGDB Match: 'Havendock' (100%)
2026-07-28 17:54:05,152 - INFO - 📅 Fetching Basic Metadata: Clone Drone in the Danger Zone
2026-07-28 17:54:05,228 - INFO - 🎯 IGDB Match: 'Clone Drone in the Danger Zone' (100%)
2026-07-28 17:54:05,234 - INFO - 🏢 Publisher Search: TOMAK: Save the Earth Regeneration
2026-07-28 17:54:06,543 - INFO - 📅 Fetching Basic Metadata: TOMAK: Save the Earth Regeneration
2026-07-28 17:54:06,664 - INFO - 🎯 IGDB Match: 'Tomak: Save the Earth Regeneration' (100%)
2026-07-28 17:54:06,670 - INFO - 📅 Fetching Basic Metadata: Prop Sumo
2026-07-28 17:54:06,739 - INFO - 🎯 IGDB Match: 'Prop Sumo' (100%)
2026-07-28 17:54:06,745 - INFO - 📅 Fetching Basic Metadata: The Stone of Madness
2026-07-28 17:54:06,819 - INFO - 🎯 IGDB Match: 'The Stone of Madness' (100%)
2026-07-28 17:54:06,825 - INFO - 📅 Fetching Basic Metadata: Firestone Online Idle RPG
2026-07-28 17:54:06,896 - INFO - 🎯 IGDB Match: 'Firestone: Online Idle RPG' (98%)
2026-07-28 17:54:06,902 - INFO - 📅 Fetching Basic Metadata: Oddsparks: An Automation Adventure
2026-07-28 17:54:06,973 - INFO - 🎯 IGDB Match: 'Oddsparks: An Automation Adventure' (100%)
2026-07-28 17:54:06,979 - INFO - 📅 Fetching Basic Metadata: Trash Goblin
2026-07-28 17:54:07,062 - INFO - 🎯 IGDB Match: 'Trash Goblin' (100%)
2026-07-28 17:54:07,068 - INFO - 🏢 Publisher Search: The Telltale Batman Shadows Edition
2026-07-28 17:54:08,447 - INFO - 📅 Fetching Basic Metadata: The Telltale Batman Shadows Edition
2026-07-28 17:54:08,518 - INFO - 🎯 IGDB Match: 'Telltale Batman Shadows Edition' (95%)
2026-07-28 17:54:08,524 - INFO - 🏢 Publisher Search: Sunderfolk - Standard Edition
2026-07-28 17:54:09,847 - INFO - 📅 Fetching Basic Metadata: Sunderfolk - Standard Edition
2026-07-28 17:54:09,935 - INFO - 📅 Fetching Basic Metadata: Down in Bermuda
2026-07-28 17:54:10,010 - INFO - 🎯 IGDB Match: 'Down in Bermuda' (100%)
2026-07-28 17:54:10,016 - INFO - 📅 Fetching Basic Metadata: Tomb Raider I-III Remastered Starring Lara Croft
2026-07-28 17:54:10,097 - INFO - 📅 Fetching Basic Metadata: LONESTAR
2026-07-28 17:54:10,184 - INFO - 🎯 IGDB Match: 'LoneStar' (100%)
2026-07-28 17:54:10,190 - INFO - 📅 Fetching Basic Metadata: Calico
2026-07-28 17:54:10,259 - INFO - 🎯 IGDB Match: 'Calico' (100%)
2026-07-28 17:54:10,265 - INFO - 📅 Fetching Basic Metadata: Rogue Waters
2026-07-28 17:54:10,335 - INFO - 🎯 IGDB Match: 'Rogue Waters' (100%)
2026-07-28 17:54:10,341 - INFO - 📅 Fetching Basic Metadata: The Ouroboros King
2026-07-28 17:54:10,414 - INFO - 🎯 IGDB Match: 'The Ouroboros King' (100%)
2026-07-28 17:54:10,420 - INFO - 🏢 Publisher Search: Warhammer 40K Speed Freeks
2026-07-28 17:54:11,705 - INFO - 📅 Fetching Basic Metadata: I Have No Mouth, and I Must Scream
2026-07-28 17:54:11,775 - INFO - 🎯 IGDB Match: 'I Have No Mouth, and I Must Scream' (100%)
2026-07-28 17:54:11,782 - INFO - 📅 Fetching Basic Metadata: Nova Lands
2026-07-28 17:54:11,882 - INFO - 🎯 IGDB Match: 'Nova Lands' (100%)
2026-07-28 17:54:11,888 - INFO - 📅 Fetching Basic Metadata: Tattoo Tycoon
2026-07-28 17:54:11,959 - INFO - 🎯 IGDB Match: 'Tattoo Tycoon' (100%)
2026-07-28 17:54:11,965 - INFO - 📅 Fetching Basic Metadata: Echo Generation: Midnight Edition
2026-07-28 17:54:12,038 - INFO - 🎯 IGDB Match: 'Echo Generation: Midnight Edition' (100%)
2026-07-28 17:54:12,044 - INFO - 💰 Price Search: Foretales
2026-07-28 17:54:13,154 - WARNING - Price error for Foretales: string indices must be integers, not 'str'
2026-07-28 17:54:13,154 - INFO - 📅 Fetching Basic Metadata: Foretales
2026-07-28 17:54:13,222 - INFO - 🎯 IGDB Match: 'Foretales' (100%)
2026-07-28 17:54:13,234 - INFO - 
--- Starting Data Quality Checks ---
2026-07-28 17:54:13,246 - INFO - --- Data Quality Checks Complete ---

2026-07-28 17:54:13,276 - INFO - | Metric | Statistics |
| :--- | :--- |
| 💰 **Total Market Value** | **$13,332.99** |
| 📦 **Total Games Collected** | 691 |
| 🏷️ **Average Retail Price** | $22.32 per game |
| 💎 **Most Expensive Title** | Civilization 6 Platinum Edition ($79.99) |
| 👑 **MVP Publisher** | Bethesda Softworks |
| 🏢 **Value Leaders** | 2K ($579.90), Bethesda Softworks ($544.80), Paradox Interactive ($409.89) |
| 📈 **Inflation-Adjusted Value** | $15,130.23 |
| 🎈 **Inflation Bonus** | **+$1,797.24** in purchasing power |
| 🗓️ **Peak Saving Month** | 🎄 **Seasonality Peak:** December is historically the best month, offering $3,388.17 in savings. |
| ⭐ **Average Score** | 76.9/100 |
| 💳 **Subscription Equivalent** | **$169.48 / mo** |
| 🎯 **Prestige Ratio** | **2.0%** (Strategic Hype) |
| 🏎️ **Lead Time Avg** | 441 Days to Sequel |

2026-07-28 17:54:13,277 - INFO - ✅ README.md updated.
2026-07-28 17:54:13,301 - INFO - Using categorical units to plot a list of strings that are all parsable as floats or dates. If these strings should be plotted as numbers, cast to the appropriate data type before plotting.
2026-07-28 17:54:13,302 - INFO - Using categorical units to plot a list of strings that are all parsable as floats or dates. If these strings should be plotted as numbers, cast to the appropriate data type before plotting.
2026-07-28 17:54:19,545 - INFO - 📈 All charts generated successfully.
