2026-09-26 19:18:29,346 - INFO - Failed to extract font properties from /usr/share/fonts/truetype/noto/NotoColorEmoji.ttf: Non-scalable fonts are not supported
2026-09-26 19:18:30,738 - INFO - generated new fontManager
2026-09-26 19:18:31,080 - INFO - ✅ Migration Successful!
2026-09-26 19:18:31,220 - INFO - No new games found.
2026-09-26 19:18:31,537 - INFO - 🔍 Found 630 games needing metadata. Starting IGDB + Steam + CheapShark enrichment...
2026-09-26 19:18:32,176 - INFO - 📅 Fetching Basic Metadata: LEGO Batman Trilogy
2026-09-26 19:18:32,615 - INFO - 🎯 IGDB Match: 'LEGO Batman Trilogy' (100%)
2026-09-26 19:18:32,631 - INFO - 📅 Fetching Basic Metadata: Antstream
2026-09-26 19:18:32,816 - INFO - 📅 Fetching Basic Metadata: The Drone Racing League Simulator
2026-09-26 19:18:33,084 - INFO - 🎯 IGDB Match: 'The Drone Racing League Simulator' (100%)
2026-09-26 19:18:33,090 - INFO - 📅 Fetching Basic Metadata: Dark Deity
2026-09-26 19:18:33,308 - INFO - 🎯 IGDB Match: 'Dark Deity' (100%)
2026-09-26 19:18:33,313 - INFO - 📅 Fetching Basic Metadata: RPG in a Box
2026-09-26 19:18:33,490 - INFO - 🎯 IGDB Match: 'RPG in a Box' (100%)
2026-09-26 19:18:33,496 - INFO - 📅 Fetching Basic Metadata: Fallout Classic Collection
2026-09-26 19:18:33,623 - INFO - 🎯 IGDB Match: 'Fallout Classic Collection' (100%)
2026-09-26 19:18:33,630 - INFO - 📅 Fetching Basic Metadata: Recipe for Disaster
2026-09-26 19:18:33,830 - INFO - 🎯 IGDB Match: 'Recipe For Disaster' (100%)
2026-09-26 19:18:33,835 - INFO - 📅 Fetching Basic Metadata: World of Warships — Starter Pack: Ishizuchi
2026-09-26 19:18:34,049 - INFO - 🎯 IGDB Match: 'World of Warships: Starter Pack - Ishizuchi' (98%)
2026-09-26 19:18:34,054 - INFO - 📅 Fetching Basic Metadata: Poker Club
2026-09-26 19:18:34,178 - INFO - 🎯 IGDB Match: 'Poker Club' (100%)
2026-09-26 19:18:34,183 - INFO - 📅 Fetching Basic Metadata: The Sims 4 The Daring Lifestyle Bundle
2026-09-26 19:18:34,454 - INFO - 🎯 IGDB Match: 'The Sims 4: The Daring Lifestyle Bundle' (99%)
2026-09-26 19:18:34,460 - INFO - 📅 Fetching Basic Metadata: Dodo Peak
2026-09-26 19:18:34,583 - INFO - 🎯 IGDB Match: 'Dodo Peak' (100%)
2026-09-26 19:18:34,588 - INFO - 📅 Fetching Basic Metadata: Spelldrifter
2026-09-26 19:18:34,816 - INFO - 🎯 IGDB Match: 'Spelldrifter' (100%)
2026-09-26 19:18:34,821 - INFO - 📅 Fetching Basic Metadata: Model Builder
2026-09-26 19:18:35,116 - INFO - 🎯 IGDB Match: 'Model Builder' (100%)
2026-09-26 19:18:35,121 - INFO - 📅 Fetching Basic Metadata: Godlike Burger
2026-09-26 19:18:35,319 - INFO - 🎯 IGDB Match: 'Godlike Burger' (100%)
2026-09-26 19:18:35,324 - INFO - 📅 Fetching Basic Metadata: Q.U.B.E. Ultimate Bundle
2026-09-26 19:18:35,451 - INFO - 🎯 IGDB Match: 'Q.U.B.E. Ultimate Bundle' (100%)
2026-09-26 19:18:35,457 - INFO - 📅 Fetching Basic Metadata: Jitsu Squad
2026-09-26 19:18:35,671 - INFO - 🎯 IGDB Match: 'Jitsu Squad' (100%)
2026-09-26 19:18:35,675 - INFO - 📅 Fetching Basic Metadata: Mighty Fight Federation
2026-09-26 19:18:35,897 - INFO - 🎯 IGDB Match: 'Mighty Fight Federation' (100%)
2026-09-26 19:18:35,904 - INFO - 📅 Fetching Basic Metadata: LOVE
2026-09-26 19:18:36,123 - INFO - 🎯 IGDB Match: 'Love Love Love' (90%)
2026-09-26 19:18:36,128 - INFO - 📅 Fetching Basic Metadata: Call of The Wild: The Angler
2026-09-26 19:18:36,306 - INFO - 🎯 IGDB Match: 'Call of the Wild: The Angler' (100%)
2026-09-26 19:18:36,313 - INFO - 📅 Fetching Basic Metadata: The Falconeer
2026-09-26 19:18:36,438 - INFO - 🎯 IGDB Match: 'The Falconeer: The Hunter' (90%)
2026-09-26 19:18:36,443 - INFO - 📅 Fetching Basic Metadata: Rawmen: Food Fighter Arena
2026-09-26 19:18:36,587 - INFO - 🎯 IGDB Match: 'Rawmen' (90%)
2026-09-26 19:18:36,592 - INFO - 📅 Fetching Basic Metadata: World of Warships – Starter Pack: Albany
2026-09-26 19:18:36,817 - INFO - 📅 Fetching Basic Metadata: Fallout Classic Edition
2026-09-26 19:18:37,113 - INFO - 📅 Fetching Basic Metadata: Outliver: Tribulation
2026-09-26 19:18:37,238 - INFO - 🎯 IGDB Match: 'Outliver: Tribulation' (100%)
2026-09-26 19:18:37,243 - INFO - 📅 Fetching Basic Metadata: Bus Simulator 21 Next Stop
2026-09-26 19:18:37,510 - INFO - 🎯 IGDB Match: 'Bus Simulator 21: Next Stop' (98%)
2026-09-26 19:18:37,516 - INFO - 📅 Fetching Basic Metadata: Turmoil
2026-09-26 19:18:37,688 - INFO - 🎯 IGDB Match: 'Turmoil' (100%)
2026-09-26 19:18:37,705 - INFO - 📅 Fetching Basic Metadata: World War Z Aftermath
2026-09-26 19:18:37,837 - INFO - 🎯 IGDB Match: 'World War Z: Aftermath' (98%)
2026-09-26 19:18:37,968 - INFO - 📅 Fetching Basic Metadata: World Of Warships – Anniversary Party Flavor
2026-09-26 19:18:38,104 - INFO - 📅 Fetching Basic Metadata: Neko Ghost, Jump!
2026-09-26 19:18:38,234 - INFO - 🎯 IGDB Match: 'Neko Ghost, Jump!' (100%)
2026-09-26 19:18:38,270 - INFO - 📅 Fetching Basic Metadata: Super Space Club
2026-09-26 19:18:38,393 - WARNING - IGDB Error for Super Space Club: string indices must be integers, not 'str'
2026-09-26 19:18:38,398 - INFO - 📅 Fetching Basic Metadata: Touch Type Tale
2026-09-26 19:18:38,505 - WARNING - IGDB Error for Touch Type Tale: string indices must be integers, not 'str'
2026-09-26 19:18:38,510 - INFO - 📅 Fetching Basic Metadata: Gigapocalypse
2026-09-26 19:18:38,651 - INFO - 🎯 IGDB Match: 'Gigapocalypse' (100%)
2026-09-26 19:18:38,657 - INFO - 📅 Fetching Basic Metadata: Legion TD2
2026-09-26 19:18:38,791 - INFO - 📅 Fetching Basic Metadata: Nightingale
2026-09-26 19:18:38,971 - WARNING - IGDB Error for Nightingale: string indices must be integers, not 'str'
2026-09-26 19:18:38,977 - INFO - 📅 Fetching Basic Metadata: Godzilla Voxel Wars
2026-09-26 19:18:39,112 - INFO - 🎯 IGDB Match: 'Godzilla Voxel Wars' (100%)
2026-09-26 19:18:39,118 - INFO - 📅 Fetching Basic Metadata: Trine Classic Collection
2026-09-26 19:18:39,250 - WARNING - IGDB Error for Trine Classic Collection: string indices must be integers, not 'str'
2026-09-26 19:18:39,255 - INFO - 📅 Fetching Basic Metadata: Poison Retro Set
2026-09-26 19:18:39,373 - INFO - 🎯 IGDB Match: 'Pixel Gun 3D: Poison Retro Set' (90%)
2026-09-26 19:18:39,378 - INFO - 📅 Fetching Basic Metadata: The Darkside Detective A Fumble in the Dark
2026-09-26 19:18:39,499 - INFO - 🎯 IGDB Match: 'The Darkside Detective: A Fumble in the Dark' (99%)
2026-09-26 19:18:39,504 - INFO - 📅 Fetching Basic Metadata: Return to Ash
2026-09-26 19:18:39,628 - INFO - 🎯 IGDB Match: 'Return to Ash' (100%)
2026-09-26 19:18:39,632 - INFO - 🏢 Publisher Search: STALCRAFT: X Starter Edition
2026-09-26 19:18:41,381 - INFO - 📅 Fetching Basic Metadata: STALCRAFT: X Starter Edition
2026-09-26 19:18:41,510 - INFO - 📅 Fetching Basic Metadata: Boxes: Lost Fragments
2026-09-26 19:18:41,691 - INFO - 🎯 IGDB Match: 'Boxes: Lost Fragments' (100%)
2026-09-26 19:18:41,696 - INFO - 📅 Fetching Basic Metadata: My Night Job
2026-09-26 19:18:41,816 - INFO - 🎯 IGDB Match: 'My Night Job' (100%)
2026-09-26 19:18:41,821 - INFO - 📅 Fetching Basic Metadata: Electrician Simulator
2026-09-26 19:18:42,016 - INFO - 🎯 IGDB Match: 'Electrician Simulator' (100%)
2026-09-26 19:18:42,021 - INFO - 🏢 Publisher Search: World of Warships — Epic Anniversary Tachibana Pack
2026-09-26 19:18:43,501 - INFO - 📅 Fetching Basic Metadata: World of Warships — Epic Anniversary Tachibana Pack
2026-09-26 19:18:43,729 - INFO - 📅 Fetching Basic Metadata: Hyper Echelon
2026-09-26 19:18:43,944 - INFO - 🎯 IGDB Match: 'Hyper Echelon' (100%)
2026-09-26 19:18:43,949 - INFO - 📅 Fetching Basic Metadata: Havendock
2026-09-26 19:18:44,070 - INFO - 🎯 IGDB Match: 'Havendock' (100%)
2026-09-26 19:18:44,075 - INFO - 📅 Fetching Basic Metadata: Clone Drone in the Danger Zone
2026-09-26 19:18:44,210 - INFO - 🎯 IGDB Match: 'Clone Drone in the Danger Zone' (100%)
2026-09-26 19:18:44,214 - INFO - 🏢 Publisher Search: TOMAK: Save the Earth Regeneration
2026-09-26 19:18:45,684 - INFO - 📅 Fetching Basic Metadata: TOMAK: Save the Earth Regeneration
2026-09-26 19:18:45,810 - INFO - 🎯 IGDB Match: 'Tomak: Save the Earth Regeneration' (100%)
2026-09-26 19:18:45,815 - INFO - 📅 Fetching Basic Metadata: Prop Sumo
2026-09-26 19:18:46,042 - INFO - 🎯 IGDB Match: 'Prop Sumo' (100%)
2026-09-26 19:18:46,047 - INFO - 📅 Fetching Basic Metadata: The Stone of Madness
2026-09-26 19:18:46,172 - INFO - 🎯 IGDB Match: 'The Stone of Madness' (100%)
2026-09-26 19:18:46,177 - INFO - 📅 Fetching Basic Metadata: Firestone Online Idle RPG
2026-09-26 19:18:46,297 - INFO - 🎯 IGDB Match: 'Firestone: Online Idle RPG' (98%)
2026-09-26 19:18:46,302 - INFO - 📅 Fetching Basic Metadata: Oddsparks: An Automation Adventure
2026-09-26 19:18:46,527 - INFO - 🎯 IGDB Match: 'Oddsparks: An Automation Adventure' (100%)
2026-09-26 19:18:46,532 - INFO - 📅 Fetching Basic Metadata: Trash Goblin
2026-09-26 19:18:46,746 - INFO - 🎯 IGDB Match: 'Trash Goblin' (100%)
2026-09-26 19:18:46,751 - INFO - 🏢 Publisher Search: The Telltale Batman Shadows Edition
2026-09-26 19:18:48,309 - INFO - 📅 Fetching Basic Metadata: The Telltale Batman Shadows Edition
2026-09-26 19:18:48,448 - INFO - 🎯 IGDB Match: 'Telltale Batman Shadows Edition' (95%)
2026-09-26 19:18:48,453 - INFO - 🏢 Publisher Search: Sunderfolk - Standard Edition
2026-09-26 19:18:49,819 - INFO - 📅 Fetching Basic Metadata: Sunderfolk - Standard Edition
2026-09-26 19:18:49,959 - INFO - 📅 Fetching Basic Metadata: Down in Bermuda
2026-09-26 19:18:50,180 - INFO - 🎯 IGDB Match: 'Down in Bermuda' (100%)
2026-09-26 19:18:50,193 - INFO - 📅 Fetching Basic Metadata: Tomb Raider I-III Remastered Starring Lara Croft
2026-09-26 19:18:50,349 - INFO - 📅 Fetching Basic Metadata: LONESTAR
2026-09-26 19:18:50,524 - INFO - 🎯 IGDB Match: 'LoneStar' (100%)
2026-09-26 19:18:50,529 - INFO - 📅 Fetching Basic Metadata: Calico
2026-09-26 19:18:50,766 - INFO - 🎯 IGDB Match: 'Calico' (100%)
2026-09-26 19:18:50,772 - INFO - 📅 Fetching Basic Metadata: Rogue Waters
2026-09-26 19:18:50,897 - INFO - 🎯 IGDB Match: 'Rogue Waters' (100%)
2026-09-26 19:18:50,903 - INFO - 📅 Fetching Basic Metadata: The Ouroboros King
2026-09-26 19:18:51,034 - INFO - 🎯 IGDB Match: 'The Ouroboros King' (100%)
2026-09-26 19:18:51,040 - INFO - 🏢 Publisher Search: Warhammer 40K Speed Freeks
2026-09-26 19:18:52,428 - INFO - 📅 Fetching Basic Metadata: I Have No Mouth, and I Must Scream
2026-09-26 19:18:52,551 - INFO - 🎯 IGDB Match: 'I Have No Mouth, and I Must Scream' (100%)
2026-09-26 19:18:52,557 - INFO - 📅 Fetching Basic Metadata: Nova Lands
2026-09-26 19:18:52,674 - INFO - 🎯 IGDB Match: 'Nova Lands' (100%)
2026-09-26 19:18:52,679 - INFO - 📅 Fetching Basic Metadata: Tattoo Tycoon
2026-09-26 19:18:52,855 - INFO - 🎯 IGDB Match: 'Tattoo Tycoon' (100%)
2026-09-26 19:18:52,860 - INFO - 📅 Fetching Basic Metadata: Echo Generation: Midnight Edition
2026-09-26 19:18:52,980 - INFO - 🎯 IGDB Match: 'Echo Generation: Midnight Edition' (100%)
2026-09-26 19:18:52,985 - INFO - 💰 Price Search: Foretales
2026-09-26 19:18:54,103 - WARNING - Price error for Foretales: string indices must be integers, not 'str'
2026-09-26 19:18:54,104 - INFO - 📅 Fetching Basic Metadata: Foretales
2026-09-26 19:18:54,227 - INFO - 🎯 IGDB Match: 'Foretales' (100%)
2026-09-26 19:18:54,242 - INFO - 💰 Price Search: OTXO
2026-09-26 19:18:55,302 - WARNING - Price error for OTXO: string indices must be integers, not 'str'
2026-09-26 19:18:55,303 - INFO - 💰 Price Search: Sol Cesto
2026-09-26 19:18:56,356 - WARNING - Price error for Sol Cesto: string indices must be integers, not 'str'
2026-09-26 19:18:56,356 - INFO - 📅 Fetching Basic Metadata: Sol Cesto
2026-09-26 19:18:56,480 - INFO - 🎯 IGDB Match: 'Sol Cesto' (100%)
2026-09-26 19:18:56,485 - INFO - 💰 Price Search: Beacon Pines
2026-09-26 19:18:57,547 - WARNING - Price error for Beacon Pines: string indices must be integers, not 'str'
2026-09-26 19:18:57,549 - INFO - 💰 Price Search: Caravan SandWitch
2026-09-26 19:18:58,607 - WARNING - Price error for Caravan SandWitch: string indices must be integers, not 'str'
2026-09-26 19:18:58,608 - INFO - 💰 Price Search: Cardpocalypse Standard Edition
2026-09-26 19:18:59,668 - WARNING - Price error for Cardpocalypse Standard Edition: string indices must be integers, not 'str'
2026-09-26 19:18:59,669 - INFO - 🏢 Publisher Search: Cardpocalypse Standard Edition
2026-09-26 19:19:01,047 - INFO - 📅 Fetching Basic Metadata: Cardpocalypse Standard Edition
2026-09-26 19:19:01,262 - INFO - 💰 Price Search: Epic Mage Bundle
2026-09-26 19:19:02,349 - WARNING - Price error for Epic Mage Bundle: string indices must be integers, not 'str'
2026-09-26 19:19:02,350 - INFO - 🏢 Publisher Search: Epic Mage Bundle
2026-09-26 19:19:03,730 - INFO - 📅 Fetching Basic Metadata: Epic Mage Bundle
2026-09-26 19:19:03,913 - INFO - 💰 Price Search: Rival Stars Horse Racing : Desktop Edition
2026-09-26 19:19:04,974 - WARNING - Price error for Rival Stars Horse Racing : Desktop Edition: string indices must be integers, not 'str'
2026-09-26 19:19:04,974 - INFO - 🏢 Publisher Search: Rival Stars Horse Racing : Desktop Edition
2026-09-26 19:19:06,367 - INFO - 📅 Fetching Basic Metadata: Rival Stars Horse Racing : Desktop Edition
2026-09-26 19:19:06,588 - INFO - 🎯 IGDB Match: 'Rival Stars Horse Racing: Desktop Edition' (99%)
2026-09-26 19:19:06,594 - INFO - 💰 Price Search: Alone With You
2026-09-26 19:19:07,658 - WARNING - Price error for Alone With You: string indices must be integers, not 'str'
2026-09-26 19:19:07,658 - INFO - 📅 Fetching Basic Metadata: Alone With You
2026-09-26 19:19:07,791 - INFO - 🎯 IGDB Match: 'Alone With You' (100%)
2026-09-26 19:19:07,796 - INFO - 💰 Price Search: Luftrausers
2026-09-26 19:19:08,852 - WARNING - Price error for Luftrausers: string indices must be integers, not 'str'
2026-09-26 19:19:08,853 - INFO - 💰 Price Search: Astral Ascent
2026-09-26 19:19:09,928 - WARNING - Price error for Astral Ascent: string indices must be integers, not 'str'
2026-09-26 19:19:09,930 - INFO - 💰 Price Search: Mindcop
2026-09-26 19:19:10,998 - WARNING - Price error for Mindcop: string indices must be integers, not 'str'
2026-09-26 19:19:10,999 - INFO - 💰 Price Search: Shogun Showdown
2026-09-26 19:19:12,044 - WARNING - Price error for Shogun Showdown: string indices must be integers, not 'str'
2026-09-26 19:19:12,045 - INFO - 💰 Price Search: Astrea Six Sided Oracles
2026-09-26 19:19:13,097 - WARNING - Price error for Astrea Six Sided Oracles: string indices must be integers, not 'str'
2026-09-26 19:19:13,098 - INFO - 🏢 Publisher Search: Astrea Six Sided Oracles
2026-09-26 19:19:14,820 - INFO - 💰 Price Search: Mechabellum
2026-09-26 19:19:15,876 - WARNING - Price error for Mechabellum: string indices must be integers, not 'str'
2026-09-26 19:19:15,876 - INFO - 🏢 Publisher Search: Mechabellum
2026-09-26 19:19:17,404 - INFO - 📅 Fetching Basic Metadata: Mechabellum
2026-09-26 19:19:17,590 - INFO - 🎯 IGDB Match: 'Mechabellum' (100%)
2026-09-26 19:19:17,599 - INFO - 
--- Starting Data Quality Checks ---
2026-09-26 19:19:17,608 - INFO - --- Data Quality Checks Complete ---

2026-09-26 19:19:17,628 - INFO - | Metric | Statistics |
| :--- | :--- |
| 💰 **Total Market Value** | **$13,332.99** |
| 📦 **Total Games Collected** | 707 |
| 🏷️ **Average Retail Price** | $21.87 per game |
| 💎 **Most Expensive Title** | Civilization 6 Platinum Edition ($79.99) |
| 👑 **MVP Publisher** | Bethesda Softworks |
| 🏢 **Value Leaders** | 2K ($579.90), Bethesda Softworks ($544.80), Paradox Interactive ($409.89) |
| 📈 **Inflation-Adjusted Value** | $15,130.23 |
| 🎈 **Inflation Bonus** | **+$1,797.24** in purchasing power |
| 🗓️ **Peak Saving Month** | 🎄 **Seasonality Peak:** December is historically the best month, offering $3,388.17 in savings. |
| ⭐ **Average Score** | 77.0/100 |
| 💳 **Subscription Equivalent** | **$166.24 / mo** |
| 🎯 **Prestige Ratio** | **2.0%** (Strategic Hype) |
| 🏎️ **Lead Time Avg** | 441 Days to Sequel |

2026-09-26 19:19:17,628 - INFO - ✅ README.md updated.
2026-09-26 19:19:17,645 - INFO - Using categorical units to plot a list of strings that are all parsable as floats or dates. If these strings should be plotted as numbers, cast to the appropriate data type before plotting.
2026-09-26 19:19:17,646 - INFO - Using categorical units to plot a list of strings that are all parsable as floats or dates. If these strings should be plotted as numbers, cast to the appropriate data type before plotting.
2026-09-26 19:19:21,451 - INFO - 📈 All charts generated successfully.
