2026-08-25 17:04:48,192 - INFO - Failed to extract font properties from /usr/share/fonts/truetype/noto/NotoColorEmoji.ttf: Non-scalable fonts are not supported
2026-08-25 17:04:48,328 - INFO - generated new fontManager
2026-08-25 17:04:48,834 - INFO - ✅ Migration Successful!
2026-08-25 17:04:48,957 - INFO - No new games found.
2026-08-25 17:04:49,243 - INFO - 🔍 Found 621 games needing metadata. Starting IGDB + Steam + CheapShark enrichment...
2026-08-25 17:04:49,327 - INFO - 📅 Fetching Basic Metadata: LEGO Batman Trilogy
2026-08-25 17:04:49,702 - INFO - 🎯 IGDB Match: 'LEGO Batman Trilogy' (100%)
2026-08-25 17:04:49,732 - INFO - 📅 Fetching Basic Metadata: Antstream
2026-08-25 17:04:49,824 - INFO - 📅 Fetching Basic Metadata: The Drone Racing League Simulator
2026-08-25 17:04:49,916 - INFO - 🎯 IGDB Match: 'The Drone Racing League Simulator' (100%)
2026-08-25 17:04:49,924 - INFO - 📅 Fetching Basic Metadata: Dark Deity
2026-08-25 17:04:49,994 - INFO - 🎯 IGDB Match: 'Dark Deity' (100%)
2026-08-25 17:04:50,001 - INFO - 📅 Fetching Basic Metadata: RPG in a Box
2026-08-25 17:04:50,079 - INFO - 🎯 IGDB Match: 'RPG in a Box' (100%)
2026-08-25 17:04:50,087 - INFO - 📅 Fetching Basic Metadata: Fallout Classic Collection
2026-08-25 17:04:50,162 - INFO - 🎯 IGDB Match: 'Fallout Classic Collection' (100%)
2026-08-25 17:04:50,171 - INFO - 📅 Fetching Basic Metadata: Recipe for Disaster
2026-08-25 17:04:50,296 - INFO - 🎯 IGDB Match: 'Recipe For Disaster' (100%)
2026-08-25 17:04:50,303 - INFO - 📅 Fetching Basic Metadata: World of Warships — Starter Pack: Ishizuchi
2026-08-25 17:04:50,405 - INFO - 🎯 IGDB Match: 'World of Warships: Starter Pack - Ishizuchi' (98%)
2026-08-25 17:04:50,413 - INFO - 📅 Fetching Basic Metadata: Poker Club
2026-08-25 17:04:50,545 - INFO - 🎯 IGDB Match: 'Poker Club' (100%)
2026-08-25 17:04:50,551 - INFO - 📅 Fetching Basic Metadata: The Sims 4 The Daring Lifestyle Bundle
2026-08-25 17:04:50,671 - INFO - 🎯 IGDB Match: 'The Sims 4: The Daring Lifestyle Bundle' (99%)
2026-08-25 17:04:50,679 - INFO - 📅 Fetching Basic Metadata: Dodo Peak
2026-08-25 17:04:50,750 - INFO - 🎯 IGDB Match: 'Dodo Peak' (100%)
2026-08-25 17:04:50,757 - INFO - 📅 Fetching Basic Metadata: Spelldrifter
2026-08-25 17:04:50,824 - INFO - 🎯 IGDB Match: 'Spelldrifter' (100%)
2026-08-25 17:04:50,831 - INFO - 📅 Fetching Basic Metadata: Model Builder
2026-08-25 17:04:50,918 - INFO - 🎯 IGDB Match: 'Model Builder' (100%)
2026-08-25 17:04:50,924 - INFO - 📅 Fetching Basic Metadata: Godlike Burger
2026-08-25 17:04:51,006 - INFO - 🎯 IGDB Match: 'Godlike Burger' (100%)
2026-08-25 17:04:51,013 - INFO - 📅 Fetching Basic Metadata: Q.U.B.E. Ultimate Bundle
2026-08-25 17:04:51,142 - INFO - 🎯 IGDB Match: 'Q.U.B.E. Ultimate Bundle' (100%)
2026-08-25 17:04:51,150 - INFO - 📅 Fetching Basic Metadata: Jitsu Squad
2026-08-25 17:04:51,228 - INFO - 🎯 IGDB Match: 'Jitsu Squad' (100%)
2026-08-25 17:04:51,234 - INFO - 📅 Fetching Basic Metadata: Mighty Fight Federation
2026-08-25 17:04:51,337 - INFO - 🎯 IGDB Match: 'Mighty Fight Federation' (100%)
2026-08-25 17:04:51,347 - INFO - 📅 Fetching Basic Metadata: LOVE
2026-08-25 17:04:51,462 - INFO - 🎯 IGDB Match: 'Love Love Love' (90%)
2026-08-25 17:04:51,470 - INFO - 📅 Fetching Basic Metadata: Call of The Wild: The Angler
2026-08-25 17:04:51,545 - INFO - 🎯 IGDB Match: 'Call of the Wild: The Angler' (100%)
2026-08-25 17:04:51,554 - INFO - 📅 Fetching Basic Metadata: The Falconeer
2026-08-25 17:04:51,628 - INFO - 🎯 IGDB Match: 'The Falconeer: The Hunter' (90%)
2026-08-25 17:04:51,635 - INFO - 📅 Fetching Basic Metadata: Rawmen: Food Fighter Arena
2026-08-25 17:04:51,702 - INFO - 🎯 IGDB Match: 'Rawmen' (90%)
2026-08-25 17:04:51,709 - INFO - 📅 Fetching Basic Metadata: World of Warships – Starter Pack: Albany
2026-08-25 17:04:51,781 - INFO - 📅 Fetching Basic Metadata: Fallout Classic Edition
2026-08-25 17:04:51,868 - INFO - 📅 Fetching Basic Metadata: Outliver: Tribulation
2026-08-25 17:04:51,949 - WARNING - IGDB Error for Outliver: Tribulation: string indices must be integers, not 'str'
2026-08-25 17:04:51,957 - INFO - 📅 Fetching Basic Metadata: Bus Simulator 21 Next Stop
2026-08-25 17:04:52,011 - WARNING - IGDB Error for Bus Simulator 21 Next Stop: string indices must be integers, not 'str'
2026-08-25 17:04:52,020 - INFO - 📅 Fetching Basic Metadata: Turmoil
2026-08-25 17:04:52,075 - WARNING - IGDB Error for Turmoil: string indices must be integers, not 'str'
2026-08-25 17:04:52,083 - INFO - 📅 Fetching Basic Metadata: World War Z Aftermath
2026-08-25 17:04:52,140 - WARNING - IGDB Error for World War Z Aftermath: string indices must be integers, not 'str'
2026-08-25 17:04:52,147 - INFO - 📅 Fetching Basic Metadata: World Of Warships – Anniversary Party Flavor
2026-08-25 17:04:52,201 - WARNING - IGDB Error for World Of Warships – Anniversary Party Flavor: string indices must be integers, not 'str'
2026-08-25 17:04:52,208 - INFO - 📅 Fetching Basic Metadata: Neko Ghost, Jump!
2026-08-25 17:04:52,264 - WARNING - IGDB Error for Neko Ghost, Jump!: string indices must be integers, not 'str'
2026-08-25 17:04:52,272 - INFO - 📅 Fetching Basic Metadata: Super Space Club
2026-08-25 17:04:52,327 - WARNING - IGDB Error for Super Space Club: string indices must be integers, not 'str'
2026-08-25 17:04:52,333 - INFO - 📅 Fetching Basic Metadata: Touch Type Tale
2026-08-25 17:04:52,405 - WARNING - IGDB Error for Touch Type Tale: string indices must be integers, not 'str'
2026-08-25 17:04:52,412 - INFO - 📅 Fetching Basic Metadata: Gigapocalypse
2026-08-25 17:04:52,482 - WARNING - IGDB Error for Gigapocalypse: string indices must be integers, not 'str'
2026-08-25 17:04:52,490 - INFO - 📅 Fetching Basic Metadata: Legion TD2
2026-08-25 17:04:52,550 - WARNING - IGDB Error for Legion TD2: string indices must be integers, not 'str'
2026-08-25 17:04:52,559 - INFO - 📅 Fetching Basic Metadata: Nightingale
2026-08-25 17:04:52,619 - WARNING - IGDB Error for Nightingale: string indices must be integers, not 'str'
2026-08-25 17:04:52,627 - INFO - 📅 Fetching Basic Metadata: Godzilla Voxel Wars
2026-08-25 17:04:52,682 - WARNING - IGDB Error for Godzilla Voxel Wars: string indices must be integers, not 'str'
2026-08-25 17:04:52,691 - INFO - 📅 Fetching Basic Metadata: Trine Classic Collection
2026-08-25 17:04:52,748 - WARNING - IGDB Error for Trine Classic Collection: string indices must be integers, not 'str'
2026-08-25 17:04:52,756 - INFO - 📅 Fetching Basic Metadata: Poison Retro Set
2026-08-25 17:04:52,812 - WARNING - IGDB Error for Poison Retro Set: string indices must be integers, not 'str'
2026-08-25 17:04:52,819 - INFO - 📅 Fetching Basic Metadata: The Darkside Detective A Fumble in the Dark
2026-08-25 17:04:52,879 - WARNING - IGDB Error for The Darkside Detective A Fumble in the Dark: string indices must be integers, not 'str'
2026-08-25 17:04:52,886 - INFO - 📅 Fetching Basic Metadata: Return to Ash
2026-08-25 17:04:52,980 - WARNING - IGDB Error for Return to Ash: string indices must be integers, not 'str'
2026-08-25 17:04:52,987 - INFO - 🏢 Publisher Search: STALCRAFT: X Starter Edition
2026-08-25 17:04:54,364 - INFO - 📅 Fetching Basic Metadata: STALCRAFT: X Starter Edition
2026-08-25 17:04:54,436 - INFO - 📅 Fetching Basic Metadata: Boxes: Lost Fragments
2026-08-25 17:04:54,503 - INFO - 🎯 IGDB Match: 'Boxes: Lost Fragments' (100%)
2026-08-25 17:04:54,509 - INFO - 📅 Fetching Basic Metadata: My Night Job
2026-08-25 17:04:54,574 - INFO - 🎯 IGDB Match: 'My Night Job' (100%)
2026-08-25 17:04:54,581 - INFO - 📅 Fetching Basic Metadata: Electrician Simulator
2026-08-25 17:04:54,665 - INFO - 🎯 IGDB Match: 'Electrician Simulator' (100%)
2026-08-25 17:04:54,671 - INFO - 🏢 Publisher Search: World of Warships — Epic Anniversary Tachibana Pack
2026-08-25 17:04:56,067 - INFO - 📅 Fetching Basic Metadata: World of Warships — Epic Anniversary Tachibana Pack
2026-08-25 17:04:56,149 - INFO - 📅 Fetching Basic Metadata: Hyper Echelon
2026-08-25 17:04:56,217 - INFO - 🎯 IGDB Match: 'Hyper Echelon' (100%)
2026-08-25 17:04:56,224 - INFO - 📅 Fetching Basic Metadata: Havendock
2026-08-25 17:04:56,295 - INFO - 🎯 IGDB Match: 'Havendock' (100%)
2026-08-25 17:04:56,302 - INFO - 📅 Fetching Basic Metadata: Clone Drone in the Danger Zone
2026-08-25 17:04:56,390 - INFO - 🎯 IGDB Match: 'Clone Drone in the Danger Zone' (100%)
2026-08-25 17:04:56,397 - INFO - 🏢 Publisher Search: TOMAK: Save the Earth Regeneration
2026-08-25 17:04:57,754 - INFO - 📅 Fetching Basic Metadata: TOMAK: Save the Earth Regeneration
2026-08-25 17:04:57,820 - INFO - 🎯 IGDB Match: 'Tomak: Save the Earth Regeneration' (100%)
2026-08-25 17:04:57,827 - INFO - 📅 Fetching Basic Metadata: Prop Sumo
2026-08-25 17:04:57,898 - INFO - 🎯 IGDB Match: 'Prop Sumo' (100%)
2026-08-25 17:04:57,904 - INFO - 📅 Fetching Basic Metadata: The Stone of Madness
2026-08-25 17:04:57,978 - INFO - 🎯 IGDB Match: 'The Stone of Madness' (100%)
2026-08-25 17:04:57,984 - INFO - 📅 Fetching Basic Metadata: Firestone Online Idle RPG
2026-08-25 17:04:58,050 - INFO - 🎯 IGDB Match: 'Firestone: Online Idle RPG' (98%)
2026-08-25 17:04:58,057 - INFO - 📅 Fetching Basic Metadata: Oddsparks: An Automation Adventure
2026-08-25 17:04:58,125 - INFO - 🎯 IGDB Match: 'Oddsparks: An Automation Adventure' (100%)
2026-08-25 17:04:58,132 - INFO - 📅 Fetching Basic Metadata: Trash Goblin
2026-08-25 17:04:58,206 - INFO - 🎯 IGDB Match: 'Trash Goblin' (100%)
2026-08-25 17:04:58,213 - INFO - 🏢 Publisher Search: The Telltale Batman Shadows Edition
2026-08-25 17:04:59,587 - INFO - 📅 Fetching Basic Metadata: The Telltale Batman Shadows Edition
2026-08-25 17:04:59,652 - INFO - 🎯 IGDB Match: 'Telltale Batman Shadows Edition' (95%)
2026-08-25 17:04:59,659 - INFO - 🏢 Publisher Search: Sunderfolk - Standard Edition
2026-08-25 17:05:01,035 - INFO - 📅 Fetching Basic Metadata: Sunderfolk - Standard Edition
2026-08-25 17:05:01,110 - INFO - 📅 Fetching Basic Metadata: Down in Bermuda
2026-08-25 17:05:01,180 - INFO - 🎯 IGDB Match: 'Down in Bermuda' (100%)
2026-08-25 17:05:01,186 - INFO - 📅 Fetching Basic Metadata: Tomb Raider I-III Remastered Starring Lara Croft
2026-08-25 17:05:01,257 - INFO - 📅 Fetching Basic Metadata: LONESTAR
2026-08-25 17:05:01,323 - INFO - 🎯 IGDB Match: 'LoneStar' (100%)
2026-08-25 17:05:01,329 - INFO - 📅 Fetching Basic Metadata: Calico
2026-08-25 17:05:01,396 - INFO - 🎯 IGDB Match: 'Calico' (100%)
2026-08-25 17:05:01,402 - INFO - 📅 Fetching Basic Metadata: Rogue Waters
2026-08-25 17:05:01,469 - INFO - 🎯 IGDB Match: 'Rogue Waters' (100%)
2026-08-25 17:05:01,475 - INFO - 📅 Fetching Basic Metadata: The Ouroboros King
2026-08-25 17:05:01,543 - INFO - 🎯 IGDB Match: 'The Ouroboros King' (100%)
2026-08-25 17:05:01,549 - INFO - 🏢 Publisher Search: Warhammer 40K Speed Freeks
2026-08-25 17:05:02,907 - INFO - 📅 Fetching Basic Metadata: I Have No Mouth, and I Must Scream
2026-08-25 17:05:02,986 - INFO - 🎯 IGDB Match: 'I Have No Mouth, and I Must Scream' (100%)
2026-08-25 17:05:02,993 - INFO - 📅 Fetching Basic Metadata: Nova Lands
2026-08-25 17:05:03,058 - INFO - 🎯 IGDB Match: 'Nova Lands' (100%)
2026-08-25 17:05:03,064 - INFO - 📅 Fetching Basic Metadata: Tattoo Tycoon
2026-08-25 17:05:03,133 - INFO - 🎯 IGDB Match: 'Tattoo Tycoon' (100%)
2026-08-25 17:05:03,139 - INFO - 📅 Fetching Basic Metadata: Echo Generation: Midnight Edition
2026-08-25 17:05:03,256 - INFO - 🎯 IGDB Match: 'Echo Generation: Midnight Edition' (100%)
2026-08-25 17:05:03,263 - INFO - 💰 Price Search: Foretales
2026-08-25 17:05:04,404 - WARNING - Price error for Foretales: string indices must be integers, not 'str'
2026-08-25 17:05:04,405 - INFO - 📅 Fetching Basic Metadata: Foretales
2026-08-25 17:05:04,470 - INFO - 🎯 IGDB Match: 'Foretales' (100%)
2026-08-25 17:05:04,476 - INFO - 💰 Price Search: OTXO
2026-08-25 17:05:05,571 - WARNING - Price error for OTXO: string indices must be integers, not 'str'
2026-08-25 17:05:05,572 - INFO - 💰 Price Search: Sol Cesto
2026-08-25 17:05:06,714 - WARNING - Price error for Sol Cesto: string indices must be integers, not 'str'
2026-08-25 17:05:06,714 - INFO - 📅 Fetching Basic Metadata: Sol Cesto
2026-08-25 17:05:06,783 - INFO - 🎯 IGDB Match: 'Sol Cesto' (100%)
2026-08-25 17:05:06,789 - INFO - 💰 Price Search: Beacon Pines
2026-08-25 17:05:07,855 - WARNING - Price error for Beacon Pines: string indices must be integers, not 'str'
2026-08-25 17:05:07,857 - INFO - 💰 Price Search: Caravan SandWitch
2026-08-25 17:05:08,903 - WARNING - Price error for Caravan SandWitch: string indices must be integers, not 'str'
2026-08-25 17:05:08,904 - INFO - 💰 Price Search: Cardpocalypse Standard Edition
2026-08-25 17:05:09,953 - WARNING - Price error for Cardpocalypse Standard Edition: string indices must be integers, not 'str'
2026-08-25 17:05:09,954 - INFO - 🏢 Publisher Search: Cardpocalypse Standard Edition
2026-08-25 17:05:11,246 - INFO - 📅 Fetching Basic Metadata: Cardpocalypse Standard Edition
2026-08-25 17:05:11,320 - INFO - 💰 Price Search: Epic Mage Bundle
2026-08-25 17:05:12,357 - WARNING - Price error for Epic Mage Bundle: string indices must be integers, not 'str'
2026-08-25 17:05:12,357 - INFO - 🏢 Publisher Search: Epic Mage Bundle
2026-08-25 17:05:13,706 - INFO - 📅 Fetching Basic Metadata: Epic Mage Bundle
2026-08-25 17:05:13,786 - INFO - 
--- Starting Data Quality Checks ---
2026-08-25 17:05:13,799 - INFO - --- Data Quality Checks Complete ---

2026-08-25 17:05:13,829 - INFO - | Metric | Statistics |
| :--- | :--- |
| 💰 **Total Market Value** | **$13,332.99** |
| 📦 **Total Games Collected** | 698 |
| 🏷️ **Average Retail Price** | $22.11 per game |
| 💎 **Most Expensive Title** | Civilization 6 Platinum Edition ($79.99) |
| 👑 **MVP Publisher** | Bethesda Softworks |
| 🏢 **Value Leaders** | 2K ($579.90), Bethesda Softworks ($544.80), Paradox Interactive ($409.89) |
| 📈 **Inflation-Adjusted Value** | $15,130.23 |
| 🎈 **Inflation Bonus** | **+$1,797.24** in purchasing power |
| 🗓️ **Peak Saving Month** | 🎄 **Seasonality Peak:** December is historically the best month, offering $3,388.17 in savings. |
| ⭐ **Average Score** | 76.9/100 |
| 💳 **Subscription Equivalent** | **$167.78 / mo** |
| 🎯 **Prestige Ratio** | **2.0%** (Strategic Hype) |
| 🏎️ **Lead Time Avg** | 441 Days to Sequel |

2026-08-25 17:05:13,830 - INFO - ✅ README.md updated.
2026-08-25 17:05:13,855 - INFO - Using categorical units to plot a list of strings that are all parsable as floats or dates. If these strings should be plotted as numbers, cast to the appropriate data type before plotting.
2026-08-25 17:05:13,856 - INFO - Using categorical units to plot a list of strings that are all parsable as floats or dates. If these strings should be plotted as numbers, cast to the appropriate data type before plotting.
2026-08-25 17:05:20,179 - INFO - 📈 All charts generated successfully.
