2026-09-18 19:06:29,618 - INFO - Failed to extract font properties from /usr/share/fonts/truetype/noto/NotoColorEmoji.ttf: Non-scalable fonts are not supported
2026-09-18 19:06:29,780 - INFO - generated new fontManager
2026-09-18 19:06:30,227 - INFO - ✅ Migration Successful!
2026-09-18 19:06:30,405 - INFO - No new games found.
2026-09-18 19:06:30,790 - INFO - 🔍 Found 628 games needing metadata. Starting IGDB + Steam + CheapShark enrichment...
2026-09-18 19:06:30,888 - INFO - 📅 Fetching Basic Metadata: LEGO Batman Trilogy
2026-09-18 19:06:31,202 - INFO - 🎯 IGDB Match: 'LEGO Batman Trilogy' (100%)
2026-09-18 19:06:31,225 - INFO - 📅 Fetching Basic Metadata: Antstream
2026-09-18 19:06:31,441 - INFO - 📅 Fetching Basic Metadata: The Drone Racing League Simulator
2026-09-18 19:06:31,747 - INFO - 🎯 IGDB Match: 'The Drone Racing League Simulator' (100%)
2026-09-18 19:06:31,755 - INFO - 📅 Fetching Basic Metadata: Dark Deity
2026-09-18 19:06:31,958 - INFO - 🎯 IGDB Match: 'Dark Deity' (100%)
2026-09-18 19:06:31,965 - INFO - 📅 Fetching Basic Metadata: RPG in a Box
2026-09-18 19:06:32,279 - INFO - 🎯 IGDB Match: 'RPG in a Box' (100%)
2026-09-18 19:06:32,287 - INFO - 📅 Fetching Basic Metadata: Fallout Classic Collection
2026-09-18 19:06:32,435 - INFO - 🎯 IGDB Match: 'Fallout Classic Collection' (100%)
2026-09-18 19:06:32,444 - INFO - 📅 Fetching Basic Metadata: Recipe for Disaster
2026-09-18 19:06:32,600 - INFO - 🎯 IGDB Match: 'Recipe For Disaster' (100%)
2026-09-18 19:06:32,608 - INFO - 📅 Fetching Basic Metadata: World of Warships — Starter Pack: Ishizuchi
2026-09-18 19:06:32,793 - INFO - 🎯 IGDB Match: 'World of Warships: Starter Pack - Ishizuchi' (98%)
2026-09-18 19:06:32,800 - INFO - 📅 Fetching Basic Metadata: Poker Club
2026-09-18 19:06:32,947 - INFO - 🎯 IGDB Match: 'Poker Club' (100%)
2026-09-18 19:06:32,955 - INFO - 📅 Fetching Basic Metadata: The Sims 4 The Daring Lifestyle Bundle
2026-09-18 19:06:33,165 - INFO - 🎯 IGDB Match: 'The Sims 4: The Daring Lifestyle Bundle' (99%)
2026-09-18 19:06:33,174 - INFO - 📅 Fetching Basic Metadata: Dodo Peak
2026-09-18 19:06:33,455 - INFO - 🎯 IGDB Match: 'Dodo Peak' (100%)
2026-09-18 19:06:33,462 - INFO - 📅 Fetching Basic Metadata: Spelldrifter
2026-09-18 19:06:33,756 - INFO - 🎯 IGDB Match: 'Spelldrifter' (100%)
2026-09-18 19:06:33,763 - INFO - 📅 Fetching Basic Metadata: Model Builder
2026-09-18 19:06:33,890 - INFO - 🎯 IGDB Match: 'Model Builder' (100%)
2026-09-18 19:06:33,897 - INFO - 📅 Fetching Basic Metadata: Godlike Burger
2026-09-18 19:06:34,052 - INFO - 🎯 IGDB Match: 'Godlike Burger' (100%)
2026-09-18 19:06:34,059 - INFO - 📅 Fetching Basic Metadata: Q.U.B.E. Ultimate Bundle
2026-09-18 19:06:34,193 - INFO - 🎯 IGDB Match: 'Q.U.B.E. Ultimate Bundle' (100%)
2026-09-18 19:06:34,201 - INFO - 📅 Fetching Basic Metadata: Jitsu Squad
2026-09-18 19:06:34,385 - INFO - 🎯 IGDB Match: 'Jitsu Squad' (100%)
2026-09-18 19:06:34,392 - INFO - 📅 Fetching Basic Metadata: Mighty Fight Federation
2026-09-18 19:06:34,525 - INFO - 🎯 IGDB Match: 'Mighty Fight Federation' (100%)
2026-09-18 19:06:34,534 - INFO - 📅 Fetching Basic Metadata: LOVE
2026-09-18 19:06:34,712 - INFO - 🎯 IGDB Match: 'Love Love Love' (90%)
2026-09-18 19:06:34,720 - INFO - 📅 Fetching Basic Metadata: Call of The Wild: The Angler
2026-09-18 19:06:34,893 - INFO - 🎯 IGDB Match: 'Call of the Wild: The Angler' (100%)
2026-09-18 19:06:34,902 - INFO - 📅 Fetching Basic Metadata: The Falconeer
2026-09-18 19:06:35,067 - INFO - 🎯 IGDB Match: 'The Falconeer: The Hunter' (90%)
2026-09-18 19:06:35,075 - INFO - 📅 Fetching Basic Metadata: Rawmen: Food Fighter Arena
2026-09-18 19:06:35,433 - INFO - 🎯 IGDB Match: 'Rawmen' (90%)
2026-09-18 19:06:35,440 - INFO - 📅 Fetching Basic Metadata: World of Warships – Starter Pack: Albany
2026-09-18 19:06:35,577 - INFO - 📅 Fetching Basic Metadata: Fallout Classic Edition
2026-09-18 19:06:35,885 - INFO - 📅 Fetching Basic Metadata: Outliver: Tribulation
2026-09-18 19:06:36,012 - INFO - 🎯 IGDB Match: 'Outliver: Tribulation' (100%)
2026-09-18 19:06:36,020 - INFO - 📅 Fetching Basic Metadata: Bus Simulator 21 Next Stop
2026-09-18 19:06:36,226 - INFO - 🎯 IGDB Match: 'Bus Simulator 21: Next Stop' (98%)
2026-09-18 19:06:36,234 - INFO - 📅 Fetching Basic Metadata: Turmoil
2026-09-18 19:06:36,431 - INFO - 🎯 IGDB Match: 'Turmoil' (100%)
2026-09-18 19:06:36,439 - INFO - 📅 Fetching Basic Metadata: World War Z Aftermath
2026-09-18 19:06:36,698 - INFO - 🎯 IGDB Match: 'World War Z: Aftermath' (98%)
2026-09-18 19:06:36,706 - INFO - 📅 Fetching Basic Metadata: World Of Warships – Anniversary Party Flavor
2026-09-18 19:06:36,837 - INFO - 📅 Fetching Basic Metadata: Neko Ghost, Jump!
2026-09-18 19:06:36,974 - INFO - 🎯 IGDB Match: 'Neko Ghost, Jump!' (100%)
2026-09-18 19:06:36,982 - INFO - 📅 Fetching Basic Metadata: Super Space Club
2026-09-18 19:06:37,112 - INFO - 🎯 IGDB Match: 'Super Space Club' (100%)
2026-09-18 19:06:37,119 - INFO - 📅 Fetching Basic Metadata: Touch Type Tale
2026-09-18 19:06:37,304 - INFO - 🎯 IGDB Match: 'Touch Type Tale' (100%)
2026-09-18 19:06:37,311 - INFO - 📅 Fetching Basic Metadata: Gigapocalypse
2026-09-18 19:06:37,439 - INFO - 🎯 IGDB Match: 'Gigapocalypse' (100%)
2026-09-18 19:06:37,447 - INFO - 📅 Fetching Basic Metadata: Legion TD2
2026-09-18 19:06:37,585 - INFO - 📅 Fetching Basic Metadata: Nightingale
2026-09-18 19:06:37,714 - INFO - 🎯 IGDB Match: 'Nightingale' (100%)
2026-09-18 19:06:37,722 - INFO - 📅 Fetching Basic Metadata: Godzilla Voxel Wars
2026-09-18 19:06:37,857 - INFO - 🎯 IGDB Match: 'Godzilla Voxel Wars' (100%)
2026-09-18 19:06:37,866 - INFO - 📅 Fetching Basic Metadata: Trine Classic Collection
2026-09-18 19:06:37,990 - INFO - 🎯 IGDB Match: 'Trine Classic Collection' (100%)
2026-09-18 19:06:37,998 - INFO - 📅 Fetching Basic Metadata: Poison Retro Set
2026-09-18 19:06:38,121 - INFO - 🎯 IGDB Match: 'Pixel Gun 3D: Poison Retro Set' (90%)
2026-09-18 19:06:38,127 - INFO - 📅 Fetching Basic Metadata: The Darkside Detective A Fumble in the Dark
2026-09-18 19:06:38,254 - INFO - 🎯 IGDB Match: 'The Darkside Detective: A Fumble in the Dark' (99%)
2026-09-18 19:06:38,261 - INFO - 📅 Fetching Basic Metadata: Return to Ash
2026-09-18 19:06:38,380 - WARNING - IGDB Error for Return to Ash: string indices must be integers, not 'str'
2026-09-18 19:06:38,387 - INFO - 🏢 Publisher Search: STALCRAFT: X Starter Edition
2026-09-18 19:06:39,736 - INFO - 📅 Fetching Basic Metadata: STALCRAFT: X Starter Edition
2026-09-18 19:06:39,963 - INFO - 📅 Fetching Basic Metadata: Boxes: Lost Fragments
2026-09-18 19:06:40,089 - INFO - 🎯 IGDB Match: 'Boxes: Lost Fragments' (100%)
2026-09-18 19:06:40,096 - INFO - 📅 Fetching Basic Metadata: My Night Job
2026-09-18 19:06:40,220 - INFO - 🎯 IGDB Match: 'My Night Job' (100%)
2026-09-18 19:06:40,227 - INFO - 📅 Fetching Basic Metadata: Electrician Simulator
2026-09-18 19:06:40,361 - INFO - 🎯 IGDB Match: 'Electrician Simulator' (100%)
2026-09-18 19:06:40,367 - INFO - 🏢 Publisher Search: World of Warships — Epic Anniversary Tachibana Pack
2026-09-18 19:06:41,752 - INFO - 📅 Fetching Basic Metadata: World of Warships — Epic Anniversary Tachibana Pack
2026-09-18 19:06:41,898 - INFO - 📅 Fetching Basic Metadata: Hyper Echelon
2026-09-18 19:06:42,030 - INFO - 🎯 IGDB Match: 'Hyper Echelon' (100%)
2026-09-18 19:06:42,037 - INFO - 📅 Fetching Basic Metadata: Havendock
2026-09-18 19:06:42,165 - INFO - 🎯 IGDB Match: 'Havendock' (100%)
2026-09-18 19:06:42,172 - INFO - 📅 Fetching Basic Metadata: Clone Drone in the Danger Zone
2026-09-18 19:06:42,376 - INFO - 🎯 IGDB Match: 'Clone Drone in the Danger Zone' (100%)
2026-09-18 19:06:42,383 - INFO - 🏢 Publisher Search: TOMAK: Save the Earth Regeneration
2026-09-18 19:06:43,734 - INFO - 📅 Fetching Basic Metadata: TOMAK: Save the Earth Regeneration
2026-09-18 19:06:43,856 - INFO - 🎯 IGDB Match: 'Tomak: Save the Earth Regeneration' (100%)
2026-09-18 19:06:43,863 - INFO - 📅 Fetching Basic Metadata: Prop Sumo
2026-09-18 19:06:44,114 - INFO - 🎯 IGDB Match: 'Prop Sumo' (100%)
2026-09-18 19:06:44,120 - INFO - 📅 Fetching Basic Metadata: The Stone of Madness
2026-09-18 19:06:44,265 - INFO - 🎯 IGDB Match: 'The Stone of Madness' (100%)
2026-09-18 19:06:44,272 - INFO - 📅 Fetching Basic Metadata: Firestone Online Idle RPG
2026-09-18 19:06:44,398 - INFO - 🎯 IGDB Match: 'Firestone: Online Idle RPG' (98%)
2026-09-18 19:06:44,405 - INFO - 📅 Fetching Basic Metadata: Oddsparks: An Automation Adventure
2026-09-18 19:06:44,552 - INFO - 🎯 IGDB Match: 'Oddsparks: An Automation Adventure' (100%)
2026-09-18 19:06:44,559 - INFO - 📅 Fetching Basic Metadata: Trash Goblin
2026-09-18 19:06:44,712 - INFO - 🎯 IGDB Match: 'Trash Goblin' (100%)
2026-09-18 19:06:44,718 - INFO - 🏢 Publisher Search: The Telltale Batman Shadows Edition
2026-09-18 19:06:46,061 - INFO - 📅 Fetching Basic Metadata: The Telltale Batman Shadows Edition
2026-09-18 19:06:46,319 - INFO - 🎯 IGDB Match: 'Telltale Batman Shadows Edition' (95%)
2026-09-18 19:06:46,326 - INFO - 🏢 Publisher Search: Sunderfolk - Standard Edition
2026-09-18 19:06:47,694 - INFO - 📅 Fetching Basic Metadata: Sunderfolk - Standard Edition
2026-09-18 19:06:47,831 - INFO - 📅 Fetching Basic Metadata: Down in Bermuda
2026-09-18 19:06:47,992 - INFO - 🎯 IGDB Match: 'Down in Bermuda' (100%)
2026-09-18 19:06:47,999 - INFO - 📅 Fetching Basic Metadata: Tomb Raider I-III Remastered Starring Lara Croft
2026-09-18 19:06:48,141 - INFO - 📅 Fetching Basic Metadata: LONESTAR
2026-09-18 19:06:48,399 - INFO - 🎯 IGDB Match: 'LoneStar' (100%)
2026-09-18 19:06:48,405 - INFO - 📅 Fetching Basic Metadata: Calico
2026-09-18 19:06:48,536 - INFO - 🎯 IGDB Match: 'Calico' (100%)
2026-09-18 19:06:48,543 - INFO - 📅 Fetching Basic Metadata: Rogue Waters
2026-09-18 19:06:48,686 - INFO - 🎯 IGDB Match: 'Rogue Waters' (100%)
2026-09-18 19:06:48,693 - INFO - 📅 Fetching Basic Metadata: The Ouroboros King
2026-09-18 19:06:48,895 - INFO - 🎯 IGDB Match: 'The Ouroboros King' (100%)
2026-09-18 19:06:48,902 - INFO - 🏢 Publisher Search: Warhammer 40K Speed Freeks
2026-09-18 19:06:50,350 - INFO - 📅 Fetching Basic Metadata: I Have No Mouth, and I Must Scream
2026-09-18 19:06:50,473 - INFO - 🎯 IGDB Match: 'I Have No Mouth, and I Must Scream' (100%)
2026-09-18 19:06:50,480 - INFO - 📅 Fetching Basic Metadata: Nova Lands
2026-09-18 19:06:50,617 - INFO - 🎯 IGDB Match: 'Nova Lands' (100%)
2026-09-18 19:06:50,624 - INFO - 📅 Fetching Basic Metadata: Tattoo Tycoon
2026-09-18 19:06:50,761 - INFO - 🎯 IGDB Match: 'Tattoo Tycoon' (100%)
2026-09-18 19:06:50,768 - INFO - 📅 Fetching Basic Metadata: Echo Generation: Midnight Edition
2026-09-18 19:06:50,890 - INFO - 🎯 IGDB Match: 'Echo Generation: Midnight Edition' (100%)
2026-09-18 19:06:50,897 - INFO - 💰 Price Search: Foretales
2026-09-18 19:06:52,040 - WARNING - Price error for Foretales: string indices must be integers, not 'str'
2026-09-18 19:06:52,041 - INFO - 📅 Fetching Basic Metadata: Foretales
2026-09-18 19:06:52,200 - INFO - 🎯 IGDB Match: 'Foretales' (100%)
2026-09-18 19:06:52,207 - INFO - 💰 Price Search: OTXO
2026-09-18 19:06:53,260 - WARNING - Price error for OTXO: string indices must be integers, not 'str'
2026-09-18 19:06:53,261 - INFO - 💰 Price Search: Sol Cesto
2026-09-18 19:06:54,312 - WARNING - Price error for Sol Cesto: string indices must be integers, not 'str'
2026-09-18 19:06:54,312 - INFO - 📅 Fetching Basic Metadata: Sol Cesto
2026-09-18 19:06:54,481 - INFO - 🎯 IGDB Match: 'Sol Cesto' (100%)
2026-09-18 19:06:54,488 - INFO - 💰 Price Search: Beacon Pines
2026-09-18 19:06:55,561 - WARNING - Price error for Beacon Pines: string indices must be integers, not 'str'
2026-09-18 19:06:55,562 - INFO - 💰 Price Search: Caravan SandWitch
2026-09-18 19:06:56,634 - WARNING - Price error for Caravan SandWitch: string indices must be integers, not 'str'
2026-09-18 19:06:56,635 - INFO - 💰 Price Search: Cardpocalypse Standard Edition
2026-09-18 19:06:57,682 - WARNING - Price error for Cardpocalypse Standard Edition: string indices must be integers, not 'str'
2026-09-18 19:06:57,682 - INFO - 🏢 Publisher Search: Cardpocalypse Standard Edition
2026-09-18 19:06:59,158 - INFO - 📅 Fetching Basic Metadata: Cardpocalypse Standard Edition
2026-09-18 19:06:59,415 - INFO - 💰 Price Search: Epic Mage Bundle
2026-09-18 19:07:00,459 - WARNING - Price error for Epic Mage Bundle: string indices must be integers, not 'str'
2026-09-18 19:07:00,459 - INFO - 🏢 Publisher Search: Epic Mage Bundle
2026-09-18 19:07:02,042 - INFO - 📅 Fetching Basic Metadata: Epic Mage Bundle
2026-09-18 19:07:02,224 - INFO - 💰 Price Search: Rival Stars Horse Racing : Desktop Edition
2026-09-18 19:07:03,274 - WARNING - Price error for Rival Stars Horse Racing : Desktop Edition: string indices must be integers, not 'str'
2026-09-18 19:07:03,275 - INFO - 🏢 Publisher Search: Rival Stars Horse Racing : Desktop Edition
2026-09-18 19:07:04,777 - INFO - 📅 Fetching Basic Metadata: Rival Stars Horse Racing : Desktop Edition
2026-09-18 19:07:04,906 - INFO - 🎯 IGDB Match: 'Rival Stars Horse Racing: Desktop Edition' (99%)
2026-09-18 19:07:04,914 - INFO - 💰 Price Search: Alone With You
2026-09-18 19:07:05,962 - WARNING - Price error for Alone With You: string indices must be integers, not 'str'
2026-09-18 19:07:05,962 - INFO - 📅 Fetching Basic Metadata: Alone With You
2026-09-18 19:07:06,200 - INFO - 🎯 IGDB Match: 'Alone With You' (100%)
2026-09-18 19:07:06,207 - INFO - 💰 Price Search: Luftrausers
2026-09-18 19:07:07,254 - WARNING - Price error for Luftrausers: string indices must be integers, not 'str'
2026-09-18 19:07:07,255 - INFO - 💰 Price Search: Astral Ascent
2026-09-18 19:07:08,314 - WARNING - Price error for Astral Ascent: string indices must be integers, not 'str'
2026-09-18 19:07:08,315 - INFO - 💰 Price Search: Mindcop
2026-09-18 19:07:09,364 - WARNING - Price error for Mindcop: string indices must be integers, not 'str'
2026-09-18 19:07:09,365 - INFO - 💰 Price Search: Shogun Showdown
2026-09-18 19:07:10,412 - WARNING - Price error for Shogun Showdown: string indices must be integers, not 'str'
2026-09-18 19:07:10,417 - INFO - 
--- Starting Data Quality Checks ---
2026-09-18 19:07:10,430 - INFO - --- Data Quality Checks Complete ---

2026-09-18 19:07:10,459 - INFO - | Metric | Statistics |
| :--- | :--- |
| 💰 **Total Market Value** | **$13,332.99** |
| 📦 **Total Games Collected** | 705 |
| 🏷️ **Average Retail Price** | $21.93 per game |
| 💎 **Most Expensive Title** | Civilization 6 Platinum Edition ($79.99) |
| 👑 **MVP Publisher** | Bethesda Softworks |
| 🏢 **Value Leaders** | 2K ($579.90), Bethesda Softworks ($544.80), Paradox Interactive ($409.89) |
| 📈 **Inflation-Adjusted Value** | $15,130.23 |
| 🎈 **Inflation Bonus** | **+$1,797.24** in purchasing power |
| 🗓️ **Peak Saving Month** | 🎄 **Seasonality Peak:** December is historically the best month, offering $3,388.17 in savings. |
| ⭐ **Average Score** | 76.9/100 |
| 💳 **Subscription Equivalent** | **$166.24 / mo** |
| 🎯 **Prestige Ratio** | **2.0%** (Strategic Hype) |
| 🏎️ **Lead Time Avg** | 441 Days to Sequel |

2026-09-18 19:07:10,459 - INFO - ✅ README.md updated.
2026-09-18 19:07:10,482 - INFO - Using categorical units to plot a list of strings that are all parsable as floats or dates. If these strings should be plotted as numbers, cast to the appropriate data type before plotting.
2026-09-18 19:07:10,483 - INFO - Using categorical units to plot a list of strings that are all parsable as floats or dates. If these strings should be plotted as numbers, cast to the appropriate data type before plotting.
2026-09-18 19:07:16,223 - INFO - 📈 All charts generated successfully.
