2026-08-22 16:50:08,146 - INFO - Failed to extract font properties from /usr/share/fonts/truetype/noto/NotoColorEmoji.ttf: Non-scalable fonts are not supported
2026-08-22 16:50:08,162 - INFO - generated new fontManager
2026-08-22 16:50:08,532 - INFO - ✅ Migration Successful!
2026-08-22 16:50:08,637 - INFO - No new games found.
2026-08-22 16:50:08,941 - INFO - 🔍 Found 621 games needing metadata. Starting IGDB + Steam + CheapShark enrichment...
2026-08-22 16:50:09,026 - INFO - 📅 Fetching Basic Metadata: LEGO Batman Trilogy
2026-08-22 16:50:09,415 - INFO - 🎯 IGDB Match: 'LEGO Batman Trilogy' (100%)
2026-08-22 16:50:09,438 - INFO - 📅 Fetching Basic Metadata: Antstream
2026-08-22 16:50:09,648 - INFO - 📅 Fetching Basic Metadata: The Drone Racing League Simulator
2026-08-22 16:50:09,873 - INFO - 🎯 IGDB Match: 'The Drone Racing League Simulator' (100%)
2026-08-22 16:50:09,881 - INFO - 📅 Fetching Basic Metadata: Dark Deity
2026-08-22 16:50:10,084 - INFO - 🎯 IGDB Match: 'Dark Deity' (100%)
2026-08-22 16:50:10,091 - INFO - 📅 Fetching Basic Metadata: RPG in a Box
2026-08-22 16:50:10,276 - INFO - 🎯 IGDB Match: 'RPG in a Box' (100%)
2026-08-22 16:50:10,283 - INFO - 📅 Fetching Basic Metadata: Fallout Classic Collection
2026-08-22 16:50:10,461 - INFO - 🎯 IGDB Match: 'Fallout Classic Collection' (100%)
2026-08-22 16:50:10,470 - INFO - 📅 Fetching Basic Metadata: Recipe for Disaster
2026-08-22 16:50:10,702 - INFO - 🎯 IGDB Match: 'Recipe For Disaster' (100%)
2026-08-22 16:50:10,709 - INFO - 📅 Fetching Basic Metadata: World of Warships — Starter Pack: Ishizuchi
2026-08-22 16:50:10,838 - INFO - 🎯 IGDB Match: 'World of Warships: Starter Pack - Ishizuchi' (98%)
2026-08-22 16:50:10,845 - INFO - 📅 Fetching Basic Metadata: Poker Club
2026-08-22 16:50:10,942 - INFO - 🎯 IGDB Match: 'Poker Club' (100%)
2026-08-22 16:50:10,949 - INFO - 📅 Fetching Basic Metadata: The Sims 4 The Daring Lifestyle Bundle
2026-08-22 16:50:11,128 - INFO - 🎯 IGDB Match: 'The Sims 4: The Daring Lifestyle Bundle' (99%)
2026-08-22 16:50:11,136 - INFO - 📅 Fetching Basic Metadata: Dodo Peak
2026-08-22 16:50:11,322 - INFO - 🎯 IGDB Match: 'Dodo Peak' (100%)
2026-08-22 16:50:11,329 - INFO - 📅 Fetching Basic Metadata: Spelldrifter
2026-08-22 16:50:11,456 - INFO - 🎯 IGDB Match: 'Spelldrifter' (100%)
2026-08-22 16:50:11,463 - INFO - 📅 Fetching Basic Metadata: Model Builder
2026-08-22 16:50:11,568 - INFO - 🎯 IGDB Match: 'Model Builder' (100%)
2026-08-22 16:50:11,574 - INFO - 📅 Fetching Basic Metadata: Godlike Burger
2026-08-22 16:50:11,719 - INFO - 🎯 IGDB Match: 'Godlike Burger' (100%)
2026-08-22 16:50:11,725 - INFO - 📅 Fetching Basic Metadata: Q.U.B.E. Ultimate Bundle
2026-08-22 16:50:11,929 - INFO - 🎯 IGDB Match: 'Q.U.B.E. Ultimate Bundle' (100%)
2026-08-22 16:50:11,937 - INFO - 📅 Fetching Basic Metadata: Jitsu Squad
2026-08-22 16:50:12,030 - INFO - 🎯 IGDB Match: 'Jitsu Squad' (100%)
2026-08-22 16:50:12,037 - INFO - 📅 Fetching Basic Metadata: Mighty Fight Federation
2026-08-22 16:50:12,221 - INFO - 🎯 IGDB Match: 'Mighty Fight Federation' (100%)
2026-08-22 16:50:12,230 - INFO - 📅 Fetching Basic Metadata: LOVE
2026-08-22 16:50:12,355 - INFO - 🎯 IGDB Match: 'Love Love Love' (90%)
2026-08-22 16:50:12,362 - INFO - 📅 Fetching Basic Metadata: Call of The Wild: The Angler
2026-08-22 16:50:12,462 - INFO - 🎯 IGDB Match: 'Call of the Wild: The Angler' (100%)
2026-08-22 16:50:12,471 - INFO - 📅 Fetching Basic Metadata: The Falconeer
2026-08-22 16:50:12,564 - INFO - 🎯 IGDB Match: 'The Falconeer: The Hunter' (90%)
2026-08-22 16:50:12,572 - INFO - 📅 Fetching Basic Metadata: Rawmen: Food Fighter Arena
2026-08-22 16:50:12,695 - INFO - 🎯 IGDB Match: 'Rawmen' (90%)
2026-08-22 16:50:12,702 - INFO - 📅 Fetching Basic Metadata: World of Warships – Starter Pack: Albany
2026-08-22 16:50:12,805 - INFO - 📅 Fetching Basic Metadata: Fallout Classic Edition
2026-08-22 16:50:12,931 - INFO - 📅 Fetching Basic Metadata: Outliver: Tribulation
2026-08-22 16:50:13,031 - INFO - 🎯 IGDB Match: 'Outliver: Tribulation' (100%)
2026-08-22 16:50:13,039 - INFO - 📅 Fetching Basic Metadata: Bus Simulator 21 Next Stop
2026-08-22 16:50:13,146 - INFO - 🎯 IGDB Match: 'Bus Simulator 21: Next Stop' (98%)
2026-08-22 16:50:13,154 - INFO - 📅 Fetching Basic Metadata: Turmoil
2026-08-22 16:50:13,254 - INFO - 🎯 IGDB Match: 'Turmoil' (100%)
2026-08-22 16:50:13,261 - INFO - 📅 Fetching Basic Metadata: World War Z Aftermath
2026-08-22 16:50:13,341 - WARNING - IGDB Error for World War Z Aftermath: string indices must be integers, not 'str'
2026-08-22 16:50:13,348 - INFO - 📅 Fetching Basic Metadata: World Of Warships – Anniversary Party Flavor
2026-08-22 16:50:13,431 - WARNING - IGDB Error for World Of Warships – Anniversary Party Flavor: string indices must be integers, not 'str'
2026-08-22 16:50:13,438 - INFO - 📅 Fetching Basic Metadata: Neko Ghost, Jump!
2026-08-22 16:50:13,521 - WARNING - IGDB Error for Neko Ghost, Jump!: string indices must be integers, not 'str'
2026-08-22 16:50:13,528 - INFO - 📅 Fetching Basic Metadata: Super Space Club
2026-08-22 16:50:13,608 - WARNING - IGDB Error for Super Space Club: string indices must be integers, not 'str'
2026-08-22 16:50:13,615 - INFO - 📅 Fetching Basic Metadata: Touch Type Tale
2026-08-22 16:50:13,696 - WARNING - IGDB Error for Touch Type Tale: string indices must be integers, not 'str'
2026-08-22 16:50:13,703 - INFO - 📅 Fetching Basic Metadata: Gigapocalypse
2026-08-22 16:50:13,786 - WARNING - IGDB Error for Gigapocalypse: string indices must be integers, not 'str'
2026-08-22 16:50:13,793 - INFO - 📅 Fetching Basic Metadata: Legion TD2
2026-08-22 16:50:13,958 - WARNING - IGDB Error for Legion TD2: string indices must be integers, not 'str'
2026-08-22 16:50:13,966 - INFO - 📅 Fetching Basic Metadata: Nightingale
2026-08-22 16:50:14,073 - WARNING - IGDB Error for Nightingale: string indices must be integers, not 'str'
2026-08-22 16:50:14,080 - INFO - 📅 Fetching Basic Metadata: Godzilla Voxel Wars
2026-08-22 16:50:14,162 - WARNING - IGDB Error for Godzilla Voxel Wars: string indices must be integers, not 'str'
2026-08-22 16:50:14,170 - INFO - 📅 Fetching Basic Metadata: Trine Classic Collection
2026-08-22 16:50:14,254 - WARNING - IGDB Error for Trine Classic Collection: string indices must be integers, not 'str'
2026-08-22 16:50:14,262 - INFO - 📅 Fetching Basic Metadata: Poison Retro Set
2026-08-22 16:50:14,349 - WARNING - IGDB Error for Poison Retro Set: string indices must be integers, not 'str'
2026-08-22 16:50:14,355 - INFO - 📅 Fetching Basic Metadata: The Darkside Detective A Fumble in the Dark
2026-08-22 16:50:14,439 - WARNING - IGDB Error for The Darkside Detective A Fumble in the Dark: string indices must be integers, not 'str'
2026-08-22 16:50:14,446 - INFO - 📅 Fetching Basic Metadata: Return to Ash
2026-08-22 16:50:14,533 - WARNING - IGDB Error for Return to Ash: string indices must be integers, not 'str'
2026-08-22 16:50:14,540 - INFO - 🏢 Publisher Search: STALCRAFT: X Starter Edition
2026-08-22 16:50:15,922 - INFO - 📅 Fetching Basic Metadata: STALCRAFT: X Starter Edition
2026-08-22 16:50:16,018 - INFO - 📅 Fetching Basic Metadata: Boxes: Lost Fragments
2026-08-22 16:50:16,189 - INFO - 🎯 IGDB Match: 'Boxes: Lost Fragments' (100%)
2026-08-22 16:50:16,196 - INFO - 📅 Fetching Basic Metadata: My Night Job
2026-08-22 16:50:16,288 - INFO - 🎯 IGDB Match: 'My Night Job' (100%)
2026-08-22 16:50:16,294 - INFO - 📅 Fetching Basic Metadata: Electrician Simulator
2026-08-22 16:50:16,475 - INFO - 🎯 IGDB Match: 'Electrician Simulator' (100%)
2026-08-22 16:50:16,482 - INFO - 🏢 Publisher Search: World of Warships — Epic Anniversary Tachibana Pack
2026-08-22 16:50:17,918 - INFO - 📅 Fetching Basic Metadata: World of Warships — Epic Anniversary Tachibana Pack
2026-08-22 16:50:18,014 - INFO - 📅 Fetching Basic Metadata: Hyper Echelon
2026-08-22 16:50:18,197 - INFO - 🎯 IGDB Match: 'Hyper Echelon' (100%)
2026-08-22 16:50:18,204 - INFO - 📅 Fetching Basic Metadata: Havendock
2026-08-22 16:50:18,381 - INFO - 🎯 IGDB Match: 'Havendock' (100%)
2026-08-22 16:50:18,387 - INFO - 📅 Fetching Basic Metadata: Clone Drone in the Danger Zone
2026-08-22 16:50:18,480 - INFO - 🎯 IGDB Match: 'Clone Drone in the Danger Zone' (100%)
2026-08-22 16:50:18,487 - INFO - 🏢 Publisher Search: TOMAK: Save the Earth Regeneration
2026-08-22 16:50:19,970 - INFO - 📅 Fetching Basic Metadata: TOMAK: Save the Earth Regeneration
2026-08-22 16:50:20,062 - INFO - 🎯 IGDB Match: 'Tomak: Save the Earth Regeneration' (100%)
2026-08-22 16:50:20,069 - INFO - 📅 Fetching Basic Metadata: Prop Sumo
2026-08-22 16:50:20,179 - INFO - 🎯 IGDB Match: 'Prop Sumo' (100%)
2026-08-22 16:50:20,186 - INFO - 📅 Fetching Basic Metadata: The Stone of Madness
2026-08-22 16:50:20,295 - INFO - 🎯 IGDB Match: 'The Stone of Madness' (100%)
2026-08-22 16:50:20,301 - INFO - 📅 Fetching Basic Metadata: Firestone Online Idle RPG
2026-08-22 16:50:20,482 - INFO - 🎯 IGDB Match: 'Firestone: Online Idle RPG' (98%)
2026-08-22 16:50:20,489 - INFO - 📅 Fetching Basic Metadata: Oddsparks: An Automation Adventure
2026-08-22 16:50:20,589 - INFO - 🎯 IGDB Match: 'Oddsparks: An Automation Adventure' (100%)
2026-08-22 16:50:20,595 - INFO - 📅 Fetching Basic Metadata: Trash Goblin
2026-08-22 16:50:20,691 - INFO - 🎯 IGDB Match: 'Trash Goblin' (100%)
2026-08-22 16:50:20,698 - INFO - 🏢 Publisher Search: The Telltale Batman Shadows Edition
2026-08-22 16:50:22,367 - INFO - 📅 Fetching Basic Metadata: The Telltale Batman Shadows Edition
2026-08-22 16:50:22,460 - INFO - 🎯 IGDB Match: 'Telltale Batman Shadows Edition' (95%)
2026-08-22 16:50:22,467 - INFO - 🏢 Publisher Search: Sunderfolk - Standard Edition
2026-08-22 16:50:23,865 - INFO - 📅 Fetching Basic Metadata: Sunderfolk - Standard Edition
2026-08-22 16:50:23,969 - INFO - 📅 Fetching Basic Metadata: Down in Bermuda
2026-08-22 16:50:24,070 - INFO - 🎯 IGDB Match: 'Down in Bermuda' (100%)
2026-08-22 16:50:24,076 - INFO - 📅 Fetching Basic Metadata: Tomb Raider I-III Remastered Starring Lara Croft
2026-08-22 16:50:24,180 - INFO - 📅 Fetching Basic Metadata: LONESTAR
2026-08-22 16:50:24,356 - INFO - 🎯 IGDB Match: 'LoneStar' (100%)
2026-08-22 16:50:24,362 - INFO - 📅 Fetching Basic Metadata: Calico
2026-08-22 16:50:24,547 - INFO - 🎯 IGDB Match: 'Calico' (100%)
2026-08-22 16:50:24,554 - INFO - 📅 Fetching Basic Metadata: Rogue Waters
2026-08-22 16:50:24,646 - INFO - 🎯 IGDB Match: 'Rogue Waters' (100%)
2026-08-22 16:50:24,653 - INFO - 📅 Fetching Basic Metadata: The Ouroboros King
2026-08-22 16:50:24,750 - INFO - 🎯 IGDB Match: 'The Ouroboros King' (100%)
2026-08-22 16:50:24,757 - INFO - 🏢 Publisher Search: Warhammer 40K Speed Freeks
2026-08-22 16:50:26,164 - INFO - 📅 Fetching Basic Metadata: I Have No Mouth, and I Must Scream
2026-08-22 16:50:26,367 - INFO - 🎯 IGDB Match: 'I Have No Mouth, and I Must Scream' (100%)
2026-08-22 16:50:26,374 - INFO - 📅 Fetching Basic Metadata: Nova Lands
2026-08-22 16:50:26,565 - INFO - 🎯 IGDB Match: 'Nova Lands' (100%)
2026-08-22 16:50:26,572 - INFO - 📅 Fetching Basic Metadata: Tattoo Tycoon
2026-08-22 16:50:26,664 - INFO - 🎯 IGDB Match: 'Tattoo Tycoon' (100%)
2026-08-22 16:50:26,671 - INFO - 📅 Fetching Basic Metadata: Echo Generation: Midnight Edition
2026-08-22 16:50:26,768 - INFO - 🎯 IGDB Match: 'Echo Generation: Midnight Edition' (100%)
2026-08-22 16:50:26,775 - INFO - 💰 Price Search: Foretales
2026-08-22 16:50:27,943 - WARNING - Price error for Foretales: string indices must be integers, not 'str'
2026-08-22 16:50:27,944 - INFO - 📅 Fetching Basic Metadata: Foretales
2026-08-22 16:50:28,038 - INFO - 🎯 IGDB Match: 'Foretales' (100%)
2026-08-22 16:50:28,045 - INFO - 💰 Price Search: OTXO
2026-08-22 16:50:29,102 - WARNING - Price error for OTXO: string indices must be integers, not 'str'
2026-08-22 16:50:29,103 - INFO - 💰 Price Search: Sol Cesto
2026-08-22 16:50:30,143 - WARNING - Price error for Sol Cesto: string indices must be integers, not 'str'
2026-08-22 16:50:30,144 - INFO - 📅 Fetching Basic Metadata: Sol Cesto
2026-08-22 16:50:30,235 - INFO - 🎯 IGDB Match: 'Sol Cesto' (100%)
2026-08-22 16:50:30,241 - INFO - 💰 Price Search: Beacon Pines
2026-08-22 16:50:31,297 - WARNING - Price error for Beacon Pines: string indices must be integers, not 'str'
2026-08-22 16:50:31,299 - INFO - 💰 Price Search: Caravan SandWitch
2026-08-22 16:50:32,351 - WARNING - Price error for Caravan SandWitch: string indices must be integers, not 'str'
2026-08-22 16:50:32,352 - INFO - 💰 Price Search: Cardpocalypse Standard Edition
2026-08-22 16:50:33,395 - WARNING - Price error for Cardpocalypse Standard Edition: string indices must be integers, not 'str'
2026-08-22 16:50:33,396 - INFO - 🏢 Publisher Search: Cardpocalypse Standard Edition
2026-08-22 16:50:34,755 - INFO - 📅 Fetching Basic Metadata: Cardpocalypse Standard Edition
2026-08-22 16:50:34,937 - INFO - 💰 Price Search: Epic Mage Bundle
2026-08-22 16:50:35,972 - WARNING - Price error for Epic Mage Bundle: string indices must be integers, not 'str'
2026-08-22 16:50:35,972 - INFO - 🏢 Publisher Search: Epic Mage Bundle
2026-08-22 16:50:37,413 - INFO - 📅 Fetching Basic Metadata: Epic Mage Bundle
2026-08-22 16:50:37,599 - INFO - 
--- Starting Data Quality Checks ---
2026-08-22 16:50:37,613 - INFO - --- Data Quality Checks Complete ---

2026-08-22 16:50:37,650 - INFO - | Metric | Statistics |
| :--- | :--- |
| 💰 **Total Market Value** | **$13,332.99** |
| 📦 **Total Games Collected** | 698 |
| 🏷️ **Average Retail Price** | $22.11 per game |
| 💎 **Most Expensive Title** | Civilization 6 Platinum Edition ($79.99) |
| 👑 **MVP Publisher** | Bethesda Softworks |
| 🏢 **Value Leaders** | 2K ($579.90), Bethesda Softworks ($544.80), Paradox Interactive ($409.89) |
| 📈 **Inflation-Adjusted Value** | $15,130.23 |
| 🎈 **Inflation Bonus** | **+$1,797.24** in purchasing power |
| 🗓️ **Peak Saving Month** | 🎄 **Seasonality Peak:** December is historically the best month, offering $3,388.17 in savings. |
| ⭐ **Average Score** | 76.9/100 |
| 💳 **Subscription Equivalent** | **$167.78 / mo** |
| 🎯 **Prestige Ratio** | **2.0%** (Strategic Hype) |
| 🏎️ **Lead Time Avg** | 441 Days to Sequel |

2026-08-22 16:50:37,651 - INFO - ✅ README.md updated.
2026-08-22 16:50:37,674 - INFO - Using categorical units to plot a list of strings that are all parsable as floats or dates. If these strings should be plotted as numbers, cast to the appropriate data type before plotting.
2026-08-22 16:50:37,675 - INFO - Using categorical units to plot a list of strings that are all parsable as floats or dates. If these strings should be plotted as numbers, cast to the appropriate data type before plotting.
2026-08-22 16:50:43,450 - INFO - 📈 All charts generated successfully.
