2026-10-05 22:50:28,821 - INFO - Failed to extract font properties from /usr/share/fonts/truetype/noto/NotoColorEmoji.ttf: Non-scalable fonts are not supported
2026-10-05 22:50:28,868 - INFO - generated new fontManager
2026-10-05 22:50:29,223 - INFO - ✅ Migration Successful!
2026-10-05 22:50:29,596 - INFO - No new games found.
2026-10-05 22:50:29,957 - INFO - 🔍 Found 632 games needing metadata. Starting IGDB + Steam + CheapShark enrichment...
2026-10-05 22:50:30,013 - INFO - 📅 Fetching Basic Metadata: LEGO Batman Trilogy
2026-10-05 22:50:30,458 - INFO - 🎯 IGDB Match: 'LEGO Batman Trilogy' (100%)
2026-10-05 22:50:30,471 - INFO - 📅 Fetching Basic Metadata: Antstream
2026-10-05 22:50:30,723 - INFO - 📅 Fetching Basic Metadata: The Drone Racing League Simulator
2026-10-05 22:50:30,950 - INFO - 🎯 IGDB Match: 'The Drone Racing League Simulator' (100%)
2026-10-05 22:50:30,955 - INFO - 📅 Fetching Basic Metadata: Dark Deity
2026-10-05 22:50:31,144 - INFO - 🎯 IGDB Match: 'Dark Deity' (100%)
2026-10-05 22:50:31,148 - INFO - 📅 Fetching Basic Metadata: RPG in a Box
2026-10-05 22:50:31,271 - INFO - 🎯 IGDB Match: 'RPG in a Box' (100%)
2026-10-05 22:50:31,276 - INFO - 📅 Fetching Basic Metadata: Fallout Classic Collection
2026-10-05 22:50:31,417 - INFO - 🎯 IGDB Match: 'Fallout Classic Collection' (100%)
2026-10-05 22:50:31,422 - INFO - 📅 Fetching Basic Metadata: Recipe for Disaster
2026-10-05 22:50:31,581 - INFO - 🎯 IGDB Match: 'Recipe For Disaster' (100%)
2026-10-05 22:50:31,586 - INFO - 📅 Fetching Basic Metadata: World of Warships — Starter Pack: Ishizuchi
2026-10-05 22:50:31,784 - INFO - 🎯 IGDB Match: 'World of Warships: Starter Pack - Ishizuchi' (98%)
2026-10-05 22:50:31,788 - INFO - 📅 Fetching Basic Metadata: Poker Club
2026-10-05 22:50:32,101 - INFO - 🎯 IGDB Match: 'Poker Club' (100%)
2026-10-05 22:50:32,105 - INFO - 📅 Fetching Basic Metadata: The Sims 4 The Daring Lifestyle Bundle
2026-10-05 22:50:32,328 - INFO - 🎯 IGDB Match: 'The Sims 4: The Daring Lifestyle Bundle' (99%)
2026-10-05 22:50:32,333 - INFO - 📅 Fetching Basic Metadata: Dodo Peak
2026-10-05 22:50:32,509 - INFO - 🎯 IGDB Match: 'Dodo Peak' (100%)
2026-10-05 22:50:32,513 - INFO - 📅 Fetching Basic Metadata: Spelldrifter
2026-10-05 22:50:32,782 - INFO - 🎯 IGDB Match: 'Spelldrifter' (100%)
2026-10-05 22:50:32,791 - INFO - 📅 Fetching Basic Metadata: Model Builder
2026-10-05 22:50:33,021 - INFO - 🎯 IGDB Match: 'Model Builder' (100%)
2026-10-05 22:50:33,059 - INFO - 📅 Fetching Basic Metadata: Godlike Burger
2026-10-05 22:50:33,201 - INFO - 🎯 IGDB Match: 'Godlike Burger' (100%)
2026-10-05 22:50:33,205 - INFO - 📅 Fetching Basic Metadata: Q.U.B.E. Ultimate Bundle
2026-10-05 22:50:33,471 - INFO - 🎯 IGDB Match: 'Q.U.B.E. Ultimate Bundle' (100%)
2026-10-05 22:50:33,476 - INFO - 📅 Fetching Basic Metadata: Jitsu Squad
2026-10-05 22:50:33,599 - INFO - 🎯 IGDB Match: 'Jitsu Squad' (100%)
2026-10-05 22:50:33,603 - INFO - 📅 Fetching Basic Metadata: Mighty Fight Federation
2026-10-05 22:50:33,808 - INFO - 🎯 IGDB Match: 'Mighty Fight Federation' (100%)
2026-10-05 22:50:33,814 - INFO - 📅 Fetching Basic Metadata: LOVE
2026-10-05 22:50:33,962 - INFO - 🎯 IGDB Match: 'Love Love Love' (90%)
2026-10-05 22:50:33,967 - INFO - 📅 Fetching Basic Metadata: Call of The Wild: The Angler
2026-10-05 22:50:34,111 - INFO - 🎯 IGDB Match: 'Call of the Wild: The Angler' (100%)
2026-10-05 22:50:34,116 - INFO - 📅 Fetching Basic Metadata: The Falconeer
2026-10-05 22:50:34,247 - INFO - 🎯 IGDB Match: 'The Falconeer: The Hunter' (90%)
2026-10-05 22:50:34,252 - INFO - 📅 Fetching Basic Metadata: Rawmen: Food Fighter Arena
2026-10-05 22:50:34,372 - INFO - 🎯 IGDB Match: 'Rawmen' (90%)
2026-10-05 22:50:34,376 - INFO - 📅 Fetching Basic Metadata: World of Warships – Starter Pack: Albany
2026-10-05 22:50:34,496 - INFO - 📅 Fetching Basic Metadata: Fallout Classic Edition
2026-10-05 22:50:34,716 - INFO - 📅 Fetching Basic Metadata: Outliver: Tribulation
2026-10-05 22:50:34,930 - INFO - 🎯 IGDB Match: 'Outliver: Tribulation' (100%)
2026-10-05 22:50:34,935 - INFO - 📅 Fetching Basic Metadata: Bus Simulator 21 Next Stop
2026-10-05 22:50:35,173 - INFO - 🎯 IGDB Match: 'Bus Simulator 21: Next Stop' (98%)
2026-10-05 22:50:35,178 - INFO - 📅 Fetching Basic Metadata: Turmoil
2026-10-05 22:50:35,416 - INFO - 🎯 IGDB Match: 'Turmoil' (100%)
2026-10-05 22:50:35,421 - INFO - 📅 Fetching Basic Metadata: World War Z Aftermath
2026-10-05 22:50:35,583 - INFO - 🎯 IGDB Match: 'World War Z: Aftermath' (98%)
2026-10-05 22:50:35,588 - INFO - 📅 Fetching Basic Metadata: World Of Warships – Anniversary Party Flavor
2026-10-05 22:50:35,810 - INFO - 📅 Fetching Basic Metadata: Neko Ghost, Jump!
2026-10-05 22:50:36,055 - INFO - 🎯 IGDB Match: 'Neko Ghost, Jump!' (100%)
2026-10-05 22:50:36,060 - INFO - 📅 Fetching Basic Metadata: Super Space Club
2026-10-05 22:50:36,196 - INFO - 🎯 IGDB Match: 'Super Space Club' (100%)
2026-10-05 22:50:36,201 - INFO - 📅 Fetching Basic Metadata: Touch Type Tale
2026-10-05 22:50:36,478 - INFO - 🎯 IGDB Match: 'Touch Type Tale' (100%)
2026-10-05 22:50:36,483 - INFO - 📅 Fetching Basic Metadata: Gigapocalypse
2026-10-05 22:50:36,598 - INFO - 🎯 IGDB Match: 'Gigapocalypse' (100%)
2026-10-05 22:50:36,603 - INFO - 📅 Fetching Basic Metadata: Legion TD2
2026-10-05 22:50:36,731 - INFO - 📅 Fetching Basic Metadata: Nightingale
2026-10-05 22:50:36,867 - INFO - 🎯 IGDB Match: 'Nightingale' (100%)
2026-10-05 22:50:36,872 - INFO - 📅 Fetching Basic Metadata: Godzilla Voxel Wars
2026-10-05 22:50:37,083 - INFO - 🎯 IGDB Match: 'Godzilla Voxel Wars' (100%)
2026-10-05 22:50:37,088 - INFO - 📅 Fetching Basic Metadata: Trine Classic Collection
2026-10-05 22:50:37,275 - INFO - 🎯 IGDB Match: 'Trine Classic Collection' (100%)
2026-10-05 22:50:37,280 - INFO - 📅 Fetching Basic Metadata: Poison Retro Set
2026-10-05 22:50:37,397 - INFO - 🎯 IGDB Match: 'Pixel Gun 3D: Poison Retro Set' (90%)
2026-10-05 22:50:37,401 - INFO - 📅 Fetching Basic Metadata: The Darkside Detective A Fumble in the Dark
2026-10-05 22:50:37,603 - WARNING - IGDB Error for The Darkside Detective A Fumble in the Dark: string indices must be integers, not 'str'
2026-10-05 22:50:37,607 - INFO - 📅 Fetching Basic Metadata: Return to Ash
2026-10-05 22:50:37,713 - WARNING - IGDB Error for Return to Ash: string indices must be integers, not 'str'
2026-10-05 22:50:37,717 - INFO - 🏢 Publisher Search: STALCRAFT: X Starter Edition
2026-10-05 22:50:39,072 - INFO - 📅 Fetching Basic Metadata: STALCRAFT: X Starter Edition
2026-10-05 22:50:39,201 - INFO - 📅 Fetching Basic Metadata: Boxes: Lost Fragments
2026-10-05 22:50:39,508 - INFO - 🎯 IGDB Match: 'Boxes: Lost Fragments' (100%)
2026-10-05 22:50:39,512 - INFO - 📅 Fetching Basic Metadata: My Night Job
2026-10-05 22:50:39,722 - INFO - 🎯 IGDB Match: 'My Night Job' (100%)
2026-10-05 22:50:39,726 - INFO - 📅 Fetching Basic Metadata: Electrician Simulator
2026-10-05 22:50:39,931 - INFO - 🎯 IGDB Match: 'Electrician Simulator' (100%)
2026-10-05 22:50:39,936 - INFO - 🏢 Publisher Search: World of Warships — Epic Anniversary Tachibana Pack
2026-10-05 22:50:41,339 - INFO - 📅 Fetching Basic Metadata: World of Warships — Epic Anniversary Tachibana Pack
2026-10-05 22:50:41,543 - INFO - 📅 Fetching Basic Metadata: Hyper Echelon
2026-10-05 22:50:41,723 - INFO - 🎯 IGDB Match: 'Hyper Echelon' (100%)
2026-10-05 22:50:41,727 - INFO - 📅 Fetching Basic Metadata: Havendock
2026-10-05 22:50:41,840 - INFO - 🎯 IGDB Match: 'Havendock' (100%)
2026-10-05 22:50:41,845 - INFO - 📅 Fetching Basic Metadata: Clone Drone in the Danger Zone
2026-10-05 22:50:42,081 - INFO - 🎯 IGDB Match: 'Clone Drone in the Danger Zone' (100%)
2026-10-05 22:50:42,094 - INFO - 🏢 Publisher Search: TOMAK: Save the Earth Regeneration
2026-10-05 22:50:43,447 - INFO - 📅 Fetching Basic Metadata: TOMAK: Save the Earth Regeneration
2026-10-05 22:50:43,652 - INFO - 🎯 IGDB Match: 'Tomak: Save the Earth Regeneration' (100%)
2026-10-05 22:50:43,708 - INFO - 📅 Fetching Basic Metadata: Prop Sumo
2026-10-05 22:50:43,894 - INFO - 🎯 IGDB Match: 'Prop Sumo' (100%)
2026-10-05 22:50:43,927 - INFO - 📅 Fetching Basic Metadata: The Stone of Madness
2026-10-05 22:50:44,056 - INFO - 🎯 IGDB Match: 'The Stone of Madness' (100%)
2026-10-05 22:50:44,127 - INFO - 📅 Fetching Basic Metadata: Firestone Online Idle RPG
2026-10-05 22:50:44,326 - INFO - 🎯 IGDB Match: 'Firestone: Online Idle RPG' (98%)
2026-10-05 22:50:44,375 - INFO - 📅 Fetching Basic Metadata: Oddsparks: An Automation Adventure
2026-10-05 22:50:44,603 - INFO - 🎯 IGDB Match: 'Oddsparks: An Automation Adventure' (100%)
2026-10-05 22:50:44,611 - INFO - 📅 Fetching Basic Metadata: Trash Goblin
2026-10-05 22:50:44,829 - INFO - 🎯 IGDB Match: 'Trash Goblin' (100%)
2026-10-05 22:50:44,863 - INFO - 🏢 Publisher Search: The Telltale Batman Shadows Edition
2026-10-05 22:50:46,222 - INFO - 📅 Fetching Basic Metadata: The Telltale Batman Shadows Edition
2026-10-05 22:50:46,398 - INFO - 🎯 IGDB Match: 'Telltale Batman Shadows Edition' (95%)
2026-10-05 22:50:46,403 - INFO - 🏢 Publisher Search: Sunderfolk - Standard Edition
2026-10-05 22:50:47,755 - INFO - 📅 Fetching Basic Metadata: Sunderfolk - Standard Edition
2026-10-05 22:50:47,979 - INFO - 📅 Fetching Basic Metadata: Down in Bermuda
2026-10-05 22:50:48,199 - INFO - 🎯 IGDB Match: 'Down in Bermuda' (100%)
2026-10-05 22:50:48,203 - INFO - 📅 Fetching Basic Metadata: Tomb Raider I-III Remastered Starring Lara Croft
2026-10-05 22:50:48,341 - INFO - 📅 Fetching Basic Metadata: LONESTAR
2026-10-05 22:50:48,475 - INFO - 🎯 IGDB Match: 'LoneStar' (100%)
2026-10-05 22:50:48,479 - INFO - 📅 Fetching Basic Metadata: Calico
2026-10-05 22:50:48,600 - INFO - 🎯 IGDB Match: 'Calico' (100%)
2026-10-05 22:50:48,604 - INFO - 📅 Fetching Basic Metadata: Rogue Waters
2026-10-05 22:50:48,812 - INFO - 🎯 IGDB Match: 'Rogue Waters' (100%)
2026-10-05 22:50:48,816 - INFO - 📅 Fetching Basic Metadata: The Ouroboros King
2026-10-05 22:50:48,928 - INFO - 🎯 IGDB Match: 'The Ouroboros King' (100%)
2026-10-05 22:50:48,932 - INFO - 🏢 Publisher Search: Warhammer 40K Speed Freeks
2026-10-05 22:50:50,268 - INFO - 📅 Fetching Basic Metadata: I Have No Mouth, and I Must Scream
2026-10-05 22:50:50,574 - INFO - 🎯 IGDB Match: 'I Have No Mouth, and I Must Scream' (100%)
2026-10-05 22:50:50,579 - INFO - 📅 Fetching Basic Metadata: Nova Lands
2026-10-05 22:50:50,695 - INFO - 🎯 IGDB Match: 'Nova Lands' (100%)
2026-10-05 22:50:50,702 - INFO - 📅 Fetching Basic Metadata: Tattoo Tycoon
2026-10-05 22:50:50,833 - INFO - 🎯 IGDB Match: 'Tattoo Tycoon' (100%)
2026-10-05 22:50:50,837 - INFO - 📅 Fetching Basic Metadata: Echo Generation: Midnight Edition
2026-10-05 22:50:50,976 - INFO - 🎯 IGDB Match: 'Echo Generation: Midnight Edition' (100%)
2026-10-05 22:50:50,981 - INFO - 💰 Price Search: Foretales
2026-10-05 22:50:52,155 - WARNING - Price error for Foretales: string indices must be integers, not 'str'
2026-10-05 22:50:52,155 - INFO - 📅 Fetching Basic Metadata: Foretales
2026-10-05 22:50:52,275 - INFO - 🎯 IGDB Match: 'Foretales' (100%)
2026-10-05 22:50:52,292 - INFO - 💰 Price Search: OTXO
2026-10-05 22:50:53,350 - WARNING - Price error for OTXO: string indices must be integers, not 'str'
2026-10-05 22:50:53,351 - INFO - 💰 Price Search: Sol Cesto
2026-10-05 22:50:54,418 - WARNING - Price error for Sol Cesto: string indices must be integers, not 'str'
2026-10-05 22:50:54,418 - INFO - 📅 Fetching Basic Metadata: Sol Cesto
2026-10-05 22:50:54,636 - INFO - 🎯 IGDB Match: 'Sol Cesto' (100%)
2026-10-05 22:50:54,643 - INFO - 💰 Price Search: Beacon Pines
2026-10-05 22:50:55,726 - WARNING - Price error for Beacon Pines: string indices must be integers, not 'str'
2026-10-05 22:50:55,727 - INFO - 💰 Price Search: Caravan SandWitch
2026-10-05 22:50:56,787 - WARNING - Price error for Caravan SandWitch: string indices must be integers, not 'str'
2026-10-05 22:50:56,788 - INFO - 💰 Price Search: Cardpocalypse Standard Edition
2026-10-05 22:50:57,853 - WARNING - Price error for Cardpocalypse Standard Edition: string indices must be integers, not 'str'
2026-10-05 22:50:57,853 - INFO - 🏢 Publisher Search: Cardpocalypse Standard Edition
2026-10-05 22:50:59,418 - INFO - 📅 Fetching Basic Metadata: Cardpocalypse Standard Edition
2026-10-05 22:50:59,681 - INFO - 💰 Price Search: Epic Mage Bundle
2026-10-05 22:51:00,731 - WARNING - Price error for Epic Mage Bundle: string indices must be integers, not 'str'
2026-10-05 22:51:00,731 - INFO - 🏢 Publisher Search: Epic Mage Bundle
2026-10-05 22:51:02,197 - INFO - 📅 Fetching Basic Metadata: Epic Mage Bundle
2026-10-05 22:51:02,334 - INFO - 💰 Price Search: Rival Stars Horse Racing : Desktop Edition
2026-10-05 22:51:03,392 - WARNING - Price error for Rival Stars Horse Racing : Desktop Edition: string indices must be integers, not 'str'
2026-10-05 22:51:03,392 - INFO - 🏢 Publisher Search: Rival Stars Horse Racing : Desktop Edition
2026-10-05 22:51:04,732 - INFO - 📅 Fetching Basic Metadata: Rival Stars Horse Racing : Desktop Edition
2026-10-05 22:51:04,950 - INFO - 🎯 IGDB Match: 'Rival Stars Horse Racing: Desktop Edition' (99%)
2026-10-05 22:51:04,954 - INFO - 💰 Price Search: Alone With You
2026-10-05 22:51:06,009 - WARNING - Price error for Alone With You: string indices must be integers, not 'str'
2026-10-05 22:51:06,009 - INFO - 📅 Fetching Basic Metadata: Alone With You
2026-10-05 22:51:06,220 - INFO - 🎯 IGDB Match: 'Alone With You' (100%)
2026-10-05 22:51:06,224 - INFO - 💰 Price Search: Luftrausers
2026-10-05 22:51:07,311 - WARNING - Price error for Luftrausers: string indices must be integers, not 'str'
2026-10-05 22:51:07,312 - INFO - 💰 Price Search: Astral Ascent
2026-10-05 22:51:08,379 - WARNING - Price error for Astral Ascent: string indices must be integers, not 'str'
2026-10-05 22:51:08,380 - INFO - 💰 Price Search: Mindcop
2026-10-05 22:51:09,442 - WARNING - Price error for Mindcop: string indices must be integers, not 'str'
2026-10-05 22:51:09,443 - INFO - 💰 Price Search: Shogun Showdown
2026-10-05 22:51:10,509 - WARNING - Price error for Shogun Showdown: string indices must be integers, not 'str'
2026-10-05 22:51:10,510 - INFO - 💰 Price Search: Astrea Six Sided Oracles
2026-10-05 22:51:11,562 - WARNING - Price error for Astrea Six Sided Oracles: string indices must be integers, not 'str'
2026-10-05 22:51:11,563 - INFO - 💰 Price Search: Mechabellum
2026-10-05 22:51:12,618 - WARNING - Price error for Mechabellum: string indices must be integers, not 'str'
2026-10-05 22:51:12,619 - INFO - 📅 Fetching Basic Metadata: Mechabellum
2026-10-05 22:51:12,839 - INFO - 🎯 IGDB Match: 'Mechabellum' (100%)
2026-10-05 22:51:12,845 - INFO - 💰 Price Search: System Shock 2: 25th Anniversary Remaster
2026-10-05 22:51:13,914 - WARNING - Price error for System Shock 2: 25th Anniversary Remaster: string indices must be integers, not 'str'
2026-10-05 22:51:13,915 - INFO - 💰 Price Search: BURIED STARS
2026-10-05 22:51:14,975 - WARNING - Price error for BURIED STARS: string indices must be integers, not 'str'
2026-10-05 22:51:14,979 - INFO - 
--- Starting Data Quality Checks ---
2026-10-05 22:51:14,986 - INFO - --- Data Quality Checks Complete ---

2026-10-05 22:51:15,003 - INFO - | Metric | Statistics |
| :--- | :--- |
| 💰 **Total Market Value** | **$13,332.99** |
| 📦 **Total Games Collected** | 709 |
| 🏷️ **Average Retail Price** | $21.81 per game |
| 💎 **Most Expensive Title** | Civilization 6 Platinum Edition ($79.99) |
| 👑 **MVP Publisher** | Bethesda Softworks |
| 🏢 **Value Leaders** | 2K ($579.90), Bethesda Softworks ($544.80), Paradox Interactive ($409.89) |
| 📈 **Inflation-Adjusted Value** | $15,130.23 |
| 🎈 **Inflation Bonus** | **+$1,797.24** in purchasing power |
| 🗓️ **Peak Saving Month** | 🎄 **Seasonality Peak:** December is historically the best month, offering $3,388.17 in savings. |
| ⭐ **Average Score** | 77.0/100 |
| 💳 **Subscription Equivalent** | **$164.47 / mo** |
| 🎯 **Prestige Ratio** | **2.0%** (Strategic Hype) |
| 🏎️ **Lead Time Avg** | 441 Days to Sequel |

2026-10-05 22:51:15,003 - INFO - ✅ README.md updated.
2026-10-05 22:51:15,017 - INFO - Using categorical units to plot a list of strings that are all parsable as floats or dates. If these strings should be plotted as numbers, cast to the appropriate data type before plotting.
2026-10-05 22:51:15,017 - INFO - Using categorical units to plot a list of strings that are all parsable as floats or dates. If these strings should be plotted as numbers, cast to the appropriate data type before plotting.
2026-10-05 22:51:18,432 - INFO - 📈 All charts generated successfully.
