2026-08-19 16:55:46,804 - INFO - Failed to extract font properties from /usr/share/fonts/truetype/noto/NotoColorEmoji.ttf: Non-scalable fonts are not supported
2026-08-19 16:55:46,886 - INFO - generated new fontManager
2026-08-19 16:55:47,187 - INFO - ✅ Migration Successful!
2026-08-19 16:55:47,668 - INFO - No new games found.
2026-08-19 16:55:48,240 - INFO - 🔍 Found 619 games needing metadata. Starting IGDB + Steam + CheapShark enrichment...
2026-08-19 16:55:48,264 - INFO - 📅 Fetching Basic Metadata: LEGO Batman Trilogy
2026-08-19 16:55:48,624 - INFO - 🎯 IGDB Match: 'LEGO Batman Trilogy' (100%)
2026-08-19 16:55:48,647 - INFO - 📅 Fetching Basic Metadata: Antstream
2026-08-19 16:55:48,831 - INFO - 📅 Fetching Basic Metadata: The Drone Racing League Simulator
2026-08-19 16:55:49,149 - INFO - 🎯 IGDB Match: 'The Drone Racing League Simulator' (100%)
2026-08-19 16:55:49,157 - INFO - 📅 Fetching Basic Metadata: Dark Deity
2026-08-19 16:55:49,528 - INFO - 🎯 IGDB Match: 'Dark Deity' (100%)
2026-08-19 16:55:49,535 - INFO - 📅 Fetching Basic Metadata: RPG in a Box
2026-08-19 16:55:49,736 - INFO - 🎯 IGDB Match: 'RPG in a Box' (100%)
2026-08-19 16:55:49,743 - INFO - 📅 Fetching Basic Metadata: Fallout Classic Collection
2026-08-19 16:55:49,898 - INFO - 🎯 IGDB Match: 'Fallout Classic Collection' (100%)
2026-08-19 16:55:49,906 - INFO - 📅 Fetching Basic Metadata: Recipe for Disaster
2026-08-19 16:55:50,102 - INFO - 🎯 IGDB Match: 'Recipe For Disaster' (100%)
2026-08-19 16:55:50,109 - INFO - 📅 Fetching Basic Metadata: World of Warships — Starter Pack: Ishizuchi
2026-08-19 16:55:50,210 - INFO - 🎯 IGDB Match: 'World of Warships: Starter Pack - Ishizuchi' (98%)
2026-08-19 16:55:50,217 - INFO - 📅 Fetching Basic Metadata: Poker Club
2026-08-19 16:55:50,421 - INFO - 🎯 IGDB Match: 'Poker Club' (100%)
2026-08-19 16:55:50,428 - INFO - 📅 Fetching Basic Metadata: The Sims 4 The Daring Lifestyle Bundle
2026-08-19 16:55:50,535 - INFO - 🎯 IGDB Match: 'The Sims 4: The Daring Lifestyle Bundle' (99%)
2026-08-19 16:55:50,543 - INFO - 📅 Fetching Basic Metadata: Dodo Peak
2026-08-19 16:55:50,660 - INFO - 🎯 IGDB Match: 'Dodo Peak' (100%)
2026-08-19 16:55:50,666 - INFO - 📅 Fetching Basic Metadata: Spelldrifter
2026-08-19 16:55:50,847 - INFO - 🎯 IGDB Match: 'Spelldrifter' (100%)
2026-08-19 16:55:50,854 - INFO - 📅 Fetching Basic Metadata: Model Builder
2026-08-19 16:55:50,952 - INFO - 🎯 IGDB Match: 'Model Builder' (100%)
2026-08-19 16:55:50,959 - INFO - 📅 Fetching Basic Metadata: Godlike Burger
2026-08-19 16:55:51,059 - INFO - 🎯 IGDB Match: 'Godlike Burger' (100%)
2026-08-19 16:55:51,066 - INFO - 📅 Fetching Basic Metadata: Q.U.B.E. Ultimate Bundle
2026-08-19 16:55:51,166 - INFO - 🎯 IGDB Match: 'Q.U.B.E. Ultimate Bundle' (100%)
2026-08-19 16:55:51,173 - INFO - 📅 Fetching Basic Metadata: Jitsu Squad
2026-08-19 16:55:51,274 - INFO - 🎯 IGDB Match: 'Jitsu Squad' (100%)
2026-08-19 16:55:51,281 - INFO - 📅 Fetching Basic Metadata: Mighty Fight Federation
2026-08-19 16:55:51,502 - INFO - 🎯 IGDB Match: 'Mighty Fight Federation' (100%)
2026-08-19 16:55:51,511 - INFO - 📅 Fetching Basic Metadata: LOVE
2026-08-19 16:55:51,641 - INFO - 🎯 IGDB Match: 'Love Love Love' (90%)
2026-08-19 16:55:51,649 - INFO - 📅 Fetching Basic Metadata: Call of The Wild: The Angler
2026-08-19 16:55:51,751 - INFO - 🎯 IGDB Match: 'Call of the Wild: The Angler' (100%)
2026-08-19 16:55:51,759 - INFO - 📅 Fetching Basic Metadata: The Falconeer
2026-08-19 16:55:52,032 - INFO - 🎯 IGDB Match: 'The Falconeer: The Hunter' (90%)
2026-08-19 16:55:52,039 - INFO - 📅 Fetching Basic Metadata: Rawmen: Food Fighter Arena
2026-08-19 16:55:52,146 - INFO - 🎯 IGDB Match: 'Rawmen' (90%)
2026-08-19 16:55:52,152 - INFO - 📅 Fetching Basic Metadata: World of Warships – Starter Pack: Albany
2026-08-19 16:55:52,260 - INFO - 📅 Fetching Basic Metadata: Fallout Classic Edition
2026-08-19 16:55:52,364 - INFO - 📅 Fetching Basic Metadata: Outliver: Tribulation
2026-08-19 16:55:52,634 - INFO - 🎯 IGDB Match: 'Outliver: Tribulation' (100%)
2026-08-19 16:55:52,642 - INFO - 📅 Fetching Basic Metadata: Bus Simulator 21 Next Stop
2026-08-19 16:55:52,751 - INFO - 🎯 IGDB Match: 'Bus Simulator 21: Next Stop' (98%)
2026-08-19 16:55:52,759 - INFO - 📅 Fetching Basic Metadata: Turmoil
2026-08-19 16:55:52,947 - INFO - 🎯 IGDB Match: 'Turmoil' (100%)
2026-08-19 16:55:52,954 - INFO - 📅 Fetching Basic Metadata: World War Z Aftermath
2026-08-19 16:55:53,056 - INFO - 🎯 IGDB Match: 'World War Z: Aftermath' (98%)
2026-08-19 16:55:53,063 - INFO - 📅 Fetching Basic Metadata: World Of Warships – Anniversary Party Flavor
2026-08-19 16:55:53,266 - INFO - 📅 Fetching Basic Metadata: Neko Ghost, Jump!
2026-08-19 16:55:53,451 - WARNING - IGDB Error for Neko Ghost, Jump!: string indices must be integers, not 'str'
2026-08-19 16:55:53,459 - INFO - 📅 Fetching Basic Metadata: Super Space Club
2026-08-19 16:55:53,642 - WARNING - IGDB Error for Super Space Club: string indices must be integers, not 'str'
2026-08-19 16:55:53,649 - INFO - 📅 Fetching Basic Metadata: Touch Type Tale
2026-08-19 16:55:53,741 - WARNING - IGDB Error for Touch Type Tale: string indices must be integers, not 'str'
2026-08-19 16:55:53,749 - INFO - 📅 Fetching Basic Metadata: Gigapocalypse
2026-08-19 16:55:53,928 - WARNING - IGDB Error for Gigapocalypse: string indices must be integers, not 'str'
2026-08-19 16:55:53,936 - INFO - 📅 Fetching Basic Metadata: Legion TD2
2026-08-19 16:55:54,030 - WARNING - IGDB Error for Legion TD2: string indices must be integers, not 'str'
2026-08-19 16:55:54,039 - INFO - 📅 Fetching Basic Metadata: Nightingale
2026-08-19 16:55:54,130 - WARNING - IGDB Error for Nightingale: string indices must be integers, not 'str'
2026-08-19 16:55:54,138 - INFO - 📅 Fetching Basic Metadata: Godzilla Voxel Wars
2026-08-19 16:55:54,327 - INFO - 🎯 IGDB Match: 'Godzilla Voxel Wars' (100%)
2026-08-19 16:55:54,336 - INFO - 📅 Fetching Basic Metadata: Trine Classic Collection
2026-08-19 16:55:54,443 - INFO - 🎯 IGDB Match: 'Trine Classic Collection' (100%)
2026-08-19 16:55:54,451 - INFO - 📅 Fetching Basic Metadata: Poison Retro Set
2026-08-19 16:55:54,645 - INFO - 🎯 IGDB Match: 'Pixel Gun 3D: Poison Retro Set' (90%)
2026-08-19 16:55:54,651 - INFO - 📅 Fetching Basic Metadata: The Darkside Detective A Fumble in the Dark
2026-08-19 16:55:54,846 - INFO - 🎯 IGDB Match: 'The Darkside Detective: A Fumble in the Dark' (99%)
2026-08-19 16:55:54,853 - INFO - 📅 Fetching Basic Metadata: Return to Ash
2026-08-19 16:55:54,958 - INFO - 🎯 IGDB Match: 'Return to Ash' (100%)
2026-08-19 16:55:54,964 - INFO - 🏢 Publisher Search: STALCRAFT: X Starter Edition
2026-08-19 16:55:56,438 - INFO - 📅 Fetching Basic Metadata: STALCRAFT: X Starter Edition
2026-08-19 16:55:56,546 - INFO - 📅 Fetching Basic Metadata: Boxes: Lost Fragments
2026-08-19 16:55:56,644 - INFO - 🎯 IGDB Match: 'Boxes: Lost Fragments' (100%)
2026-08-19 16:55:56,651 - INFO - 📅 Fetching Basic Metadata: My Night Job
2026-08-19 16:55:56,751 - INFO - 🎯 IGDB Match: 'My Night Job' (100%)
2026-08-19 16:55:56,759 - INFO - 📅 Fetching Basic Metadata: Electrician Simulator
2026-08-19 16:55:56,856 - INFO - 🎯 IGDB Match: 'Electrician Simulator' (100%)
2026-08-19 16:55:56,862 - INFO - 🏢 Publisher Search: World of Warships — Epic Anniversary Tachibana Pack
2026-08-19 16:55:58,342 - INFO - 📅 Fetching Basic Metadata: World of Warships — Epic Anniversary Tachibana Pack
2026-08-19 16:55:58,450 - INFO - 📅 Fetching Basic Metadata: Hyper Echelon
2026-08-19 16:55:58,556 - INFO - 🎯 IGDB Match: 'Hyper Echelon' (100%)
2026-08-19 16:55:58,563 - INFO - 📅 Fetching Basic Metadata: Havendock
2026-08-19 16:55:58,660 - INFO - 🎯 IGDB Match: 'Havendock' (100%)
2026-08-19 16:55:58,667 - INFO - 📅 Fetching Basic Metadata: Clone Drone in the Danger Zone
2026-08-19 16:55:58,767 - INFO - 🎯 IGDB Match: 'Clone Drone in the Danger Zone' (100%)
2026-08-19 16:55:58,773 - INFO - 🏢 Publisher Search: TOMAK: Save the Earth Regeneration
2026-08-19 16:56:00,186 - INFO - 📅 Fetching Basic Metadata: TOMAK: Save the Earth Regeneration
2026-08-19 16:56:00,377 - INFO - 🎯 IGDB Match: 'Tomak: Save the Earth Regeneration' (100%)
2026-08-19 16:56:00,384 - INFO - 📅 Fetching Basic Metadata: Prop Sumo
2026-08-19 16:56:00,482 - INFO - 🎯 IGDB Match: 'Prop Sumo' (100%)
2026-08-19 16:56:00,489 - INFO - 📅 Fetching Basic Metadata: The Stone of Madness
2026-08-19 16:56:00,590 - INFO - 🎯 IGDB Match: 'The Stone of Madness' (100%)
2026-08-19 16:56:00,597 - INFO - 📅 Fetching Basic Metadata: Firestone Online Idle RPG
2026-08-19 16:56:00,794 - INFO - 🎯 IGDB Match: 'Firestone: Online Idle RPG' (98%)
2026-08-19 16:56:00,801 - INFO - 📅 Fetching Basic Metadata: Oddsparks: An Automation Adventure
2026-08-19 16:56:00,990 - INFO - 🎯 IGDB Match: 'Oddsparks: An Automation Adventure' (100%)
2026-08-19 16:56:00,997 - INFO - 📅 Fetching Basic Metadata: Trash Goblin
2026-08-19 16:56:01,106 - INFO - 🎯 IGDB Match: 'Trash Goblin' (100%)
2026-08-19 16:56:01,113 - INFO - 🏢 Publisher Search: The Telltale Batman Shadows Edition
2026-08-19 16:56:02,510 - INFO - 📅 Fetching Basic Metadata: The Telltale Batman Shadows Edition
2026-08-19 16:56:02,615 - INFO - 🎯 IGDB Match: 'Telltale Batman Shadows Edition' (95%)
2026-08-19 16:56:02,622 - INFO - 🏢 Publisher Search: Sunderfolk - Standard Edition
2026-08-19 16:56:04,031 - INFO - 📅 Fetching Basic Metadata: Sunderfolk - Standard Edition
2026-08-19 16:56:04,229 - INFO - 📅 Fetching Basic Metadata: Down in Bermuda
2026-08-19 16:56:04,326 - INFO - 🎯 IGDB Match: 'Down in Bermuda' (100%)
2026-08-19 16:56:04,332 - INFO - 📅 Fetching Basic Metadata: Tomb Raider I-III Remastered Starring Lara Croft
2026-08-19 16:56:04,528 - INFO - 📅 Fetching Basic Metadata: LONESTAR
2026-08-19 16:56:04,727 - INFO - 🎯 IGDB Match: 'LoneStar' (100%)
2026-08-19 16:56:04,734 - INFO - 📅 Fetching Basic Metadata: Calico
2026-08-19 16:56:04,835 - INFO - 🎯 IGDB Match: 'Calico' (100%)
2026-08-19 16:56:04,841 - INFO - 📅 Fetching Basic Metadata: Rogue Waters
2026-08-19 16:56:04,938 - INFO - 🎯 IGDB Match: 'Rogue Waters' (100%)
2026-08-19 16:56:04,945 - INFO - 📅 Fetching Basic Metadata: The Ouroboros King
2026-08-19 16:56:05,044 - INFO - 🎯 IGDB Match: 'The Ouroboros King' (100%)
2026-08-19 16:56:05,051 - INFO - 🏢 Publisher Search: Warhammer 40K Speed Freeks
2026-08-19 16:56:06,462 - INFO - 📅 Fetching Basic Metadata: I Have No Mouth, and I Must Scream
2026-08-19 16:56:06,564 - INFO - 🎯 IGDB Match: 'I Have No Mouth, and I Must Scream' (100%)
2026-08-19 16:56:06,571 - INFO - 📅 Fetching Basic Metadata: Nova Lands
2026-08-19 16:56:06,686 - INFO - 🎯 IGDB Match: 'Nova Lands' (100%)
2026-08-19 16:56:06,692 - INFO - 📅 Fetching Basic Metadata: Tattoo Tycoon
2026-08-19 16:56:06,899 - INFO - 🎯 IGDB Match: 'Tattoo Tycoon' (100%)
2026-08-19 16:56:06,905 - INFO - 📅 Fetching Basic Metadata: Echo Generation: Midnight Edition
2026-08-19 16:56:07,005 - INFO - 🎯 IGDB Match: 'Echo Generation: Midnight Edition' (100%)
2026-08-19 16:56:07,012 - INFO - 💰 Price Search: Foretales
2026-08-19 16:56:08,132 - WARNING - Price error for Foretales: string indices must be integers, not 'str'
2026-08-19 16:56:08,133 - INFO - 📅 Fetching Basic Metadata: Foretales
2026-08-19 16:56:08,327 - INFO - 🎯 IGDB Match: 'Foretales' (100%)
2026-08-19 16:56:08,333 - INFO - 💰 Price Search: OTXO
2026-08-19 16:56:09,384 - WARNING - Price error for OTXO: string indices must be integers, not 'str'
2026-08-19 16:56:09,385 - INFO - 💰 Price Search: Sol Cesto
2026-08-19 16:56:10,456 - WARNING - Price error for Sol Cesto: string indices must be integers, not 'str'
2026-08-19 16:56:10,456 - INFO - 📅 Fetching Basic Metadata: Sol Cesto
2026-08-19 16:56:10,642 - INFO - 🎯 IGDB Match: 'Sol Cesto' (100%)
2026-08-19 16:56:10,649 - INFO - 💰 Price Search: Beacon Pines
2026-08-19 16:56:11,708 - WARNING - Price error for Beacon Pines: string indices must be integers, not 'str'
2026-08-19 16:56:11,709 - INFO - 💰 Price Search: Caravan SandWitch
2026-08-19 16:56:12,751 - WARNING - Price error for Caravan SandWitch: string indices must be integers, not 'str'
2026-08-19 16:56:12,757 - INFO - 
--- Starting Data Quality Checks ---
2026-08-19 16:56:12,770 - INFO - --- Data Quality Checks Complete ---

2026-08-19 16:56:12,800 - INFO - | Metric | Statistics |
| :--- | :--- |
| 💰 **Total Market Value** | **$13,332.99** |
| 📦 **Total Games Collected** | 696 |
| 🏷️ **Average Retail Price** | $22.18 per game |
| 💎 **Most Expensive Title** | Civilization 6 Platinum Edition ($79.99) |
| 👑 **MVP Publisher** | Bethesda Softworks |
| 🏢 **Value Leaders** | 2K ($579.90), Bethesda Softworks ($544.80), Paradox Interactive ($409.89) |
| 📈 **Inflation-Adjusted Value** | $15,130.23 |
| 🎈 **Inflation Bonus** | **+$1,797.24** in purchasing power |
| 🗓️ **Peak Saving Month** | 🎄 **Seasonality Peak:** December is historically the best month, offering $3,388.17 in savings. |
| ⭐ **Average Score** | 76.9/100 |
| 💳 **Subscription Equivalent** | **$167.78 / mo** |
| 🎯 **Prestige Ratio** | **2.0%** (Strategic Hype) |
| 🏎️ **Lead Time Avg** | 441 Days to Sequel |

2026-08-19 16:56:12,800 - INFO - ✅ README.md updated.
2026-08-19 16:56:12,824 - INFO - Using categorical units to plot a list of strings that are all parsable as floats or dates. If these strings should be plotted as numbers, cast to the appropriate data type before plotting.
2026-08-19 16:56:12,825 - INFO - Using categorical units to plot a list of strings that are all parsable as floats or dates. If these strings should be plotted as numbers, cast to the appropriate data type before plotting.
2026-08-19 16:56:18,729 - INFO - 📈 All charts generated successfully.
