2026-08-05 18:04:17,386 - INFO - Failed to extract font properties from /usr/share/fonts/truetype/noto/NotoColorEmoji.ttf: Non-scalable fonts are not supported
2026-08-05 18:04:17,529 - INFO - generated new fontManager
2026-08-05 18:04:17,882 - INFO - ✅ Migration Successful!
2026-08-05 18:04:18,406 - INFO - No new games found.
2026-08-05 18:04:18,737 - INFO - 🔍 Found 616 games needing metadata. Starting IGDB + Steam + CheapShark enrichment...
2026-08-05 18:04:18,767 - INFO - 📅 Fetching Basic Metadata: LEGO Batman Trilogy
2026-08-05 18:04:18,932 - INFO - 🎯 IGDB Match: 'LEGO Batman Trilogy' (100%)
2026-08-05 18:04:18,962 - INFO - 📅 Fetching Basic Metadata: Antstream
2026-08-05 18:04:19,063 - INFO - 📅 Fetching Basic Metadata: The Drone Racing League Simulator
2026-08-05 18:04:19,212 - INFO - 🎯 IGDB Match: 'The Drone Racing League Simulator' (100%)
2026-08-05 18:04:19,220 - INFO - 📅 Fetching Basic Metadata: Dark Deity
2026-08-05 18:04:19,318 - INFO - 🎯 IGDB Match: 'Dark Deity' (100%)
2026-08-05 18:04:19,325 - INFO - 📅 Fetching Basic Metadata: RPG in a Box
2026-08-05 18:04:19,425 - INFO - 🎯 IGDB Match: 'RPG in a Box' (100%)
2026-08-05 18:04:19,432 - INFO - 📅 Fetching Basic Metadata: Fallout Classic Collection
2026-08-05 18:04:19,507 - INFO - 🎯 IGDB Match: 'Fallout Classic Collection' (100%)
2026-08-05 18:04:19,516 - INFO - 📅 Fetching Basic Metadata: Recipe for Disaster
2026-08-05 18:04:19,589 - INFO - 🎯 IGDB Match: 'Recipe For Disaster' (100%)
2026-08-05 18:04:19,596 - INFO - 📅 Fetching Basic Metadata: World of Warships — Starter Pack: Ishizuchi
2026-08-05 18:04:19,667 - INFO - 🎯 IGDB Match: 'World of Warships: Starter Pack - Ishizuchi' (98%)
2026-08-05 18:04:19,675 - INFO - 📅 Fetching Basic Metadata: Poker Club
2026-08-05 18:04:19,826 - INFO - 🎯 IGDB Match: 'Poker Club' (100%)
2026-08-05 18:04:19,833 - INFO - 📅 Fetching Basic Metadata: The Sims 4 The Daring Lifestyle Bundle
2026-08-05 18:04:19,945 - INFO - 🎯 IGDB Match: 'The Sims 4: The Daring Lifestyle Bundle' (99%)
2026-08-05 18:04:19,954 - INFO - 📅 Fetching Basic Metadata: Dodo Peak
2026-08-05 18:04:20,021 - INFO - 🎯 IGDB Match: 'Dodo Peak' (100%)
2026-08-05 18:04:20,028 - INFO - 📅 Fetching Basic Metadata: Spelldrifter
2026-08-05 18:04:20,118 - INFO - 🎯 IGDB Match: 'Spelldrifter' (100%)
2026-08-05 18:04:20,125 - INFO - 📅 Fetching Basic Metadata: Model Builder
2026-08-05 18:04:20,238 - INFO - 🎯 IGDB Match: 'Model Builder' (100%)
2026-08-05 18:04:20,245 - INFO - 📅 Fetching Basic Metadata: Godlike Burger
2026-08-05 18:04:20,313 - INFO - 🎯 IGDB Match: 'Godlike Burger' (100%)
2026-08-05 18:04:20,320 - INFO - 📅 Fetching Basic Metadata: Q.U.B.E. Ultimate Bundle
2026-08-05 18:04:20,422 - INFO - 🎯 IGDB Match: 'Q.U.B.E. Ultimate Bundle' (100%)
2026-08-05 18:04:20,430 - INFO - 📅 Fetching Basic Metadata: Jitsu Squad
2026-08-05 18:04:20,539 - INFO - 🎯 IGDB Match: 'Jitsu Squad' (100%)
2026-08-05 18:04:20,545 - INFO - 📅 Fetching Basic Metadata: Mighty Fight Federation
2026-08-05 18:04:20,614 - INFO - 🎯 IGDB Match: 'Mighty Fight Federation' (100%)
2026-08-05 18:04:20,624 - INFO - 📅 Fetching Basic Metadata: LOVE
2026-08-05 18:04:20,742 - INFO - 🎯 IGDB Match: 'Love Love Love' (90%)
2026-08-05 18:04:20,751 - INFO - 📅 Fetching Basic Metadata: Call of The Wild: The Angler
2026-08-05 18:04:20,815 - WARNING - IGDB Error for Call of The Wild: The Angler: string indices must be integers, not 'str'
2026-08-05 18:04:20,824 - INFO - 📅 Fetching Basic Metadata: The Falconeer
2026-08-05 18:04:20,888 - WARNING - IGDB Error for The Falconeer: string indices must be integers, not 'str'
2026-08-05 18:04:20,895 - INFO - 📅 Fetching Basic Metadata: Rawmen: Food Fighter Arena
2026-08-05 18:04:20,961 - WARNING - IGDB Error for Rawmen: Food Fighter Arena: string indices must be integers, not 'str'
2026-08-05 18:04:20,969 - INFO - 📅 Fetching Basic Metadata: World of Warships – Starter Pack: Albany
2026-08-05 18:04:21,026 - WARNING - IGDB Error for World of Warships – Starter Pack: Albany: string indices must be integers, not 'str'
2026-08-05 18:04:21,033 - INFO - 📅 Fetching Basic Metadata: Fallout Classic Edition
2026-08-05 18:04:21,089 - WARNING - IGDB Error for Fallout Classic Edition: string indices must be integers, not 'str'
2026-08-05 18:04:21,098 - INFO - 📅 Fetching Basic Metadata: Outliver: Tribulation
2026-08-05 18:04:21,154 - WARNING - IGDB Error for Outliver: Tribulation: string indices must be integers, not 'str'
2026-08-05 18:04:21,163 - INFO - 📅 Fetching Basic Metadata: Bus Simulator 21 Next Stop
2026-08-05 18:04:21,220 - WARNING - IGDB Error for Bus Simulator 21 Next Stop: string indices must be integers, not 'str'
2026-08-05 18:04:21,229 - INFO - 📅 Fetching Basic Metadata: Turmoil
2026-08-05 18:04:21,286 - WARNING - IGDB Error for Turmoil: string indices must be integers, not 'str'
2026-08-05 18:04:21,294 - INFO - 📅 Fetching Basic Metadata: World War Z Aftermath
2026-08-05 18:04:21,350 - WARNING - IGDB Error for World War Z Aftermath: string indices must be integers, not 'str'
2026-08-05 18:04:21,357 - INFO - 📅 Fetching Basic Metadata: World Of Warships – Anniversary Party Flavor
2026-08-05 18:04:21,413 - WARNING - IGDB Error for World Of Warships – Anniversary Party Flavor: string indices must be integers, not 'str'
2026-08-05 18:04:21,420 - INFO - 📅 Fetching Basic Metadata: Neko Ghost, Jump!
2026-08-05 18:04:21,510 - WARNING - IGDB Error for Neko Ghost, Jump!: string indices must be integers, not 'str'
2026-08-05 18:04:21,517 - INFO - 📅 Fetching Basic Metadata: Super Space Club
2026-08-05 18:04:21,576 - WARNING - IGDB Error for Super Space Club: string indices must be integers, not 'str'
2026-08-05 18:04:21,584 - INFO - 📅 Fetching Basic Metadata: Touch Type Tale
2026-08-05 18:04:21,640 - WARNING - IGDB Error for Touch Type Tale: string indices must be integers, not 'str'
2026-08-05 18:04:21,647 - INFO - 📅 Fetching Basic Metadata: Gigapocalypse
2026-08-05 18:04:21,703 - WARNING - IGDB Error for Gigapocalypse: string indices must be integers, not 'str'
2026-08-05 18:04:21,712 - INFO - 📅 Fetching Basic Metadata: Legion TD2
2026-08-05 18:04:21,769 - WARNING - IGDB Error for Legion TD2: string indices must be integers, not 'str'
2026-08-05 18:04:21,778 - INFO - 📅 Fetching Basic Metadata: Nightingale
2026-08-05 18:04:21,835 - WARNING - IGDB Error for Nightingale: string indices must be integers, not 'str'
2026-08-05 18:04:21,843 - INFO - 📅 Fetching Basic Metadata: Godzilla Voxel Wars
2026-08-05 18:04:21,901 - WARNING - IGDB Error for Godzilla Voxel Wars: string indices must be integers, not 'str'
2026-08-05 18:04:21,910 - INFO - 📅 Fetching Basic Metadata: Trine Classic Collection
2026-08-05 18:04:21,976 - INFO - 🎯 IGDB Match: 'Trine Classic Collection' (100%)
2026-08-05 18:04:21,983 - INFO - 📅 Fetching Basic Metadata: Poison Retro Set
2026-08-05 18:04:22,066 - INFO - 🎯 IGDB Match: 'Pixel Gun 3D: Poison Retro Set' (90%)
2026-08-05 18:04:22,073 - INFO - 📅 Fetching Basic Metadata: The Darkside Detective A Fumble in the Dark
2026-08-05 18:04:22,143 - INFO - 🎯 IGDB Match: 'The Darkside Detective: A Fumble in the Dark' (99%)
2026-08-05 18:04:22,149 - INFO - 📅 Fetching Basic Metadata: Return to Ash
2026-08-05 18:04:22,221 - INFO - 🎯 IGDB Match: 'Return to Ash' (100%)
2026-08-05 18:04:22,228 - INFO - 🏢 Publisher Search: STALCRAFT: X Starter Edition
2026-08-05 18:04:23,562 - INFO - 📅 Fetching Basic Metadata: STALCRAFT: X Starter Edition
2026-08-05 18:04:23,635 - INFO - 📅 Fetching Basic Metadata: Boxes: Lost Fragments
2026-08-05 18:04:23,702 - INFO - 🎯 IGDB Match: 'Boxes: Lost Fragments' (100%)
2026-08-05 18:04:23,709 - INFO - 📅 Fetching Basic Metadata: My Night Job
2026-08-05 18:04:23,778 - INFO - 🎯 IGDB Match: 'My Night Job' (100%)
2026-08-05 18:04:23,785 - INFO - 📅 Fetching Basic Metadata: Electrician Simulator
2026-08-05 18:04:23,865 - INFO - 🎯 IGDB Match: 'Electrician Simulator' (100%)
2026-08-05 18:04:23,872 - INFO - 🏢 Publisher Search: World of Warships — Epic Anniversary Tachibana Pack
2026-08-05 18:04:25,242 - INFO - 📅 Fetching Basic Metadata: World of Warships — Epic Anniversary Tachibana Pack
2026-08-05 18:04:25,316 - INFO - 📅 Fetching Basic Metadata: Hyper Echelon
2026-08-05 18:04:25,384 - INFO - 🎯 IGDB Match: 'Hyper Echelon' (100%)
2026-08-05 18:04:25,391 - INFO - 📅 Fetching Basic Metadata: Havendock
2026-08-05 18:04:25,457 - INFO - 🎯 IGDB Match: 'Havendock' (100%)
2026-08-05 18:04:25,464 - INFO - 📅 Fetching Basic Metadata: Clone Drone in the Danger Zone
2026-08-05 18:04:25,534 - INFO - 🎯 IGDB Match: 'Clone Drone in the Danger Zone' (100%)
2026-08-05 18:04:25,540 - INFO - 🏢 Publisher Search: TOMAK: Save the Earth Regeneration
2026-08-05 18:04:26,866 - INFO - 📅 Fetching Basic Metadata: TOMAK: Save the Earth Regeneration
2026-08-05 18:04:26,935 - INFO - 🎯 IGDB Match: 'Tomak: Save the Earth Regeneration' (100%)
2026-08-05 18:04:26,942 - INFO - 📅 Fetching Basic Metadata: Prop Sumo
2026-08-05 18:04:27,012 - INFO - 🎯 IGDB Match: 'Prop Sumo' (100%)
2026-08-05 18:04:27,019 - INFO - 📅 Fetching Basic Metadata: The Stone of Madness
2026-08-05 18:04:27,090 - INFO - 🎯 IGDB Match: 'The Stone of Madness' (100%)
2026-08-05 18:04:27,097 - INFO - 📅 Fetching Basic Metadata: Firestone Online Idle RPG
2026-08-05 18:04:27,163 - INFO - 🎯 IGDB Match: 'Firestone: Online Idle RPG' (98%)
2026-08-05 18:04:27,169 - INFO - 📅 Fetching Basic Metadata: Oddsparks: An Automation Adventure
2026-08-05 18:04:27,237 - INFO - 🎯 IGDB Match: 'Oddsparks: An Automation Adventure' (100%)
2026-08-05 18:04:27,243 - INFO - 📅 Fetching Basic Metadata: Trash Goblin
2026-08-05 18:04:27,310 - INFO - 🎯 IGDB Match: 'Trash Goblin' (100%)
2026-08-05 18:04:27,317 - INFO - 🏢 Publisher Search: The Telltale Batman Shadows Edition
2026-08-05 18:04:28,794 - INFO - 📅 Fetching Basic Metadata: The Telltale Batman Shadows Edition
2026-08-05 18:04:28,861 - INFO - 🎯 IGDB Match: 'Telltale Batman Shadows Edition' (95%)
2026-08-05 18:04:28,868 - INFO - 🏢 Publisher Search: Sunderfolk - Standard Edition
2026-08-05 18:04:30,159 - INFO - 📅 Fetching Basic Metadata: Sunderfolk - Standard Edition
2026-08-05 18:04:30,234 - INFO - 📅 Fetching Basic Metadata: Down in Bermuda
2026-08-05 18:04:30,310 - INFO - 🎯 IGDB Match: 'Down in Bermuda' (100%)
2026-08-05 18:04:30,317 - INFO - 📅 Fetching Basic Metadata: Tomb Raider I-III Remastered Starring Lara Croft
2026-08-05 18:04:30,410 - INFO - 📅 Fetching Basic Metadata: LONESTAR
2026-08-05 18:04:30,479 - INFO - 🎯 IGDB Match: 'LoneStar' (100%)
2026-08-05 18:04:30,485 - INFO - 📅 Fetching Basic Metadata: Calico
2026-08-05 18:04:30,556 - INFO - 🎯 IGDB Match: 'Calico' (100%)
2026-08-05 18:04:30,563 - INFO - 📅 Fetching Basic Metadata: Rogue Waters
2026-08-05 18:04:30,629 - INFO - 🎯 IGDB Match: 'Rogue Waters' (100%)
2026-08-05 18:04:30,636 - INFO - 📅 Fetching Basic Metadata: The Ouroboros King
2026-08-05 18:04:30,703 - INFO - 🎯 IGDB Match: 'The Ouroboros King' (100%)
2026-08-05 18:04:30,710 - INFO - 🏢 Publisher Search: Warhammer 40K Speed Freeks
2026-08-05 18:04:32,062 - INFO - 📅 Fetching Basic Metadata: I Have No Mouth, and I Must Scream
2026-08-05 18:04:32,131 - INFO - 🎯 IGDB Match: 'I Have No Mouth, and I Must Scream' (100%)
2026-08-05 18:04:32,138 - INFO - 📅 Fetching Basic Metadata: Nova Lands
2026-08-05 18:04:32,223 - INFO - 🎯 IGDB Match: 'Nova Lands' (100%)
2026-08-05 18:04:32,229 - INFO - 📅 Fetching Basic Metadata: Tattoo Tycoon
2026-08-05 18:04:32,294 - INFO - 🎯 IGDB Match: 'Tattoo Tycoon' (100%)
2026-08-05 18:04:32,301 - INFO - 📅 Fetching Basic Metadata: Echo Generation: Midnight Edition
2026-08-05 18:04:32,370 - INFO - 🎯 IGDB Match: 'Echo Generation: Midnight Edition' (100%)
2026-08-05 18:04:32,377 - INFO - 💰 Price Search: Foretales
2026-08-05 18:04:33,443 - WARNING - Price error for Foretales: string indices must be integers, not 'str'
2026-08-05 18:04:33,444 - INFO - 📅 Fetching Basic Metadata: Foretales
2026-08-05 18:04:33,515 - INFO - 🎯 IGDB Match: 'Foretales' (100%)
2026-08-05 18:04:33,522 - INFO - 💰 Price Search: OTXO
2026-08-05 18:04:34,565 - WARNING - Price error for OTXO: string indices must be integers, not 'str'
2026-08-05 18:04:34,566 - INFO - 💰 Price Search: Sol Cesto
2026-08-05 18:04:35,606 - WARNING - Price error for Sol Cesto: string indices must be integers, not 'str'
2026-08-05 18:04:35,606 - INFO - 📅 Fetching Basic Metadata: Sol Cesto
2026-08-05 18:04:35,703 - INFO - 🎯 IGDB Match: 'Sol Cesto' (100%)
2026-08-05 18:04:35,715 - INFO - 
--- Starting Data Quality Checks ---
2026-08-05 18:04:35,728 - INFO - --- Data Quality Checks Complete ---

2026-08-05 18:04:35,759 - INFO - | Metric | Statistics |
| :--- | :--- |
| 💰 **Total Market Value** | **$13,332.99** |
| 📦 **Total Games Collected** | 693 |
| 🏷️ **Average Retail Price** | $22.25 per game |
| 💎 **Most Expensive Title** | Civilization 6 Platinum Edition ($79.99) |
| 👑 **MVP Publisher** | Bethesda Softworks |
| 🏢 **Value Leaders** | 2K ($579.90), Bethesda Softworks ($544.80), Paradox Interactive ($409.89) |
| 📈 **Inflation-Adjusted Value** | $15,130.23 |
| 🎈 **Inflation Bonus** | **+$1,797.24** in purchasing power |
| 🗓️ **Peak Saving Month** | 🎄 **Seasonality Peak:** December is historically the best month, offering $3,388.17 in savings. |
| ⭐ **Average Score** | 76.9/100 |
| 💳 **Subscription Equivalent** | **$169.48 / mo** |
| 🎯 **Prestige Ratio** | **2.0%** (Strategic Hype) |
| 🏎️ **Lead Time Avg** | 441 Days to Sequel |

2026-08-05 18:04:35,760 - INFO - ✅ README.md updated.
2026-08-05 18:04:35,785 - INFO - Using categorical units to plot a list of strings that are all parsable as floats or dates. If these strings should be plotted as numbers, cast to the appropriate data type before plotting.
2026-08-05 18:04:35,786 - INFO - Using categorical units to plot a list of strings that are all parsable as floats or dates. If these strings should be plotted as numbers, cast to the appropriate data type before plotting.
2026-08-05 18:04:42,162 - INFO - 📈 All charts generated successfully.
