2026-08-02 17:31:50,273 - INFO - Failed to extract font properties from /usr/share/fonts/truetype/noto/NotoColorEmoji.ttf: Non-scalable fonts are not supported
2026-08-02 17:31:50,302 - INFO - generated new fontManager
2026-08-02 17:31:50,677 - INFO - ✅ Migration Successful!
2026-08-02 17:31:50,843 - INFO - No new games found.
2026-08-02 17:31:51,392 - INFO - 🔍 Found 616 games needing metadata. Starting IGDB + Steam + CheapShark enrichment...
2026-08-02 17:31:51,471 - INFO - 📅 Fetching Basic Metadata: LEGO Batman Trilogy
2026-08-02 17:31:51,825 - INFO - 🎯 IGDB Match: 'LEGO Batman Trilogy' (100%)
2026-08-02 17:31:51,848 - INFO - 📅 Fetching Basic Metadata: Antstream
2026-08-02 17:31:52,006 - INFO - 📅 Fetching Basic Metadata: The Drone Racing League Simulator
2026-08-02 17:31:52,216 - INFO - 🎯 IGDB Match: 'The Drone Racing League Simulator' (100%)
2026-08-02 17:31:52,224 - INFO - 📅 Fetching Basic Metadata: Dark Deity
2026-08-02 17:31:52,518 - INFO - 🎯 IGDB Match: 'Dark Deity' (100%)
2026-08-02 17:31:52,525 - INFO - 📅 Fetching Basic Metadata: RPG in a Box
2026-08-02 17:31:52,689 - INFO - 🎯 IGDB Match: 'RPG in a Box' (100%)
2026-08-02 17:31:52,697 - INFO - 📅 Fetching Basic Metadata: Fallout Classic Collection
2026-08-02 17:31:52,830 - INFO - 🎯 IGDB Match: 'Fallout Classic Collection' (100%)
2026-08-02 17:31:52,838 - INFO - 📅 Fetching Basic Metadata: Recipe for Disaster
2026-08-02 17:31:52,986 - INFO - 🎯 IGDB Match: 'Recipe For Disaster' (100%)
2026-08-02 17:31:52,993 - INFO - 📅 Fetching Basic Metadata: World of Warships — Starter Pack: Ishizuchi
2026-08-02 17:31:53,127 - INFO - 🎯 IGDB Match: 'World of Warships: Starter Pack - Ishizuchi' (98%)
2026-08-02 17:31:53,134 - INFO - 📅 Fetching Basic Metadata: Poker Club
2026-08-02 17:31:53,398 - INFO - 🎯 IGDB Match: 'Poker Club' (100%)
2026-08-02 17:31:53,405 - INFO - 📅 Fetching Basic Metadata: The Sims 4 The Daring Lifestyle Bundle
2026-08-02 17:31:53,538 - INFO - 🎯 IGDB Match: 'The Sims 4: The Daring Lifestyle Bundle' (99%)
2026-08-02 17:31:53,546 - INFO - 📅 Fetching Basic Metadata: Dodo Peak
2026-08-02 17:31:53,760 - INFO - 🎯 IGDB Match: 'Dodo Peak' (100%)
2026-08-02 17:31:53,767 - INFO - 📅 Fetching Basic Metadata: Spelldrifter
2026-08-02 17:31:53,981 - INFO - 🎯 IGDB Match: 'Spelldrifter' (100%)
2026-08-02 17:31:53,988 - INFO - 📅 Fetching Basic Metadata: Model Builder
2026-08-02 17:31:54,218 - INFO - 🎯 IGDB Match: 'Model Builder' (100%)
2026-08-02 17:31:54,224 - INFO - 📅 Fetching Basic Metadata: Godlike Burger
2026-08-02 17:31:54,336 - INFO - 🎯 IGDB Match: 'Godlike Burger' (100%)
2026-08-02 17:31:54,343 - INFO - 📅 Fetching Basic Metadata: Q.U.B.E. Ultimate Bundle
2026-08-02 17:31:54,701 - INFO - 🎯 IGDB Match: 'Q.U.B.E. Ultimate Bundle' (100%)
2026-08-02 17:31:54,708 - INFO - 📅 Fetching Basic Metadata: Jitsu Squad
2026-08-02 17:31:54,841 - INFO - 🎯 IGDB Match: 'Jitsu Squad' (100%)
2026-08-02 17:31:54,848 - INFO - 📅 Fetching Basic Metadata: Mighty Fight Federation
2026-08-02 17:31:55,077 - INFO - 🎯 IGDB Match: 'Mighty Fight Federation' (100%)
2026-08-02 17:31:55,086 - INFO - 📅 Fetching Basic Metadata: LOVE
2026-08-02 17:31:55,222 - INFO - 🎯 IGDB Match: 'Love Love Love' (90%)
2026-08-02 17:31:55,234 - INFO - 📅 Fetching Basic Metadata: Call of The Wild: The Angler
2026-08-02 17:31:55,377 - INFO - 🎯 IGDB Match: 'Call of the Wild: The Angler' (100%)
2026-08-02 17:31:55,413 - INFO - 📅 Fetching Basic Metadata: The Falconeer
2026-08-02 17:31:55,644 - INFO - 🎯 IGDB Match: 'The Falconeer: The Hunter' (90%)
2026-08-02 17:31:55,711 - INFO - 📅 Fetching Basic Metadata: Rawmen: Food Fighter Arena
2026-08-02 17:31:55,840 - INFO - 🎯 IGDB Match: 'Rawmen' (90%)
2026-08-02 17:31:56,073 - INFO - 📅 Fetching Basic Metadata: World of Warships – Starter Pack: Albany
2026-08-02 17:31:56,316 - INFO - 📅 Fetching Basic Metadata: Fallout Classic Edition
2026-08-02 17:31:56,466 - INFO - 📅 Fetching Basic Metadata: Outliver: Tribulation
2026-08-02 17:31:56,628 - INFO - 🎯 IGDB Match: 'Outliver: Tribulation' (100%)
2026-08-02 17:31:56,636 - INFO - 📅 Fetching Basic Metadata: Bus Simulator 21 Next Stop
2026-08-02 17:31:56,759 - INFO - 🎯 IGDB Match: 'Bus Simulator 21: Next Stop' (98%)
2026-08-02 17:31:56,767 - INFO - 📅 Fetching Basic Metadata: Turmoil
2026-08-02 17:31:56,977 - INFO - 🎯 IGDB Match: 'Turmoil' (100%)
2026-08-02 17:31:56,984 - INFO - 📅 Fetching Basic Metadata: World War Z Aftermath
2026-08-02 17:31:57,105 - INFO - 🎯 IGDB Match: 'World War Z: Aftermath' (98%)
2026-08-02 17:31:57,112 - INFO - 📅 Fetching Basic Metadata: World Of Warships – Anniversary Party Flavor
2026-08-02 17:31:57,265 - INFO - 📅 Fetching Basic Metadata: Neko Ghost, Jump!
2026-08-02 17:31:57,378 - INFO - 🎯 IGDB Match: 'Neko Ghost, Jump!' (100%)
2026-08-02 17:31:57,385 - INFO - 📅 Fetching Basic Metadata: Super Space Club
2026-08-02 17:31:57,560 - INFO - 🎯 IGDB Match: 'Super Space Club' (100%)
2026-08-02 17:31:57,567 - INFO - 📅 Fetching Basic Metadata: Touch Type Tale
2026-08-02 17:31:57,676 - WARNING - IGDB Error for Touch Type Tale: string indices must be integers, not 'str'
2026-08-02 17:31:57,683 - INFO - 📅 Fetching Basic Metadata: Gigapocalypse
2026-08-02 17:31:57,893 - INFO - 🎯 IGDB Match: 'Gigapocalypse' (100%)
2026-08-02 17:31:57,901 - INFO - 📅 Fetching Basic Metadata: Legion TD2
2026-08-02 17:31:58,017 - INFO - 📅 Fetching Basic Metadata: Nightingale
2026-08-02 17:31:58,180 - INFO - 🎯 IGDB Match: 'Nightingale' (100%)
2026-08-02 17:31:58,188 - INFO - 📅 Fetching Basic Metadata: Godzilla Voxel Wars
2026-08-02 17:31:58,440 - INFO - 🎯 IGDB Match: 'Godzilla Voxel Wars' (100%)
2026-08-02 17:31:58,448 - INFO - 📅 Fetching Basic Metadata: Trine Classic Collection
2026-08-02 17:31:58,604 - INFO - 🎯 IGDB Match: 'Trine Classic Collection' (100%)
2026-08-02 17:31:58,612 - INFO - 📅 Fetching Basic Metadata: Poison Retro Set
2026-08-02 17:31:58,730 - INFO - 🎯 IGDB Match: 'Pixel Gun 3D: Poison Retro Set' (90%)
2026-08-02 17:31:58,737 - INFO - 📅 Fetching Basic Metadata: The Darkside Detective A Fumble in the Dark
2026-08-02 17:31:59,126 - INFO - 🎯 IGDB Match: 'The Darkside Detective: A Fumble in the Dark' (99%)
2026-08-02 17:31:59,132 - INFO - 📅 Fetching Basic Metadata: Return to Ash
2026-08-02 17:31:59,279 - INFO - 🎯 IGDB Match: 'Return to Ash' (100%)
2026-08-02 17:31:59,285 - INFO - 🏢 Publisher Search: STALCRAFT: X Starter Edition
2026-08-02 17:32:00,690 - INFO - 📅 Fetching Basic Metadata: STALCRAFT: X Starter Edition
2026-08-02 17:32:00,803 - INFO - 📅 Fetching Basic Metadata: Boxes: Lost Fragments
2026-08-02 17:32:00,924 - INFO - 🎯 IGDB Match: 'Boxes: Lost Fragments' (100%)
2026-08-02 17:32:00,931 - INFO - 📅 Fetching Basic Metadata: My Night Job
2026-08-02 17:32:01,050 - INFO - 🎯 IGDB Match: 'My Night Job' (100%)
2026-08-02 17:32:01,058 - INFO - 📅 Fetching Basic Metadata: Electrician Simulator
2026-08-02 17:32:01,320 - INFO - 🎯 IGDB Match: 'Electrician Simulator' (100%)
2026-08-02 17:32:01,327 - INFO - 🏢 Publisher Search: World of Warships — Epic Anniversary Tachibana Pack
2026-08-02 17:32:02,677 - INFO - 📅 Fetching Basic Metadata: World of Warships — Epic Anniversary Tachibana Pack
2026-08-02 17:32:02,804 - INFO - 📅 Fetching Basic Metadata: Hyper Echelon
2026-08-02 17:32:02,936 - INFO - 🎯 IGDB Match: 'Hyper Echelon' (100%)
2026-08-02 17:32:02,943 - INFO - 📅 Fetching Basic Metadata: Havendock
2026-08-02 17:32:03,060 - INFO - 🎯 IGDB Match: 'Havendock' (100%)
2026-08-02 17:32:03,067 - INFO - 📅 Fetching Basic Metadata: Clone Drone in the Danger Zone
2026-08-02 17:32:03,180 - INFO - 🎯 IGDB Match: 'Clone Drone in the Danger Zone' (100%)
2026-08-02 17:32:03,187 - INFO - 🏢 Publisher Search: TOMAK: Save the Earth Regeneration
2026-08-02 17:32:04,521 - INFO - 📅 Fetching Basic Metadata: TOMAK: Save the Earth Regeneration
2026-08-02 17:32:04,788 - INFO - 🎯 IGDB Match: 'Tomak: Save the Earth Regeneration' (100%)
2026-08-02 17:32:04,795 - INFO - 📅 Fetching Basic Metadata: Prop Sumo
2026-08-02 17:32:04,910 - INFO - 🎯 IGDB Match: 'Prop Sumo' (100%)
2026-08-02 17:32:04,917 - INFO - 📅 Fetching Basic Metadata: The Stone of Madness
2026-08-02 17:32:05,038 - INFO - 🎯 IGDB Match: 'The Stone of Madness' (100%)
2026-08-02 17:32:05,045 - INFO - 📅 Fetching Basic Metadata: Firestone Online Idle RPG
2026-08-02 17:32:05,155 - INFO - 🎯 IGDB Match: 'Firestone: Online Idle RPG' (98%)
2026-08-02 17:32:05,162 - INFO - 📅 Fetching Basic Metadata: Oddsparks: An Automation Adventure
2026-08-02 17:32:05,529 - INFO - 🎯 IGDB Match: 'Oddsparks: An Automation Adventure' (100%)
2026-08-02 17:32:05,536 - INFO - 📅 Fetching Basic Metadata: Trash Goblin
2026-08-02 17:32:05,748 - INFO - 🎯 IGDB Match: 'Trash Goblin' (100%)
2026-08-02 17:32:05,754 - INFO - 🏢 Publisher Search: The Telltale Batman Shadows Edition
2026-08-02 17:32:07,098 - INFO - 📅 Fetching Basic Metadata: The Telltale Batman Shadows Edition
2026-08-02 17:32:07,213 - INFO - 🎯 IGDB Match: 'Telltale Batman Shadows Edition' (95%)
2026-08-02 17:32:07,220 - INFO - 🏢 Publisher Search: Sunderfolk - Standard Edition
2026-08-02 17:32:08,575 - INFO - 📅 Fetching Basic Metadata: Sunderfolk - Standard Edition
2026-08-02 17:32:08,740 - INFO - 📅 Fetching Basic Metadata: Down in Bermuda
2026-08-02 17:32:08,868 - INFO - 🎯 IGDB Match: 'Down in Bermuda' (100%)
2026-08-02 17:32:08,875 - INFO - 📅 Fetching Basic Metadata: Tomb Raider I-III Remastered Starring Lara Croft
2026-08-02 17:32:08,995 - INFO - 📅 Fetching Basic Metadata: LONESTAR
2026-08-02 17:32:09,124 - INFO - 🎯 IGDB Match: 'LoneStar' (100%)
2026-08-02 17:32:09,131 - INFO - 📅 Fetching Basic Metadata: Calico
2026-08-02 17:32:09,391 - INFO - 🎯 IGDB Match: 'Calico' (100%)
2026-08-02 17:32:09,398 - INFO - 📅 Fetching Basic Metadata: Rogue Waters
2026-08-02 17:32:09,509 - INFO - 🎯 IGDB Match: 'Rogue Waters' (100%)
2026-08-02 17:32:09,516 - INFO - 📅 Fetching Basic Metadata: The Ouroboros King
2026-08-02 17:32:09,647 - INFO - 🎯 IGDB Match: 'The Ouroboros King' (100%)
2026-08-02 17:32:09,654 - INFO - 🏢 Publisher Search: Warhammer 40K Speed Freeks
2026-08-02 17:32:11,003 - INFO - 📅 Fetching Basic Metadata: I Have No Mouth, and I Must Scream
2026-08-02 17:32:11,196 - INFO - 🎯 IGDB Match: 'I Have No Mouth, and I Must Scream' (100%)
2026-08-02 17:32:11,203 - INFO - 📅 Fetching Basic Metadata: Nova Lands
2026-08-02 17:32:11,325 - INFO - 🎯 IGDB Match: 'Nova Lands' (100%)
2026-08-02 17:32:11,332 - INFO - 📅 Fetching Basic Metadata: Tattoo Tycoon
2026-08-02 17:32:11,450 - INFO - 🎯 IGDB Match: 'Tattoo Tycoon' (100%)
2026-08-02 17:32:11,457 - INFO - 📅 Fetching Basic Metadata: Echo Generation: Midnight Edition
2026-08-02 17:32:11,575 - INFO - 🎯 IGDB Match: 'Echo Generation: Midnight Edition' (100%)
2026-08-02 17:32:11,582 - INFO - 💰 Price Search: Foretales
2026-08-02 17:32:12,704 - WARNING - Price error for Foretales: string indices must be integers, not 'str'
2026-08-02 17:32:12,704 - INFO - 📅 Fetching Basic Metadata: Foretales
2026-08-02 17:32:12,814 - INFO - 🎯 IGDB Match: 'Foretales' (100%)
2026-08-02 17:32:12,820 - INFO - 💰 Price Search: OTXO
2026-08-02 17:32:13,857 - WARNING - Price error for OTXO: string indices must be integers, not 'str'
2026-08-02 17:32:13,859 - INFO - 💰 Price Search: Sol Cesto
2026-08-02 17:32:14,910 - WARNING - Price error for Sol Cesto: string indices must be integers, not 'str'
2026-08-02 17:32:14,910 - INFO - 📅 Fetching Basic Metadata: Sol Cesto
2026-08-02 17:32:15,027 - INFO - 🎯 IGDB Match: 'Sol Cesto' (100%)
2026-08-02 17:32:15,039 - INFO - 
--- Starting Data Quality Checks ---
2026-08-02 17:32:15,052 - INFO - --- Data Quality Checks Complete ---

2026-08-02 17:32:15,083 - INFO - | Metric | Statistics |
| :--- | :--- |
| 💰 **Total Market Value** | **$13,332.99** |
| 📦 **Total Games Collected** | 693 |
| 🏷️ **Average Retail Price** | $22.25 per game |
| 💎 **Most Expensive Title** | Civilization 6 Platinum Edition ($79.99) |
| 👑 **MVP Publisher** | Bethesda Softworks |
| 🏢 **Value Leaders** | 2K ($579.90), Bethesda Softworks ($544.80), Paradox Interactive ($409.89) |
| 📈 **Inflation-Adjusted Value** | $15,130.23 |
| 🎈 **Inflation Bonus** | **+$1,797.24** in purchasing power |
| 🗓️ **Peak Saving Month** | 🎄 **Seasonality Peak:** December is historically the best month, offering $3,388.17 in savings. |
| ⭐ **Average Score** | 76.9/100 |
| 💳 **Subscription Equivalent** | **$169.48 / mo** |
| 🎯 **Prestige Ratio** | **2.0%** (Strategic Hype) |
| 🏎️ **Lead Time Avg** | 441 Days to Sequel |

2026-08-02 17:32:15,084 - INFO - ✅ README.md updated.
2026-08-02 17:32:15,108 - INFO - Using categorical units to plot a list of strings that are all parsable as floats or dates. If these strings should be plotted as numbers, cast to the appropriate data type before plotting.
2026-08-02 17:32:15,109 - INFO - Using categorical units to plot a list of strings that are all parsable as floats or dates. If these strings should be plotted as numbers, cast to the appropriate data type before plotting.
2026-08-02 17:32:21,063 - INFO - 📈 All charts generated successfully.
