2026-09-24 20:03:35,484 - INFO - Failed to extract font properties from /usr/share/fonts/truetype/noto/NotoColorEmoji.ttf: Non-scalable fonts are not supported
2026-09-24 20:03:35,588 - INFO - generated new fontManager
2026-09-24 20:03:36,021 - INFO - ✅ Migration Successful!
2026-09-24 20:03:36,112 - INFO - Added 2 new games!
2026-09-24 20:03:36,397 - INFO - 🔍 Found 630 games needing metadata. Starting IGDB + Steam + CheapShark enrichment...
2026-09-24 20:03:36,513 - INFO - 📅 Fetching Basic Metadata: LEGO Batman Trilogy
2026-09-24 20:03:37,134 - INFO - 🎯 IGDB Match: 'LEGO Batman Trilogy' (100%)
2026-09-24 20:03:37,159 - INFO - 📅 Fetching Basic Metadata: Antstream
2026-09-24 20:03:37,354 - INFO - 📅 Fetching Basic Metadata: The Drone Racing League Simulator
2026-09-24 20:03:37,476 - INFO - 🎯 IGDB Match: 'The Drone Racing League Simulator' (100%)
2026-09-24 20:03:37,487 - INFO - 📅 Fetching Basic Metadata: Dark Deity
2026-09-24 20:03:37,594 - INFO - 🎯 IGDB Match: 'Dark Deity' (100%)
2026-09-24 20:03:37,605 - INFO - 📅 Fetching Basic Metadata: RPG in a Box
2026-09-24 20:03:37,692 - INFO - 🎯 IGDB Match: 'RPG in a Box' (100%)
2026-09-24 20:03:37,698 - INFO - 📅 Fetching Basic Metadata: Fallout Classic Collection
2026-09-24 20:03:37,814 - INFO - 🎯 IGDB Match: 'Fallout Classic Collection' (100%)
2026-09-24 20:03:37,825 - INFO - 📅 Fetching Basic Metadata: Recipe for Disaster
2026-09-24 20:03:37,910 - INFO - 🎯 IGDB Match: 'Recipe For Disaster' (100%)
2026-09-24 20:03:37,924 - INFO - 📅 Fetching Basic Metadata: World of Warships — Starter Pack: Ishizuchi
2026-09-24 20:03:38,026 - INFO - 🎯 IGDB Match: 'World of Warships: Starter Pack - Ishizuchi' (98%)
2026-09-24 20:03:38,035 - INFO - 📅 Fetching Basic Metadata: Poker Club
2026-09-24 20:03:38,154 - INFO - 🎯 IGDB Match: 'Poker Club' (100%)
2026-09-24 20:03:38,160 - INFO - 📅 Fetching Basic Metadata: The Sims 4 The Daring Lifestyle Bundle
2026-09-24 20:03:38,261 - INFO - 🎯 IGDB Match: 'The Sims 4: The Daring Lifestyle Bundle' (99%)
2026-09-24 20:03:38,267 - INFO - 📅 Fetching Basic Metadata: Dodo Peak
2026-09-24 20:03:38,348 - INFO - 🎯 IGDB Match: 'Dodo Peak' (100%)
2026-09-24 20:03:38,353 - INFO - 📅 Fetching Basic Metadata: Spelldrifter
2026-09-24 20:03:38,437 - INFO - 🎯 IGDB Match: 'Spelldrifter' (100%)
2026-09-24 20:03:38,443 - INFO - 📅 Fetching Basic Metadata: Model Builder
2026-09-24 20:03:38,523 - INFO - 🎯 IGDB Match: 'Model Builder' (100%)
2026-09-24 20:03:38,528 - INFO - 📅 Fetching Basic Metadata: Godlike Burger
2026-09-24 20:03:38,612 - INFO - 🎯 IGDB Match: 'Godlike Burger' (100%)
2026-09-24 20:03:38,618 - INFO - 📅 Fetching Basic Metadata: Q.U.B.E. Ultimate Bundle
2026-09-24 20:03:38,698 - INFO - 🎯 IGDB Match: 'Q.U.B.E. Ultimate Bundle' (100%)
2026-09-24 20:03:38,704 - INFO - 📅 Fetching Basic Metadata: Jitsu Squad
2026-09-24 20:03:38,811 - INFO - 🎯 IGDB Match: 'Jitsu Squad' (100%)
2026-09-24 20:03:38,816 - INFO - 📅 Fetching Basic Metadata: Mighty Fight Federation
2026-09-24 20:03:38,951 - INFO - 🎯 IGDB Match: 'Mighty Fight Federation' (100%)
2026-09-24 20:03:39,029 - INFO - 📅 Fetching Basic Metadata: LOVE
2026-09-24 20:03:39,137 - INFO - 🎯 IGDB Match: 'Love Love Love' (90%)
2026-09-24 20:03:39,206 - INFO - 📅 Fetching Basic Metadata: Call of The Wild: The Angler
2026-09-24 20:03:39,291 - INFO - 🎯 IGDB Match: 'Call of the Wild: The Angler' (100%)
2026-09-24 20:03:39,326 - INFO - 📅 Fetching Basic Metadata: The Falconeer
2026-09-24 20:03:39,397 - WARNING - IGDB Error for The Falconeer: string indices must be integers, not 'str'
2026-09-24 20:03:39,445 - INFO - 📅 Fetching Basic Metadata: Rawmen: Food Fighter Arena
2026-09-24 20:03:39,547 - WARNING - IGDB Error for Rawmen: Food Fighter Arena: string indices must be integers, not 'str'
2026-09-24 20:03:39,554 - INFO - 📅 Fetching Basic Metadata: World of Warships – Starter Pack: Albany
2026-09-24 20:03:39,620 - WARNING - IGDB Error for World of Warships – Starter Pack: Albany: string indices must be integers, not 'str'
2026-09-24 20:03:39,626 - INFO - 📅 Fetching Basic Metadata: Fallout Classic Edition
2026-09-24 20:03:39,700 - WARNING - IGDB Error for Fallout Classic Edition: string indices must be integers, not 'str'
2026-09-24 20:03:39,706 - INFO - 📅 Fetching Basic Metadata: Outliver: Tribulation
2026-09-24 20:03:39,774 - WARNING - IGDB Error for Outliver: Tribulation: string indices must be integers, not 'str'
2026-09-24 20:03:39,781 - INFO - 📅 Fetching Basic Metadata: Bus Simulator 21 Next Stop
2026-09-24 20:03:39,847 - WARNING - IGDB Error for Bus Simulator 21 Next Stop: string indices must be integers, not 'str'
2026-09-24 20:03:39,854 - INFO - 📅 Fetching Basic Metadata: Turmoil
2026-09-24 20:03:39,924 - WARNING - IGDB Error for Turmoil: string indices must be integers, not 'str'
2026-09-24 20:03:39,930 - INFO - 📅 Fetching Basic Metadata: World War Z Aftermath
2026-09-24 20:03:40,025 - WARNING - IGDB Error for World War Z Aftermath: string indices must be integers, not 'str'
2026-09-24 20:03:40,030 - INFO - 📅 Fetching Basic Metadata: World Of Warships – Anniversary Party Flavor
2026-09-24 20:03:40,097 - WARNING - IGDB Error for World Of Warships – Anniversary Party Flavor: string indices must be integers, not 'str'
2026-09-24 20:03:40,103 - INFO - 📅 Fetching Basic Metadata: Neko Ghost, Jump!
2026-09-24 20:03:40,171 - WARNING - IGDB Error for Neko Ghost, Jump!: string indices must be integers, not 'str'
2026-09-24 20:03:40,177 - INFO - 📅 Fetching Basic Metadata: Super Space Club
2026-09-24 20:03:40,279 - WARNING - IGDB Error for Super Space Club: string indices must be integers, not 'str'
2026-09-24 20:03:40,284 - INFO - 📅 Fetching Basic Metadata: Touch Type Tale
2026-09-24 20:03:40,353 - WARNING - IGDB Error for Touch Type Tale: string indices must be integers, not 'str'
2026-09-24 20:03:40,359 - INFO - 📅 Fetching Basic Metadata: Gigapocalypse
2026-09-24 20:03:40,425 - WARNING - IGDB Error for Gigapocalypse: string indices must be integers, not 'str'
2026-09-24 20:03:40,432 - INFO - 📅 Fetching Basic Metadata: Legion TD2
2026-09-24 20:03:40,516 - INFO - 📅 Fetching Basic Metadata: Nightingale
2026-09-24 20:03:40,600 - INFO - 🎯 IGDB Match: 'Nightingale' (100%)
2026-09-24 20:03:40,606 - INFO - 📅 Fetching Basic Metadata: Godzilla Voxel Wars
2026-09-24 20:03:40,689 - INFO - 🎯 IGDB Match: 'Godzilla Voxel Wars' (100%)
2026-09-24 20:03:40,696 - INFO - 📅 Fetching Basic Metadata: Trine Classic Collection
2026-09-24 20:03:40,775 - INFO - 🎯 IGDB Match: 'Trine Classic Collection' (100%)
2026-09-24 20:03:40,781 - INFO - 📅 Fetching Basic Metadata: Poison Retro Set
2026-09-24 20:03:40,866 - INFO - 🎯 IGDB Match: 'Pixel Gun 3D: Poison Retro Set' (90%)
2026-09-24 20:03:40,872 - INFO - 📅 Fetching Basic Metadata: The Darkside Detective A Fumble in the Dark
2026-09-24 20:03:40,953 - INFO - 🎯 IGDB Match: 'The Darkside Detective: A Fumble in the Dark' (99%)
2026-09-24 20:03:40,958 - INFO - 📅 Fetching Basic Metadata: Return to Ash
2026-09-24 20:03:41,090 - INFO - 🎯 IGDB Match: 'Return to Ash' (100%)
2026-09-24 20:03:41,095 - INFO - 🏢 Publisher Search: STALCRAFT: X Starter Edition
2026-09-24 20:03:42,471 - INFO - 📅 Fetching Basic Metadata: STALCRAFT: X Starter Edition
2026-09-24 20:03:42,558 - INFO - 📅 Fetching Basic Metadata: Boxes: Lost Fragments
2026-09-24 20:03:42,641 - INFO - 🎯 IGDB Match: 'Boxes: Lost Fragments' (100%)
2026-09-24 20:03:42,646 - INFO - 📅 Fetching Basic Metadata: My Night Job
2026-09-24 20:03:42,727 - INFO - 🎯 IGDB Match: 'My Night Job' (100%)
2026-09-24 20:03:42,733 - INFO - 📅 Fetching Basic Metadata: Electrician Simulator
2026-09-24 20:03:42,880 - INFO - 🎯 IGDB Match: 'Electrician Simulator' (100%)
2026-09-24 20:03:42,886 - INFO - 🏢 Publisher Search: World of Warships — Epic Anniversary Tachibana Pack
2026-09-24 20:03:44,283 - INFO - 📅 Fetching Basic Metadata: World of Warships — Epic Anniversary Tachibana Pack
2026-09-24 20:03:44,366 - INFO - 📅 Fetching Basic Metadata: Hyper Echelon
2026-09-24 20:03:44,447 - INFO - 🎯 IGDB Match: 'Hyper Echelon' (100%)
2026-09-24 20:03:44,452 - INFO - 📅 Fetching Basic Metadata: Havendock
2026-09-24 20:03:44,552 - INFO - 🎯 IGDB Match: 'Havendock' (100%)
2026-09-24 20:03:44,557 - INFO - 📅 Fetching Basic Metadata: Clone Drone in the Danger Zone
2026-09-24 20:03:44,638 - INFO - 🎯 IGDB Match: 'Clone Drone in the Danger Zone' (100%)
2026-09-24 20:03:44,644 - INFO - 🏢 Publisher Search: TOMAK: Save the Earth Regeneration
2026-09-24 20:03:46,011 - INFO - 📅 Fetching Basic Metadata: TOMAK: Save the Earth Regeneration
2026-09-24 20:03:46,161 - INFO - 🎯 IGDB Match: 'Tomak: Save the Earth Regeneration' (100%)
2026-09-24 20:03:46,166 - INFO - 📅 Fetching Basic Metadata: Prop Sumo
2026-09-24 20:03:46,257 - INFO - 🎯 IGDB Match: 'Prop Sumo' (100%)
2026-09-24 20:03:46,263 - INFO - 📅 Fetching Basic Metadata: The Stone of Madness
2026-09-24 20:03:46,356 - INFO - 🎯 IGDB Match: 'The Stone of Madness' (100%)
2026-09-24 20:03:46,361 - INFO - 📅 Fetching Basic Metadata: Firestone Online Idle RPG
2026-09-24 20:03:46,444 - INFO - 🎯 IGDB Match: 'Firestone: Online Idle RPG' (98%)
2026-09-24 20:03:46,449 - INFO - 📅 Fetching Basic Metadata: Oddsparks: An Automation Adventure
2026-09-24 20:03:46,530 - INFO - 🎯 IGDB Match: 'Oddsparks: An Automation Adventure' (100%)
2026-09-24 20:03:46,535 - INFO - 📅 Fetching Basic Metadata: Trash Goblin
2026-09-24 20:03:46,611 - INFO - 🎯 IGDB Match: 'Trash Goblin' (100%)
2026-09-24 20:03:46,626 - INFO - 🏢 Publisher Search: The Telltale Batman Shadows Edition
2026-09-24 20:03:48,021 - INFO - 📅 Fetching Basic Metadata: The Telltale Batman Shadows Edition
2026-09-24 20:03:48,104 - INFO - 🎯 IGDB Match: 'Telltale Batman Shadows Edition' (95%)
2026-09-24 20:03:48,109 - INFO - 🏢 Publisher Search: Sunderfolk - Standard Edition
2026-09-24 20:03:49,468 - INFO - 📅 Fetching Basic Metadata: Sunderfolk - Standard Edition
2026-09-24 20:03:49,626 - INFO - 📅 Fetching Basic Metadata: Down in Bermuda
2026-09-24 20:03:49,707 - INFO - 🎯 IGDB Match: 'Down in Bermuda' (100%)
2026-09-24 20:03:49,712 - INFO - 📅 Fetching Basic Metadata: Tomb Raider I-III Remastered Starring Lara Croft
2026-09-24 20:03:49,802 - INFO - 📅 Fetching Basic Metadata: LONESTAR
2026-09-24 20:03:49,882 - INFO - 🎯 IGDB Match: 'LoneStar' (100%)
2026-09-24 20:03:49,888 - INFO - 📅 Fetching Basic Metadata: Calico
2026-09-24 20:03:49,970 - INFO - 🎯 IGDB Match: 'Calico' (100%)
2026-09-24 20:03:49,975 - INFO - 📅 Fetching Basic Metadata: Rogue Waters
2026-09-24 20:03:50,057 - INFO - 🎯 IGDB Match: 'Rogue Waters' (100%)
2026-09-24 20:03:50,062 - INFO - 📅 Fetching Basic Metadata: The Ouroboros King
2026-09-24 20:03:50,142 - INFO - 🎯 IGDB Match: 'The Ouroboros King' (100%)
2026-09-24 20:03:50,148 - INFO - 🏢 Publisher Search: Warhammer 40K Speed Freeks
2026-09-24 20:03:51,477 - INFO - 📅 Fetching Basic Metadata: I Have No Mouth, and I Must Scream
2026-09-24 20:03:51,569 - INFO - 🎯 IGDB Match: 'I Have No Mouth, and I Must Scream' (100%)
2026-09-24 20:03:51,575 - INFO - 📅 Fetching Basic Metadata: Nova Lands
2026-09-24 20:03:51,655 - INFO - 🎯 IGDB Match: 'Nova Lands' (100%)
2026-09-24 20:03:51,661 - INFO - 📅 Fetching Basic Metadata: Tattoo Tycoon
2026-09-24 20:03:51,785 - INFO - 🎯 IGDB Match: 'Tattoo Tycoon' (100%)
2026-09-24 20:03:51,790 - INFO - 📅 Fetching Basic Metadata: Echo Generation: Midnight Edition
2026-09-24 20:03:51,870 - INFO - 🎯 IGDB Match: 'Echo Generation: Midnight Edition' (100%)
2026-09-24 20:03:51,875 - INFO - 💰 Price Search: Foretales
2026-09-24 20:03:52,955 - WARNING - Price error for Foretales: string indices must be integers, not 'str'
2026-09-24 20:03:52,955 - INFO - 📅 Fetching Basic Metadata: Foretales
2026-09-24 20:03:53,035 - INFO - 🎯 IGDB Match: 'Foretales' (100%)
2026-09-24 20:03:53,041 - INFO - 💰 Price Search: OTXO
2026-09-24 20:03:54,104 - WARNING - Price error for OTXO: string indices must be integers, not 'str'
2026-09-24 20:03:54,104 - INFO - 💰 Price Search: Sol Cesto
2026-09-24 20:03:55,302 - WARNING - Price error for Sol Cesto: string indices must be integers, not 'str'
2026-09-24 20:03:55,302 - INFO - 📅 Fetching Basic Metadata: Sol Cesto
2026-09-24 20:03:55,388 - INFO - 🎯 IGDB Match: 'Sol Cesto' (100%)
2026-09-24 20:03:55,394 - INFO - 💰 Price Search: Beacon Pines
2026-09-24 20:03:56,454 - WARNING - Price error for Beacon Pines: string indices must be integers, not 'str'
2026-09-24 20:03:56,455 - INFO - 💰 Price Search: Caravan SandWitch
2026-09-24 20:03:57,528 - WARNING - Price error for Caravan SandWitch: string indices must be integers, not 'str'
2026-09-24 20:03:57,529 - INFO - 💰 Price Search: Cardpocalypse Standard Edition
2026-09-24 20:03:58,586 - WARNING - Price error for Cardpocalypse Standard Edition: string indices must be integers, not 'str'
2026-09-24 20:03:58,587 - INFO - 🏢 Publisher Search: Cardpocalypse Standard Edition
2026-09-24 20:03:59,975 - INFO - 📅 Fetching Basic Metadata: Cardpocalypse Standard Edition
2026-09-24 20:04:00,070 - INFO - 💰 Price Search: Epic Mage Bundle
2026-09-24 20:04:01,120 - WARNING - Price error for Epic Mage Bundle: string indices must be integers, not 'str'
2026-09-24 20:04:01,121 - INFO - 🏢 Publisher Search: Epic Mage Bundle
2026-09-24 20:04:02,492 - INFO - 📅 Fetching Basic Metadata: Epic Mage Bundle
2026-09-24 20:04:02,585 - INFO - 💰 Price Search: Rival Stars Horse Racing : Desktop Edition
2026-09-24 20:04:03,638 - WARNING - Price error for Rival Stars Horse Racing : Desktop Edition: string indices must be integers, not 'str'
2026-09-24 20:04:03,639 - INFO - 🏢 Publisher Search: Rival Stars Horse Racing : Desktop Edition
2026-09-24 20:04:05,005 - INFO - 📅 Fetching Basic Metadata: Rival Stars Horse Racing : Desktop Edition
2026-09-24 20:04:05,087 - INFO - 🎯 IGDB Match: 'Rival Stars Horse Racing: Desktop Edition' (99%)
2026-09-24 20:04:05,093 - INFO - 💰 Price Search: Alone With You
2026-09-24 20:04:06,178 - WARNING - Price error for Alone With You: string indices must be integers, not 'str'
2026-09-24 20:04:06,178 - INFO - 📅 Fetching Basic Metadata: Alone With You
2026-09-24 20:04:06,263 - INFO - 🎯 IGDB Match: 'Alone With You' (100%)
2026-09-24 20:04:06,269 - INFO - 💰 Price Search: Luftrausers
2026-09-24 20:04:07,326 - WARNING - Price error for Luftrausers: string indices must be integers, not 'str'
2026-09-24 20:04:07,327 - INFO - 💰 Price Search: Astral Ascent
2026-09-24 20:04:08,376 - WARNING - Price error for Astral Ascent: string indices must be integers, not 'str'
2026-09-24 20:04:08,377 - INFO - 💰 Price Search: Mindcop
2026-09-24 20:04:09,431 - WARNING - Price error for Mindcop: string indices must be integers, not 'str'
2026-09-24 20:04:09,432 - INFO - 💰 Price Search: Shogun Showdown
2026-09-24 20:04:10,485 - WARNING - Price error for Shogun Showdown: string indices must be integers, not 'str'
2026-09-24 20:04:10,486 - INFO - 💰 Price Search: Astrea Six Sided Oracles
2026-09-24 20:04:11,538 - WARNING - Price error for Astrea Six Sided Oracles: string indices must be integers, not 'str'
2026-09-24 20:04:11,538 - INFO - 🏢 Publisher Search: Astrea Six Sided Oracles
2026-09-24 20:04:13,122 - INFO - 📅 Fetching Basic Metadata: Astrea Six Sided Oracles
2026-09-24 20:04:13,200 - INFO - 🎯 IGDB Match: 'Astrea: Six-Sided Oracles' (98%)
2026-09-24 20:04:13,200 - INFO - 🔗 Searching Franchise Context: Astrea Six Sided Oracles
2026-09-24 20:04:13,714 - INFO - 📡 Fallback to IGDB for Astrea Six Sided Oracles
2026-09-24 20:04:13,797 - INFO - 💰 Price Search: Mechabellum
2026-09-24 20:04:14,854 - WARNING - Price error for Mechabellum: string indices must be integers, not 'str'
2026-09-24 20:04:14,855 - INFO - 🏢 Publisher Search: Mechabellum
2026-09-24 20:04:16,338 - INFO - 📅 Fetching Basic Metadata: Mechabellum
2026-09-24 20:04:16,449 - INFO - 🎯 IGDB Match: 'Mechabellum' (100%)
2026-09-24 20:04:16,449 - INFO - 🔗 Searching Franchise Context: Mechabellum
2026-09-24 20:04:16,671 - INFO - 📡 Fallback to IGDB for Mechabellum
2026-09-24 20:04:16,758 - INFO - 
--- Starting Data Quality Checks ---
2026-09-24 20:04:16,768 - INFO - --- Data Quality Checks Complete ---

2026-09-24 20:04:16,791 - INFO - | Metric | Statistics |
| :--- | :--- |
| 💰 **Total Market Value** | **$13,332.99** |
| 📦 **Total Games Collected** | 707 |
| 🏷️ **Average Retail Price** | $21.87 per game |
| 💎 **Most Expensive Title** | Civilization 6 Platinum Edition ($79.99) |
| 👑 **MVP Publisher** | Bethesda Softworks |
| 🏢 **Value Leaders** | 2K ($579.90), Bethesda Softworks ($544.80), Paradox Interactive ($409.89) |
| 📈 **Inflation-Adjusted Value** | $15,130.23 |
| 🎈 **Inflation Bonus** | **+$1,797.24** in purchasing power |
| 🗓️ **Peak Saving Month** | 🎄 **Seasonality Peak:** December is historically the best month, offering $3,388.17 in savings. |
| ⭐ **Average Score** | 77.0/100 |
| 💳 **Subscription Equivalent** | **$166.24 / mo** |
| 🎯 **Prestige Ratio** | **2.0%** (Strategic Hype) |
| 🏎️ **Lead Time Avg** | 441 Days to Sequel |

2026-09-24 20:04:16,792 - INFO - ✅ README.md updated.
2026-09-24 20:04:16,812 - INFO - Using categorical units to plot a list of strings that are all parsable as floats or dates. If these strings should be plotted as numbers, cast to the appropriate data type before plotting.
2026-09-24 20:04:16,812 - INFO - Using categorical units to plot a list of strings that are all parsable as floats or dates. If these strings should be plotted as numbers, cast to the appropriate data type before plotting.
2026-09-24 20:04:21,417 - INFO - 📈 All charts generated successfully.
