2026-08-13 17:28:41,149 - INFO - Failed to extract font properties from /usr/share/fonts/truetype/noto/NotoColorEmoji.ttf: Non-scalable fonts are not supported
2026-08-13 17:28:41,253 - INFO - generated new fontManager
2026-08-13 17:28:41,871 - INFO - ✅ Migration Successful!
2026-08-13 17:28:42,000 - INFO - Added 1 new games!
2026-08-13 17:28:42,320 - INFO - 🔍 Found 619 games needing metadata. Starting IGDB + Steam + CheapShark enrichment...
2026-08-13 17:28:42,615 - INFO - 📅 Fetching Basic Metadata: LEGO Batman Trilogy
2026-08-13 17:28:42,806 - INFO - 🎯 IGDB Match: 'LEGO Batman Trilogy' (100%)
2026-08-13 17:28:42,835 - INFO - 📅 Fetching Basic Metadata: Antstream
2026-08-13 17:28:42,928 - INFO - 📅 Fetching Basic Metadata: The Drone Racing League Simulator
2026-08-13 17:28:43,023 - INFO - 🎯 IGDB Match: 'The Drone Racing League Simulator' (100%)
2026-08-13 17:28:43,032 - INFO - 📅 Fetching Basic Metadata: Dark Deity
2026-08-13 17:28:43,138 - INFO - 🎯 IGDB Match: 'Dark Deity' (100%)
2026-08-13 17:28:43,145 - INFO - 📅 Fetching Basic Metadata: RPG in a Box
2026-08-13 17:28:43,217 - INFO - 🎯 IGDB Match: 'RPG in a Box' (100%)
2026-08-13 17:28:43,224 - INFO - 📅 Fetching Basic Metadata: Fallout Classic Collection
2026-08-13 17:28:43,309 - INFO - 🎯 IGDB Match: 'Fallout Classic Collection' (100%)
2026-08-13 17:28:43,318 - INFO - 📅 Fetching Basic Metadata: Recipe for Disaster
2026-08-13 17:28:43,403 - INFO - 🎯 IGDB Match: 'Recipe For Disaster' (100%)
2026-08-13 17:28:43,410 - INFO - 📅 Fetching Basic Metadata: World of Warships — Starter Pack: Ishizuchi
2026-08-13 17:28:43,478 - INFO - 🎯 IGDB Match: 'World of Warships: Starter Pack - Ishizuchi' (98%)
2026-08-13 17:28:43,486 - INFO - 📅 Fetching Basic Metadata: Poker Club
2026-08-13 17:28:43,607 - INFO - 🎯 IGDB Match: 'Poker Club' (100%)
2026-08-13 17:28:43,614 - INFO - 📅 Fetching Basic Metadata: The Sims 4 The Daring Lifestyle Bundle
2026-08-13 17:28:43,710 - INFO - 🎯 IGDB Match: 'The Sims 4: The Daring Lifestyle Bundle' (99%)
2026-08-13 17:28:43,719 - INFO - 📅 Fetching Basic Metadata: Dodo Peak
2026-08-13 17:28:43,832 - INFO - 🎯 IGDB Match: 'Dodo Peak' (100%)
2026-08-13 17:28:43,839 - INFO - 📅 Fetching Basic Metadata: Spelldrifter
2026-08-13 17:28:43,921 - INFO - 🎯 IGDB Match: 'Spelldrifter' (100%)
2026-08-13 17:28:43,928 - INFO - 📅 Fetching Basic Metadata: Model Builder
2026-08-13 17:28:44,001 - INFO - 🎯 IGDB Match: 'Model Builder' (100%)
2026-08-13 17:28:44,008 - INFO - 📅 Fetching Basic Metadata: Godlike Burger
2026-08-13 17:28:44,078 - INFO - 🎯 IGDB Match: 'Godlike Burger' (100%)
2026-08-13 17:28:44,085 - INFO - 📅 Fetching Basic Metadata: Q.U.B.E. Ultimate Bundle
2026-08-13 17:28:44,156 - INFO - 🎯 IGDB Match: 'Q.U.B.E. Ultimate Bundle' (100%)
2026-08-13 17:28:44,164 - INFO - 📅 Fetching Basic Metadata: Jitsu Squad
2026-08-13 17:28:44,233 - INFO - 🎯 IGDB Match: 'Jitsu Squad' (100%)
2026-08-13 17:28:44,240 - INFO - 📅 Fetching Basic Metadata: Mighty Fight Federation
2026-08-13 17:28:44,312 - INFO - 🎯 IGDB Match: 'Mighty Fight Federation' (100%)
2026-08-13 17:28:44,322 - INFO - 📅 Fetching Basic Metadata: LOVE
2026-08-13 17:28:44,394 - WARNING - IGDB Error for LOVE: string indices must be integers, not 'str'
2026-08-13 17:28:44,403 - INFO - 📅 Fetching Basic Metadata: Call of The Wild: The Angler
2026-08-13 17:28:44,463 - WARNING - IGDB Error for Call of The Wild: The Angler: string indices must be integers, not 'str'
2026-08-13 17:28:44,472 - INFO - 📅 Fetching Basic Metadata: The Falconeer
2026-08-13 17:28:44,552 - WARNING - IGDB Error for The Falconeer: string indices must be integers, not 'str'
2026-08-13 17:28:44,560 - INFO - 📅 Fetching Basic Metadata: Rawmen: Food Fighter Arena
2026-08-13 17:28:44,623 - WARNING - IGDB Error for Rawmen: Food Fighter Arena: string indices must be integers, not 'str'
2026-08-13 17:28:44,630 - INFO - 📅 Fetching Basic Metadata: World of Warships – Starter Pack: Albany
2026-08-13 17:28:44,688 - WARNING - IGDB Error for World of Warships – Starter Pack: Albany: string indices must be integers, not 'str'
2026-08-13 17:28:44,695 - INFO - 📅 Fetching Basic Metadata: Fallout Classic Edition
2026-08-13 17:28:44,756 - WARNING - IGDB Error for Fallout Classic Edition: string indices must be integers, not 'str'
2026-08-13 17:28:44,764 - INFO - 📅 Fetching Basic Metadata: Outliver: Tribulation
2026-08-13 17:28:44,828 - WARNING - IGDB Error for Outliver: Tribulation: string indices must be integers, not 'str'
2026-08-13 17:28:44,836 - INFO - 📅 Fetching Basic Metadata: Bus Simulator 21 Next Stop
2026-08-13 17:28:44,893 - WARNING - IGDB Error for Bus Simulator 21 Next Stop: string indices must be integers, not 'str'
2026-08-13 17:28:44,902 - INFO - 📅 Fetching Basic Metadata: Turmoil
2026-08-13 17:28:44,959 - WARNING - IGDB Error for Turmoil: string indices must be integers, not 'str'
2026-08-13 17:28:44,967 - INFO - 📅 Fetching Basic Metadata: World War Z Aftermath
2026-08-13 17:28:45,026 - WARNING - IGDB Error for World War Z Aftermath: string indices must be integers, not 'str'
2026-08-13 17:28:45,034 - INFO - 📅 Fetching Basic Metadata: World Of Warships – Anniversary Party Flavor
2026-08-13 17:28:45,091 - WARNING - IGDB Error for World Of Warships – Anniversary Party Flavor: string indices must be integers, not 'str'
2026-08-13 17:28:45,099 - INFO - 📅 Fetching Basic Metadata: Neko Ghost, Jump!
2026-08-13 17:28:45,186 - WARNING - IGDB Error for Neko Ghost, Jump!: string indices must be integers, not 'str'
2026-08-13 17:28:45,193 - INFO - 📅 Fetching Basic Metadata: Super Space Club
2026-08-13 17:28:45,263 - WARNING - IGDB Error for Super Space Club: string indices must be integers, not 'str'
2026-08-13 17:28:45,270 - INFO - 📅 Fetching Basic Metadata: Touch Type Tale
2026-08-13 17:28:45,325 - WARNING - IGDB Error for Touch Type Tale: string indices must be integers, not 'str'
2026-08-13 17:28:45,333 - INFO - 📅 Fetching Basic Metadata: Gigapocalypse
2026-08-13 17:28:45,390 - WARNING - IGDB Error for Gigapocalypse: string indices must be integers, not 'str'
2026-08-13 17:28:45,399 - INFO - 📅 Fetching Basic Metadata: Legion TD2
2026-08-13 17:28:45,458 - WARNING - IGDB Error for Legion TD2: string indices must be integers, not 'str'
2026-08-13 17:28:45,468 - INFO - 📅 Fetching Basic Metadata: Nightingale
2026-08-13 17:28:45,535 - WARNING - IGDB Error for Nightingale: string indices must be integers, not 'str'
2026-08-13 17:28:45,544 - INFO - 📅 Fetching Basic Metadata: Godzilla Voxel Wars
2026-08-13 17:28:45,601 - WARNING - IGDB Error for Godzilla Voxel Wars: string indices must be integers, not 'str'
2026-08-13 17:28:45,610 - INFO - 📅 Fetching Basic Metadata: Trine Classic Collection
2026-08-13 17:28:45,669 - WARNING - IGDB Error for Trine Classic Collection: string indices must be integers, not 'str'
2026-08-13 17:28:45,677 - INFO - 📅 Fetching Basic Metadata: Poison Retro Set
2026-08-13 17:28:45,735 - WARNING - IGDB Error for Poison Retro Set: string indices must be integers, not 'str'
2026-08-13 17:28:45,742 - INFO - 📅 Fetching Basic Metadata: The Darkside Detective A Fumble in the Dark
2026-08-13 17:28:45,804 - WARNING - IGDB Error for The Darkside Detective A Fumble in the Dark: string indices must be integers, not 'str'
2026-08-13 17:28:45,811 - INFO - 📅 Fetching Basic Metadata: Return to Ash
2026-08-13 17:28:45,885 - WARNING - IGDB Error for Return to Ash: string indices must be integers, not 'str'
2026-08-13 17:28:45,892 - INFO - 🏢 Publisher Search: STALCRAFT: X Starter Edition
2026-08-13 17:28:47,249 - INFO - 📅 Fetching Basic Metadata: STALCRAFT: X Starter Edition
2026-08-13 17:28:47,324 - INFO - 📅 Fetching Basic Metadata: Boxes: Lost Fragments
2026-08-13 17:28:47,399 - INFO - 🎯 IGDB Match: 'Boxes: Lost Fragments' (100%)
2026-08-13 17:28:47,405 - INFO - 📅 Fetching Basic Metadata: My Night Job
2026-08-13 17:28:47,472 - INFO - 🎯 IGDB Match: 'My Night Job' (100%)
2026-08-13 17:28:47,479 - INFO - 📅 Fetching Basic Metadata: Electrician Simulator
2026-08-13 17:28:47,549 - INFO - 🎯 IGDB Match: 'Electrician Simulator' (100%)
2026-08-13 17:28:47,555 - INFO - 🏢 Publisher Search: World of Warships — Epic Anniversary Tachibana Pack
2026-08-13 17:28:48,900 - INFO - 📅 Fetching Basic Metadata: World of Warships — Epic Anniversary Tachibana Pack
2026-08-13 17:28:49,022 - INFO - 📅 Fetching Basic Metadata: Hyper Echelon
2026-08-13 17:28:49,094 - INFO - 🎯 IGDB Match: 'Hyper Echelon' (100%)
2026-08-13 17:28:49,101 - INFO - 📅 Fetching Basic Metadata: Havendock
2026-08-13 17:28:49,169 - INFO - 🎯 IGDB Match: 'Havendock' (100%)
2026-08-13 17:28:49,175 - INFO - 📅 Fetching Basic Metadata: Clone Drone in the Danger Zone
2026-08-13 17:28:49,246 - INFO - 🎯 IGDB Match: 'Clone Drone in the Danger Zone' (100%)
2026-08-13 17:28:49,253 - INFO - 🏢 Publisher Search: TOMAK: Save the Earth Regeneration
2026-08-13 17:28:50,807 - INFO - 📅 Fetching Basic Metadata: TOMAK: Save the Earth Regeneration
2026-08-13 17:28:50,872 - INFO - 🎯 IGDB Match: 'Tomak: Save the Earth Regeneration' (100%)
2026-08-13 17:28:50,879 - INFO - 📅 Fetching Basic Metadata: Prop Sumo
2026-08-13 17:28:50,943 - INFO - 🎯 IGDB Match: 'Prop Sumo' (100%)
2026-08-13 17:28:50,950 - INFO - 📅 Fetching Basic Metadata: The Stone of Madness
2026-08-13 17:28:51,027 - INFO - 🎯 IGDB Match: 'The Stone of Madness' (100%)
2026-08-13 17:28:51,034 - INFO - 📅 Fetching Basic Metadata: Firestone Online Idle RPG
2026-08-13 17:28:51,101 - INFO - 🎯 IGDB Match: 'Firestone: Online Idle RPG' (98%)
2026-08-13 17:28:51,107 - INFO - 📅 Fetching Basic Metadata: Oddsparks: An Automation Adventure
2026-08-13 17:28:51,240 - INFO - 🎯 IGDB Match: 'Oddsparks: An Automation Adventure' (100%)
2026-08-13 17:28:51,247 - INFO - 📅 Fetching Basic Metadata: Trash Goblin
2026-08-13 17:28:51,318 - INFO - 🎯 IGDB Match: 'Trash Goblin' (100%)
2026-08-13 17:28:51,325 - INFO - 🏢 Publisher Search: The Telltale Batman Shadows Edition
2026-08-13 17:28:52,631 - INFO - 📅 Fetching Basic Metadata: The Telltale Batman Shadows Edition
2026-08-13 17:28:52,699 - INFO - 🎯 IGDB Match: 'Telltale Batman Shadows Edition' (95%)
2026-08-13 17:28:52,706 - INFO - 🏢 Publisher Search: Sunderfolk - Standard Edition
2026-08-13 17:28:54,024 - INFO - 📅 Fetching Basic Metadata: Sunderfolk - Standard Edition
2026-08-13 17:28:54,101 - INFO - 📅 Fetching Basic Metadata: Down in Bermuda
2026-08-13 17:28:54,215 - INFO - 🎯 IGDB Match: 'Down in Bermuda' (100%)
2026-08-13 17:28:54,222 - INFO - 📅 Fetching Basic Metadata: Tomb Raider I-III Remastered Starring Lara Croft
2026-08-13 17:28:54,297 - INFO - 📅 Fetching Basic Metadata: LONESTAR
2026-08-13 17:28:54,386 - INFO - 🎯 IGDB Match: 'LoneStar' (100%)
2026-08-13 17:28:54,393 - INFO - 📅 Fetching Basic Metadata: Calico
2026-08-13 17:28:54,460 - INFO - 🎯 IGDB Match: 'Calico' (100%)
2026-08-13 17:28:54,466 - INFO - 📅 Fetching Basic Metadata: Rogue Waters
2026-08-13 17:28:54,538 - INFO - 🎯 IGDB Match: 'Rogue Waters' (100%)
2026-08-13 17:28:54,545 - INFO - 📅 Fetching Basic Metadata: The Ouroboros King
2026-08-13 17:28:54,616 - INFO - 🎯 IGDB Match: 'The Ouroboros King' (100%)
2026-08-13 17:28:54,622 - INFO - 🏢 Publisher Search: Warhammer 40K Speed Freeks
2026-08-13 17:28:55,987 - INFO - 📅 Fetching Basic Metadata: I Have No Mouth, and I Must Scream
2026-08-13 17:28:56,061 - INFO - 🎯 IGDB Match: 'I Have No Mouth, and I Must Scream' (100%)
2026-08-13 17:28:56,068 - INFO - 📅 Fetching Basic Metadata: Nova Lands
2026-08-13 17:28:56,175 - INFO - 🎯 IGDB Match: 'Nova Lands' (100%)
2026-08-13 17:28:56,182 - INFO - 📅 Fetching Basic Metadata: Tattoo Tycoon
2026-08-13 17:28:56,246 - INFO - 🎯 IGDB Match: 'Tattoo Tycoon' (100%)
2026-08-13 17:28:56,253 - INFO - 📅 Fetching Basic Metadata: Echo Generation: Midnight Edition
2026-08-13 17:28:56,324 - INFO - 🎯 IGDB Match: 'Echo Generation: Midnight Edition' (100%)
2026-08-13 17:28:56,331 - INFO - 💰 Price Search: Foretales
2026-08-13 17:28:57,397 - WARNING - Price error for Foretales: string indices must be integers, not 'str'
2026-08-13 17:28:57,398 - INFO - 📅 Fetching Basic Metadata: Foretales
2026-08-13 17:28:57,468 - INFO - 🎯 IGDB Match: 'Foretales' (100%)
2026-08-13 17:28:57,474 - INFO - 💰 Price Search: OTXO
2026-08-13 17:28:58,529 - WARNING - Price error for OTXO: string indices must be integers, not 'str'
2026-08-13 17:28:58,530 - INFO - 💰 Price Search: Sol Cesto
2026-08-13 17:28:59,571 - WARNING - Price error for Sol Cesto: string indices must be integers, not 'str'
2026-08-13 17:28:59,572 - INFO - 📅 Fetching Basic Metadata: Sol Cesto
2026-08-13 17:28:59,674 - INFO - 🎯 IGDB Match: 'Sol Cesto' (100%)
2026-08-13 17:28:59,681 - INFO - 💰 Price Search: Beacon Pines
2026-08-13 17:29:00,728 - WARNING - Price error for Beacon Pines: string indices must be integers, not 'str'
2026-08-13 17:29:00,729 - INFO - 💰 Price Search: Caravan SandWitch
2026-08-13 17:29:01,772 - WARNING - Price error for Caravan SandWitch: string indices must be integers, not 'str'
2026-08-13 17:29:01,772 - INFO - 🏢 Publisher Search: Caravan SandWitch
2026-08-13 17:29:03,209 - INFO - 📅 Fetching Basic Metadata: Caravan SandWitch
2026-08-13 17:29:03,282 - INFO - 🎯 IGDB Match: 'Caravan SandWitch' (100%)
2026-08-13 17:29:03,282 - INFO - 🔗 Searching Franchise Context: Caravan SandWitch
2026-08-13 17:29:03,549 - INFO - 📡 Fallback to IGDB for Caravan SandWitch
2026-08-13 17:29:03,642 - INFO - 
--- Starting Data Quality Checks ---
2026-08-13 17:29:03,656 - INFO - --- Data Quality Checks Complete ---

2026-08-13 17:29:03,687 - INFO - | Metric | Statistics |
| :--- | :--- |
| 💰 **Total Market Value** | **$13,332.99** |
| 📦 **Total Games Collected** | 696 |
| 🏷️ **Average Retail Price** | $22.18 per game |
| 💎 **Most Expensive Title** | Civilization 6 Platinum Edition ($79.99) |
| 👑 **MVP Publisher** | Bethesda Softworks |
| 🏢 **Value Leaders** | 2K ($579.90), Bethesda Softworks ($544.80), Paradox Interactive ($409.89) |
| 📈 **Inflation-Adjusted Value** | $15,130.23 |
| 🎈 **Inflation Bonus** | **+$1,797.24** in purchasing power |
| 🗓️ **Peak Saving Month** | 🎄 **Seasonality Peak:** December is historically the best month, offering $3,388.17 in savings. |
| ⭐ **Average Score** | 76.9/100 |
| 💳 **Subscription Equivalent** | **$167.78 / mo** |
| 🎯 **Prestige Ratio** | **2.0%** (Strategic Hype) |
| 🏎️ **Lead Time Avg** | 441 Days to Sequel |

2026-08-13 17:29:03,688 - INFO - ✅ README.md updated.
2026-08-13 17:29:03,713 - INFO - Using categorical units to plot a list of strings that are all parsable as floats or dates. If these strings should be plotted as numbers, cast to the appropriate data type before plotting.
2026-08-13 17:29:03,714 - INFO - Using categorical units to plot a list of strings that are all parsable as floats or dates. If these strings should be plotted as numbers, cast to the appropriate data type before plotting.
2026-08-13 17:29:10,153 - INFO - 📈 All charts generated successfully.
