2026-10-01 21:11:42,146 - INFO - Failed to extract font properties from /usr/share/fonts/truetype/noto/NotoColorEmoji.ttf: Non-scalable fonts are not supported
2026-10-01 21:11:42,625 - INFO - generated new fontManager
2026-10-01 21:11:42,987 - INFO - ✅ Migration Successful!
2026-10-01 21:11:43,770 - INFO - Added 2 new games!
2026-10-01 21:11:44,075 - INFO - 🔍 Found 632 games needing metadata. Starting IGDB + Steam + CheapShark enrichment...
2026-10-01 21:11:44,138 - INFO - 📅 Fetching Basic Metadata: LEGO Batman Trilogy
2026-10-01 21:11:44,374 - INFO - 🎯 IGDB Match: 'LEGO Batman Trilogy' (100%)
2026-10-01 21:11:44,400 - INFO - 📅 Fetching Basic Metadata: Antstream
2026-10-01 21:11:44,552 - INFO - 📅 Fetching Basic Metadata: The Drone Racing League Simulator
2026-10-01 21:11:44,645 - INFO - 🎯 IGDB Match: 'The Drone Racing League Simulator' (100%)
2026-10-01 21:11:44,652 - INFO - 📅 Fetching Basic Metadata: Dark Deity
2026-10-01 21:11:44,803 - INFO - 🎯 IGDB Match: 'Dark Deity' (100%)
2026-10-01 21:11:44,809 - INFO - 📅 Fetching Basic Metadata: RPG in a Box
2026-10-01 21:11:44,923 - INFO - 🎯 IGDB Match: 'RPG in a Box' (100%)
2026-10-01 21:11:44,933 - INFO - 📅 Fetching Basic Metadata: Fallout Classic Collection
2026-10-01 21:11:45,085 - INFO - 🎯 IGDB Match: 'Fallout Classic Collection' (100%)
2026-10-01 21:11:45,094 - INFO - 📅 Fetching Basic Metadata: Recipe for Disaster
2026-10-01 21:11:45,214 - INFO - 🎯 IGDB Match: 'Recipe For Disaster' (100%)
2026-10-01 21:11:45,220 - INFO - 📅 Fetching Basic Metadata: World of Warships — Starter Pack: Ishizuchi
2026-10-01 21:11:45,308 - INFO - 🎯 IGDB Match: 'World of Warships: Starter Pack - Ishizuchi' (98%)
2026-10-01 21:11:45,315 - INFO - 📅 Fetching Basic Metadata: Poker Club
2026-10-01 21:11:45,403 - INFO - 🎯 IGDB Match: 'Poker Club' (100%)
2026-10-01 21:11:45,410 - INFO - 📅 Fetching Basic Metadata: The Sims 4 The Daring Lifestyle Bundle
2026-10-01 21:11:45,496 - INFO - 🎯 IGDB Match: 'The Sims 4: The Daring Lifestyle Bundle' (99%)
2026-10-01 21:11:45,505 - INFO - 📅 Fetching Basic Metadata: Dodo Peak
2026-10-01 21:11:45,611 - INFO - 🎯 IGDB Match: 'Dodo Peak' (100%)
2026-10-01 21:11:45,618 - INFO - 📅 Fetching Basic Metadata: Spelldrifter
2026-10-01 21:11:45,707 - INFO - 🎯 IGDB Match: 'Spelldrifter' (100%)
2026-10-01 21:11:45,714 - INFO - 📅 Fetching Basic Metadata: Model Builder
2026-10-01 21:11:45,802 - INFO - 🎯 IGDB Match: 'Model Builder' (100%)
2026-10-01 21:11:45,809 - INFO - 📅 Fetching Basic Metadata: Godlike Burger
2026-10-01 21:11:45,920 - INFO - 🎯 IGDB Match: 'Godlike Burger' (100%)
2026-10-01 21:11:45,926 - INFO - 📅 Fetching Basic Metadata: Q.U.B.E. Ultimate Bundle
2026-10-01 21:11:46,019 - INFO - 🎯 IGDB Match: 'Q.U.B.E. Ultimate Bundle' (100%)
2026-10-01 21:11:46,027 - INFO - 📅 Fetching Basic Metadata: Jitsu Squad
2026-10-01 21:11:46,199 - INFO - 🎯 IGDB Match: 'Jitsu Squad' (100%)
2026-10-01 21:11:46,206 - INFO - 📅 Fetching Basic Metadata: Mighty Fight Federation
2026-10-01 21:11:46,295 - INFO - 🎯 IGDB Match: 'Mighty Fight Federation' (100%)
2026-10-01 21:11:46,304 - INFO - 📅 Fetching Basic Metadata: LOVE
2026-10-01 21:11:46,467 - INFO - 🎯 IGDB Match: 'Love Love Love' (90%)
2026-10-01 21:11:46,475 - INFO - 📅 Fetching Basic Metadata: Call of The Wild: The Angler
2026-10-01 21:11:46,553 - WARNING - IGDB Error for Call of The Wild: The Angler: string indices must be integers, not 'str'
2026-10-01 21:11:46,563 - INFO - 📅 Fetching Basic Metadata: The Falconeer
2026-10-01 21:11:46,636 - WARNING - IGDB Error for The Falconeer: string indices must be integers, not 'str'
2026-10-01 21:11:46,643 - INFO - 📅 Fetching Basic Metadata: Rawmen: Food Fighter Arena
2026-10-01 21:11:46,718 - WARNING - IGDB Error for Rawmen: Food Fighter Arena: string indices must be integers, not 'str'
2026-10-01 21:11:46,724 - INFO - 📅 Fetching Basic Metadata: World of Warships – Starter Pack: Albany
2026-10-01 21:11:46,798 - WARNING - IGDB Error for World of Warships – Starter Pack: Albany: string indices must be integers, not 'str'
2026-10-01 21:11:46,805 - INFO - 📅 Fetching Basic Metadata: Fallout Classic Edition
2026-10-01 21:11:46,878 - WARNING - IGDB Error for Fallout Classic Edition: string indices must be integers, not 'str'
2026-10-01 21:11:46,885 - INFO - 📅 Fetching Basic Metadata: Outliver: Tribulation
2026-10-01 21:11:46,960 - WARNING - IGDB Error for Outliver: Tribulation: string indices must be integers, not 'str'
2026-10-01 21:11:46,968 - INFO - 📅 Fetching Basic Metadata: Bus Simulator 21 Next Stop
2026-10-01 21:11:47,046 - WARNING - IGDB Error for Bus Simulator 21 Next Stop: string indices must be integers, not 'str'
2026-10-01 21:11:47,054 - INFO - 📅 Fetching Basic Metadata: Turmoil
2026-10-01 21:11:47,128 - WARNING - IGDB Error for Turmoil: string indices must be integers, not 'str'
2026-10-01 21:11:47,135 - INFO - 📅 Fetching Basic Metadata: World War Z Aftermath
2026-10-01 21:11:47,206 - WARNING - IGDB Error for World War Z Aftermath: string indices must be integers, not 'str'
2026-10-01 21:11:47,213 - INFO - 📅 Fetching Basic Metadata: World Of Warships – Anniversary Party Flavor
2026-10-01 21:11:47,284 - WARNING - IGDB Error for World Of Warships – Anniversary Party Flavor: string indices must be integers, not 'str'
2026-10-01 21:11:47,290 - INFO - 📅 Fetching Basic Metadata: Neko Ghost, Jump!
2026-10-01 21:11:47,377 - INFO - 🎯 IGDB Match: 'Neko Ghost, Jump!' (100%)
2026-10-01 21:11:47,384 - INFO - 📅 Fetching Basic Metadata: Super Space Club
2026-10-01 21:11:47,477 - INFO - 🎯 IGDB Match: 'Super Space Club' (100%)
2026-10-01 21:11:47,483 - INFO - 📅 Fetching Basic Metadata: Touch Type Tale
2026-10-01 21:11:47,568 - INFO - 🎯 IGDB Match: 'Touch Type Tale' (100%)
2026-10-01 21:11:47,591 - INFO - 📅 Fetching Basic Metadata: Gigapocalypse
2026-10-01 21:11:47,683 - INFO - 🎯 IGDB Match: 'Gigapocalypse' (100%)
2026-10-01 21:11:47,691 - INFO - 📅 Fetching Basic Metadata: Legion TD2
2026-10-01 21:11:47,763 - WARNING - IGDB Error for Legion TD2: string indices must be integers, not 'str'
2026-10-01 21:11:47,771 - INFO - 📅 Fetching Basic Metadata: Nightingale
2026-10-01 21:11:47,844 - WARNING - IGDB Error for Nightingale: string indices must be integers, not 'str'
2026-10-01 21:11:47,852 - INFO - 📅 Fetching Basic Metadata: Godzilla Voxel Wars
2026-10-01 21:11:47,927 - WARNING - IGDB Error for Godzilla Voxel Wars: string indices must be integers, not 'str'
2026-10-01 21:11:47,938 - INFO - 📅 Fetching Basic Metadata: Trine Classic Collection
2026-10-01 21:11:48,016 - WARNING - IGDB Error for Trine Classic Collection: string indices must be integers, not 'str'
2026-10-01 21:11:48,024 - INFO - 📅 Fetching Basic Metadata: Poison Retro Set
2026-10-01 21:11:48,168 - INFO - 🎯 IGDB Match: 'Pixel Gun 3D: Poison Retro Set' (90%)
2026-10-01 21:11:48,175 - INFO - 📅 Fetching Basic Metadata: The Darkside Detective A Fumble in the Dark
2026-10-01 21:11:48,261 - INFO - 🎯 IGDB Match: 'The Darkside Detective: A Fumble in the Dark' (99%)
2026-10-01 21:11:48,267 - INFO - 📅 Fetching Basic Metadata: Return to Ash
2026-10-01 21:11:48,354 - INFO - 🎯 IGDB Match: 'Return to Ash' (100%)
2026-10-01 21:11:48,360 - INFO - 🏢 Publisher Search: STALCRAFT: X Starter Edition
2026-10-01 21:11:49,739 - INFO - 📅 Fetching Basic Metadata: STALCRAFT: X Starter Edition
2026-10-01 21:11:49,830 - INFO - 📅 Fetching Basic Metadata: Boxes: Lost Fragments
2026-10-01 21:11:49,940 - INFO - 🎯 IGDB Match: 'Boxes: Lost Fragments' (100%)
2026-10-01 21:11:49,947 - INFO - 📅 Fetching Basic Metadata: My Night Job
2026-10-01 21:11:50,032 - INFO - 🎯 IGDB Match: 'My Night Job' (100%)
2026-10-01 21:11:50,039 - INFO - 📅 Fetching Basic Metadata: Electrician Simulator
2026-10-01 21:11:50,125 - INFO - 🎯 IGDB Match: 'Electrician Simulator' (100%)
2026-10-01 21:11:50,131 - INFO - 🏢 Publisher Search: World of Warships — Epic Anniversary Tachibana Pack
2026-10-01 21:11:51,493 - INFO - 📅 Fetching Basic Metadata: World of Warships — Epic Anniversary Tachibana Pack
2026-10-01 21:11:51,604 - INFO - 📅 Fetching Basic Metadata: Hyper Echelon
2026-10-01 21:11:51,703 - INFO - 🎯 IGDB Match: 'Hyper Echelon' (100%)
2026-10-01 21:11:51,711 - INFO - 📅 Fetching Basic Metadata: Havendock
2026-10-01 21:11:51,808 - INFO - 🎯 IGDB Match: 'Havendock' (100%)
2026-10-01 21:11:51,815 - INFO - 📅 Fetching Basic Metadata: Clone Drone in the Danger Zone
2026-10-01 21:11:51,901 - INFO - 🎯 IGDB Match: 'Clone Drone in the Danger Zone' (100%)
2026-10-01 21:11:51,908 - INFO - 🏢 Publisher Search: TOMAK: Save the Earth Regeneration
2026-10-01 21:11:53,254 - INFO - 📅 Fetching Basic Metadata: TOMAK: Save the Earth Regeneration
2026-10-01 21:11:53,396 - INFO - 🎯 IGDB Match: 'Tomak: Save the Earth Regeneration' (100%)
2026-10-01 21:11:53,403 - INFO - 📅 Fetching Basic Metadata: Prop Sumo
2026-10-01 21:11:53,499 - INFO - 🎯 IGDB Match: 'Prop Sumo' (100%)
2026-10-01 21:11:53,505 - INFO - 📅 Fetching Basic Metadata: The Stone of Madness
2026-10-01 21:11:53,591 - INFO - 🎯 IGDB Match: 'The Stone of Madness' (100%)
2026-10-01 21:11:53,599 - INFO - 📅 Fetching Basic Metadata: Firestone Online Idle RPG
2026-10-01 21:11:53,727 - INFO - 🎯 IGDB Match: 'Firestone: Online Idle RPG' (98%)
2026-10-01 21:11:53,733 - INFO - 📅 Fetching Basic Metadata: Oddsparks: An Automation Adventure
2026-10-01 21:11:53,828 - INFO - 🎯 IGDB Match: 'Oddsparks: An Automation Adventure' (100%)
2026-10-01 21:11:53,834 - INFO - 📅 Fetching Basic Metadata: Trash Goblin
2026-10-01 21:11:53,938 - INFO - 🎯 IGDB Match: 'Trash Goblin' (100%)
2026-10-01 21:11:53,945 - INFO - 🏢 Publisher Search: The Telltale Batman Shadows Edition
2026-10-01 21:11:55,297 - INFO - 📅 Fetching Basic Metadata: The Telltale Batman Shadows Edition
2026-10-01 21:11:55,400 - INFO - 🎯 IGDB Match: 'Telltale Batman Shadows Edition' (95%)
2026-10-01 21:11:55,406 - INFO - 🏢 Publisher Search: Sunderfolk - Standard Edition
2026-10-01 21:11:56,754 - INFO - 📅 Fetching Basic Metadata: Sunderfolk - Standard Edition
2026-10-01 21:11:56,844 - INFO - 📅 Fetching Basic Metadata: Down in Bermuda
2026-10-01 21:11:56,934 - INFO - 🎯 IGDB Match: 'Down in Bermuda' (100%)
2026-10-01 21:11:56,939 - INFO - 📅 Fetching Basic Metadata: Tomb Raider I-III Remastered Starring Lara Croft
2026-10-01 21:11:57,037 - INFO - 📅 Fetching Basic Metadata: LONESTAR
2026-10-01 21:11:57,123 - INFO - 🎯 IGDB Match: 'LoneStar' (100%)
2026-10-01 21:11:57,128 - INFO - 📅 Fetching Basic Metadata: Calico
2026-10-01 21:11:57,214 - INFO - 🎯 IGDB Match: 'Calico' (100%)
2026-10-01 21:11:57,220 - INFO - 📅 Fetching Basic Metadata: Rogue Waters
2026-10-01 21:11:57,308 - INFO - 🎯 IGDB Match: 'Rogue Waters' (100%)
2026-10-01 21:11:57,314 - INFO - 📅 Fetching Basic Metadata: The Ouroboros King
2026-10-01 21:11:57,398 - INFO - 🎯 IGDB Match: 'The Ouroboros King' (100%)
2026-10-01 21:11:57,405 - INFO - 🏢 Publisher Search: Warhammer 40K Speed Freeks
2026-10-01 21:11:58,777 - INFO - 📅 Fetching Basic Metadata: I Have No Mouth, and I Must Scream
2026-10-01 21:11:58,862 - INFO - 🎯 IGDB Match: 'I Have No Mouth, and I Must Scream' (100%)
2026-10-01 21:11:58,868 - INFO - 📅 Fetching Basic Metadata: Nova Lands
2026-10-01 21:11:58,961 - INFO - 🎯 IGDB Match: 'Nova Lands' (100%)
2026-10-01 21:11:58,968 - INFO - 📅 Fetching Basic Metadata: Tattoo Tycoon
2026-10-01 21:11:59,054 - INFO - 🎯 IGDB Match: 'Tattoo Tycoon' (100%)
2026-10-01 21:11:59,061 - INFO - 📅 Fetching Basic Metadata: Echo Generation: Midnight Edition
2026-10-01 21:11:59,146 - INFO - 🎯 IGDB Match: 'Echo Generation: Midnight Edition' (100%)
2026-10-01 21:11:59,152 - INFO - 💰 Price Search: Foretales
2026-10-01 21:12:00,238 - WARNING - Price error for Foretales: string indices must be integers, not 'str'
2026-10-01 21:12:00,239 - INFO - 📅 Fetching Basic Metadata: Foretales
2026-10-01 21:12:00,322 - INFO - 🎯 IGDB Match: 'Foretales' (100%)
2026-10-01 21:12:00,328 - INFO - 💰 Price Search: OTXO
2026-10-01 21:12:01,401 - WARNING - Price error for OTXO: string indices must be integers, not 'str'
2026-10-01 21:12:01,402 - INFO - 💰 Price Search: Sol Cesto
2026-10-01 21:12:02,464 - WARNING - Price error for Sol Cesto: string indices must be integers, not 'str'
2026-10-01 21:12:02,464 - INFO - 📅 Fetching Basic Metadata: Sol Cesto
2026-10-01 21:12:02,551 - INFO - 🎯 IGDB Match: 'Sol Cesto' (100%)
2026-10-01 21:12:02,558 - INFO - 💰 Price Search: Beacon Pines
2026-10-01 21:12:03,619 - WARNING - Price error for Beacon Pines: string indices must be integers, not 'str'
2026-10-01 21:12:03,620 - INFO - 💰 Price Search: Caravan SandWitch
2026-10-01 21:12:04,682 - WARNING - Price error for Caravan SandWitch: string indices must be integers, not 'str'
2026-10-01 21:12:04,683 - INFO - 💰 Price Search: Cardpocalypse Standard Edition
2026-10-01 21:12:05,745 - WARNING - Price error for Cardpocalypse Standard Edition: string indices must be integers, not 'str'
2026-10-01 21:12:05,746 - INFO - 🏢 Publisher Search: Cardpocalypse Standard Edition
2026-10-01 21:12:07,063 - INFO - 📅 Fetching Basic Metadata: Cardpocalypse Standard Edition
2026-10-01 21:12:07,155 - INFO - 💰 Price Search: Epic Mage Bundle
2026-10-01 21:12:08,219 - WARNING - Price error for Epic Mage Bundle: string indices must be integers, not 'str'
2026-10-01 21:12:08,220 - INFO - 🏢 Publisher Search: Epic Mage Bundle
2026-10-01 21:12:09,572 - INFO - 📅 Fetching Basic Metadata: Epic Mage Bundle
2026-10-01 21:12:09,709 - INFO - 💰 Price Search: Rival Stars Horse Racing : Desktop Edition
2026-10-01 21:12:10,789 - WARNING - Price error for Rival Stars Horse Racing : Desktop Edition: string indices must be integers, not 'str'
2026-10-01 21:12:10,789 - INFO - 🏢 Publisher Search: Rival Stars Horse Racing : Desktop Edition
2026-10-01 21:12:12,171 - INFO - 📅 Fetching Basic Metadata: Rival Stars Horse Racing : Desktop Edition
2026-10-01 21:12:12,282 - INFO - 🎯 IGDB Match: 'Rival Stars Horse Racing: Desktop Edition' (99%)
2026-10-01 21:12:12,289 - INFO - 💰 Price Search: Alone With You
2026-10-01 21:12:13,343 - WARNING - Price error for Alone With You: string indices must be integers, not 'str'
2026-10-01 21:12:13,343 - INFO - 📅 Fetching Basic Metadata: Alone With You
2026-10-01 21:12:13,435 - INFO - 🎯 IGDB Match: 'Alone With You' (100%)
2026-10-01 21:12:13,441 - INFO - 💰 Price Search: Luftrausers
2026-10-01 21:12:14,501 - WARNING - Price error for Luftrausers: string indices must be integers, not 'str'
2026-10-01 21:12:14,502 - INFO - 💰 Price Search: Astral Ascent
2026-10-01 21:12:15,565 - WARNING - Price error for Astral Ascent: string indices must be integers, not 'str'
2026-10-01 21:12:15,566 - INFO - 💰 Price Search: Mindcop
2026-10-01 21:12:16,651 - WARNING - Price error for Mindcop: string indices must be integers, not 'str'
2026-10-01 21:12:16,652 - INFO - 💰 Price Search: Shogun Showdown
2026-10-01 21:12:17,713 - WARNING - Price error for Shogun Showdown: string indices must be integers, not 'str'
2026-10-01 21:12:17,714 - INFO - 💰 Price Search: Astrea Six Sided Oracles
2026-10-01 21:12:18,768 - WARNING - Price error for Astrea Six Sided Oracles: string indices must be integers, not 'str'
2026-10-01 21:12:18,769 - INFO - 💰 Price Search: Mechabellum
2026-10-01 21:12:19,827 - WARNING - Price error for Mechabellum: string indices must be integers, not 'str'
2026-10-01 21:12:19,827 - INFO - 📅 Fetching Basic Metadata: Mechabellum
2026-10-01 21:12:19,926 - INFO - 🎯 IGDB Match: 'Mechabellum' (100%)
2026-10-01 21:12:19,932 - INFO - 💰 Price Search: System Shock 2: 25th Anniversary Remaster
2026-10-01 21:12:20,992 - WARNING - Price error for System Shock 2: 25th Anniversary Remaster: string indices must be integers, not 'str'
2026-10-01 21:12:20,993 - INFO - 🏢 Publisher Search: System Shock 2: 25th Anniversary Remaster
2026-10-01 21:12:22,533 - INFO - 📅 Fetching Basic Metadata: System Shock 2: 25th Anniversary Remaster
2026-10-01 21:12:22,620 - INFO - 🎯 IGDB Match: 'System Shock 2: 25th Anniversary Remaster' (100%)
2026-10-01 21:12:22,621 - INFO - 🔗 Searching Franchise Context: System Shock 2: 25th Anniversary Remaster
2026-10-01 21:12:22,838 - INFO - 📡 Fallback to IGDB for System Shock 2: 25th Anniversary Remaster
2026-10-01 21:12:22,935 - INFO - 💰 Price Search: BURIED STARS
2026-10-01 21:12:24,020 - WARNING - Price error for BURIED STARS: string indices must be integers, not 'str'
2026-10-01 21:12:24,021 - INFO - 🏢 Publisher Search: BURIED STARS
2026-10-01 21:12:25,461 - INFO - 📅 Fetching Basic Metadata: BURIED STARS
2026-10-01 21:12:25,544 - INFO - 🎯 IGDB Match: 'Buried Stars' (100%)
2026-10-01 21:12:25,544 - INFO - 🔗 Searching Franchise Context: BURIED STARS
2026-10-01 21:12:25,710 - INFO - 📡 Fallback to IGDB for BURIED STARS
2026-10-01 21:12:25,811 - INFO - 
--- Starting Data Quality Checks ---
2026-10-01 21:12:25,824 - INFO - --- Data Quality Checks Complete ---

2026-10-01 21:12:25,853 - INFO - | Metric | Statistics |
| :--- | :--- |
| 💰 **Total Market Value** | **$13,332.99** |
| 📦 **Total Games Collected** | 709 |
| 🏷️ **Average Retail Price** | $21.81 per game |
| 💎 **Most Expensive Title** | Civilization 6 Platinum Edition ($79.99) |
| 👑 **MVP Publisher** | Bethesda Softworks |
| 🏢 **Value Leaders** | 2K ($579.90), Bethesda Softworks ($544.80), Paradox Interactive ($409.89) |
| 📈 **Inflation-Adjusted Value** | $15,130.23 |
| 🎈 **Inflation Bonus** | **+$1,797.24** in purchasing power |
| 🗓️ **Peak Saving Month** | 🎄 **Seasonality Peak:** December is historically the best month, offering $3,388.17 in savings. |
| ⭐ **Average Score** | 77.0/100 |
| 💳 **Subscription Equivalent** | **$164.47 / mo** |
| 🎯 **Prestige Ratio** | **2.0%** (Strategic Hype) |
| 🏎️ **Lead Time Avg** | 441 Days to Sequel |

2026-10-01 21:12:25,854 - INFO - ✅ README.md updated.
2026-10-01 21:12:25,877 - INFO - Using categorical units to plot a list of strings that are all parsable as floats or dates. If these strings should be plotted as numbers, cast to the appropriate data type before plotting.
2026-10-01 21:12:25,877 - INFO - Using categorical units to plot a list of strings that are all parsable as floats or dates. If these strings should be plotted as numbers, cast to the appropriate data type before plotting.
2026-10-01 21:12:31,567 - INFO - 📈 All charts generated successfully.
