2026-07-30 17:56:32,662 - INFO - Failed to extract font properties from /usr/share/fonts/truetype/noto/NotoColorEmoji.ttf: Non-scalable fonts are not supported
2026-07-30 17:56:32,683 - INFO - generated new fontManager
2026-07-30 17:56:32,947 - INFO - ✅ Migration Successful!
2026-07-30 17:56:33,085 - INFO - Added 2 new games!
2026-07-30 17:56:33,478 - INFO - 🔍 Found 616 games needing metadata. Starting IGDB + Steam + CheapShark enrichment...
2026-07-30 17:56:33,544 - INFO - 📅 Fetching Basic Metadata: LEGO Batman Trilogy
2026-07-30 17:56:33,736 - INFO - 🎯 IGDB Match: 'LEGO Batman Trilogy' (100%)
2026-07-30 17:56:33,753 - INFO - 📅 Fetching Basic Metadata: Antstream
2026-07-30 17:56:33,852 - INFO - 📅 Fetching Basic Metadata: The Drone Racing League Simulator
2026-07-30 17:56:33,982 - INFO - 🎯 IGDB Match: 'The Drone Racing League Simulator' (100%)
2026-07-30 17:56:33,987 - INFO - 📅 Fetching Basic Metadata: Dark Deity
2026-07-30 17:56:34,073 - INFO - 🎯 IGDB Match: 'Dark Deity' (100%)
2026-07-30 17:56:34,078 - INFO - 📅 Fetching Basic Metadata: RPG in a Box
2026-07-30 17:56:34,187 - INFO - 🎯 IGDB Match: 'RPG in a Box' (100%)
2026-07-30 17:56:34,192 - INFO - 📅 Fetching Basic Metadata: Fallout Classic Collection
2026-07-30 17:56:34,279 - INFO - 🎯 IGDB Match: 'Fallout Classic Collection' (100%)
2026-07-30 17:56:34,284 - INFO - 📅 Fetching Basic Metadata: Recipe for Disaster
2026-07-30 17:56:34,376 - INFO - 🎯 IGDB Match: 'Recipe For Disaster' (100%)
2026-07-30 17:56:34,381 - INFO - 📅 Fetching Basic Metadata: World of Warships — Starter Pack: Ishizuchi
2026-07-30 17:56:34,469 - INFO - 🎯 IGDB Match: 'World of Warships: Starter Pack - Ishizuchi' (98%)
2026-07-30 17:56:34,474 - INFO - 📅 Fetching Basic Metadata: Poker Club
2026-07-30 17:56:34,563 - INFO - 🎯 IGDB Match: 'Poker Club' (100%)
2026-07-30 17:56:34,568 - INFO - 📅 Fetching Basic Metadata: The Sims 4 The Daring Lifestyle Bundle
2026-07-30 17:56:34,714 - INFO - 🎯 IGDB Match: 'The Sims 4: The Daring Lifestyle Bundle' (99%)
2026-07-30 17:56:34,720 - INFO - 📅 Fetching Basic Metadata: Dodo Peak
2026-07-30 17:56:34,820 - INFO - 🎯 IGDB Match: 'Dodo Peak' (100%)
2026-07-30 17:56:34,824 - INFO - 📅 Fetching Basic Metadata: Spelldrifter
2026-07-30 17:56:34,935 - INFO - 🎯 IGDB Match: 'Spelldrifter' (100%)
2026-07-30 17:56:34,939 - INFO - 📅 Fetching Basic Metadata: Model Builder
2026-07-30 17:56:35,046 - INFO - 🎯 IGDB Match: 'Model Builder' (100%)
2026-07-30 17:56:35,051 - INFO - 📅 Fetching Basic Metadata: Godlike Burger
2026-07-30 17:56:35,143 - INFO - 🎯 IGDB Match: 'Godlike Burger' (100%)
2026-07-30 17:56:35,148 - INFO - 📅 Fetching Basic Metadata: Q.U.B.E. Ultimate Bundle
2026-07-30 17:56:35,230 - INFO - 🎯 IGDB Match: 'Q.U.B.E. Ultimate Bundle' (100%)
2026-07-30 17:56:35,235 - INFO - 📅 Fetching Basic Metadata: Jitsu Squad
2026-07-30 17:56:35,331 - INFO - 🎯 IGDB Match: 'Jitsu Squad' (100%)
2026-07-30 17:56:35,336 - INFO - 📅 Fetching Basic Metadata: Mighty Fight Federation
2026-07-30 17:56:35,409 - WARNING - IGDB Error for Mighty Fight Federation: string indices must be integers, not 'str'
2026-07-30 17:56:35,415 - INFO - 📅 Fetching Basic Metadata: LOVE
2026-07-30 17:56:35,564 - INFO - 🎯 IGDB Match: 'Love Love Love' (90%)
2026-07-30 17:56:35,570 - INFO - 📅 Fetching Basic Metadata: Call of The Wild: The Angler
2026-07-30 17:56:35,644 - WARNING - IGDB Error for Call of The Wild: The Angler: string indices must be integers, not 'str'
2026-07-30 17:56:35,650 - INFO - 📅 Fetching Basic Metadata: The Falconeer
2026-07-30 17:56:35,738 - WARNING - IGDB Error for The Falconeer: string indices must be integers, not 'str'
2026-07-30 17:56:35,743 - INFO - 📅 Fetching Basic Metadata: Rawmen: Food Fighter Arena
2026-07-30 17:56:35,835 - WARNING - IGDB Error for Rawmen: Food Fighter Arena: string indices must be integers, not 'str'
2026-07-30 17:56:35,840 - INFO - 📅 Fetching Basic Metadata: World of Warships – Starter Pack: Albany
2026-07-30 17:56:35,914 - WARNING - IGDB Error for World of Warships – Starter Pack: Albany: string indices must be integers, not 'str'
2026-07-30 17:56:35,918 - INFO - 📅 Fetching Basic Metadata: Fallout Classic Edition
2026-07-30 17:56:35,991 - WARNING - IGDB Error for Fallout Classic Edition: string indices must be integers, not 'str'
2026-07-30 17:56:35,997 - INFO - 📅 Fetching Basic Metadata: Outliver: Tribulation
2026-07-30 17:56:36,070 - WARNING - IGDB Error for Outliver: Tribulation: string indices must be integers, not 'str'
2026-07-30 17:56:36,075 - INFO - 📅 Fetching Basic Metadata: Bus Simulator 21 Next Stop
2026-07-30 17:56:36,156 - WARNING - IGDB Error for Bus Simulator 21 Next Stop: string indices must be integers, not 'str'
2026-07-30 17:56:36,162 - INFO - 📅 Fetching Basic Metadata: Turmoil
2026-07-30 17:56:36,238 - WARNING - IGDB Error for Turmoil: string indices must be integers, not 'str'
2026-07-30 17:56:36,243 - INFO - 📅 Fetching Basic Metadata: World War Z Aftermath
2026-07-30 17:56:36,319 - WARNING - IGDB Error for World War Z Aftermath: string indices must be integers, not 'str'
2026-07-30 17:56:36,324 - INFO - 📅 Fetching Basic Metadata: World Of Warships – Anniversary Party Flavor
2026-07-30 17:56:36,395 - WARNING - IGDB Error for World Of Warships – Anniversary Party Flavor: string indices must be integers, not 'str'
2026-07-30 17:56:36,399 - INFO - 📅 Fetching Basic Metadata: Neko Ghost, Jump!
2026-07-30 17:56:36,476 - WARNING - IGDB Error for Neko Ghost, Jump!: string indices must be integers, not 'str'
2026-07-30 17:56:36,481 - INFO - 📅 Fetching Basic Metadata: Super Space Club
2026-07-30 17:56:36,554 - WARNING - IGDB Error for Super Space Club: string indices must be integers, not 'str'
2026-07-30 17:56:36,559 - INFO - 📅 Fetching Basic Metadata: Touch Type Tale
2026-07-30 17:56:36,637 - WARNING - IGDB Error for Touch Type Tale: string indices must be integers, not 'str'
2026-07-30 17:56:36,642 - INFO - 📅 Fetching Basic Metadata: Gigapocalypse
2026-07-30 17:56:36,719 - WARNING - IGDB Error for Gigapocalypse: string indices must be integers, not 'str'
2026-07-30 17:56:36,725 - INFO - 📅 Fetching Basic Metadata: Legion TD2
2026-07-30 17:56:36,797 - WARNING - IGDB Error for Legion TD2: string indices must be integers, not 'str'
2026-07-30 17:56:36,803 - INFO - 📅 Fetching Basic Metadata: Nightingale
2026-07-30 17:56:36,879 - WARNING - IGDB Error for Nightingale: string indices must be integers, not 'str'
2026-07-30 17:56:36,885 - INFO - 📅 Fetching Basic Metadata: Godzilla Voxel Wars
2026-07-30 17:56:36,960 - WARNING - IGDB Error for Godzilla Voxel Wars: string indices must be integers, not 'str'
2026-07-30 17:56:36,967 - INFO - 📅 Fetching Basic Metadata: Trine Classic Collection
2026-07-30 17:56:37,056 - INFO - 🎯 IGDB Match: 'Trine Classic Collection' (100%)
2026-07-30 17:56:37,061 - INFO - 📅 Fetching Basic Metadata: Poison Retro Set
2026-07-30 17:56:37,166 - INFO - 🎯 IGDB Match: 'Pixel Gun 3D: Poison Retro Set' (90%)
2026-07-30 17:56:37,170 - INFO - 📅 Fetching Basic Metadata: The Darkside Detective A Fumble in the Dark
2026-07-30 17:56:37,257 - INFO - 🎯 IGDB Match: 'The Darkside Detective: A Fumble in the Dark' (99%)
2026-07-30 17:56:37,261 - INFO - 📅 Fetching Basic Metadata: Return to Ash
2026-07-30 17:56:37,369 - INFO - 🎯 IGDB Match: 'Return to Ash' (100%)
2026-07-30 17:56:37,373 - INFO - 🏢 Publisher Search: STALCRAFT: X Starter Edition
2026-07-30 17:56:38,776 - INFO - 📅 Fetching Basic Metadata: STALCRAFT: X Starter Edition
2026-07-30 17:56:38,868 - INFO - 📅 Fetching Basic Metadata: Boxes: Lost Fragments
2026-07-30 17:56:38,987 - INFO - 🎯 IGDB Match: 'Boxes: Lost Fragments' (100%)
2026-07-30 17:56:38,992 - INFO - 📅 Fetching Basic Metadata: My Night Job
2026-07-30 17:56:39,077 - INFO - 🎯 IGDB Match: 'My Night Job' (100%)
2026-07-30 17:56:39,082 - INFO - 📅 Fetching Basic Metadata: Electrician Simulator
2026-07-30 17:56:39,167 - INFO - 🎯 IGDB Match: 'Electrician Simulator' (100%)
2026-07-30 17:56:39,172 - INFO - 🏢 Publisher Search: World of Warships — Epic Anniversary Tachibana Pack
2026-07-30 17:56:40,586 - INFO - 📅 Fetching Basic Metadata: World of Warships — Epic Anniversary Tachibana Pack
2026-07-30 17:56:40,672 - INFO - 📅 Fetching Basic Metadata: Hyper Echelon
2026-07-30 17:56:40,754 - INFO - 🎯 IGDB Match: 'Hyper Echelon' (100%)
2026-07-30 17:56:40,759 - INFO - 📅 Fetching Basic Metadata: Havendock
2026-07-30 17:56:40,842 - INFO - 🎯 IGDB Match: 'Havendock' (100%)
2026-07-30 17:56:40,846 - INFO - 📅 Fetching Basic Metadata: Clone Drone in the Danger Zone
2026-07-30 17:56:40,928 - INFO - 🎯 IGDB Match: 'Clone Drone in the Danger Zone' (100%)
2026-07-30 17:56:40,933 - INFO - 🏢 Publisher Search: TOMAK: Save the Earth Regeneration
2026-07-30 17:56:42,268 - INFO - 📅 Fetching Basic Metadata: TOMAK: Save the Earth Regeneration
2026-07-30 17:56:42,358 - INFO - 🎯 IGDB Match: 'Tomak: Save the Earth Regeneration' (100%)
2026-07-30 17:56:42,363 - INFO - 📅 Fetching Basic Metadata: Prop Sumo
2026-07-30 17:56:42,443 - INFO - 🎯 IGDB Match: 'Prop Sumo' (100%)
2026-07-30 17:56:42,448 - INFO - 📅 Fetching Basic Metadata: The Stone of Madness
2026-07-30 17:56:42,541 - INFO - 🎯 IGDB Match: 'The Stone of Madness' (100%)
2026-07-30 17:56:42,546 - INFO - 📅 Fetching Basic Metadata: Firestone Online Idle RPG
2026-07-30 17:56:42,631 - INFO - 🎯 IGDB Match: 'Firestone: Online Idle RPG' (98%)
2026-07-30 17:56:42,635 - INFO - 📅 Fetching Basic Metadata: Oddsparks: An Automation Adventure
2026-07-30 17:56:42,730 - INFO - 🎯 IGDB Match: 'Oddsparks: An Automation Adventure' (100%)
2026-07-30 17:56:42,734 - INFO - 📅 Fetching Basic Metadata: Trash Goblin
2026-07-30 17:56:42,823 - INFO - 🎯 IGDB Match: 'Trash Goblin' (100%)
2026-07-30 17:56:42,828 - INFO - 🏢 Publisher Search: The Telltale Batman Shadows Edition
2026-07-30 17:56:44,200 - INFO - 📅 Fetching Basic Metadata: The Telltale Batman Shadows Edition
2026-07-30 17:56:44,355 - INFO - 🎯 IGDB Match: 'Telltale Batman Shadows Edition' (95%)
2026-07-30 17:56:44,360 - INFO - 🏢 Publisher Search: Sunderfolk - Standard Edition
2026-07-30 17:56:45,753 - INFO - 📅 Fetching Basic Metadata: Sunderfolk - Standard Edition
2026-07-30 17:56:45,856 - INFO - 📅 Fetching Basic Metadata: Down in Bermuda
2026-07-30 17:56:45,957 - INFO - 🎯 IGDB Match: 'Down in Bermuda' (100%)
2026-07-30 17:56:45,962 - INFO - 📅 Fetching Basic Metadata: Tomb Raider I-III Remastered Starring Lara Croft
2026-07-30 17:56:46,050 - INFO - 📅 Fetching Basic Metadata: LONESTAR
2026-07-30 17:56:46,126 - INFO - 🎯 IGDB Match: 'LoneStar' (100%)
2026-07-30 17:56:46,130 - INFO - 📅 Fetching Basic Metadata: Calico
2026-07-30 17:56:46,211 - INFO - 🎯 IGDB Match: 'Calico' (100%)
2026-07-30 17:56:46,216 - INFO - 📅 Fetching Basic Metadata: Rogue Waters
2026-07-30 17:56:46,300 - INFO - 🎯 IGDB Match: 'Rogue Waters' (100%)
2026-07-30 17:56:46,305 - INFO - 📅 Fetching Basic Metadata: The Ouroboros King
2026-07-30 17:56:46,385 - INFO - 🎯 IGDB Match: 'The Ouroboros King' (100%)
2026-07-30 17:56:46,390 - INFO - 🏢 Publisher Search: Warhammer 40K Speed Freeks
2026-07-30 17:56:47,718 - INFO - 📅 Fetching Basic Metadata: I Have No Mouth, and I Must Scream
2026-07-30 17:56:47,805 - INFO - 🎯 IGDB Match: 'I Have No Mouth, and I Must Scream' (100%)
2026-07-30 17:56:47,810 - INFO - 📅 Fetching Basic Metadata: Nova Lands
2026-07-30 17:56:47,907 - INFO - 🎯 IGDB Match: 'Nova Lands' (100%)
2026-07-30 17:56:47,911 - INFO - 📅 Fetching Basic Metadata: Tattoo Tycoon
2026-07-30 17:56:47,995 - INFO - 🎯 IGDB Match: 'Tattoo Tycoon' (100%)
2026-07-30 17:56:47,999 - INFO - 📅 Fetching Basic Metadata: Echo Generation: Midnight Edition
2026-07-30 17:56:48,085 - INFO - 🎯 IGDB Match: 'Echo Generation: Midnight Edition' (100%)
2026-07-30 17:56:48,090 - INFO - 💰 Price Search: Foretales
2026-07-30 17:56:49,273 - WARNING - Price error for Foretales: string indices must be integers, not 'str'
2026-07-30 17:56:49,274 - INFO - 📅 Fetching Basic Metadata: Foretales
2026-07-30 17:56:49,363 - INFO - 🎯 IGDB Match: 'Foretales' (100%)
2026-07-30 17:56:49,368 - INFO - 💰 Price Search: OTXO
2026-07-30 17:56:50,446 - WARNING - Price error for OTXO: string indices must be integers, not 'str'
2026-07-30 17:56:50,446 - INFO - 🏢 Publisher Search: OTXO
2026-07-30 17:56:51,869 - INFO - 📅 Fetching Basic Metadata: OTXO
2026-07-30 17:56:51,987 - INFO - 🎯 IGDB Match: 'OTXO' (100%)
2026-07-30 17:56:51,987 - INFO - 🔗 Searching Franchise Context: OTXO
2026-07-30 17:56:52,545 - INFO - 📡 Fallback to IGDB for OTXO
2026-07-30 17:56:52,637 - INFO - 💰 Price Search: Sol Cesto
2026-07-30 17:56:53,716 - WARNING - Price error for Sol Cesto: string indices must be integers, not 'str'
2026-07-30 17:56:53,716 - INFO - 🏢 Publisher Search: Sol Cesto
2026-07-30 17:56:55,123 - INFO - 📅 Fetching Basic Metadata: Sol Cesto
2026-07-30 17:56:55,207 - INFO - 🎯 IGDB Match: 'Sol Cesto' (100%)
2026-07-30 17:56:55,207 - INFO - 🔗 Searching Franchise Context: Sol Cesto
2026-07-30 17:56:55,339 - INFO - 📡 Fallback to IGDB for Sol Cesto
2026-07-30 17:56:55,428 - INFO - 
--- Starting Data Quality Checks ---
2026-07-30 17:56:55,438 - INFO - --- Data Quality Checks Complete ---

2026-07-30 17:56:55,565 - INFO - | Metric | Statistics |
| :--- | :--- |
| 💰 **Total Market Value** | **$13,332.99** |
| 📦 **Total Games Collected** | 693 |
| 🏷️ **Average Retail Price** | $22.25 per game |
| 💎 **Most Expensive Title** | Civilization 6 Platinum Edition ($79.99) |
| 👑 **MVP Publisher** | Bethesda Softworks |
| 🏢 **Value Leaders** | 2K ($579.90), Bethesda Softworks ($544.80), Paradox Interactive ($409.89) |
| 📈 **Inflation-Adjusted Value** | $15,130.23 |
| 🎈 **Inflation Bonus** | **+$1,797.24** in purchasing power |
| 🗓️ **Peak Saving Month** | 🎄 **Seasonality Peak:** December is historically the best month, offering $3,388.17 in savings. |
| ⭐ **Average Score** | 76.9/100 |
| 💳 **Subscription Equivalent** | **$169.48 / mo** |
| 🎯 **Prestige Ratio** | **2.0%** (Strategic Hype) |
| 🏎️ **Lead Time Avg** | 441 Days to Sequel |

2026-07-30 17:56:55,565 - INFO - ✅ README.md updated.
2026-07-30 17:56:55,583 - INFO - Using categorical units to plot a list of strings that are all parsable as floats or dates. If these strings should be plotted as numbers, cast to the appropriate data type before plotting.
2026-07-30 17:56:55,584 - INFO - Using categorical units to plot a list of strings that are all parsable as floats or dates. If these strings should be plotted as numbers, cast to the appropriate data type before plotting.
2026-07-30 17:56:59,831 - INFO - 📈 All charts generated successfully.
