2026-08-28 01:03:24,080 - INFO - Failed to extract font properties from /usr/share/fonts/truetype/noto/NotoColorEmoji.ttf: Non-scalable fonts are not supported
2026-08-28 01:03:24,237 - INFO - generated new fontManager
2026-08-28 01:03:24,628 - INFO - ✅ Migration Successful!
2026-08-28 01:03:25,227 - INFO - Added 2 new games!
2026-08-28 01:03:25,712 - INFO - 🔍 Found 623 games needing metadata. Starting IGDB + Steam + CheapShark enrichment...
2026-08-28 01:03:25,939 - INFO - 📅 Fetching Basic Metadata: LEGO Batman Trilogy
2026-08-28 01:03:26,355 - INFO - 🎯 IGDB Match: 'LEGO Batman Trilogy' (100%)
2026-08-28 01:03:26,373 - INFO - 📅 Fetching Basic Metadata: Antstream
2026-08-28 01:03:26,600 - INFO - 📅 Fetching Basic Metadata: The Drone Racing League Simulator
2026-08-28 01:03:26,834 - INFO - 🎯 IGDB Match: 'The Drone Racing League Simulator' (100%)
2026-08-28 01:03:26,840 - INFO - 📅 Fetching Basic Metadata: Dark Deity
2026-08-28 01:03:27,075 - INFO - 🎯 IGDB Match: 'Dark Deity' (100%)
2026-08-28 01:03:27,081 - INFO - 📅 Fetching Basic Metadata: RPG in a Box
2026-08-28 01:03:27,256 - INFO - 🎯 IGDB Match: 'RPG in a Box' (100%)
2026-08-28 01:03:27,262 - INFO - 📅 Fetching Basic Metadata: Fallout Classic Collection
2026-08-28 01:03:27,374 - INFO - 🎯 IGDB Match: 'Fallout Classic Collection' (100%)
2026-08-28 01:03:27,381 - INFO - 📅 Fetching Basic Metadata: Recipe for Disaster
2026-08-28 01:03:27,581 - INFO - 🎯 IGDB Match: 'Recipe For Disaster' (100%)
2026-08-28 01:03:27,587 - INFO - 📅 Fetching Basic Metadata: World of Warships — Starter Pack: Ishizuchi
2026-08-28 01:03:27,690 - INFO - 🎯 IGDB Match: 'World of Warships: Starter Pack - Ishizuchi' (98%)
2026-08-28 01:03:27,696 - INFO - 📅 Fetching Basic Metadata: Poker Club
2026-08-28 01:03:27,802 - INFO - 🎯 IGDB Match: 'Poker Club' (100%)
2026-08-28 01:03:27,808 - INFO - 📅 Fetching Basic Metadata: The Sims 4 The Daring Lifestyle Bundle
2026-08-28 01:03:27,982 - INFO - 🎯 IGDB Match: 'The Sims 4: The Daring Lifestyle Bundle' (99%)
2026-08-28 01:03:27,988 - INFO - 📅 Fetching Basic Metadata: Dodo Peak
2026-08-28 01:03:28,144 - INFO - 🎯 IGDB Match: 'Dodo Peak' (100%)
2026-08-28 01:03:28,150 - INFO - 📅 Fetching Basic Metadata: Spelldrifter
2026-08-28 01:03:28,263 - INFO - 🎯 IGDB Match: 'Spelldrifter' (100%)
2026-08-28 01:03:28,270 - INFO - 📅 Fetching Basic Metadata: Model Builder
2026-08-28 01:03:28,380 - INFO - 🎯 IGDB Match: 'Model Builder' (100%)
2026-08-28 01:03:28,385 - INFO - 📅 Fetching Basic Metadata: Godlike Burger
2026-08-28 01:03:28,797 - INFO - 🎯 IGDB Match: 'Godlike Burger' (100%)
2026-08-28 01:03:28,803 - INFO - 📅 Fetching Basic Metadata: Q.U.B.E. Ultimate Bundle
2026-08-28 01:03:28,914 - INFO - 🎯 IGDB Match: 'Q.U.B.E. Ultimate Bundle' (100%)
2026-08-28 01:03:28,920 - INFO - 📅 Fetching Basic Metadata: Jitsu Squad
2026-08-28 01:03:29,019 - INFO - 🎯 IGDB Match: 'Jitsu Squad' (100%)
2026-08-28 01:03:29,024 - INFO - 📅 Fetching Basic Metadata: Mighty Fight Federation
2026-08-28 01:03:29,568 - INFO - 🎯 IGDB Match: 'Mighty Fight Federation' (100%)
2026-08-28 01:03:29,576 - INFO - 📅 Fetching Basic Metadata: LOVE
2026-08-28 01:03:29,796 - INFO - 🎯 IGDB Match: 'Love Love Love' (90%)
2026-08-28 01:03:29,802 - INFO - 📅 Fetching Basic Metadata: Call of The Wild: The Angler
2026-08-28 01:03:30,285 - INFO - 🎯 IGDB Match: 'Call of the Wild: The Angler' (100%)
2026-08-28 01:03:30,292 - INFO - 📅 Fetching Basic Metadata: The Falconeer
2026-08-28 01:03:30,389 - INFO - 🎯 IGDB Match: 'The Falconeer: The Hunter' (90%)
2026-08-28 01:03:30,395 - INFO - 📅 Fetching Basic Metadata: Rawmen: Food Fighter Arena
2026-08-28 01:03:30,494 - INFO - 🎯 IGDB Match: 'Rawmen' (90%)
2026-08-28 01:03:30,499 - INFO - 📅 Fetching Basic Metadata: World of Warships – Starter Pack: Albany
2026-08-28 01:03:30,999 - INFO - 📅 Fetching Basic Metadata: Fallout Classic Edition
2026-08-28 01:03:31,116 - INFO - 📅 Fetching Basic Metadata: Outliver: Tribulation
2026-08-28 01:03:31,580 - INFO - 🎯 IGDB Match: 'Outliver: Tribulation' (100%)
2026-08-28 01:03:31,587 - INFO - 📅 Fetching Basic Metadata: Bus Simulator 21 Next Stop
2026-08-28 01:03:31,784 - INFO - 🎯 IGDB Match: 'Bus Simulator 21: Next Stop' (98%)
2026-08-28 01:03:31,790 - INFO - 📅 Fetching Basic Metadata: Turmoil
2026-08-28 01:03:31,887 - INFO - 🎯 IGDB Match: 'Turmoil' (100%)
2026-08-28 01:03:31,893 - INFO - 📅 Fetching Basic Metadata: World War Z Aftermath
2026-08-28 01:03:32,296 - INFO - 🎯 IGDB Match: 'World War Z: Aftermath' (98%)
2026-08-28 01:03:32,302 - INFO - 📅 Fetching Basic Metadata: World Of Warships – Anniversary Party Flavor
2026-08-28 01:03:32,503 - INFO - 📅 Fetching Basic Metadata: Neko Ghost, Jump!
2026-08-28 01:03:32,604 - INFO - 🎯 IGDB Match: 'Neko Ghost, Jump!' (100%)
2026-08-28 01:03:32,609 - INFO - 📅 Fetching Basic Metadata: Super Space Club
2026-08-28 01:03:32,796 - INFO - 🎯 IGDB Match: 'Super Space Club' (100%)
2026-08-28 01:03:32,801 - INFO - 📅 Fetching Basic Metadata: Touch Type Tale
2026-08-28 01:03:32,906 - INFO - 🎯 IGDB Match: 'Touch Type Tale' (100%)
2026-08-28 01:03:32,912 - INFO - 📅 Fetching Basic Metadata: Gigapocalypse
2026-08-28 01:03:33,015 - INFO - 🎯 IGDB Match: 'Gigapocalypse' (100%)
2026-08-28 01:03:33,022 - INFO - 📅 Fetching Basic Metadata: Legion TD2
2026-08-28 01:03:33,171 - INFO - 📅 Fetching Basic Metadata: Nightingale
2026-08-28 01:03:33,441 - INFO - 🎯 IGDB Match: 'Nightingale' (100%)
2026-08-28 01:03:33,447 - INFO - 📅 Fetching Basic Metadata: Godzilla Voxel Wars
2026-08-28 01:03:33,980 - INFO - 🎯 IGDB Match: 'Godzilla Voxel Wars' (100%)
2026-08-28 01:03:33,987 - INFO - 📅 Fetching Basic Metadata: Trine Classic Collection
2026-08-28 01:03:34,093 - INFO - 🎯 IGDB Match: 'Trine Classic Collection' (100%)
2026-08-28 01:03:34,099 - INFO - 📅 Fetching Basic Metadata: Poison Retro Set
2026-08-28 01:03:34,198 - INFO - 🎯 IGDB Match: 'Pixel Gun 3D: Poison Retro Set' (90%)
2026-08-28 01:03:34,203 - INFO - 📅 Fetching Basic Metadata: The Darkside Detective A Fumble in the Dark
2026-08-28 01:03:34,340 - INFO - 🎯 IGDB Match: 'The Darkside Detective: A Fumble in the Dark' (99%)
2026-08-28 01:03:34,345 - INFO - 📅 Fetching Basic Metadata: Return to Ash
2026-08-28 01:03:34,443 - INFO - 🎯 IGDB Match: 'Return to Ash' (100%)
2026-08-28 01:03:34,538 - INFO - 🏢 Publisher Search: STALCRAFT: X Starter Edition
2026-08-28 01:03:35,917 - INFO - 📅 Fetching Basic Metadata: STALCRAFT: X Starter Edition
2026-08-28 01:03:36,024 - INFO - 📅 Fetching Basic Metadata: Boxes: Lost Fragments
2026-08-28 01:03:36,125 - INFO - 🎯 IGDB Match: 'Boxes: Lost Fragments' (100%)
2026-08-28 01:03:36,130 - INFO - 📅 Fetching Basic Metadata: My Night Job
2026-08-28 01:03:36,603 - INFO - 🎯 IGDB Match: 'My Night Job' (100%)
2026-08-28 01:03:36,608 - INFO - 📅 Fetching Basic Metadata: Electrician Simulator
2026-08-28 01:03:36,702 - INFO - 🎯 IGDB Match: 'Electrician Simulator' (100%)
2026-08-28 01:03:36,707 - INFO - 🏢 Publisher Search: World of Warships — Epic Anniversary Tachibana Pack
2026-08-28 01:03:38,085 - INFO - 📅 Fetching Basic Metadata: World of Warships — Epic Anniversary Tachibana Pack
2026-08-28 01:03:38,283 - INFO - 📅 Fetching Basic Metadata: Hyper Echelon
2026-08-28 01:03:38,492 - INFO - 🎯 IGDB Match: 'Hyper Echelon' (100%)
2026-08-28 01:03:38,497 - INFO - 📅 Fetching Basic Metadata: Havendock
2026-08-28 01:03:38,594 - INFO - 🎯 IGDB Match: 'Havendock' (100%)
2026-08-28 01:03:38,599 - INFO - 📅 Fetching Basic Metadata: Clone Drone in the Danger Zone
2026-08-28 01:03:38,711 - INFO - 🎯 IGDB Match: 'Clone Drone in the Danger Zone' (100%)
2026-08-28 01:03:38,716 - INFO - 🏢 Publisher Search: TOMAK: Save the Earth Regeneration
2026-08-28 01:03:40,077 - INFO - 📅 Fetching Basic Metadata: TOMAK: Save the Earth Regeneration
2026-08-28 01:03:40,271 - INFO - 🎯 IGDB Match: 'Tomak: Save the Earth Regeneration' (100%)
2026-08-28 01:03:40,276 - INFO - 📅 Fetching Basic Metadata: Prop Sumo
2026-08-28 01:03:40,375 - INFO - 🎯 IGDB Match: 'Prop Sumo' (100%)
2026-08-28 01:03:40,381 - INFO - 📅 Fetching Basic Metadata: The Stone of Madness
2026-08-28 01:03:40,492 - INFO - 🎯 IGDB Match: 'The Stone of Madness' (100%)
2026-08-28 01:03:40,498 - INFO - 📅 Fetching Basic Metadata: Firestone Online Idle RPG
2026-08-28 01:03:40,599 - INFO - 🎯 IGDB Match: 'Firestone: Online Idle RPG' (98%)
2026-08-28 01:03:40,604 - INFO - 📅 Fetching Basic Metadata: Oddsparks: An Automation Adventure
2026-08-28 01:03:40,710 - INFO - 🎯 IGDB Match: 'Oddsparks: An Automation Adventure' (100%)
2026-08-28 01:03:40,716 - INFO - 📅 Fetching Basic Metadata: Trash Goblin
2026-08-28 01:03:41,162 - INFO - 🎯 IGDB Match: 'Trash Goblin' (100%)
2026-08-28 01:03:41,167 - INFO - 🏢 Publisher Search: The Telltale Batman Shadows Edition
2026-08-28 01:03:42,538 - INFO - 📅 Fetching Basic Metadata: The Telltale Batman Shadows Edition
2026-08-28 01:03:42,635 - INFO - 🎯 IGDB Match: 'Telltale Batman Shadows Edition' (95%)
2026-08-28 01:03:42,640 - INFO - 🏢 Publisher Search: Sunderfolk - Standard Edition
2026-08-28 01:03:44,023 - INFO - 📅 Fetching Basic Metadata: Sunderfolk - Standard Edition
2026-08-28 01:03:44,266 - INFO - 📅 Fetching Basic Metadata: Down in Bermuda
2026-08-28 01:03:44,364 - INFO - 🎯 IGDB Match: 'Down in Bermuda' (100%)
2026-08-28 01:03:44,379 - INFO - 📅 Fetching Basic Metadata: Tomb Raider I-III Remastered Starring Lara Croft
2026-08-28 01:03:44,482 - INFO - 📅 Fetching Basic Metadata: LONESTAR
2026-08-28 01:03:44,622 - INFO - 🎯 IGDB Match: 'LoneStar' (100%)
2026-08-28 01:03:44,628 - INFO - 📅 Fetching Basic Metadata: Calico
2026-08-28 01:03:44,782 - INFO - 🎯 IGDB Match: 'Calico' (100%)
2026-08-28 01:03:44,787 - INFO - 📅 Fetching Basic Metadata: Rogue Waters
2026-08-28 01:03:44,985 - INFO - 🎯 IGDB Match: 'Rogue Waters' (100%)
2026-08-28 01:03:44,990 - INFO - 📅 Fetching Basic Metadata: The Ouroboros King
2026-08-28 01:03:45,475 - INFO - 🎯 IGDB Match: 'The Ouroboros King' (100%)
2026-08-28 01:03:45,480 - INFO - 🏢 Publisher Search: Warhammer 40K Speed Freeks
2026-08-28 01:03:46,878 - INFO - 📅 Fetching Basic Metadata: I Have No Mouth, and I Must Scream
2026-08-28 01:03:47,069 - INFO - 🎯 IGDB Match: 'I Have No Mouth, and I Must Scream' (100%)
2026-08-28 01:03:47,074 - INFO - 📅 Fetching Basic Metadata: Nova Lands
2026-08-28 01:03:47,176 - INFO - 🎯 IGDB Match: 'Nova Lands' (100%)
2026-08-28 01:03:47,182 - INFO - 📅 Fetching Basic Metadata: Tattoo Tycoon
2026-08-28 01:03:47,276 - INFO - 🎯 IGDB Match: 'Tattoo Tycoon' (100%)
2026-08-28 01:03:47,281 - INFO - 📅 Fetching Basic Metadata: Echo Generation: Midnight Edition
2026-08-28 01:03:47,681 - INFO - 🎯 IGDB Match: 'Echo Generation: Midnight Edition' (100%)
2026-08-28 01:03:47,686 - INFO - 💰 Price Search: Foretales
2026-08-28 01:03:48,770 - WARNING - Price error for Foretales: string indices must be integers, not 'str'
2026-08-28 01:03:48,771 - INFO - 📅 Fetching Basic Metadata: Foretales
2026-08-28 01:03:49,005 - INFO - 🎯 IGDB Match: 'Foretales' (100%)
2026-08-28 01:03:49,010 - INFO - 💰 Price Search: OTXO
2026-08-28 01:03:50,045 - WARNING - Price error for OTXO: string indices must be integers, not 'str'
2026-08-28 01:03:50,046 - INFO - 💰 Price Search: Sol Cesto
2026-08-28 01:03:51,084 - WARNING - Price error for Sol Cesto: string indices must be integers, not 'str'
2026-08-28 01:03:51,084 - INFO - 📅 Fetching Basic Metadata: Sol Cesto
2026-08-28 01:03:51,226 - INFO - 🎯 IGDB Match: 'Sol Cesto' (100%)
2026-08-28 01:03:51,231 - INFO - 💰 Price Search: Beacon Pines
2026-08-28 01:03:52,261 - WARNING - Price error for Beacon Pines: string indices must be integers, not 'str'
2026-08-28 01:03:52,262 - INFO - 💰 Price Search: Caravan SandWitch
2026-08-28 01:03:53,304 - WARNING - Price error for Caravan SandWitch: string indices must be integers, not 'str'
2026-08-28 01:03:53,305 - INFO - 💰 Price Search: Cardpocalypse Standard Edition
2026-08-28 01:03:54,342 - WARNING - Price error for Cardpocalypse Standard Edition: string indices must be integers, not 'str'
2026-08-28 01:03:54,342 - INFO - 🏢 Publisher Search: Cardpocalypse Standard Edition
2026-08-28 01:03:55,756 - INFO - 📅 Fetching Basic Metadata: Cardpocalypse Standard Edition
2026-08-28 01:03:55,918 - INFO - 💰 Price Search: Epic Mage Bundle
2026-08-28 01:03:56,945 - WARNING - Price error for Epic Mage Bundle: string indices must be integers, not 'str'
2026-08-28 01:03:56,945 - INFO - 🏢 Publisher Search: Epic Mage Bundle
2026-08-28 01:03:58,417 - INFO - 📅 Fetching Basic Metadata: Epic Mage Bundle
2026-08-28 01:03:58,867 - INFO - 💰 Price Search: Rival Stars Horse Racing : Desktop Edition
2026-08-28 01:03:59,894 - WARNING - Price error for Rival Stars Horse Racing : Desktop Edition: string indices must be integers, not 'str'
2026-08-28 01:03:59,894 - INFO - 🏢 Publisher Search: Rival Stars Horse Racing : Desktop Edition
2026-08-28 01:04:01,314 - INFO - 📅 Fetching Basic Metadata: Rival Stars Horse Racing : Desktop Edition
2026-08-28 01:04:01,408 - INFO - 🎯 IGDB Match: 'Rival Stars Horse Racing: Desktop Edition' (99%)
2026-08-28 01:04:01,409 - INFO - 🔗 Searching Franchise Context: Rival Stars Horse Racing : Desktop Edition
2026-08-28 01:04:01,583 - INFO - 📡 Fallback to IGDB for Rival Stars Horse Racing : Desktop Edition
2026-08-28 01:04:01,988 - INFO - 
--- Starting Data Quality Checks ---
2026-08-28 01:04:01,998 - INFO - --- Data Quality Checks Complete ---

2026-08-28 01:04:02,020 - INFO - | Metric | Statistics |
| :--- | :--- |
| 💰 **Total Market Value** | **$13,332.99** |
| 📦 **Total Games Collected** | 700 |
| 🏷️ **Average Retail Price** | $22.09 per game |
| 💎 **Most Expensive Title** | Civilization 6 Platinum Edition ($79.99) |
| 👑 **MVP Publisher** | Bethesda Softworks |
| 🏢 **Value Leaders** | 2K ($579.90), Bethesda Softworks ($544.80), Paradox Interactive ($409.89) |
| 📈 **Inflation-Adjusted Value** | $15,130.23 |
| 🎈 **Inflation Bonus** | **+$1,797.24** in purchasing power |
| 🗓️ **Peak Saving Month** | 🎄 **Seasonality Peak:** December is historically the best month, offering $3,388.17 in savings. |
| ⭐ **Average Score** | 76.9/100 |
| 💳 **Subscription Equivalent** | **$168.05 / mo** |
| 🎯 **Prestige Ratio** | **2.0%** (Strategic Hype) |
| 🏎️ **Lead Time Avg** | 441 Days to Sequel |

2026-08-28 01:04:02,021 - INFO - ✅ README.md updated.
2026-08-28 01:04:02,039 - INFO - Using categorical units to plot a list of strings that are all parsable as floats or dates. If these strings should be plotted as numbers, cast to the appropriate data type before plotting.
2026-08-28 01:04:02,039 - INFO - Using categorical units to plot a list of strings that are all parsable as floats or dates. If these strings should be plotted as numbers, cast to the appropriate data type before plotting.
2026-08-28 01:04:06,537 - INFO - 📈 All charts generated successfully.
