2026-09-29 20:57:48,213 - INFO - Failed to extract font properties from /usr/share/fonts/truetype/noto/NotoColorEmoji.ttf: Non-scalable fonts are not supported
2026-09-29 20:57:48,272 - INFO - generated new fontManager
2026-09-29 20:57:48,623 - INFO - ✅ Migration Successful!
2026-09-29 20:57:49,515 - INFO - No new games found.
2026-09-29 20:57:49,861 - INFO - 🔍 Found 630 games needing metadata. Starting IGDB + Steam + CheapShark enrichment...
2026-09-29 20:57:49,956 - INFO - 📅 Fetching Basic Metadata: LEGO Batman Trilogy
2026-09-29 20:57:50,347 - INFO - 🎯 IGDB Match: 'LEGO Batman Trilogy' (100%)
2026-09-29 20:57:50,370 - INFO - 📅 Fetching Basic Metadata: Antstream
2026-09-29 20:57:50,603 - INFO - 📅 Fetching Basic Metadata: The Drone Racing League Simulator
2026-09-29 20:57:50,861 - INFO - 🎯 IGDB Match: 'The Drone Racing League Simulator' (100%)
2026-09-29 20:57:50,869 - INFO - 📅 Fetching Basic Metadata: Dark Deity
2026-09-29 20:57:51,013 - INFO - 🎯 IGDB Match: 'Dark Deity' (100%)
2026-09-29 20:57:51,020 - INFO - 📅 Fetching Basic Metadata: RPG in a Box
2026-09-29 20:57:51,280 - INFO - 🎯 IGDB Match: 'RPG in a Box' (100%)
2026-09-29 20:57:51,287 - INFO - 📅 Fetching Basic Metadata: Fallout Classic Collection
2026-09-29 20:57:51,502 - INFO - 🎯 IGDB Match: 'Fallout Classic Collection' (100%)
2026-09-29 20:57:51,549 - INFO - 📅 Fetching Basic Metadata: Recipe for Disaster
2026-09-29 20:57:51,762 - INFO - 🎯 IGDB Match: 'Recipe For Disaster' (100%)
2026-09-29 20:57:51,770 - INFO - 📅 Fetching Basic Metadata: World of Warships — Starter Pack: Ishizuchi
2026-09-29 20:57:52,052 - INFO - 🎯 IGDB Match: 'World of Warships: Starter Pack - Ishizuchi' (98%)
2026-09-29 20:57:52,060 - INFO - 📅 Fetching Basic Metadata: Poker Club
2026-09-29 20:57:52,278 - INFO - 🎯 IGDB Match: 'Poker Club' (100%)
2026-09-29 20:57:52,286 - INFO - 📅 Fetching Basic Metadata: The Sims 4 The Daring Lifestyle Bundle
2026-09-29 20:57:52,457 - INFO - 🎯 IGDB Match: 'The Sims 4: The Daring Lifestyle Bundle' (99%)
2026-09-29 20:57:52,466 - INFO - 📅 Fetching Basic Metadata: Dodo Peak
2026-09-29 20:57:52,733 - INFO - 🎯 IGDB Match: 'Dodo Peak' (100%)
2026-09-29 20:57:52,740 - INFO - 📅 Fetching Basic Metadata: Spelldrifter
2026-09-29 20:57:52,857 - INFO - 🎯 IGDB Match: 'Spelldrifter' (100%)
2026-09-29 20:57:52,864 - INFO - 📅 Fetching Basic Metadata: Model Builder
2026-09-29 20:57:53,009 - INFO - 🎯 IGDB Match: 'Model Builder' (100%)
2026-09-29 20:57:53,016 - INFO - 📅 Fetching Basic Metadata: Godlike Burger
2026-09-29 20:57:53,188 - INFO - 🎯 IGDB Match: 'Godlike Burger' (100%)
2026-09-29 20:57:53,194 - INFO - 📅 Fetching Basic Metadata: Q.U.B.E. Ultimate Bundle
2026-09-29 20:57:53,325 - INFO - 🎯 IGDB Match: 'Q.U.B.E. Ultimate Bundle' (100%)
2026-09-29 20:57:53,333 - INFO - 📅 Fetching Basic Metadata: Jitsu Squad
2026-09-29 20:57:53,518 - INFO - 🎯 IGDB Match: 'Jitsu Squad' (100%)
2026-09-29 20:57:53,525 - INFO - 📅 Fetching Basic Metadata: Mighty Fight Federation
2026-09-29 20:57:53,641 - INFO - 🎯 IGDB Match: 'Mighty Fight Federation' (100%)
2026-09-29 20:57:53,651 - INFO - 📅 Fetching Basic Metadata: LOVE
2026-09-29 20:57:53,851 - INFO - 🎯 IGDB Match: 'Love Love Love' (90%)
2026-09-29 20:57:53,859 - INFO - 📅 Fetching Basic Metadata: Call of The Wild: The Angler
2026-09-29 20:57:54,007 - INFO - 🎯 IGDB Match: 'Call of the Wild: The Angler' (100%)
2026-09-29 20:57:54,016 - INFO - 📅 Fetching Basic Metadata: The Falconeer
2026-09-29 20:57:54,132 - INFO - 🎯 IGDB Match: 'The Falconeer: The Hunter' (90%)
2026-09-29 20:57:54,139 - INFO - 📅 Fetching Basic Metadata: Rawmen: Food Fighter Arena
2026-09-29 20:57:54,255 - INFO - 🎯 IGDB Match: 'Rawmen' (90%)
2026-09-29 20:57:54,263 - INFO - 📅 Fetching Basic Metadata: World of Warships – Starter Pack: Albany
2026-09-29 20:57:54,417 - INFO - 📅 Fetching Basic Metadata: Fallout Classic Edition
2026-09-29 20:57:54,714 - INFO - 📅 Fetching Basic Metadata: Outliver: Tribulation
2026-09-29 20:57:54,836 - INFO - 🎯 IGDB Match: 'Outliver: Tribulation' (100%)
2026-09-29 20:57:54,844 - INFO - 📅 Fetching Basic Metadata: Bus Simulator 21 Next Stop
2026-09-29 20:57:54,964 - INFO - 🎯 IGDB Match: 'Bus Simulator 21: Next Stop' (98%)
2026-09-29 20:57:54,972 - INFO - 📅 Fetching Basic Metadata: Turmoil
2026-09-29 20:57:55,219 - INFO - 🎯 IGDB Match: 'Turmoil' (100%)
2026-09-29 20:57:55,227 - INFO - 📅 Fetching Basic Metadata: World War Z Aftermath
2026-09-29 20:57:55,417 - INFO - 🎯 IGDB Match: 'World War Z: Aftermath' (98%)
2026-09-29 20:57:55,424 - INFO - 📅 Fetching Basic Metadata: World Of Warships – Anniversary Party Flavor
2026-09-29 20:57:55,554 - INFO - 📅 Fetching Basic Metadata: Neko Ghost, Jump!
2026-09-29 20:57:55,740 - WARNING - IGDB Error for Neko Ghost, Jump!: string indices must be integers, not 'str'
2026-09-29 20:57:55,748 - INFO - 📅 Fetching Basic Metadata: Super Space Club
2026-09-29 20:57:55,947 - WARNING - IGDB Error for Super Space Club: string indices must be integers, not 'str'
2026-09-29 20:57:55,954 - INFO - 📅 Fetching Basic Metadata: Touch Type Tale
2026-09-29 20:57:56,067 - WARNING - IGDB Error for Touch Type Tale: string indices must be integers, not 'str'
2026-09-29 20:57:56,075 - INFO - 📅 Fetching Basic Metadata: Gigapocalypse
2026-09-29 20:57:56,185 - WARNING - IGDB Error for Gigapocalypse: string indices must be integers, not 'str'
2026-09-29 20:57:56,194 - INFO - 📅 Fetching Basic Metadata: Legion TD2
2026-09-29 20:57:56,329 - WARNING - IGDB Error for Legion TD2: string indices must be integers, not 'str'
2026-09-29 20:57:56,338 - INFO - 📅 Fetching Basic Metadata: Nightingale
2026-09-29 20:57:56,459 - INFO - 🎯 IGDB Match: 'Nightingale' (100%)
2026-09-29 20:57:56,467 - INFO - 📅 Fetching Basic Metadata: Godzilla Voxel Wars
2026-09-29 20:57:56,584 - INFO - 🎯 IGDB Match: 'Godzilla Voxel Wars' (100%)
2026-09-29 20:57:56,647 - INFO - 📅 Fetching Basic Metadata: Trine Classic Collection
2026-09-29 20:57:56,796 - INFO - 🎯 IGDB Match: 'Trine Classic Collection' (100%)
2026-09-29 20:57:56,804 - INFO - 📅 Fetching Basic Metadata: Poison Retro Set
2026-09-29 20:57:56,924 - INFO - 🎯 IGDB Match: 'Pixel Gun 3D: Poison Retro Set' (90%)
2026-09-29 20:57:56,931 - INFO - 📅 Fetching Basic Metadata: The Darkside Detective A Fumble in the Dark
2026-09-29 20:57:57,061 - INFO - 🎯 IGDB Match: 'The Darkside Detective: A Fumble in the Dark' (99%)
2026-09-29 20:57:57,069 - INFO - 📅 Fetching Basic Metadata: Return to Ash
2026-09-29 20:57:57,228 - INFO - 🎯 IGDB Match: 'Return to Ash' (100%)
2026-09-29 20:57:57,235 - INFO - 🏢 Publisher Search: STALCRAFT: X Starter Edition
2026-09-29 20:57:58,703 - INFO - 📅 Fetching Basic Metadata: STALCRAFT: X Starter Edition
2026-09-29 20:57:58,831 - INFO - 📅 Fetching Basic Metadata: Boxes: Lost Fragments
2026-09-29 20:57:58,962 - INFO - 🎯 IGDB Match: 'Boxes: Lost Fragments' (100%)
2026-09-29 20:57:58,969 - INFO - 📅 Fetching Basic Metadata: My Night Job
2026-09-29 20:57:59,177 - INFO - 🎯 IGDB Match: 'My Night Job' (100%)
2026-09-29 20:57:59,184 - INFO - 📅 Fetching Basic Metadata: Electrician Simulator
2026-09-29 20:57:59,300 - INFO - 🎯 IGDB Match: 'Electrician Simulator' (100%)
2026-09-29 20:57:59,307 - INFO - 🏢 Publisher Search: World of Warships — Epic Anniversary Tachibana Pack
2026-09-29 20:58:00,783 - INFO - 📅 Fetching Basic Metadata: World of Warships — Epic Anniversary Tachibana Pack
2026-09-29 20:58:01,000 - INFO - 📅 Fetching Basic Metadata: Hyper Echelon
2026-09-29 20:58:01,290 - INFO - 🎯 IGDB Match: 'Hyper Echelon' (100%)
2026-09-29 20:58:01,297 - INFO - 📅 Fetching Basic Metadata: Havendock
2026-09-29 20:58:01,421 - INFO - 🎯 IGDB Match: 'Havendock' (100%)
2026-09-29 20:58:01,428 - INFO - 📅 Fetching Basic Metadata: Clone Drone in the Danger Zone
2026-09-29 20:58:01,626 - INFO - 🎯 IGDB Match: 'Clone Drone in the Danger Zone' (100%)
2026-09-29 20:58:01,632 - INFO - 🏢 Publisher Search: TOMAK: Save the Earth Regeneration
2026-09-29 20:58:03,184 - INFO - 📅 Fetching Basic Metadata: TOMAK: Save the Earth Regeneration
2026-09-29 20:58:03,311 - INFO - 🎯 IGDB Match: 'Tomak: Save the Earth Regeneration' (100%)
2026-09-29 20:58:03,317 - INFO - 📅 Fetching Basic Metadata: Prop Sumo
2026-09-29 20:58:03,515 - INFO - 🎯 IGDB Match: 'Prop Sumo' (100%)
2026-09-29 20:58:03,522 - INFO - 📅 Fetching Basic Metadata: The Stone of Madness
2026-09-29 20:58:03,680 - INFO - 🎯 IGDB Match: 'The Stone of Madness' (100%)
2026-09-29 20:58:03,687 - INFO - 📅 Fetching Basic Metadata: Firestone Online Idle RPG
2026-09-29 20:58:03,891 - INFO - 🎯 IGDB Match: 'Firestone: Online Idle RPG' (98%)
2026-09-29 20:58:03,898 - INFO - 📅 Fetching Basic Metadata: Oddsparks: An Automation Adventure
2026-09-29 20:58:04,176 - INFO - 🎯 IGDB Match: 'Oddsparks: An Automation Adventure' (100%)
2026-09-29 20:58:04,183 - INFO - 📅 Fetching Basic Metadata: Trash Goblin
2026-09-29 20:58:04,388 - INFO - 🎯 IGDB Match: 'Trash Goblin' (100%)
2026-09-29 20:58:04,394 - INFO - 🏢 Publisher Search: The Telltale Batman Shadows Edition
2026-09-29 20:58:05,827 - INFO - 📅 Fetching Basic Metadata: The Telltale Batman Shadows Edition
2026-09-29 20:58:05,948 - INFO - 🎯 IGDB Match: 'Telltale Batman Shadows Edition' (95%)
2026-09-29 20:58:05,955 - INFO - 🏢 Publisher Search: Sunderfolk - Standard Edition
2026-09-29 20:58:07,452 - INFO - 📅 Fetching Basic Metadata: Sunderfolk - Standard Edition
2026-09-29 20:58:07,654 - INFO - 📅 Fetching Basic Metadata: Down in Bermuda
2026-09-29 20:58:07,859 - INFO - 🎯 IGDB Match: 'Down in Bermuda' (100%)
2026-09-29 20:58:07,866 - INFO - 📅 Fetching Basic Metadata: Tomb Raider I-III Remastered Starring Lara Croft
2026-09-29 20:58:07,995 - INFO - 📅 Fetching Basic Metadata: LONESTAR
2026-09-29 20:58:08,206 - INFO - 🎯 IGDB Match: 'LoneStar' (100%)
2026-09-29 20:58:08,213 - INFO - 📅 Fetching Basic Metadata: Calico
2026-09-29 20:58:08,356 - INFO - 🎯 IGDB Match: 'Calico' (100%)
2026-09-29 20:58:08,363 - INFO - 📅 Fetching Basic Metadata: Rogue Waters
2026-09-29 20:58:08,481 - INFO - 🎯 IGDB Match: 'Rogue Waters' (100%)
2026-09-29 20:58:08,488 - INFO - 📅 Fetching Basic Metadata: The Ouroboros King
2026-09-29 20:58:08,688 - INFO - 🎯 IGDB Match: 'The Ouroboros King' (100%)
2026-09-29 20:58:08,695 - INFO - 🏢 Publisher Search: Warhammer 40K Speed Freeks
2026-09-29 20:58:10,129 - INFO - 📅 Fetching Basic Metadata: I Have No Mouth, and I Must Scream
2026-09-29 20:58:10,338 - INFO - 🎯 IGDB Match: 'I Have No Mouth, and I Must Scream' (100%)
2026-09-29 20:58:10,345 - INFO - 📅 Fetching Basic Metadata: Nova Lands
2026-09-29 20:58:10,556 - INFO - 🎯 IGDB Match: 'Nova Lands' (100%)
2026-09-29 20:58:10,563 - INFO - 📅 Fetching Basic Metadata: Tattoo Tycoon
2026-09-29 20:58:10,688 - INFO - 🎯 IGDB Match: 'Tattoo Tycoon' (100%)
2026-09-29 20:58:10,695 - INFO - 📅 Fetching Basic Metadata: Echo Generation: Midnight Edition
2026-09-29 20:58:10,809 - INFO - 🎯 IGDB Match: 'Echo Generation: Midnight Edition' (100%)
2026-09-29 20:58:10,816 - INFO - 💰 Price Search: Foretales
2026-09-29 20:58:11,955 - WARNING - Price error for Foretales: string indices must be integers, not 'str'
2026-09-29 20:58:11,956 - INFO - 📅 Fetching Basic Metadata: Foretales
2026-09-29 20:58:12,075 - INFO - 🎯 IGDB Match: 'Foretales' (100%)
2026-09-29 20:58:12,091 - INFO - 💰 Price Search: OTXO
2026-09-29 20:58:13,157 - WARNING - Price error for OTXO: string indices must be integers, not 'str'
2026-09-29 20:58:13,158 - INFO - 💰 Price Search: Sol Cesto
2026-09-29 20:58:14,275 - WARNING - Price error for Sol Cesto: string indices must be integers, not 'str'
2026-09-29 20:58:14,276 - INFO - 📅 Fetching Basic Metadata: Sol Cesto
2026-09-29 20:58:14,398 - INFO - 🎯 IGDB Match: 'Sol Cesto' (100%)
2026-09-29 20:58:14,405 - INFO - 💰 Price Search: Beacon Pines
2026-09-29 20:58:15,478 - WARNING - Price error for Beacon Pines: string indices must be integers, not 'str'
2026-09-29 20:58:15,479 - INFO - 💰 Price Search: Caravan SandWitch
2026-09-29 20:58:16,545 - WARNING - Price error for Caravan SandWitch: string indices must be integers, not 'str'
2026-09-29 20:58:16,550 - INFO - 💰 Price Search: Cardpocalypse Standard Edition
2026-09-29 20:58:17,609 - WARNING - Price error for Cardpocalypse Standard Edition: string indices must be integers, not 'str'
2026-09-29 20:58:17,609 - INFO - 🏢 Publisher Search: Cardpocalypse Standard Edition
2026-09-29 20:58:19,131 - INFO - 📅 Fetching Basic Metadata: Cardpocalypse Standard Edition
2026-09-29 20:58:19,369 - INFO - 💰 Price Search: Epic Mage Bundle
2026-09-29 20:58:20,447 - WARNING - Price error for Epic Mage Bundle: string indices must be integers, not 'str'
2026-09-29 20:58:20,448 - INFO - 🏢 Publisher Search: Epic Mage Bundle
2026-09-29 20:58:21,913 - INFO - 📅 Fetching Basic Metadata: Epic Mage Bundle
2026-09-29 20:58:22,123 - INFO - 💰 Price Search: Rival Stars Horse Racing : Desktop Edition
2026-09-29 20:58:23,198 - WARNING - Price error for Rival Stars Horse Racing : Desktop Edition: string indices must be integers, not 'str'
2026-09-29 20:58:23,199 - INFO - 🏢 Publisher Search: Rival Stars Horse Racing : Desktop Edition
2026-09-29 20:58:24,663 - INFO - 📅 Fetching Basic Metadata: Rival Stars Horse Racing : Desktop Edition
2026-09-29 20:58:24,778 - INFO - 🎯 IGDB Match: 'Rival Stars Horse Racing: Desktop Edition' (99%)
2026-09-29 20:58:24,791 - INFO - 💰 Price Search: Alone With You
2026-09-29 20:58:25,881 - WARNING - Price error for Alone With You: string indices must be integers, not 'str'
2026-09-29 20:58:25,882 - INFO - 📅 Fetching Basic Metadata: Alone With You
2026-09-29 20:58:26,020 - INFO - 🎯 IGDB Match: 'Alone With You' (100%)
2026-09-29 20:58:26,028 - INFO - 💰 Price Search: Luftrausers
2026-09-29 20:58:27,085 - WARNING - Price error for Luftrausers: string indices must be integers, not 'str'
2026-09-29 20:58:27,086 - INFO - 💰 Price Search: Astral Ascent
2026-09-29 20:58:28,148 - WARNING - Price error for Astral Ascent: string indices must be integers, not 'str'
2026-09-29 20:58:28,149 - INFO - 💰 Price Search: Mindcop
2026-09-29 20:58:29,203 - WARNING - Price error for Mindcop: string indices must be integers, not 'str'
2026-09-29 20:58:29,204 - INFO - 💰 Price Search: Shogun Showdown
2026-09-29 20:58:30,278 - WARNING - Price error for Shogun Showdown: string indices must be integers, not 'str'
2026-09-29 20:58:30,279 - INFO - 💰 Price Search: Astrea Six Sided Oracles
2026-09-29 20:58:31,366 - WARNING - Price error for Astrea Six Sided Oracles: string indices must be integers, not 'str'
2026-09-29 20:58:31,367 - INFO - 💰 Price Search: Mechabellum
2026-09-29 20:58:32,426 - WARNING - Price error for Mechabellum: string indices must be integers, not 'str'
2026-09-29 20:58:32,426 - INFO - 📅 Fetching Basic Metadata: Mechabellum
2026-09-29 20:58:32,623 - INFO - 🎯 IGDB Match: 'Mechabellum' (100%)
2026-09-29 20:58:32,635 - INFO - 
--- Starting Data Quality Checks ---
2026-09-29 20:58:32,648 - INFO - --- Data Quality Checks Complete ---

2026-09-29 20:58:32,676 - INFO - | Metric | Statistics |
| :--- | :--- |
| 💰 **Total Market Value** | **$13,332.99** |
| 📦 **Total Games Collected** | 707 |
| 🏷️ **Average Retail Price** | $21.87 per game |
| 💎 **Most Expensive Title** | Civilization 6 Platinum Edition ($79.99) |
| 👑 **MVP Publisher** | Bethesda Softworks |
| 🏢 **Value Leaders** | 2K ($579.90), Bethesda Softworks ($544.80), Paradox Interactive ($409.89) |
| 📈 **Inflation-Adjusted Value** | $15,130.23 |
| 🎈 **Inflation Bonus** | **+$1,797.24** in purchasing power |
| 🗓️ **Peak Saving Month** | 🎄 **Seasonality Peak:** December is historically the best month, offering $3,388.17 in savings. |
| ⭐ **Average Score** | 77.0/100 |
| 💳 **Subscription Equivalent** | **$166.24 / mo** |
| 🎯 **Prestige Ratio** | **2.0%** (Strategic Hype) |
| 🏎️ **Lead Time Avg** | 441 Days to Sequel |

2026-09-29 20:58:32,676 - INFO - ✅ README.md updated.
2026-09-29 20:58:32,699 - INFO - Using categorical units to plot a list of strings that are all parsable as floats or dates. If these strings should be plotted as numbers, cast to the appropriate data type before plotting.
2026-09-29 20:58:32,700 - INFO - Using categorical units to plot a list of strings that are all parsable as floats or dates. If these strings should be plotted as numbers, cast to the appropriate data type before plotting.
2026-09-29 20:58:38,472 - INFO - 📈 All charts generated successfully.
