2026-09-11 19:13:12,172 - INFO - Failed to extract font properties from /usr/share/fonts/truetype/noto/NotoColorEmoji.ttf: Non-scalable fonts are not supported
2026-09-11 19:13:12,967 - INFO - generated new fontManager
2026-09-11 19:13:13,321 - INFO - ✅ Migration Successful!
2026-09-11 19:13:13,637 - INFO - No new games found.
2026-09-11 19:13:13,910 - INFO - 🔍 Found 626 games needing metadata. Starting IGDB + Steam + CheapShark enrichment...
2026-09-11 19:13:14,009 - INFO - 📅 Fetching Basic Metadata: LEGO Batman Trilogy
2026-09-11 19:13:14,179 - INFO - 🎯 IGDB Match: 'LEGO Batman Trilogy' (100%)
2026-09-11 19:13:14,208 - INFO - 📅 Fetching Basic Metadata: Antstream
2026-09-11 19:13:14,305 - INFO - 📅 Fetching Basic Metadata: The Drone Racing League Simulator
2026-09-11 19:13:14,389 - INFO - 🎯 IGDB Match: 'The Drone Racing League Simulator' (100%)
2026-09-11 19:13:14,398 - INFO - 📅 Fetching Basic Metadata: Dark Deity
2026-09-11 19:13:14,509 - INFO - 🎯 IGDB Match: 'Dark Deity' (100%)
2026-09-11 19:13:14,516 - INFO - 📅 Fetching Basic Metadata: RPG in a Box
2026-09-11 19:13:14,589 - INFO - 🎯 IGDB Match: 'RPG in a Box' (100%)
2026-09-11 19:13:14,597 - INFO - 📅 Fetching Basic Metadata: Fallout Classic Collection
2026-09-11 19:13:14,686 - INFO - 🎯 IGDB Match: 'Fallout Classic Collection' (100%)
2026-09-11 19:13:14,695 - INFO - 📅 Fetching Basic Metadata: Recipe for Disaster
2026-09-11 19:13:14,770 - INFO - 🎯 IGDB Match: 'Recipe For Disaster' (100%)
2026-09-11 19:13:14,777 - INFO - 📅 Fetching Basic Metadata: World of Warships — Starter Pack: Ishizuchi
2026-09-11 19:13:14,857 - INFO - 🎯 IGDB Match: 'World of Warships: Starter Pack - Ishizuchi' (98%)
2026-09-11 19:13:14,864 - INFO - 📅 Fetching Basic Metadata: Poker Club
2026-09-11 19:13:14,951 - INFO - 🎯 IGDB Match: 'Poker Club' (100%)
2026-09-11 19:13:14,958 - INFO - 📅 Fetching Basic Metadata: The Sims 4 The Daring Lifestyle Bundle
2026-09-11 19:13:15,030 - INFO - 🎯 IGDB Match: 'The Sims 4: The Daring Lifestyle Bundle' (99%)
2026-09-11 19:13:15,038 - INFO - 📅 Fetching Basic Metadata: Dodo Peak
2026-09-11 19:13:15,114 - INFO - 🎯 IGDB Match: 'Dodo Peak' (100%)
2026-09-11 19:13:15,121 - INFO - 📅 Fetching Basic Metadata: Spelldrifter
2026-09-11 19:13:15,193 - INFO - 🎯 IGDB Match: 'Spelldrifter' (100%)
2026-09-11 19:13:15,200 - INFO - 📅 Fetching Basic Metadata: Model Builder
2026-09-11 19:13:15,267 - INFO - 🎯 IGDB Match: 'Model Builder' (100%)
2026-09-11 19:13:15,274 - INFO - 📅 Fetching Basic Metadata: Godlike Burger
2026-09-11 19:13:15,341 - INFO - 🎯 IGDB Match: 'Godlike Burger' (100%)
2026-09-11 19:13:15,348 - INFO - 📅 Fetching Basic Metadata: Q.U.B.E. Ultimate Bundle
2026-09-11 19:13:15,441 - INFO - 🎯 IGDB Match: 'Q.U.B.E. Ultimate Bundle' (100%)
2026-09-11 19:13:15,449 - INFO - 📅 Fetching Basic Metadata: Jitsu Squad
2026-09-11 19:13:15,527 - INFO - 🎯 IGDB Match: 'Jitsu Squad' (100%)
2026-09-11 19:13:15,534 - INFO - 📅 Fetching Basic Metadata: Mighty Fight Federation
2026-09-11 19:13:15,609 - INFO - 🎯 IGDB Match: 'Mighty Fight Federation' (100%)
2026-09-11 19:13:15,619 - INFO - 📅 Fetching Basic Metadata: LOVE
2026-09-11 19:13:15,720 - INFO - 🎯 IGDB Match: 'Love Love Love' (90%)
2026-09-11 19:13:15,728 - INFO - 📅 Fetching Basic Metadata: Call of The Wild: The Angler
2026-09-11 19:13:15,799 - INFO - 🎯 IGDB Match: 'Call of the Wild: The Angler' (100%)
2026-09-11 19:13:15,808 - INFO - 📅 Fetching Basic Metadata: The Falconeer
2026-09-11 19:13:15,882 - INFO - 🎯 IGDB Match: 'The Falconeer: The Hunter' (90%)
2026-09-11 19:13:15,889 - INFO - 📅 Fetching Basic Metadata: Rawmen: Food Fighter Arena
2026-09-11 19:13:15,961 - INFO - 🎯 IGDB Match: 'Rawmen' (90%)
2026-09-11 19:13:15,968 - INFO - 📅 Fetching Basic Metadata: World of Warships – Starter Pack: Albany
2026-09-11 19:13:16,027 - WARNING - IGDB Error for World of Warships – Starter Pack: Albany: string indices must be integers, not 'str'
2026-09-11 19:13:16,034 - INFO - 📅 Fetching Basic Metadata: Fallout Classic Edition
2026-09-11 19:13:16,091 - WARNING - IGDB Error for Fallout Classic Edition: string indices must be integers, not 'str'
2026-09-11 19:13:16,099 - INFO - 📅 Fetching Basic Metadata: Outliver: Tribulation
2026-09-11 19:13:16,169 - WARNING - IGDB Error for Outliver: Tribulation: string indices must be integers, not 'str'
2026-09-11 19:13:16,177 - INFO - 📅 Fetching Basic Metadata: Bus Simulator 21 Next Stop
2026-09-11 19:13:16,233 - WARNING - IGDB Error for Bus Simulator 21 Next Stop: string indices must be integers, not 'str'
2026-09-11 19:13:16,242 - INFO - 📅 Fetching Basic Metadata: Turmoil
2026-09-11 19:13:16,296 - WARNING - IGDB Error for Turmoil: string indices must be integers, not 'str'
2026-09-11 19:13:16,304 - INFO - 📅 Fetching Basic Metadata: World War Z Aftermath
2026-09-11 19:13:16,361 - WARNING - IGDB Error for World War Z Aftermath: string indices must be integers, not 'str'
2026-09-11 19:13:16,368 - INFO - 📅 Fetching Basic Metadata: World Of Warships – Anniversary Party Flavor
2026-09-11 19:13:16,421 - WARNING - IGDB Error for World Of Warships – Anniversary Party Flavor: string indices must be integers, not 'str'
2026-09-11 19:13:16,428 - INFO - 📅 Fetching Basic Metadata: Neko Ghost, Jump!
2026-09-11 19:13:16,489 - WARNING - IGDB Error for Neko Ghost, Jump!: string indices must be integers, not 'str'
2026-09-11 19:13:16,496 - INFO - 📅 Fetching Basic Metadata: Super Space Club
2026-09-11 19:13:16,556 - WARNING - IGDB Error for Super Space Club: string indices must be integers, not 'str'
2026-09-11 19:13:16,563 - INFO - 📅 Fetching Basic Metadata: Touch Type Tale
2026-09-11 19:13:16,637 - WARNING - IGDB Error for Touch Type Tale: string indices must be integers, not 'str'
2026-09-11 19:13:16,644 - INFO - 📅 Fetching Basic Metadata: Gigapocalypse
2026-09-11 19:13:16,725 - WARNING - IGDB Error for Gigapocalypse: string indices must be integers, not 'str'
2026-09-11 19:13:16,734 - INFO - 📅 Fetching Basic Metadata: Legion TD2
2026-09-11 19:13:16,840 - WARNING - IGDB Error for Legion TD2: string indices must be integers, not 'str'
2026-09-11 19:13:16,849 - INFO - 📅 Fetching Basic Metadata: Nightingale
2026-09-11 19:13:16,905 - WARNING - IGDB Error for Nightingale: string indices must be integers, not 'str'
2026-09-11 19:13:16,913 - INFO - 📅 Fetching Basic Metadata: Godzilla Voxel Wars
2026-09-11 19:13:16,974 - WARNING - IGDB Error for Godzilla Voxel Wars: string indices must be integers, not 'str'
2026-09-11 19:13:16,983 - INFO - 📅 Fetching Basic Metadata: Trine Classic Collection
2026-09-11 19:13:17,042 - WARNING - IGDB Error for Trine Classic Collection: string indices must be integers, not 'str'
2026-09-11 19:13:17,050 - INFO - 📅 Fetching Basic Metadata: Poison Retro Set
2026-09-11 19:13:17,142 - WARNING - IGDB Error for Poison Retro Set: string indices must be integers, not 'str'
2026-09-11 19:13:17,149 - INFO - 📅 Fetching Basic Metadata: The Darkside Detective A Fumble in the Dark
2026-09-11 19:13:17,208 - WARNING - IGDB Error for The Darkside Detective A Fumble in the Dark: string indices must be integers, not 'str'
2026-09-11 19:13:17,215 - INFO - 📅 Fetching Basic Metadata: Return to Ash
2026-09-11 19:13:17,270 - WARNING - IGDB Error for Return to Ash: string indices must be integers, not 'str'
2026-09-11 19:13:17,277 - INFO - 🏢 Publisher Search: STALCRAFT: X Starter Edition
2026-09-11 19:13:18,609 - INFO - 📅 Fetching Basic Metadata: STALCRAFT: X Starter Edition
2026-09-11 19:13:18,713 - INFO - 📅 Fetching Basic Metadata: Boxes: Lost Fragments
2026-09-11 19:13:18,779 - INFO - 🎯 IGDB Match: 'Boxes: Lost Fragments' (100%)
2026-09-11 19:13:18,786 - INFO - 📅 Fetching Basic Metadata: My Night Job
2026-09-11 19:13:18,896 - INFO - 🎯 IGDB Match: 'My Night Job' (100%)
2026-09-11 19:13:18,904 - INFO - 📅 Fetching Basic Metadata: Electrician Simulator
2026-09-11 19:13:18,974 - INFO - 🎯 IGDB Match: 'Electrician Simulator' (100%)
2026-09-11 19:13:18,981 - INFO - 🏢 Publisher Search: World of Warships — Epic Anniversary Tachibana Pack
2026-09-11 19:13:20,443 - INFO - 📅 Fetching Basic Metadata: World of Warships — Epic Anniversary Tachibana Pack
2026-09-11 19:13:20,538 - INFO - 📅 Fetching Basic Metadata: Hyper Echelon
2026-09-11 19:13:20,622 - INFO - 🎯 IGDB Match: 'Hyper Echelon' (100%)
2026-09-11 19:13:20,629 - INFO - 📅 Fetching Basic Metadata: Havendock
2026-09-11 19:13:20,720 - INFO - 🎯 IGDB Match: 'Havendock' (100%)
2026-09-11 19:13:20,727 - INFO - 📅 Fetching Basic Metadata: Clone Drone in the Danger Zone
2026-09-11 19:13:20,798 - INFO - 🎯 IGDB Match: 'Clone Drone in the Danger Zone' (100%)
2026-09-11 19:13:20,805 - INFO - 🏢 Publisher Search: TOMAK: Save the Earth Regeneration
2026-09-11 19:13:22,105 - INFO - 📅 Fetching Basic Metadata: TOMAK: Save the Earth Regeneration
2026-09-11 19:13:22,181 - INFO - 🎯 IGDB Match: 'Tomak: Save the Earth Regeneration' (100%)
2026-09-11 19:13:22,188 - INFO - 📅 Fetching Basic Metadata: Prop Sumo
2026-09-11 19:13:22,264 - INFO - 🎯 IGDB Match: 'Prop Sumo' (100%)
2026-09-11 19:13:22,270 - INFO - 📅 Fetching Basic Metadata: The Stone of Madness
2026-09-11 19:13:22,336 - INFO - 🎯 IGDB Match: 'The Stone of Madness' (100%)
2026-09-11 19:13:22,343 - INFO - 📅 Fetching Basic Metadata: Firestone Online Idle RPG
2026-09-11 19:13:22,493 - INFO - 🎯 IGDB Match: 'Firestone: Online Idle RPG' (98%)
2026-09-11 19:13:22,500 - INFO - 📅 Fetching Basic Metadata: Oddsparks: An Automation Adventure
2026-09-11 19:13:22,644 - INFO - 🎯 IGDB Match: 'Oddsparks: An Automation Adventure' (100%)
2026-09-11 19:13:22,650 - INFO - 📅 Fetching Basic Metadata: Trash Goblin
2026-09-11 19:13:22,734 - INFO - 🎯 IGDB Match: 'Trash Goblin' (100%)
2026-09-11 19:13:22,741 - INFO - 🏢 Publisher Search: The Telltale Batman Shadows Edition
2026-09-11 19:13:24,071 - INFO - 📅 Fetching Basic Metadata: The Telltale Batman Shadows Edition
2026-09-11 19:13:24,142 - INFO - 🎯 IGDB Match: 'Telltale Batman Shadows Edition' (95%)
2026-09-11 19:13:24,149 - INFO - 🏢 Publisher Search: Sunderfolk - Standard Edition
2026-09-11 19:13:25,446 - INFO - 📅 Fetching Basic Metadata: Sunderfolk - Standard Edition
2026-09-11 19:13:25,562 - INFO - 📅 Fetching Basic Metadata: Down in Bermuda
2026-09-11 19:13:25,639 - INFO - 🎯 IGDB Match: 'Down in Bermuda' (100%)
2026-09-11 19:13:25,645 - INFO - 📅 Fetching Basic Metadata: Tomb Raider I-III Remastered Starring Lara Croft
2026-09-11 19:13:25,721 - INFO - 📅 Fetching Basic Metadata: LONESTAR
2026-09-11 19:13:25,793 - INFO - 🎯 IGDB Match: 'LoneStar' (100%)
2026-09-11 19:13:25,800 - INFO - 📅 Fetching Basic Metadata: Calico
2026-09-11 19:13:25,869 - INFO - 🎯 IGDB Match: 'Calico' (100%)
2026-09-11 19:13:25,875 - INFO - 📅 Fetching Basic Metadata: Rogue Waters
2026-09-11 19:13:25,983 - INFO - 🎯 IGDB Match: 'Rogue Waters' (100%)
2026-09-11 19:13:25,990 - INFO - 📅 Fetching Basic Metadata: The Ouroboros King
2026-09-11 19:13:26,085 - INFO - 🎯 IGDB Match: 'The Ouroboros King' (100%)
2026-09-11 19:13:26,091 - INFO - 🏢 Publisher Search: Warhammer 40K Speed Freeks
2026-09-11 19:13:27,426 - INFO - 📅 Fetching Basic Metadata: I Have No Mouth, and I Must Scream
2026-09-11 19:13:27,505 - INFO - 🎯 IGDB Match: 'I Have No Mouth, and I Must Scream' (100%)
2026-09-11 19:13:27,511 - INFO - 📅 Fetching Basic Metadata: Nova Lands
2026-09-11 19:13:27,630 - INFO - 🎯 IGDB Match: 'Nova Lands' (100%)
2026-09-11 19:13:27,636 - INFO - 📅 Fetching Basic Metadata: Tattoo Tycoon
2026-09-11 19:13:27,705 - INFO - 🎯 IGDB Match: 'Tattoo Tycoon' (100%)
2026-09-11 19:13:27,711 - INFO - 📅 Fetching Basic Metadata: Echo Generation: Midnight Edition
2026-09-11 19:13:27,778 - INFO - 🎯 IGDB Match: 'Echo Generation: Midnight Edition' (100%)
2026-09-11 19:13:27,785 - INFO - 💰 Price Search: Foretales
2026-09-11 19:13:28,859 - WARNING - Price error for Foretales: string indices must be integers, not 'str'
2026-09-11 19:13:28,859 - INFO - 📅 Fetching Basic Metadata: Foretales
2026-09-11 19:13:28,928 - INFO - 🎯 IGDB Match: 'Foretales' (100%)
2026-09-11 19:13:28,934 - INFO - 💰 Price Search: OTXO
2026-09-11 19:13:30,013 - WARNING - Price error for OTXO: string indices must be integers, not 'str'
2026-09-11 19:13:30,014 - INFO - 💰 Price Search: Sol Cesto
2026-09-11 19:13:31,070 - WARNING - Price error for Sol Cesto: string indices must be integers, not 'str'
2026-09-11 19:13:31,070 - INFO - 📅 Fetching Basic Metadata: Sol Cesto
2026-09-11 19:13:31,139 - INFO - 🎯 IGDB Match: 'Sol Cesto' (100%)
2026-09-11 19:13:31,146 - INFO - 💰 Price Search: Beacon Pines
2026-09-11 19:13:32,204 - WARNING - Price error for Beacon Pines: string indices must be integers, not 'str'
2026-09-11 19:13:32,205 - INFO - 💰 Price Search: Caravan SandWitch
2026-09-11 19:13:33,320 - WARNING - Price error for Caravan SandWitch: string indices must be integers, not 'str'
2026-09-11 19:13:33,321 - INFO - 💰 Price Search: Cardpocalypse Standard Edition
2026-09-11 19:13:34,374 - WARNING - Price error for Cardpocalypse Standard Edition: string indices must be integers, not 'str'
2026-09-11 19:13:34,375 - INFO - 🏢 Publisher Search: Cardpocalypse Standard Edition
2026-09-11 19:13:35,687 - INFO - 📅 Fetching Basic Metadata: Cardpocalypse Standard Edition
2026-09-11 19:13:35,786 - INFO - 💰 Price Search: Epic Mage Bundle
2026-09-11 19:13:36,819 - WARNING - Price error for Epic Mage Bundle: string indices must be integers, not 'str'
2026-09-11 19:13:36,819 - INFO - 🏢 Publisher Search: Epic Mage Bundle
2026-09-11 19:13:38,152 - INFO - 📅 Fetching Basic Metadata: Epic Mage Bundle
2026-09-11 19:13:38,234 - INFO - 💰 Price Search: Rival Stars Horse Racing : Desktop Edition
2026-09-11 19:13:39,269 - WARNING - Price error for Rival Stars Horse Racing : Desktop Edition: string indices must be integers, not 'str'
2026-09-11 19:13:39,270 - INFO - 🏢 Publisher Search: Rival Stars Horse Racing : Desktop Edition
2026-09-11 19:13:40,600 - INFO - 📅 Fetching Basic Metadata: Rival Stars Horse Racing : Desktop Edition
2026-09-11 19:13:40,666 - INFO - 🎯 IGDB Match: 'Rival Stars Horse Racing: Desktop Edition' (99%)
2026-09-11 19:13:40,672 - INFO - 💰 Price Search: Alone With You
2026-09-11 19:13:41,708 - WARNING - Price error for Alone With You: string indices must be integers, not 'str'
2026-09-11 19:13:41,708 - INFO - 📅 Fetching Basic Metadata: Alone With You
2026-09-11 19:13:41,785 - INFO - 🎯 IGDB Match: 'Alone With You' (100%)
2026-09-11 19:13:41,792 - INFO - 💰 Price Search: Luftrausers
2026-09-11 19:13:42,827 - WARNING - Price error for Luftrausers: string indices must be integers, not 'str'
2026-09-11 19:13:42,828 - INFO - 💰 Price Search: Astral Ascent
2026-09-11 19:13:43,862 - WARNING - Price error for Astral Ascent: string indices must be integers, not 'str'
2026-09-11 19:13:43,869 - INFO - 
--- Starting Data Quality Checks ---
2026-09-11 19:13:43,881 - INFO - --- Data Quality Checks Complete ---

2026-09-11 19:13:43,911 - INFO - | Metric | Statistics |
| :--- | :--- |
| 💰 **Total Market Value** | **$13,332.99** |
| 📦 **Total Games Collected** | 703 |
| 🏷️ **Average Retail Price** | $21.99 per game |
| 💎 **Most Expensive Title** | Civilization 6 Platinum Edition ($79.99) |
| 👑 **MVP Publisher** | Bethesda Softworks |
| 🏢 **Value Leaders** | 2K ($579.90), Bethesda Softworks ($544.80), Paradox Interactive ($409.89) |
| 📈 **Inflation-Adjusted Value** | $15,130.23 |
| 🎈 **Inflation Bonus** | **+$1,797.24** in purchasing power |
| 🗓️ **Peak Saving Month** | 🎄 **Seasonality Peak:** December is historically the best month, offering $3,388.17 in savings. |
| ⭐ **Average Score** | 76.9/100 |
| 💳 **Subscription Equivalent** | **$166.24 / mo** |
| 🎯 **Prestige Ratio** | **2.0%** (Strategic Hype) |
| 🏎️ **Lead Time Avg** | 441 Days to Sequel |

2026-09-11 19:13:43,912 - INFO - ✅ README.md updated.
2026-09-11 19:13:43,936 - INFO - Using categorical units to plot a list of strings that are all parsable as floats or dates. If these strings should be plotted as numbers, cast to the appropriate data type before plotting.
2026-09-11 19:13:43,937 - INFO - Using categorical units to plot a list of strings that are all parsable as floats or dates. If these strings should be plotted as numbers, cast to the appropriate data type before plotting.
2026-09-11 19:13:50,230 - INFO - 📈 All charts generated successfully.
