2026-08-11 17:26:58,560 - INFO - Failed to extract font properties from /usr/share/fonts/truetype/noto/NotoColorEmoji.ttf: Non-scalable fonts are not supported
2026-08-11 17:26:58,736 - INFO - generated new fontManager
2026-08-11 17:26:59,164 - INFO - ✅ Migration Successful!
2026-08-11 17:26:59,736 - INFO - No new games found.
2026-08-11 17:27:00,137 - INFO - 🔍 Found 618 games needing metadata. Starting IGDB + Steam + CheapShark enrichment...
2026-08-11 17:27:00,246 - INFO - 📅 Fetching Basic Metadata: LEGO Batman Trilogy
2026-08-11 17:27:00,437 - INFO - 🎯 IGDB Match: 'LEGO Batman Trilogy' (100%)
2026-08-11 17:27:00,468 - INFO - 📅 Fetching Basic Metadata: Antstream
2026-08-11 17:27:00,596 - INFO - 📅 Fetching Basic Metadata: The Drone Racing League Simulator
2026-08-11 17:27:00,705 - INFO - 🎯 IGDB Match: 'The Drone Racing League Simulator' (100%)
2026-08-11 17:27:00,713 - INFO - 📅 Fetching Basic Metadata: Dark Deity
2026-08-11 17:27:00,814 - INFO - 🎯 IGDB Match: 'Dark Deity' (100%)
2026-08-11 17:27:00,821 - INFO - 📅 Fetching Basic Metadata: RPG in a Box
2026-08-11 17:27:00,976 - INFO - 🎯 IGDB Match: 'RPG in a Box' (100%)
2026-08-11 17:27:00,984 - INFO - 📅 Fetching Basic Metadata: Fallout Classic Collection
2026-08-11 17:27:01,069 - INFO - 🎯 IGDB Match: 'Fallout Classic Collection' (100%)
2026-08-11 17:27:01,079 - INFO - 📅 Fetching Basic Metadata: Recipe for Disaster
2026-08-11 17:27:01,164 - INFO - 🎯 IGDB Match: 'Recipe For Disaster' (100%)
2026-08-11 17:27:01,172 - INFO - 📅 Fetching Basic Metadata: World of Warships — Starter Pack: Ishizuchi
2026-08-11 17:27:01,328 - INFO - 🎯 IGDB Match: 'World of Warships: Starter Pack - Ishizuchi' (98%)
2026-08-11 17:27:01,336 - INFO - 📅 Fetching Basic Metadata: Poker Club
2026-08-11 17:27:01,447 - INFO - 🎯 IGDB Match: 'Poker Club' (100%)
2026-08-11 17:27:01,454 - INFO - 📅 Fetching Basic Metadata: The Sims 4 The Daring Lifestyle Bundle
2026-08-11 17:27:01,550 - INFO - 🎯 IGDB Match: 'The Sims 4: The Daring Lifestyle Bundle' (99%)
2026-08-11 17:27:01,560 - INFO - 📅 Fetching Basic Metadata: Dodo Peak
2026-08-11 17:27:01,666 - INFO - 🎯 IGDB Match: 'Dodo Peak' (100%)
2026-08-11 17:27:01,673 - INFO - 📅 Fetching Basic Metadata: Spelldrifter
2026-08-11 17:27:01,760 - INFO - 🎯 IGDB Match: 'Spelldrifter' (100%)
2026-08-11 17:27:01,767 - INFO - 📅 Fetching Basic Metadata: Model Builder
2026-08-11 17:27:01,854 - INFO - 🎯 IGDB Match: 'Model Builder' (100%)
2026-08-11 17:27:01,861 - INFO - 📅 Fetching Basic Metadata: Godlike Burger
2026-08-11 17:27:01,950 - INFO - 🎯 IGDB Match: 'Godlike Burger' (100%)
2026-08-11 17:27:01,957 - INFO - 📅 Fetching Basic Metadata: Q.U.B.E. Ultimate Bundle
2026-08-11 17:27:02,045 - INFO - 🎯 IGDB Match: 'Q.U.B.E. Ultimate Bundle' (100%)
2026-08-11 17:27:02,053 - INFO - 📅 Fetching Basic Metadata: Jitsu Squad
2026-08-11 17:27:02,141 - INFO - 🎯 IGDB Match: 'Jitsu Squad' (100%)
2026-08-11 17:27:02,147 - INFO - 📅 Fetching Basic Metadata: Mighty Fight Federation
2026-08-11 17:27:02,236 - INFO - 🎯 IGDB Match: 'Mighty Fight Federation' (100%)
2026-08-11 17:27:02,247 - INFO - 📅 Fetching Basic Metadata: LOVE
2026-08-11 17:27:02,448 - INFO - 🎯 IGDB Match: 'Love Love Love' (90%)
2026-08-11 17:27:02,457 - INFO - 📅 Fetching Basic Metadata: Call of The Wild: The Angler
2026-08-11 17:27:02,545 - INFO - 🎯 IGDB Match: 'Call of the Wild: The Angler' (100%)
2026-08-11 17:27:02,554 - INFO - 📅 Fetching Basic Metadata: The Falconeer
2026-08-11 17:27:02,627 - WARNING - IGDB Error for The Falconeer: string indices must be integers, not 'str'
2026-08-11 17:27:02,634 - INFO - 📅 Fetching Basic Metadata: Rawmen: Food Fighter Arena
2026-08-11 17:27:02,704 - WARNING - IGDB Error for Rawmen: Food Fighter Arena: string indices must be integers, not 'str'
2026-08-11 17:27:02,711 - INFO - 📅 Fetching Basic Metadata: World of Warships – Starter Pack: Albany
2026-08-11 17:27:02,788 - WARNING - IGDB Error for World of Warships – Starter Pack: Albany: string indices must be integers, not 'str'
2026-08-11 17:27:02,795 - INFO - 📅 Fetching Basic Metadata: Fallout Classic Edition
2026-08-11 17:27:02,935 - WARNING - IGDB Error for Fallout Classic Edition: string indices must be integers, not 'str'
2026-08-11 17:27:02,942 - INFO - 📅 Fetching Basic Metadata: Outliver: Tribulation
2026-08-11 17:27:03,038 - WARNING - IGDB Error for Outliver: Tribulation: string indices must be integers, not 'str'
2026-08-11 17:27:03,047 - INFO - 📅 Fetching Basic Metadata: Bus Simulator 21 Next Stop
2026-08-11 17:27:03,126 - WARNING - IGDB Error for Bus Simulator 21 Next Stop: string indices must be integers, not 'str'
2026-08-11 17:27:03,135 - INFO - 📅 Fetching Basic Metadata: Turmoil
2026-08-11 17:27:03,208 - WARNING - IGDB Error for Turmoil: string indices must be integers, not 'str'
2026-08-11 17:27:03,216 - INFO - 📅 Fetching Basic Metadata: World War Z Aftermath
2026-08-11 17:27:03,290 - WARNING - IGDB Error for World War Z Aftermath: string indices must be integers, not 'str'
2026-08-11 17:27:03,298 - INFO - 📅 Fetching Basic Metadata: World Of Warships – Anniversary Party Flavor
2026-08-11 17:27:03,369 - WARNING - IGDB Error for World Of Warships – Anniversary Party Flavor: string indices must be integers, not 'str'
2026-08-11 17:27:03,376 - INFO - 📅 Fetching Basic Metadata: Neko Ghost, Jump!
2026-08-11 17:27:03,538 - WARNING - IGDB Error for Neko Ghost, Jump!: string indices must be integers, not 'str'
2026-08-11 17:27:03,546 - INFO - 📅 Fetching Basic Metadata: Super Space Club
2026-08-11 17:27:03,685 - WARNING - IGDB Error for Super Space Club: string indices must be integers, not 'str'
2026-08-11 17:27:03,692 - INFO - 📅 Fetching Basic Metadata: Touch Type Tale
2026-08-11 17:27:03,775 - INFO - 🎯 IGDB Match: 'Touch Type Tale' (100%)
2026-08-11 17:27:03,782 - INFO - 📅 Fetching Basic Metadata: Gigapocalypse
2026-08-11 17:27:03,866 - INFO - 🎯 IGDB Match: 'Gigapocalypse' (100%)
2026-08-11 17:27:03,875 - INFO - 📅 Fetching Basic Metadata: Legion TD2
2026-08-11 17:27:04,037 - INFO - 📅 Fetching Basic Metadata: Nightingale
2026-08-11 17:27:04,130 - INFO - 🎯 IGDB Match: 'Nightingale' (100%)
2026-08-11 17:27:04,138 - INFO - 📅 Fetching Basic Metadata: Godzilla Voxel Wars
2026-08-11 17:27:04,223 - INFO - 🎯 IGDB Match: 'Godzilla Voxel Wars' (100%)
2026-08-11 17:27:04,232 - INFO - 📅 Fetching Basic Metadata: Trine Classic Collection
2026-08-11 17:27:04,403 - INFO - 🎯 IGDB Match: 'Trine Classic Collection' (100%)
2026-08-11 17:27:04,412 - INFO - 📅 Fetching Basic Metadata: Poison Retro Set
2026-08-11 17:27:04,502 - INFO - 🎯 IGDB Match: 'Pixel Gun 3D: Poison Retro Set' (90%)
2026-08-11 17:27:04,508 - INFO - 📅 Fetching Basic Metadata: The Darkside Detective A Fumble in the Dark
2026-08-11 17:27:04,667 - INFO - 🎯 IGDB Match: 'The Darkside Detective: A Fumble in the Dark' (99%)
2026-08-11 17:27:04,675 - INFO - 📅 Fetching Basic Metadata: Return to Ash
2026-08-11 17:27:04,762 - INFO - 🎯 IGDB Match: 'Return to Ash' (100%)
2026-08-11 17:27:04,769 - INFO - 🏢 Publisher Search: STALCRAFT: X Starter Edition
2026-08-11 17:27:06,136 - INFO - 📅 Fetching Basic Metadata: STALCRAFT: X Starter Edition
2026-08-11 17:27:06,230 - INFO - 📅 Fetching Basic Metadata: Boxes: Lost Fragments
2026-08-11 17:27:06,317 - INFO - 🎯 IGDB Match: 'Boxes: Lost Fragments' (100%)
2026-08-11 17:27:06,323 - INFO - 📅 Fetching Basic Metadata: My Night Job
2026-08-11 17:27:06,408 - INFO - 🎯 IGDB Match: 'My Night Job' (100%)
2026-08-11 17:27:06,415 - INFO - 📅 Fetching Basic Metadata: Electrician Simulator
2026-08-11 17:27:06,502 - INFO - 🎯 IGDB Match: 'Electrician Simulator' (100%)
2026-08-11 17:27:06,509 - INFO - 🏢 Publisher Search: World of Warships — Epic Anniversary Tachibana Pack
2026-08-11 17:27:07,872 - INFO - 📅 Fetching Basic Metadata: World of Warships — Epic Anniversary Tachibana Pack
2026-08-11 17:27:08,031 - INFO - 📅 Fetching Basic Metadata: Hyper Echelon
2026-08-11 17:27:08,194 - INFO - 🎯 IGDB Match: 'Hyper Echelon' (100%)
2026-08-11 17:27:08,201 - INFO - 📅 Fetching Basic Metadata: Havendock
2026-08-11 17:27:08,353 - INFO - 🎯 IGDB Match: 'Havendock' (100%)
2026-08-11 17:27:08,359 - INFO - 📅 Fetching Basic Metadata: Clone Drone in the Danger Zone
2026-08-11 17:27:08,441 - INFO - 🎯 IGDB Match: 'Clone Drone in the Danger Zone' (100%)
2026-08-11 17:27:08,448 - INFO - 🏢 Publisher Search: TOMAK: Save the Earth Regeneration
2026-08-11 17:27:09,808 - INFO - 📅 Fetching Basic Metadata: TOMAK: Save the Earth Regeneration
2026-08-11 17:27:09,895 - INFO - 🎯 IGDB Match: 'Tomak: Save the Earth Regeneration' (100%)
2026-08-11 17:27:09,901 - INFO - 📅 Fetching Basic Metadata: Prop Sumo
2026-08-11 17:27:10,053 - INFO - 🎯 IGDB Match: 'Prop Sumo' (100%)
2026-08-11 17:27:10,060 - INFO - 📅 Fetching Basic Metadata: The Stone of Madness
2026-08-11 17:27:10,150 - INFO - 🎯 IGDB Match: 'The Stone of Madness' (100%)
2026-08-11 17:27:10,157 - INFO - 📅 Fetching Basic Metadata: Firestone Online Idle RPG
2026-08-11 17:27:10,243 - INFO - 🎯 IGDB Match: 'Firestone: Online Idle RPG' (98%)
2026-08-11 17:27:10,250 - INFO - 📅 Fetching Basic Metadata: Oddsparks: An Automation Adventure
2026-08-11 17:27:10,339 - INFO - 🎯 IGDB Match: 'Oddsparks: An Automation Adventure' (100%)
2026-08-11 17:27:10,346 - INFO - 📅 Fetching Basic Metadata: Trash Goblin
2026-08-11 17:27:10,433 - INFO - 🎯 IGDB Match: 'Trash Goblin' (100%)
2026-08-11 17:27:10,440 - INFO - 🏢 Publisher Search: The Telltale Batman Shadows Edition
2026-08-11 17:27:11,820 - INFO - 📅 Fetching Basic Metadata: The Telltale Batman Shadows Edition
2026-08-11 17:27:11,907 - INFO - 🎯 IGDB Match: 'Telltale Batman Shadows Edition' (95%)
2026-08-11 17:27:11,914 - INFO - 🏢 Publisher Search: Sunderfolk - Standard Edition
2026-08-11 17:27:13,279 - INFO - 📅 Fetching Basic Metadata: Sunderfolk - Standard Edition
2026-08-11 17:27:13,373 - INFO - 📅 Fetching Basic Metadata: Down in Bermuda
2026-08-11 17:27:13,527 - INFO - 🎯 IGDB Match: 'Down in Bermuda' (100%)
2026-08-11 17:27:13,534 - INFO - 📅 Fetching Basic Metadata: Tomb Raider I-III Remastered Starring Lara Croft
2026-08-11 17:27:13,629 - INFO - 📅 Fetching Basic Metadata: LONESTAR
2026-08-11 17:27:13,712 - INFO - 🎯 IGDB Match: 'LoneStar' (100%)
2026-08-11 17:27:13,718 - INFO - 📅 Fetching Basic Metadata: Calico
2026-08-11 17:27:13,804 - INFO - 🎯 IGDB Match: 'Calico' (100%)
2026-08-11 17:27:13,810 - INFO - 📅 Fetching Basic Metadata: Rogue Waters
2026-08-11 17:27:13,960 - INFO - 🎯 IGDB Match: 'Rogue Waters' (100%)
2026-08-11 17:27:13,967 - INFO - 📅 Fetching Basic Metadata: The Ouroboros King
2026-08-11 17:27:14,052 - INFO - 🎯 IGDB Match: 'The Ouroboros King' (100%)
2026-08-11 17:27:14,059 - INFO - 🏢 Publisher Search: Warhammer 40K Speed Freeks
2026-08-11 17:27:15,369 - INFO - 📅 Fetching Basic Metadata: I Have No Mouth, and I Must Scream
2026-08-11 17:27:15,455 - INFO - 🎯 IGDB Match: 'I Have No Mouth, and I Must Scream' (100%)
2026-08-11 17:27:15,461 - INFO - 📅 Fetching Basic Metadata: Nova Lands
2026-08-11 17:27:15,545 - INFO - 🎯 IGDB Match: 'Nova Lands' (100%)
2026-08-11 17:27:15,552 - INFO - 📅 Fetching Basic Metadata: Tattoo Tycoon
2026-08-11 17:27:15,705 - INFO - 🎯 IGDB Match: 'Tattoo Tycoon' (100%)
2026-08-11 17:27:15,712 - INFO - 📅 Fetching Basic Metadata: Echo Generation: Midnight Edition
2026-08-11 17:27:15,797 - INFO - 🎯 IGDB Match: 'Echo Generation: Midnight Edition' (100%)
2026-08-11 17:27:15,804 - INFO - 💰 Price Search: Foretales
2026-08-11 17:27:16,941 - WARNING - Price error for Foretales: string indices must be integers, not 'str'
2026-08-11 17:27:16,941 - INFO - 📅 Fetching Basic Metadata: Foretales
2026-08-11 17:27:17,026 - INFO - 🎯 IGDB Match: 'Foretales' (100%)
2026-08-11 17:27:17,033 - INFO - 💰 Price Search: OTXO
2026-08-11 17:27:18,104 - WARNING - Price error for OTXO: string indices must be integers, not 'str'
2026-08-11 17:27:18,105 - INFO - 💰 Price Search: Sol Cesto
2026-08-11 17:27:19,206 - WARNING - Price error for Sol Cesto: string indices must be integers, not 'str'
2026-08-11 17:27:19,206 - INFO - 📅 Fetching Basic Metadata: Sol Cesto
2026-08-11 17:27:19,371 - INFO - 🎯 IGDB Match: 'Sol Cesto' (100%)
2026-08-11 17:27:19,378 - INFO - 💰 Price Search: Beacon Pines
2026-08-11 17:27:20,443 - WARNING - Price error for Beacon Pines: string indices must be integers, not 'str'
2026-08-11 17:27:20,449 - INFO - 
--- Starting Data Quality Checks ---
2026-08-11 17:27:20,463 - INFO - --- Data Quality Checks Complete ---

2026-08-11 17:27:20,493 - INFO - | Metric | Statistics |
| :--- | :--- |
| 💰 **Total Market Value** | **$13,332.99** |
| 📦 **Total Games Collected** | 695 |
| 🏷️ **Average Retail Price** | $22.21 per game |
| 💎 **Most Expensive Title** | Civilization 6 Platinum Edition ($79.99) |
| 👑 **MVP Publisher** | Bethesda Softworks |
| 🏢 **Value Leaders** | 2K ($579.90), Bethesda Softworks ($544.80), Paradox Interactive ($409.89) |
| 📈 **Inflation-Adjusted Value** | $15,130.23 |
| 🎈 **Inflation Bonus** | **+$1,797.24** in purchasing power |
| 🗓️ **Peak Saving Month** | 🎄 **Seasonality Peak:** December is historically the best month, offering $3,388.17 in savings. |
| ⭐ **Average Score** | 76.9/100 |
| 💳 **Subscription Equivalent** | **$167.78 / mo** |
| 🎯 **Prestige Ratio** | **2.0%** (Strategic Hype) |
| 🏎️ **Lead Time Avg** | 441 Days to Sequel |

2026-08-11 17:27:20,494 - INFO - ✅ README.md updated.
2026-08-11 17:27:20,520 - INFO - Using categorical units to plot a list of strings that are all parsable as floats or dates. If these strings should be plotted as numbers, cast to the appropriate data type before plotting.
2026-08-11 17:27:20,521 - INFO - Using categorical units to plot a list of strings that are all parsable as floats or dates. If these strings should be plotted as numbers, cast to the appropriate data type before plotting.
2026-08-11 17:27:26,886 - INFO - 📈 All charts generated successfully.
