2026-10-07 21:28:15,844 - INFO - Failed to extract font properties from /usr/share/fonts/truetype/noto/NotoColorEmoji.ttf: Non-scalable fonts are not supported
2026-10-07 21:28:15,909 - INFO - generated new fontManager
2026-10-07 21:28:16,178 - INFO - ✅ Migration Successful!
2026-10-07 21:28:17,009 - INFO - No new games found.
2026-10-07 21:28:17,493 - INFO - 🔍 Found 632 games needing metadata. Starting IGDB + Steam + CheapShark enrichment...
2026-10-07 21:28:17,599 - INFO - 📅 Fetching Basic Metadata: LEGO Batman Trilogy
2026-10-07 21:28:18,102 - INFO - 🎯 IGDB Match: 'LEGO Batman Trilogy' (100%)
2026-10-07 21:28:18,120 - INFO - 📅 Fetching Basic Metadata: Antstream
2026-10-07 21:28:18,454 - INFO - 📅 Fetching Basic Metadata: The Drone Racing League Simulator
2026-10-07 21:28:18,621 - INFO - 🎯 IGDB Match: 'The Drone Racing League Simulator' (100%)
2026-10-07 21:28:18,627 - INFO - 📅 Fetching Basic Metadata: Dark Deity
2026-10-07 21:28:18,847 - INFO - 🎯 IGDB Match: 'Dark Deity' (100%)
2026-10-07 21:28:18,853 - INFO - 📅 Fetching Basic Metadata: RPG in a Box
2026-10-07 21:28:19,026 - INFO - 🎯 IGDB Match: 'RPG in a Box' (100%)
2026-10-07 21:28:19,032 - INFO - 📅 Fetching Basic Metadata: Fallout Classic Collection
2026-10-07 21:28:19,201 - INFO - 🎯 IGDB Match: 'Fallout Classic Collection' (100%)
2026-10-07 21:28:19,208 - INFO - 📅 Fetching Basic Metadata: Recipe for Disaster
2026-10-07 21:28:19,383 - INFO - 🎯 IGDB Match: 'Recipe For Disaster' (100%)
2026-10-07 21:28:19,388 - INFO - 📅 Fetching Basic Metadata: World of Warships — Starter Pack: Ishizuchi
2026-10-07 21:28:19,564 - INFO - 🎯 IGDB Match: 'World of Warships: Starter Pack - Ishizuchi' (98%)
2026-10-07 21:28:19,574 - INFO - 📅 Fetching Basic Metadata: Poker Club
2026-10-07 21:28:19,744 - INFO - 🎯 IGDB Match: 'Poker Club' (100%)
2026-10-07 21:28:19,750 - INFO - 📅 Fetching Basic Metadata: The Sims 4 The Daring Lifestyle Bundle
2026-10-07 21:28:19,921 - INFO - 🎯 IGDB Match: 'The Sims 4: The Daring Lifestyle Bundle' (99%)
2026-10-07 21:28:19,928 - INFO - 📅 Fetching Basic Metadata: Dodo Peak
2026-10-07 21:28:20,184 - INFO - 🎯 IGDB Match: 'Dodo Peak' (100%)
2026-10-07 21:28:20,189 - INFO - 📅 Fetching Basic Metadata: Spelldrifter
2026-10-07 21:28:20,353 - INFO - 🎯 IGDB Match: 'Spelldrifter' (100%)
2026-10-07 21:28:20,359 - INFO - 📅 Fetching Basic Metadata: Model Builder
2026-10-07 21:28:20,522 - INFO - 🎯 IGDB Match: 'Model Builder' (100%)
2026-10-07 21:28:20,528 - INFO - 📅 Fetching Basic Metadata: Godlike Burger
2026-10-07 21:28:20,705 - INFO - 🎯 IGDB Match: 'Godlike Burger' (100%)
2026-10-07 21:28:20,711 - INFO - 📅 Fetching Basic Metadata: Q.U.B.E. Ultimate Bundle
2026-10-07 21:28:20,881 - INFO - 🎯 IGDB Match: 'Q.U.B.E. Ultimate Bundle' (100%)
2026-10-07 21:28:20,887 - INFO - 📅 Fetching Basic Metadata: Jitsu Squad
2026-10-07 21:28:21,053 - INFO - 🎯 IGDB Match: 'Jitsu Squad' (100%)
2026-10-07 21:28:21,059 - INFO - 📅 Fetching Basic Metadata: Mighty Fight Federation
2026-10-07 21:28:21,224 - INFO - 🎯 IGDB Match: 'Mighty Fight Federation' (100%)
2026-10-07 21:28:21,231 - INFO - 📅 Fetching Basic Metadata: LOVE
2026-10-07 21:28:21,436 - INFO - 🎯 IGDB Match: 'Love Love Love' (90%)
2026-10-07 21:28:21,442 - INFO - 📅 Fetching Basic Metadata: Call of The Wild: The Angler
2026-10-07 21:28:21,614 - INFO - 🎯 IGDB Match: 'Call of the Wild: The Angler' (100%)
2026-10-07 21:28:21,621 - INFO - 📅 Fetching Basic Metadata: The Falconeer
2026-10-07 21:28:21,820 - INFO - 🎯 IGDB Match: 'The Falconeer: The Hunter' (90%)
2026-10-07 21:28:21,827 - INFO - 📅 Fetching Basic Metadata: Rawmen: Food Fighter Arena
2026-10-07 21:28:21,987 - INFO - 🎯 IGDB Match: 'Rawmen' (90%)
2026-10-07 21:28:21,993 - INFO - 📅 Fetching Basic Metadata: World of Warships – Starter Pack: Albany
2026-10-07 21:28:22,166 - INFO - 📅 Fetching Basic Metadata: Fallout Classic Edition
2026-10-07 21:28:22,346 - INFO - 📅 Fetching Basic Metadata: Outliver: Tribulation
2026-10-07 21:28:22,514 - INFO - 🎯 IGDB Match: 'Outliver: Tribulation' (100%)
2026-10-07 21:28:22,521 - INFO - 📅 Fetching Basic Metadata: Bus Simulator 21 Next Stop
2026-10-07 21:28:22,692 - INFO - 🎯 IGDB Match: 'Bus Simulator 21: Next Stop' (98%)
2026-10-07 21:28:22,698 - INFO - 📅 Fetching Basic Metadata: Turmoil
2026-10-07 21:28:22,869 - INFO - 🎯 IGDB Match: 'Turmoil' (100%)
2026-10-07 21:28:22,875 - INFO - 📅 Fetching Basic Metadata: World War Z Aftermath
2026-10-07 21:28:23,044 - INFO - 🎯 IGDB Match: 'World War Z: Aftermath' (98%)
2026-10-07 21:28:23,050 - INFO - 📅 Fetching Basic Metadata: World Of Warships – Anniversary Party Flavor
2026-10-07 21:28:23,244 - INFO - 📅 Fetching Basic Metadata: Neko Ghost, Jump!
2026-10-07 21:28:23,439 - INFO - 🎯 IGDB Match: 'Neko Ghost, Jump!' (100%)
2026-10-07 21:28:23,446 - INFO - 📅 Fetching Basic Metadata: Super Space Club
2026-10-07 21:28:23,618 - INFO - 🎯 IGDB Match: 'Super Space Club' (100%)
2026-10-07 21:28:23,623 - INFO - 📅 Fetching Basic Metadata: Touch Type Tale
2026-10-07 21:28:23,793 - INFO - 🎯 IGDB Match: 'Touch Type Tale' (100%)
2026-10-07 21:28:23,799 - INFO - 📅 Fetching Basic Metadata: Gigapocalypse
2026-10-07 21:28:23,967 - INFO - 🎯 IGDB Match: 'Gigapocalypse' (100%)
2026-10-07 21:28:23,973 - INFO - 📅 Fetching Basic Metadata: Legion TD2
2026-10-07 21:28:24,147 - INFO - 📅 Fetching Basic Metadata: Nightingale
2026-10-07 21:28:24,315 - INFO - 🎯 IGDB Match: 'Nightingale' (100%)
2026-10-07 21:28:24,321 - INFO - 📅 Fetching Basic Metadata: Godzilla Voxel Wars
2026-10-07 21:28:24,479 - WARNING - IGDB Error for Godzilla Voxel Wars: string indices must be integers, not 'str'
2026-10-07 21:28:24,486 - INFO - 📅 Fetching Basic Metadata: Trine Classic Collection
2026-10-07 21:28:24,640 - WARNING - IGDB Error for Trine Classic Collection: string indices must be integers, not 'str'
2026-10-07 21:28:24,646 - INFO - 📅 Fetching Basic Metadata: Poison Retro Set
2026-10-07 21:28:24,811 - INFO - 🎯 IGDB Match: 'Pixel Gun 3D: Poison Retro Set' (90%)
2026-10-07 21:28:24,817 - INFO - 📅 Fetching Basic Metadata: The Darkside Detective A Fumble in the Dark
2026-10-07 21:28:24,984 - INFO - 🎯 IGDB Match: 'The Darkside Detective: A Fumble in the Dark' (99%)
2026-10-07 21:28:24,990 - INFO - 📅 Fetching Basic Metadata: Return to Ash
2026-10-07 21:28:25,222 - WARNING - IGDB Error for Return to Ash: string indices must be integers, not 'str'
2026-10-07 21:28:25,228 - INFO - 🏢 Publisher Search: STALCRAFT: X Starter Edition
2026-10-07 21:28:26,666 - INFO - 📅 Fetching Basic Metadata: STALCRAFT: X Starter Edition
2026-10-07 21:28:26,840 - INFO - 📅 Fetching Basic Metadata: Boxes: Lost Fragments
2026-10-07 21:28:27,025 - INFO - 🎯 IGDB Match: 'Boxes: Lost Fragments' (100%)
2026-10-07 21:28:27,030 - INFO - 📅 Fetching Basic Metadata: My Night Job
2026-10-07 21:28:27,203 - INFO - 🎯 IGDB Match: 'My Night Job' (100%)
2026-10-07 21:28:27,209 - INFO - 📅 Fetching Basic Metadata: Electrician Simulator
2026-10-07 21:28:27,389 - INFO - 🎯 IGDB Match: 'Electrician Simulator' (100%)
2026-10-07 21:28:27,394 - INFO - 🏢 Publisher Search: World of Warships — Epic Anniversary Tachibana Pack
2026-10-07 21:28:28,789 - INFO - 📅 Fetching Basic Metadata: World of Warships — Epic Anniversary Tachibana Pack
2026-10-07 21:28:29,005 - INFO - 📅 Fetching Basic Metadata: Hyper Echelon
2026-10-07 21:28:29,169 - INFO - 🎯 IGDB Match: 'Hyper Echelon' (100%)
2026-10-07 21:28:29,175 - INFO - 📅 Fetching Basic Metadata: Havendock
2026-10-07 21:28:29,340 - INFO - 🎯 IGDB Match: 'Havendock' (100%)
2026-10-07 21:28:29,346 - INFO - 📅 Fetching Basic Metadata: Clone Drone in the Danger Zone
2026-10-07 21:28:29,513 - INFO - 🎯 IGDB Match: 'Clone Drone in the Danger Zone' (100%)
2026-10-07 21:28:29,519 - INFO - 🏢 Publisher Search: TOMAK: Save the Earth Regeneration
2026-10-07 21:28:30,834 - INFO - 📅 Fetching Basic Metadata: TOMAK: Save the Earth Regeneration
2026-10-07 21:28:31,002 - INFO - 🎯 IGDB Match: 'Tomak: Save the Earth Regeneration' (100%)
2026-10-07 21:28:31,010 - INFO - 📅 Fetching Basic Metadata: Prop Sumo
2026-10-07 21:28:31,259 - INFO - 🎯 IGDB Match: 'Prop Sumo' (100%)
2026-10-07 21:28:31,264 - INFO - 📅 Fetching Basic Metadata: The Stone of Madness
2026-10-07 21:28:31,436 - INFO - 🎯 IGDB Match: 'The Stone of Madness' (100%)
2026-10-07 21:28:31,441 - INFO - 📅 Fetching Basic Metadata: Firestone Online Idle RPG
2026-10-07 21:28:31,607 - INFO - 🎯 IGDB Match: 'Firestone: Online Idle RPG' (98%)
2026-10-07 21:28:31,613 - INFO - 📅 Fetching Basic Metadata: Oddsparks: An Automation Adventure
2026-10-07 21:28:31,856 - INFO - 🎯 IGDB Match: 'Oddsparks: An Automation Adventure' (100%)
2026-10-07 21:28:31,861 - INFO - 📅 Fetching Basic Metadata: Trash Goblin
2026-10-07 21:28:32,028 - INFO - 🎯 IGDB Match: 'Trash Goblin' (100%)
2026-10-07 21:28:32,034 - INFO - 🏢 Publisher Search: The Telltale Batman Shadows Edition
2026-10-07 21:28:33,381 - INFO - 📅 Fetching Basic Metadata: The Telltale Batman Shadows Edition
2026-10-07 21:28:33,550 - INFO - 🎯 IGDB Match: 'Telltale Batman Shadows Edition' (95%)
2026-10-07 21:28:33,555 - INFO - 🏢 Publisher Search: Sunderfolk - Standard Edition
2026-10-07 21:28:34,871 - INFO - 📅 Fetching Basic Metadata: Sunderfolk - Standard Edition
2026-10-07 21:28:35,045 - INFO - 📅 Fetching Basic Metadata: Down in Bermuda
2026-10-07 21:28:35,215 - INFO - 🎯 IGDB Match: 'Down in Bermuda' (100%)
2026-10-07 21:28:35,220 - INFO - 📅 Fetching Basic Metadata: Tomb Raider I-III Remastered Starring Lara Croft
2026-10-07 21:28:35,387 - INFO - 📅 Fetching Basic Metadata: LONESTAR
2026-10-07 21:28:35,551 - INFO - 🎯 IGDB Match: 'LoneStar' (100%)
2026-10-07 21:28:35,557 - INFO - 📅 Fetching Basic Metadata: Calico
2026-10-07 21:28:35,724 - INFO - 🎯 IGDB Match: 'Calico' (100%)
2026-10-07 21:28:35,730 - INFO - 📅 Fetching Basic Metadata: Rogue Waters
2026-10-07 21:28:35,896 - INFO - 🎯 IGDB Match: 'Rogue Waters' (100%)
2026-10-07 21:28:35,902 - INFO - 📅 Fetching Basic Metadata: The Ouroboros King
2026-10-07 21:28:36,066 - INFO - 🎯 IGDB Match: 'The Ouroboros King' (100%)
2026-10-07 21:28:36,072 - INFO - 🏢 Publisher Search: Warhammer 40K Speed Freeks
2026-10-07 21:28:37,415 - INFO - 📅 Fetching Basic Metadata: I Have No Mouth, and I Must Scream
2026-10-07 21:28:37,585 - INFO - 🎯 IGDB Match: 'I Have No Mouth, and I Must Scream' (100%)
2026-10-07 21:28:37,590 - INFO - 📅 Fetching Basic Metadata: Nova Lands
2026-10-07 21:28:37,755 - INFO - 🎯 IGDB Match: 'Nova Lands' (100%)
2026-10-07 21:28:37,760 - INFO - 📅 Fetching Basic Metadata: Tattoo Tycoon
2026-10-07 21:28:37,941 - INFO - 🎯 IGDB Match: 'Tattoo Tycoon' (100%)
2026-10-07 21:28:37,946 - INFO - 📅 Fetching Basic Metadata: Echo Generation: Midnight Edition
2026-10-07 21:28:38,115 - INFO - 🎯 IGDB Match: 'Echo Generation: Midnight Edition' (100%)
2026-10-07 21:28:38,121 - INFO - 💰 Price Search: Foretales
2026-10-07 21:28:39,384 - WARNING - Price error for Foretales: string indices must be integers, not 'str'
2026-10-07 21:28:39,384 - INFO - 📅 Fetching Basic Metadata: Foretales
2026-10-07 21:28:39,549 - INFO - 🎯 IGDB Match: 'Foretales' (100%)
2026-10-07 21:28:39,555 - INFO - 💰 Price Search: OTXO
2026-10-07 21:28:40,691 - WARNING - Price error for OTXO: string indices must be integers, not 'str'
2026-10-07 21:28:40,692 - INFO - 💰 Price Search: Sol Cesto
2026-10-07 21:28:41,828 - WARNING - Price error for Sol Cesto: string indices must be integers, not 'str'
2026-10-07 21:28:41,829 - INFO - 📅 Fetching Basic Metadata: Sol Cesto
2026-10-07 21:28:41,997 - INFO - 🎯 IGDB Match: 'Sol Cesto' (100%)
2026-10-07 21:28:42,028 - INFO - 💰 Price Search: Beacon Pines
2026-10-07 21:28:43,161 - WARNING - Price error for Beacon Pines: string indices must be integers, not 'str'
2026-10-07 21:28:43,162 - INFO - 💰 Price Search: Caravan SandWitch
2026-10-07 21:28:44,292 - WARNING - Price error for Caravan SandWitch: string indices must be integers, not 'str'
2026-10-07 21:28:44,293 - INFO - 💰 Price Search: Cardpocalypse Standard Edition
2026-10-07 21:28:45,418 - WARNING - Price error for Cardpocalypse Standard Edition: string indices must be integers, not 'str'
2026-10-07 21:28:45,418 - INFO - 🏢 Publisher Search: Cardpocalypse Standard Edition
2026-10-07 21:28:46,888 - INFO - 📅 Fetching Basic Metadata: Cardpocalypse Standard Edition
2026-10-07 21:28:47,153 - INFO - 💰 Price Search: Epic Mage Bundle
2026-10-07 21:28:48,296 - WARNING - Price error for Epic Mage Bundle: string indices must be integers, not 'str'
2026-10-07 21:28:48,296 - INFO - 🏢 Publisher Search: Epic Mage Bundle
2026-10-07 21:28:49,701 - INFO - 📅 Fetching Basic Metadata: Epic Mage Bundle
2026-10-07 21:28:49,947 - INFO - 💰 Price Search: Rival Stars Horse Racing : Desktop Edition
2026-10-07 21:28:51,099 - WARNING - Price error for Rival Stars Horse Racing : Desktop Edition: string indices must be integers, not 'str'
2026-10-07 21:28:51,100 - INFO - 🏢 Publisher Search: Rival Stars Horse Racing : Desktop Edition
2026-10-07 21:28:52,551 - INFO - 📅 Fetching Basic Metadata: Rival Stars Horse Racing : Desktop Edition
2026-10-07 21:28:52,749 - INFO - 🎯 IGDB Match: 'Rival Stars Horse Racing: Desktop Edition' (99%)
2026-10-07 21:28:52,755 - INFO - 💰 Price Search: Alone With You
2026-10-07 21:28:53,914 - WARNING - Price error for Alone With You: string indices must be integers, not 'str'
2026-10-07 21:28:53,915 - INFO - 💰 Price Search: Luftrausers
2026-10-07 21:28:55,031 - WARNING - Price error for Luftrausers: string indices must be integers, not 'str'
2026-10-07 21:28:55,032 - INFO - 💰 Price Search: Astral Ascent
2026-10-07 21:28:56,167 - WARNING - Price error for Astral Ascent: string indices must be integers, not 'str'
2026-10-07 21:28:56,168 - INFO - 💰 Price Search: Mindcop
2026-10-07 21:28:57,306 - WARNING - Price error for Mindcop: string indices must be integers, not 'str'
2026-10-07 21:28:57,307 - INFO - 💰 Price Search: Shogun Showdown
2026-10-07 21:28:58,441 - WARNING - Price error for Shogun Showdown: string indices must be integers, not 'str'
2026-10-07 21:28:58,442 - INFO - 💰 Price Search: Astrea Six Sided Oracles
2026-10-07 21:28:59,571 - WARNING - Price error for Astrea Six Sided Oracles: string indices must be integers, not 'str'
2026-10-07 21:28:59,572 - INFO - 💰 Price Search: Mechabellum
2026-10-07 21:29:00,707 - WARNING - Price error for Mechabellum: string indices must be integers, not 'str'
2026-10-07 21:29:00,707 - INFO - 📅 Fetching Basic Metadata: Mechabellum
2026-10-07 21:29:00,968 - INFO - 🎯 IGDB Match: 'Mechabellum' (100%)
2026-10-07 21:29:00,973 - INFO - 💰 Price Search: System Shock 2: 25th Anniversary Remaster
2026-10-07 21:29:02,120 - WARNING - Price error for System Shock 2: 25th Anniversary Remaster: string indices must be integers, not 'str'
2026-10-07 21:29:02,121 - INFO - 💰 Price Search: BURIED STARS
2026-10-07 21:29:03,250 - WARNING - Price error for BURIED STARS: string indices must be integers, not 'str'
2026-10-07 21:29:03,255 - INFO - 
--- Starting Data Quality Checks ---
2026-10-07 21:29:03,266 - INFO - --- Data Quality Checks Complete ---

2026-10-07 21:29:03,291 - INFO - | Metric | Statistics |
| :--- | :--- |
| 💰 **Total Market Value** | **$13,332.99** |
| 📦 **Total Games Collected** | 709 |
| 🏷️ **Average Retail Price** | $21.81 per game |
| 💎 **Most Expensive Title** | Civilization 6 Platinum Edition ($79.99) |
| 👑 **MVP Publisher** | Bethesda Softworks |
| 🏢 **Value Leaders** | 2K ($579.90), Bethesda Softworks ($544.80), Paradox Interactive ($409.89) |
| 📈 **Inflation-Adjusted Value** | $15,130.23 |
| 🎈 **Inflation Bonus** | **+$1,797.24** in purchasing power |
| 🗓️ **Peak Saving Month** | 🎄 **Seasonality Peak:** December is historically the best month, offering $3,388.17 in savings. |
| ⭐ **Average Score** | 77.0/100 |
| 💳 **Subscription Equivalent** | **$164.47 / mo** |
| 🎯 **Prestige Ratio** | **2.0%** (Strategic Hype) |
| 🏎️ **Lead Time Avg** | 441 Days to Sequel |

2026-10-07 21:29:03,291 - INFO - ✅ README.md updated.
2026-10-07 21:29:03,312 - INFO - Using categorical units to plot a list of strings that are all parsable as floats or dates. If these strings should be plotted as numbers, cast to the appropriate data type before plotting.
2026-10-07 21:29:03,313 - INFO - Using categorical units to plot a list of strings that are all parsable as floats or dates. If these strings should be plotted as numbers, cast to the appropriate data type before plotting.
2026-10-07 21:29:07,852 - INFO - 📈 All charts generated successfully.
