2026-08-07 17:23:32,936 - INFO - Failed to extract font properties from /usr/share/fonts/truetype/noto/NotoColorEmoji.ttf: Non-scalable fonts are not supported
2026-08-07 17:23:33,902 - INFO - generated new fontManager
2026-08-07 17:23:34,351 - INFO - ✅ Migration Successful!
2026-08-07 17:23:34,941 - INFO - Added 2 new games!
2026-08-07 17:23:35,416 - INFO - 🔍 Found 618 games needing metadata. Starting IGDB + Steam + CheapShark enrichment...
2026-08-07 17:23:35,584 - INFO - 📅 Fetching Basic Metadata: LEGO Batman Trilogy
2026-08-07 17:23:36,043 - INFO - 🎯 IGDB Match: 'LEGO Batman Trilogy' (100%)
2026-08-07 17:23:36,066 - INFO - 📅 Fetching Basic Metadata: Antstream
2026-08-07 17:23:36,280 - INFO - 📅 Fetching Basic Metadata: The Drone Racing League Simulator
2026-08-07 17:23:36,458 - INFO - 🎯 IGDB Match: 'The Drone Racing League Simulator' (100%)
2026-08-07 17:23:36,466 - INFO - 📅 Fetching Basic Metadata: Dark Deity
2026-08-07 17:23:36,731 - INFO - 🎯 IGDB Match: 'Dark Deity' (100%)
2026-08-07 17:23:36,738 - INFO - 📅 Fetching Basic Metadata: RPG in a Box
2026-08-07 17:23:36,990 - INFO - 🎯 IGDB Match: 'RPG in a Box' (100%)
2026-08-07 17:23:36,997 - INFO - 📅 Fetching Basic Metadata: Fallout Classic Collection
2026-08-07 17:23:37,273 - INFO - 🎯 IGDB Match: 'Fallout Classic Collection' (100%)
2026-08-07 17:23:37,281 - INFO - 📅 Fetching Basic Metadata: Recipe for Disaster
2026-08-07 17:23:37,512 - INFO - 🎯 IGDB Match: 'Recipe For Disaster' (100%)
2026-08-07 17:23:37,519 - INFO - 📅 Fetching Basic Metadata: World of Warships — Starter Pack: Ishizuchi
2026-08-07 17:23:37,646 - INFO - 🎯 IGDB Match: 'World of Warships: Starter Pack - Ishizuchi' (98%)
2026-08-07 17:23:37,653 - INFO - 📅 Fetching Basic Metadata: Poker Club
2026-08-07 17:23:37,778 - INFO - 🎯 IGDB Match: 'Poker Club' (100%)
2026-08-07 17:23:37,785 - INFO - 📅 Fetching Basic Metadata: The Sims 4 The Daring Lifestyle Bundle
2026-08-07 17:23:38,021 - INFO - 🎯 IGDB Match: 'The Sims 4: The Daring Lifestyle Bundle' (99%)
2026-08-07 17:23:38,029 - INFO - 📅 Fetching Basic Metadata: Dodo Peak
2026-08-07 17:23:38,315 - INFO - 🎯 IGDB Match: 'Dodo Peak' (100%)
2026-08-07 17:23:38,321 - INFO - 📅 Fetching Basic Metadata: Spelldrifter
2026-08-07 17:23:38,482 - INFO - 🎯 IGDB Match: 'Spelldrifter' (100%)
2026-08-07 17:23:38,488 - INFO - 📅 Fetching Basic Metadata: Model Builder
2026-08-07 17:23:38,704 - INFO - 🎯 IGDB Match: 'Model Builder' (100%)
2026-08-07 17:23:38,711 - INFO - 📅 Fetching Basic Metadata: Godlike Burger
2026-08-07 17:23:38,956 - INFO - 🎯 IGDB Match: 'Godlike Burger' (100%)
2026-08-07 17:23:38,963 - INFO - 📅 Fetching Basic Metadata: Q.U.B.E. Ultimate Bundle
2026-08-07 17:23:39,177 - INFO - 🎯 IGDB Match: 'Q.U.B.E. Ultimate Bundle' (100%)
2026-08-07 17:23:39,184 - INFO - 📅 Fetching Basic Metadata: Jitsu Squad
2026-08-07 17:23:39,336 - INFO - 🎯 IGDB Match: 'Jitsu Squad' (100%)
2026-08-07 17:23:39,343 - INFO - 📅 Fetching Basic Metadata: Mighty Fight Federation
2026-08-07 17:23:39,590 - INFO - 🎯 IGDB Match: 'Mighty Fight Federation' (100%)
2026-08-07 17:23:39,599 - INFO - 📅 Fetching Basic Metadata: LOVE
2026-08-07 17:23:39,751 - INFO - 🎯 IGDB Match: 'Love Love Love' (90%)
2026-08-07 17:23:39,759 - INFO - 📅 Fetching Basic Metadata: Call of The Wild: The Angler
2026-08-07 17:23:39,893 - INFO - 🎯 IGDB Match: 'Call of the Wild: The Angler' (100%)
2026-08-07 17:23:39,901 - INFO - 📅 Fetching Basic Metadata: The Falconeer
2026-08-07 17:23:40,028 - INFO - 🎯 IGDB Match: 'The Falconeer: The Hunter' (90%)
2026-08-07 17:23:40,035 - INFO - 📅 Fetching Basic Metadata: Rawmen: Food Fighter Arena
2026-08-07 17:23:40,252 - INFO - 🎯 IGDB Match: 'Rawmen' (90%)
2026-08-07 17:23:40,258 - INFO - 📅 Fetching Basic Metadata: World of Warships – Starter Pack: Albany
2026-08-07 17:23:40,431 - INFO - 📅 Fetching Basic Metadata: Fallout Classic Edition
2026-08-07 17:23:40,569 - INFO - 📅 Fetching Basic Metadata: Outliver: Tribulation
2026-08-07 17:23:40,782 - WARNING - IGDB Error for Outliver: Tribulation: string indices must be integers, not 'str'
2026-08-07 17:23:40,790 - INFO - 📅 Fetching Basic Metadata: Bus Simulator 21 Next Stop
2026-08-07 17:23:41,006 - INFO - 🎯 IGDB Match: 'Bus Simulator 21: Next Stop' (98%)
2026-08-07 17:23:41,014 - INFO - 📅 Fetching Basic Metadata: Turmoil
2026-08-07 17:23:41,137 - INFO - 🎯 IGDB Match: 'Turmoil' (100%)
2026-08-07 17:23:41,144 - INFO - 📅 Fetching Basic Metadata: World War Z Aftermath
2026-08-07 17:23:41,360 - INFO - 🎯 IGDB Match: 'World War Z: Aftermath' (98%)
2026-08-07 17:23:41,366 - INFO - 📅 Fetching Basic Metadata: World Of Warships – Anniversary Party Flavor
2026-08-07 17:23:41,491 - INFO - 📅 Fetching Basic Metadata: Neko Ghost, Jump!
2026-08-07 17:23:41,636 - INFO - 🎯 IGDB Match: 'Neko Ghost, Jump!' (100%)
2026-08-07 17:23:41,643 - INFO - 📅 Fetching Basic Metadata: Super Space Club
2026-08-07 17:23:41,807 - INFO - 🎯 IGDB Match: 'Super Space Club' (100%)
2026-08-07 17:23:41,814 - INFO - 📅 Fetching Basic Metadata: Touch Type Tale
2026-08-07 17:23:41,931 - INFO - 🎯 IGDB Match: 'Touch Type Tale' (100%)
2026-08-07 17:23:41,938 - INFO - 📅 Fetching Basic Metadata: Gigapocalypse
2026-08-07 17:23:42,062 - INFO - 🎯 IGDB Match: 'Gigapocalypse' (100%)
2026-08-07 17:23:42,070 - INFO - 📅 Fetching Basic Metadata: Legion TD2
2026-08-07 17:23:42,269 - WARNING - IGDB Error for Legion TD2: string indices must be integers, not 'str'
2026-08-07 17:23:42,277 - INFO - 📅 Fetching Basic Metadata: Nightingale
2026-08-07 17:23:42,455 - WARNING - IGDB Error for Nightingale: string indices must be integers, not 'str'
2026-08-07 17:23:42,463 - INFO - 📅 Fetching Basic Metadata: Godzilla Voxel Wars
2026-08-07 17:23:42,569 - WARNING - IGDB Error for Godzilla Voxel Wars: string indices must be integers, not 'str'
2026-08-07 17:23:42,577 - INFO - 📅 Fetching Basic Metadata: Trine Classic Collection
2026-08-07 17:23:42,737 - WARNING - IGDB Error for Trine Classic Collection: string indices must be integers, not 'str'
2026-08-07 17:23:42,745 - INFO - 📅 Fetching Basic Metadata: Poison Retro Set
2026-08-07 17:23:42,855 - WARNING - IGDB Error for Poison Retro Set: string indices must be integers, not 'str'
2026-08-07 17:23:42,862 - INFO - 📅 Fetching Basic Metadata: The Darkside Detective A Fumble in the Dark
2026-08-07 17:23:42,970 - WARNING - IGDB Error for The Darkside Detective A Fumble in the Dark: string indices must be integers, not 'str'
2026-08-07 17:23:42,977 - INFO - 📅 Fetching Basic Metadata: Return to Ash
2026-08-07 17:23:43,190 - INFO - 🎯 IGDB Match: 'Return to Ash' (100%)
2026-08-07 17:23:43,197 - INFO - 🏢 Publisher Search: STALCRAFT: X Starter Edition
2026-08-07 17:23:44,561 - INFO - 📅 Fetching Basic Metadata: STALCRAFT: X Starter Edition
2026-08-07 17:23:44,687 - INFO - 📅 Fetching Basic Metadata: Boxes: Lost Fragments
2026-08-07 17:23:44,818 - INFO - 🎯 IGDB Match: 'Boxes: Lost Fragments' (100%)
2026-08-07 17:23:44,825 - INFO - 📅 Fetching Basic Metadata: My Night Job
2026-08-07 17:23:44,944 - INFO - 🎯 IGDB Match: 'My Night Job' (100%)
2026-08-07 17:23:44,951 - INFO - 📅 Fetching Basic Metadata: Electrician Simulator
2026-08-07 17:23:45,080 - INFO - 🎯 IGDB Match: 'Electrician Simulator' (100%)
2026-08-07 17:23:45,086 - INFO - 🏢 Publisher Search: World of Warships — Epic Anniversary Tachibana Pack
2026-08-07 17:23:46,471 - INFO - 📅 Fetching Basic Metadata: World of Warships — Epic Anniversary Tachibana Pack
2026-08-07 17:23:46,607 - INFO - 📅 Fetching Basic Metadata: Hyper Echelon
2026-08-07 17:23:46,735 - INFO - 🎯 IGDB Match: 'Hyper Echelon' (100%)
2026-08-07 17:23:46,741 - INFO - 📅 Fetching Basic Metadata: Havendock
2026-08-07 17:23:46,863 - INFO - 🎯 IGDB Match: 'Havendock' (100%)
2026-08-07 17:23:46,869 - INFO - 📅 Fetching Basic Metadata: Clone Drone in the Danger Zone
2026-08-07 17:23:47,085 - INFO - 🎯 IGDB Match: 'Clone Drone in the Danger Zone' (100%)
2026-08-07 17:23:47,092 - INFO - 🏢 Publisher Search: TOMAK: Save the Earth Regeneration
2026-08-07 17:23:48,491 - INFO - 📅 Fetching Basic Metadata: TOMAK: Save the Earth Regeneration
2026-08-07 17:23:48,718 - INFO - 🎯 IGDB Match: 'Tomak: Save the Earth Regeneration' (100%)
2026-08-07 17:23:48,724 - INFO - 📅 Fetching Basic Metadata: Prop Sumo
2026-08-07 17:23:48,932 - INFO - 🎯 IGDB Match: 'Prop Sumo' (100%)
2026-08-07 17:23:48,938 - INFO - 📅 Fetching Basic Metadata: The Stone of Madness
2026-08-07 17:23:49,064 - INFO - 🎯 IGDB Match: 'The Stone of Madness' (100%)
2026-08-07 17:23:49,071 - INFO - 📅 Fetching Basic Metadata: Firestone Online Idle RPG
2026-08-07 17:23:49,190 - INFO - 🎯 IGDB Match: 'Firestone: Online Idle RPG' (98%)
2026-08-07 17:23:49,197 - INFO - 📅 Fetching Basic Metadata: Oddsparks: An Automation Adventure
2026-08-07 17:23:49,321 - INFO - 🎯 IGDB Match: 'Oddsparks: An Automation Adventure' (100%)
2026-08-07 17:23:49,327 - INFO - 📅 Fetching Basic Metadata: Trash Goblin
2026-08-07 17:23:49,546 - INFO - 🎯 IGDB Match: 'Trash Goblin' (100%)
2026-08-07 17:23:49,553 - INFO - 🏢 Publisher Search: The Telltale Batman Shadows Edition
2026-08-07 17:23:50,976 - INFO - 📅 Fetching Basic Metadata: The Telltale Batman Shadows Edition
2026-08-07 17:23:51,095 - INFO - 🎯 IGDB Match: 'Telltale Batman Shadows Edition' (95%)
2026-08-07 17:23:51,102 - INFO - 🏢 Publisher Search: Sunderfolk - Standard Edition
2026-08-07 17:23:52,476 - INFO - 📅 Fetching Basic Metadata: Sunderfolk - Standard Edition
2026-08-07 17:23:52,697 - INFO - 📅 Fetching Basic Metadata: Down in Bermuda
2026-08-07 17:23:52,817 - INFO - 🎯 IGDB Match: 'Down in Bermuda' (100%)
2026-08-07 17:23:52,824 - INFO - 📅 Fetching Basic Metadata: Tomb Raider I-III Remastered Starring Lara Croft
2026-08-07 17:23:53,044 - INFO - 📅 Fetching Basic Metadata: LONESTAR
2026-08-07 17:23:53,163 - INFO - 🎯 IGDB Match: 'LoneStar' (100%)
2026-08-07 17:23:53,170 - INFO - 📅 Fetching Basic Metadata: Calico
2026-08-07 17:23:53,391 - INFO - 🎯 IGDB Match: 'Calico' (100%)
2026-08-07 17:23:53,398 - INFO - 📅 Fetching Basic Metadata: Rogue Waters
2026-08-07 17:23:53,525 - INFO - 🎯 IGDB Match: 'Rogue Waters' (100%)
2026-08-07 17:23:53,532 - INFO - 📅 Fetching Basic Metadata: The Ouroboros King
2026-08-07 17:23:53,683 - INFO - 🎯 IGDB Match: 'The Ouroboros King' (100%)
2026-08-07 17:23:53,690 - INFO - 🏢 Publisher Search: Warhammer 40K Speed Freeks
2026-08-07 17:23:55,159 - INFO - 📅 Fetching Basic Metadata: I Have No Mouth, and I Must Scream
2026-08-07 17:23:55,284 - INFO - 🎯 IGDB Match: 'I Have No Mouth, and I Must Scream' (100%)
2026-08-07 17:23:55,291 - INFO - 📅 Fetching Basic Metadata: Nova Lands
2026-08-07 17:23:55,501 - INFO - 🎯 IGDB Match: 'Nova Lands' (100%)
2026-08-07 17:23:55,507 - INFO - 📅 Fetching Basic Metadata: Tattoo Tycoon
2026-08-07 17:23:55,634 - INFO - 🎯 IGDB Match: 'Tattoo Tycoon' (100%)
2026-08-07 17:23:55,641 - INFO - 📅 Fetching Basic Metadata: Echo Generation: Midnight Edition
2026-08-07 17:23:55,859 - INFO - 🎯 IGDB Match: 'Echo Generation: Midnight Edition' (100%)
2026-08-07 17:23:55,866 - INFO - 💰 Price Search: Foretales
2026-08-07 17:23:59,324 - WARNING - Price error for Foretales: string indices must be integers, not 'str'
2026-08-07 17:23:59,325 - INFO - 📅 Fetching Basic Metadata: Foretales
2026-08-07 17:23:59,541 - INFO - 🎯 IGDB Match: 'Foretales' (100%)
2026-08-07 17:23:59,548 - INFO - 💰 Price Search: OTXO
2026-08-07 17:24:00,614 - WARNING - Price error for OTXO: string indices must be integers, not 'str'
2026-08-07 17:24:00,615 - INFO - 💰 Price Search: Sol Cesto
2026-08-07 17:24:02,394 - WARNING - Price error for Sol Cesto: string indices must be integers, not 'str'
2026-08-07 17:24:02,395 - INFO - 📅 Fetching Basic Metadata: Sol Cesto
2026-08-07 17:24:02,607 - INFO - 🎯 IGDB Match: 'Sol Cesto' (100%)
2026-08-07 17:24:02,614 - INFO - 💰 Price Search: Beacon Pines
2026-08-07 17:24:04,343 - WARNING - Price error for Beacon Pines: string indices must be integers, not 'str'
2026-08-07 17:24:04,343 - INFO - 🏢 Publisher Search: Beacon Pines
2026-08-07 17:24:06,019 - INFO - 📅 Fetching Basic Metadata: Beacon Pines
2026-08-07 17:24:06,238 - INFO - 🎯 IGDB Match: 'Beacon Pines' (100%)
2026-08-07 17:24:06,238 - INFO - 🔗 Searching Franchise Context: Beacon Pines
2026-08-07 17:24:06,405 - INFO - 📡 Fallback to IGDB for Beacon Pines
2026-08-07 17:24:06,635 - INFO - 
--- Starting Data Quality Checks ---
2026-08-07 17:24:06,648 - INFO - --- Data Quality Checks Complete ---

2026-08-07 17:24:06,676 - INFO - | Metric | Statistics |
| :--- | :--- |
| 💰 **Total Market Value** | **$13,332.99** |
| 📦 **Total Games Collected** | 695 |
| 🏷️ **Average Retail Price** | $22.21 per game |
| 💎 **Most Expensive Title** | Civilization 6 Platinum Edition ($79.99) |
| 👑 **MVP Publisher** | Bethesda Softworks |
| 🏢 **Value Leaders** | 2K ($579.90), Bethesda Softworks ($544.80), Paradox Interactive ($409.89) |
| 📈 **Inflation-Adjusted Value** | $15,130.23 |
| 🎈 **Inflation Bonus** | **+$1,797.24** in purchasing power |
| 🗓️ **Peak Saving Month** | 🎄 **Seasonality Peak:** December is historically the best month, offering $3,388.17 in savings. |
| ⭐ **Average Score** | 76.9/100 |
| 💳 **Subscription Equivalent** | **$167.78 / mo** |
| 🎯 **Prestige Ratio** | **2.0%** (Strategic Hype) |
| 🏎️ **Lead Time Avg** | 441 Days to Sequel |

2026-08-07 17:24:06,677 - INFO - ✅ README.md updated.
2026-08-07 17:24:06,699 - INFO - Using categorical units to plot a list of strings that are all parsable as floats or dates. If these strings should be plotted as numbers, cast to the appropriate data type before plotting.
2026-08-07 17:24:06,700 - INFO - Using categorical units to plot a list of strings that are all parsable as floats or dates. If these strings should be plotted as numbers, cast to the appropriate data type before plotting.
2026-08-07 17:24:12,466 - INFO - 📈 All charts generated successfully.
