2026-09-01 19:28:19,184 - INFO - Failed to extract font properties from /usr/share/fonts/truetype/noto/NotoColorEmoji.ttf: Non-scalable fonts are not supported
2026-09-01 19:28:19,222 - INFO - generated new fontManager
2026-09-01 19:28:19,714 - INFO - ✅ Migration Successful!
2026-09-01 19:28:20,255 - INFO - No new games found.
2026-09-01 19:28:20,636 - INFO - 🔍 Found 623 games needing metadata. Starting IGDB + Steam + CheapShark enrichment...
2026-09-01 19:28:20,660 - INFO - 📅 Fetching Basic Metadata: LEGO Batman Trilogy
2026-09-01 19:28:20,998 - INFO - 🎯 IGDB Match: 'LEGO Batman Trilogy' (100%)
2026-09-01 19:28:21,013 - INFO - 📅 Fetching Basic Metadata: Antstream
2026-09-01 19:28:21,269 - INFO - 📅 Fetching Basic Metadata: The Drone Racing League Simulator
2026-09-01 19:28:21,452 - INFO - 🎯 IGDB Match: 'The Drone Racing League Simulator' (100%)
2026-09-01 19:28:21,457 - INFO - 📅 Fetching Basic Metadata: Dark Deity
2026-09-01 19:28:21,638 - INFO - 🎯 IGDB Match: 'Dark Deity' (100%)
2026-09-01 19:28:21,642 - INFO - 📅 Fetching Basic Metadata: RPG in a Box
2026-09-01 19:28:21,817 - INFO - 🎯 IGDB Match: 'RPG in a Box' (100%)
2026-09-01 19:28:21,821 - INFO - 📅 Fetching Basic Metadata: Fallout Classic Collection
2026-09-01 19:28:21,953 - INFO - 🎯 IGDB Match: 'Fallout Classic Collection' (100%)
2026-09-01 19:28:21,958 - INFO - 📅 Fetching Basic Metadata: Recipe for Disaster
2026-09-01 19:28:22,198 - INFO - 🎯 IGDB Match: 'Recipe For Disaster' (100%)
2026-09-01 19:28:22,203 - INFO - 📅 Fetching Basic Metadata: World of Warships — Starter Pack: Ishizuchi
2026-09-01 19:28:22,407 - INFO - 🎯 IGDB Match: 'World of Warships: Starter Pack - Ishizuchi' (98%)
2026-09-01 19:28:22,412 - INFO - 📅 Fetching Basic Metadata: Poker Club
2026-09-01 19:28:22,544 - INFO - 🎯 IGDB Match: 'Poker Club' (100%)
2026-09-01 19:28:22,548 - INFO - 📅 Fetching Basic Metadata: The Sims 4 The Daring Lifestyle Bundle
2026-09-01 19:28:22,731 - INFO - 🎯 IGDB Match: 'The Sims 4: The Daring Lifestyle Bundle' (99%)
2026-09-01 19:28:22,736 - INFO - 📅 Fetching Basic Metadata: Dodo Peak
2026-09-01 19:28:22,927 - INFO - 🎯 IGDB Match: 'Dodo Peak' (100%)
2026-09-01 19:28:22,931 - INFO - 📅 Fetching Basic Metadata: Spelldrifter
2026-09-01 19:28:23,062 - INFO - 🎯 IGDB Match: 'Spelldrifter' (100%)
2026-09-01 19:28:23,066 - INFO - 📅 Fetching Basic Metadata: Model Builder
2026-09-01 19:28:23,290 - INFO - 🎯 IGDB Match: 'Model Builder' (100%)
2026-09-01 19:28:23,294 - INFO - 📅 Fetching Basic Metadata: Godlike Burger
2026-09-01 19:28:23,566 - INFO - 🎯 IGDB Match: 'Godlike Burger' (100%)
2026-09-01 19:28:23,570 - INFO - 📅 Fetching Basic Metadata: Q.U.B.E. Ultimate Bundle
2026-09-01 19:28:23,747 - INFO - 🎯 IGDB Match: 'Q.U.B.E. Ultimate Bundle' (100%)
2026-09-01 19:28:23,751 - INFO - 📅 Fetching Basic Metadata: Jitsu Squad
2026-09-01 19:28:23,884 - INFO - 🎯 IGDB Match: 'Jitsu Squad' (100%)
2026-09-01 19:28:23,888 - INFO - 📅 Fetching Basic Metadata: Mighty Fight Federation
2026-09-01 19:28:24,014 - INFO - 🎯 IGDB Match: 'Mighty Fight Federation' (100%)
2026-09-01 19:28:24,020 - INFO - 📅 Fetching Basic Metadata: LOVE
2026-09-01 19:28:24,224 - INFO - 🎯 IGDB Match: 'Love Love Love' (90%)
2026-09-01 19:28:24,229 - INFO - 📅 Fetching Basic Metadata: Call of The Wild: The Angler
2026-09-01 19:28:24,364 - INFO - 🎯 IGDB Match: 'Call of the Wild: The Angler' (100%)
2026-09-01 19:28:24,369 - INFO - 📅 Fetching Basic Metadata: The Falconeer
2026-09-01 19:28:24,504 - INFO - 🎯 IGDB Match: 'The Falconeer: The Hunter' (90%)
2026-09-01 19:28:24,508 - INFO - 📅 Fetching Basic Metadata: Rawmen: Food Fighter Arena
2026-09-01 19:28:24,677 - INFO - 🎯 IGDB Match: 'Rawmen' (90%)
2026-09-01 19:28:24,681 - INFO - 📅 Fetching Basic Metadata: World of Warships – Starter Pack: Albany
2026-09-01 19:28:24,813 - INFO - 📅 Fetching Basic Metadata: Fallout Classic Edition
2026-09-01 19:28:24,956 - INFO - 📅 Fetching Basic Metadata: Outliver: Tribulation
2026-09-01 19:28:25,096 - WARNING - IGDB Error for Outliver: Tribulation: string indices must be integers, not 'str'
2026-09-01 19:28:25,100 - INFO - 📅 Fetching Basic Metadata: Bus Simulator 21 Next Stop
2026-09-01 19:28:25,247 - INFO - 🎯 IGDB Match: 'Bus Simulator 21: Next Stop' (98%)
2026-09-01 19:28:25,252 - INFO - 📅 Fetching Basic Metadata: Turmoil
2026-09-01 19:28:25,357 - WARNING - IGDB Error for Turmoil: string indices must be integers, not 'str'
2026-09-01 19:28:25,361 - INFO - 📅 Fetching Basic Metadata: World War Z Aftermath
2026-09-01 19:28:25,545 - INFO - 🎯 IGDB Match: 'World War Z: Aftermath' (98%)
2026-09-01 19:28:25,549 - INFO - 📅 Fetching Basic Metadata: World Of Warships – Anniversary Party Flavor
2026-09-01 19:28:25,669 - WARNING - IGDB Error for World Of Warships – Anniversary Party Flavor: string indices must be integers, not 'str'
2026-09-01 19:28:25,673 - INFO - 📅 Fetching Basic Metadata: Neko Ghost, Jump!
2026-09-01 19:28:25,802 - WARNING - IGDB Error for Neko Ghost, Jump!: string indices must be integers, not 'str'
2026-09-01 19:28:25,806 - INFO - 📅 Fetching Basic Metadata: Super Space Club
2026-09-01 19:28:26,035 - WARNING - IGDB Error for Super Space Club: string indices must be integers, not 'str'
2026-09-01 19:28:26,040 - INFO - 📅 Fetching Basic Metadata: Touch Type Tale
2026-09-01 19:28:26,165 - WARNING - IGDB Error for Touch Type Tale: string indices must be integers, not 'str'
2026-09-01 19:28:26,170 - INFO - 📅 Fetching Basic Metadata: Gigapocalypse
2026-09-01 19:28:26,285 - WARNING - IGDB Error for Gigapocalypse: string indices must be integers, not 'str'
2026-09-01 19:28:26,290 - INFO - 📅 Fetching Basic Metadata: Legion TD2
2026-09-01 19:28:26,411 - WARNING - IGDB Error for Legion TD2: string indices must be integers, not 'str'
2026-09-01 19:28:26,416 - INFO - 📅 Fetching Basic Metadata: Nightingale
2026-09-01 19:28:26,590 - INFO - 🎯 IGDB Match: 'Nightingale' (100%)
2026-09-01 19:28:26,595 - INFO - 📅 Fetching Basic Metadata: Godzilla Voxel Wars
2026-09-01 19:28:26,737 - INFO - 🎯 IGDB Match: 'Godzilla Voxel Wars' (100%)
2026-09-01 19:28:26,743 - INFO - 📅 Fetching Basic Metadata: Trine Classic Collection
2026-09-01 19:28:26,898 - INFO - 🎯 IGDB Match: 'Trine Classic Collection' (100%)
2026-09-01 19:28:26,904 - INFO - 📅 Fetching Basic Metadata: Poison Retro Set
2026-09-01 19:28:27,073 - INFO - 🎯 IGDB Match: 'Pixel Gun 3D: Poison Retro Set' (90%)
2026-09-01 19:28:27,078 - INFO - 📅 Fetching Basic Metadata: The Darkside Detective A Fumble in the Dark
2026-09-01 19:28:27,205 - INFO - 🎯 IGDB Match: 'The Darkside Detective: A Fumble in the Dark' (99%)
2026-09-01 19:28:27,210 - INFO - 📅 Fetching Basic Metadata: Return to Ash
2026-09-01 19:28:27,343 - INFO - 🎯 IGDB Match: 'Return to Ash' (100%)
2026-09-01 19:28:27,347 - INFO - 🏢 Publisher Search: STALCRAFT: X Starter Edition
2026-09-01 19:28:28,768 - INFO - 📅 Fetching Basic Metadata: STALCRAFT: X Starter Edition
2026-09-01 19:28:28,913 - INFO - 📅 Fetching Basic Metadata: Boxes: Lost Fragments
2026-09-01 19:28:29,051 - INFO - 🎯 IGDB Match: 'Boxes: Lost Fragments' (100%)
2026-09-01 19:28:29,055 - INFO - 📅 Fetching Basic Metadata: My Night Job
2026-09-01 19:28:29,235 - INFO - 🎯 IGDB Match: 'My Night Job' (100%)
2026-09-01 19:28:29,252 - INFO - 📅 Fetching Basic Metadata: Electrician Simulator
2026-09-01 19:28:29,463 - INFO - 🎯 IGDB Match: 'Electrician Simulator' (100%)
2026-09-01 19:28:29,467 - INFO - 🏢 Publisher Search: World of Warships — Epic Anniversary Tachibana Pack
2026-09-01 19:28:30,912 - INFO - 📅 Fetching Basic Metadata: World of Warships — Epic Anniversary Tachibana Pack
2026-09-01 19:28:31,105 - INFO - 📅 Fetching Basic Metadata: Hyper Echelon
2026-09-01 19:28:31,241 - INFO - 🎯 IGDB Match: 'Hyper Echelon' (100%)
2026-09-01 19:28:31,246 - INFO - 📅 Fetching Basic Metadata: Havendock
2026-09-01 19:28:31,375 - INFO - 🎯 IGDB Match: 'Havendock' (100%)
2026-09-01 19:28:31,379 - INFO - 📅 Fetching Basic Metadata: Clone Drone in the Danger Zone
2026-09-01 19:28:31,508 - INFO - 🎯 IGDB Match: 'Clone Drone in the Danger Zone' (100%)
2026-09-01 19:28:31,512 - INFO - 🏢 Publisher Search: TOMAK: Save the Earth Regeneration
2026-09-01 19:28:32,906 - INFO - 📅 Fetching Basic Metadata: TOMAK: Save the Earth Regeneration
2026-09-01 19:28:33,048 - INFO - 🎯 IGDB Match: 'Tomak: Save the Earth Regeneration' (100%)
2026-09-01 19:28:33,052 - INFO - 📅 Fetching Basic Metadata: Prop Sumo
2026-09-01 19:28:33,175 - INFO - 🎯 IGDB Match: 'Prop Sumo' (100%)
2026-09-01 19:28:33,180 - INFO - 📅 Fetching Basic Metadata: The Stone of Madness
2026-09-01 19:28:33,356 - INFO - 🎯 IGDB Match: 'The Stone of Madness' (100%)
2026-09-01 19:28:33,360 - INFO - 📅 Fetching Basic Metadata: Firestone Online Idle RPG
2026-09-01 19:28:33,490 - INFO - 🎯 IGDB Match: 'Firestone: Online Idle RPG' (98%)
2026-09-01 19:28:33,494 - INFO - 📅 Fetching Basic Metadata: Oddsparks: An Automation Adventure
2026-09-01 19:28:33,666 - INFO - 🎯 IGDB Match: 'Oddsparks: An Automation Adventure' (100%)
2026-09-01 19:28:33,670 - INFO - 📅 Fetching Basic Metadata: Trash Goblin
2026-09-01 19:28:33,898 - INFO - 🎯 IGDB Match: 'Trash Goblin' (100%)
2026-09-01 19:28:33,902 - INFO - 🏢 Publisher Search: The Telltale Batman Shadows Edition
2026-09-01 19:28:35,337 - INFO - 📅 Fetching Basic Metadata: The Telltale Batman Shadows Edition
2026-09-01 19:28:35,484 - INFO - 🎯 IGDB Match: 'Telltale Batman Shadows Edition' (95%)
2026-09-01 19:28:35,488 - INFO - 🏢 Publisher Search: Sunderfolk - Standard Edition
2026-09-01 19:28:37,029 - INFO - 📅 Fetching Basic Metadata: Sunderfolk - Standard Edition
2026-09-01 19:28:37,169 - INFO - 📅 Fetching Basic Metadata: Down in Bermuda
2026-09-01 19:28:37,301 - INFO - 🎯 IGDB Match: 'Down in Bermuda' (100%)
2026-09-01 19:28:37,305 - INFO - 📅 Fetching Basic Metadata: Tomb Raider I-III Remastered Starring Lara Croft
2026-09-01 19:28:37,444 - INFO - 📅 Fetching Basic Metadata: LONESTAR
2026-09-01 19:28:37,560 - INFO - 🎯 IGDB Match: 'LoneStar' (100%)
2026-09-01 19:28:37,564 - INFO - 📅 Fetching Basic Metadata: Calico
2026-09-01 19:28:37,680 - INFO - 🎯 IGDB Match: 'Calico' (100%)
2026-09-01 19:28:37,684 - INFO - 📅 Fetching Basic Metadata: Rogue Waters
2026-09-01 19:28:37,815 - INFO - 🎯 IGDB Match: 'Rogue Waters' (100%)
2026-09-01 19:28:37,819 - INFO - 📅 Fetching Basic Metadata: The Ouroboros King
2026-09-01 19:28:37,957 - INFO - 🎯 IGDB Match: 'The Ouroboros King' (100%)
2026-09-01 19:28:37,960 - INFO - 🏢 Publisher Search: Warhammer 40K Speed Freeks
2026-09-01 19:28:39,370 - INFO - 📅 Fetching Basic Metadata: I Have No Mouth, and I Must Scream
2026-09-01 19:28:39,625 - INFO - 🎯 IGDB Match: 'I Have No Mouth, and I Must Scream' (100%)
2026-09-01 19:28:39,630 - INFO - 📅 Fetching Basic Metadata: Nova Lands
2026-09-01 19:28:39,860 - INFO - 🎯 IGDB Match: 'Nova Lands' (100%)
2026-09-01 19:28:39,865 - INFO - 📅 Fetching Basic Metadata: Tattoo Tycoon
2026-09-01 19:28:40,019 - INFO - 🎯 IGDB Match: 'Tattoo Tycoon' (100%)
2026-09-01 19:28:40,023 - INFO - 📅 Fetching Basic Metadata: Echo Generation: Midnight Edition
2026-09-01 19:28:40,259 - INFO - 🎯 IGDB Match: 'Echo Generation: Midnight Edition' (100%)
2026-09-01 19:28:40,263 - INFO - 💰 Price Search: Foretales
2026-09-01 19:28:41,480 - WARNING - Price error for Foretales: string indices must be integers, not 'str'
2026-09-01 19:28:41,480 - INFO - 📅 Fetching Basic Metadata: Foretales
2026-09-01 19:28:41,624 - INFO - 🎯 IGDB Match: 'Foretales' (100%)
2026-09-01 19:28:41,628 - INFO - 💰 Price Search: OTXO
2026-09-01 19:28:42,703 - WARNING - Price error for OTXO: string indices must be integers, not 'str'
2026-09-01 19:28:42,704 - INFO - 💰 Price Search: Sol Cesto
2026-09-01 19:28:43,818 - WARNING - Price error for Sol Cesto: string indices must be integers, not 'str'
2026-09-01 19:28:43,818 - INFO - 📅 Fetching Basic Metadata: Sol Cesto
2026-09-01 19:28:43,981 - INFO - 🎯 IGDB Match: 'Sol Cesto' (100%)
2026-09-01 19:28:43,987 - INFO - 💰 Price Search: Beacon Pines
2026-09-01 19:28:45,056 - WARNING - Price error for Beacon Pines: string indices must be integers, not 'str'
2026-09-01 19:28:45,057 - INFO - 💰 Price Search: Caravan SandWitch
2026-09-01 19:28:46,140 - WARNING - Price error for Caravan SandWitch: string indices must be integers, not 'str'
2026-09-01 19:28:46,141 - INFO - 💰 Price Search: Cardpocalypse Standard Edition
2026-09-01 19:28:47,215 - WARNING - Price error for Cardpocalypse Standard Edition: string indices must be integers, not 'str'
2026-09-01 19:28:47,215 - INFO - 🏢 Publisher Search: Cardpocalypse Standard Edition
2026-09-01 19:28:48,895 - INFO - 📅 Fetching Basic Metadata: Cardpocalypse Standard Edition
2026-09-01 19:28:49,022 - INFO - 💰 Price Search: Epic Mage Bundle
2026-09-01 19:28:50,097 - WARNING - Price error for Epic Mage Bundle: string indices must be integers, not 'str'
2026-09-01 19:28:50,097 - INFO - 🏢 Publisher Search: Epic Mage Bundle
2026-09-01 19:28:51,587 - INFO - 📅 Fetching Basic Metadata: Epic Mage Bundle
2026-09-01 19:28:51,815 - INFO - 💰 Price Search: Rival Stars Horse Racing : Desktop Edition
2026-09-01 19:28:52,891 - WARNING - Price error for Rival Stars Horse Racing : Desktop Edition: string indices must be integers, not 'str'
2026-09-01 19:28:52,891 - INFO - 🏢 Publisher Search: Rival Stars Horse Racing : Desktop Edition
2026-09-01 19:28:54,278 - INFO - 📅 Fetching Basic Metadata: Rival Stars Horse Racing : Desktop Edition
2026-09-01 19:28:54,536 - INFO - 🎯 IGDB Match: 'Rival Stars Horse Racing: Desktop Edition' (99%)
2026-09-01 19:28:54,547 - INFO - 
--- Starting Data Quality Checks ---
2026-09-01 19:28:54,556 - INFO - --- Data Quality Checks Complete ---

2026-09-01 19:28:54,575 - INFO - | Metric | Statistics |
| :--- | :--- |
| 💰 **Total Market Value** | **$13,332.99** |
| 📦 **Total Games Collected** | 700 |
| 🏷️ **Average Retail Price** | $22.09 per game |
| 💎 **Most Expensive Title** | Civilization 6 Platinum Edition ($79.99) |
| 👑 **MVP Publisher** | Bethesda Softworks |
| 🏢 **Value Leaders** | 2K ($579.90), Bethesda Softworks ($544.80), Paradox Interactive ($409.89) |
| 📈 **Inflation-Adjusted Value** | $15,130.23 |
| 🎈 **Inflation Bonus** | **+$1,797.24** in purchasing power |
| 🗓️ **Peak Saving Month** | 🎄 **Seasonality Peak:** December is historically the best month, offering $3,388.17 in savings. |
| ⭐ **Average Score** | 76.9/100 |
| 💳 **Subscription Equivalent** | **$168.05 / mo** |
| 🎯 **Prestige Ratio** | **2.0%** (Strategic Hype) |
| 🏎️ **Lead Time Avg** | 441 Days to Sequel |

2026-09-01 19:28:54,575 - INFO - ✅ README.md updated.
2026-09-01 19:28:54,591 - INFO - Using categorical units to plot a list of strings that are all parsable as floats or dates. If these strings should be plotted as numbers, cast to the appropriate data type before plotting.
2026-09-01 19:28:54,591 - INFO - Using categorical units to plot a list of strings that are all parsable as floats or dates. If these strings should be plotted as numbers, cast to the appropriate data type before plotting.
2026-09-01 19:28:58,274 - INFO - 📈 All charts generated successfully.
