2026-09-04 19:03:11,703 - INFO - Failed to extract font properties from /usr/share/fonts/truetype/noto/NotoColorEmoji.ttf: Non-scalable fonts are not supported
2026-09-04 19:03:11,792 - INFO - generated new fontManager
2026-09-04 19:03:12,203 - INFO - ✅ Migration Successful!
2026-09-04 19:03:12,584 - INFO - No new games found.
2026-09-04 19:03:12,930 - INFO - 🔍 Found 624 games needing metadata. Starting IGDB + Steam + CheapShark enrichment...
2026-09-04 19:03:13,037 - INFO - 📅 Fetching Basic Metadata: LEGO Batman Trilogy
2026-09-04 19:03:13,413 - INFO - 🎯 IGDB Match: 'LEGO Batman Trilogy' (100%)
2026-09-04 19:03:13,435 - INFO - 📅 Fetching Basic Metadata: Antstream
2026-09-04 19:03:13,620 - INFO - 📅 Fetching Basic Metadata: The Drone Racing League Simulator
2026-09-04 19:03:13,756 - INFO - 🎯 IGDB Match: 'The Drone Racing League Simulator' (100%)
2026-09-04 19:03:13,763 - INFO - 📅 Fetching Basic Metadata: Dark Deity
2026-09-04 19:03:14,049 - INFO - 🎯 IGDB Match: 'Dark Deity' (100%)
2026-09-04 19:03:14,056 - INFO - 📅 Fetching Basic Metadata: RPG in a Box
2026-09-04 19:03:14,253 - INFO - 🎯 IGDB Match: 'RPG in a Box' (100%)
2026-09-04 19:03:14,260 - INFO - 📅 Fetching Basic Metadata: Fallout Classic Collection
2026-09-04 19:03:14,491 - INFO - 🎯 IGDB Match: 'Fallout Classic Collection' (100%)
2026-09-04 19:03:14,499 - INFO - 📅 Fetching Basic Metadata: Recipe for Disaster
2026-09-04 19:03:14,654 - INFO - 🎯 IGDB Match: 'Recipe For Disaster' (100%)
2026-09-04 19:03:14,661 - INFO - 📅 Fetching Basic Metadata: World of Warships — Starter Pack: Ishizuchi
2026-09-04 19:03:14,881 - INFO - 🎯 IGDB Match: 'World of Warships: Starter Pack - Ishizuchi' (98%)
2026-09-04 19:03:14,888 - INFO - 📅 Fetching Basic Metadata: Poker Club
2026-09-04 19:03:15,040 - INFO - 🎯 IGDB Match: 'Poker Club' (100%)
2026-09-04 19:03:15,047 - INFO - 📅 Fetching Basic Metadata: The Sims 4 The Daring Lifestyle Bundle
2026-09-04 19:03:15,179 - INFO - 🎯 IGDB Match: 'The Sims 4: The Daring Lifestyle Bundle' (99%)
2026-09-04 19:03:15,187 - INFO - 📅 Fetching Basic Metadata: Dodo Peak
2026-09-04 19:03:15,396 - INFO - 🎯 IGDB Match: 'Dodo Peak' (100%)
2026-09-04 19:03:15,402 - INFO - 📅 Fetching Basic Metadata: Spelldrifter
2026-09-04 19:03:15,565 - INFO - 🎯 IGDB Match: 'Spelldrifter' (100%)
2026-09-04 19:03:15,571 - INFO - 📅 Fetching Basic Metadata: Model Builder
2026-09-04 19:03:15,783 - INFO - 🎯 IGDB Match: 'Model Builder' (100%)
2026-09-04 19:03:15,789 - INFO - 📅 Fetching Basic Metadata: Godlike Burger
2026-09-04 19:03:16,102 - INFO - 🎯 IGDB Match: 'Godlike Burger' (100%)
2026-09-04 19:03:16,109 - INFO - 📅 Fetching Basic Metadata: Q.U.B.E. Ultimate Bundle
2026-09-04 19:03:16,403 - INFO - 🎯 IGDB Match: 'Q.U.B.E. Ultimate Bundle' (100%)
2026-09-04 19:03:16,410 - INFO - 📅 Fetching Basic Metadata: Jitsu Squad
2026-09-04 19:03:16,671 - INFO - 🎯 IGDB Match: 'Jitsu Squad' (100%)
2026-09-04 19:03:16,677 - INFO - 📅 Fetching Basic Metadata: Mighty Fight Federation
2026-09-04 19:03:16,806 - INFO - 🎯 IGDB Match: 'Mighty Fight Federation' (100%)
2026-09-04 19:03:16,815 - INFO - 📅 Fetching Basic Metadata: LOVE
2026-09-04 19:03:17,014 - INFO - 🎯 IGDB Match: 'Love Love Love' (90%)
2026-09-04 19:03:17,021 - INFO - 📅 Fetching Basic Metadata: Call of The Wild: The Angler
2026-09-04 19:03:17,253 - INFO - 🎯 IGDB Match: 'Call of the Wild: The Angler' (100%)
2026-09-04 19:03:17,261 - INFO - 📅 Fetching Basic Metadata: The Falconeer
2026-09-04 19:03:17,403 - INFO - 🎯 IGDB Match: 'The Falconeer: The Hunter' (90%)
2026-09-04 19:03:17,410 - INFO - 📅 Fetching Basic Metadata: Rawmen: Food Fighter Arena
2026-09-04 19:03:17,538 - INFO - 🎯 IGDB Match: 'Rawmen' (90%)
2026-09-04 19:03:17,544 - INFO - 📅 Fetching Basic Metadata: World of Warships – Starter Pack: Albany
2026-09-04 19:03:17,748 - INFO - 📅 Fetching Basic Metadata: Fallout Classic Edition
2026-09-04 19:03:17,922 - INFO - 📅 Fetching Basic Metadata: Outliver: Tribulation
2026-09-04 19:03:18,078 - INFO - 🎯 IGDB Match: 'Outliver: Tribulation' (100%)
2026-09-04 19:03:18,085 - INFO - 📅 Fetching Basic Metadata: Bus Simulator 21 Next Stop
2026-09-04 19:03:18,218 - INFO - 🎯 IGDB Match: 'Bus Simulator 21: Next Stop' (98%)
2026-09-04 19:03:18,227 - INFO - 📅 Fetching Basic Metadata: Turmoil
2026-09-04 19:03:18,433 - INFO - 🎯 IGDB Match: 'Turmoil' (100%)
2026-09-04 19:03:18,441 - INFO - 📅 Fetching Basic Metadata: World War Z Aftermath
2026-09-04 19:03:18,647 - INFO - 🎯 IGDB Match: 'World War Z: Aftermath' (98%)
2026-09-04 19:03:18,654 - INFO - 📅 Fetching Basic Metadata: World Of Warships – Anniversary Party Flavor
2026-09-04 19:03:18,820 - INFO - 📅 Fetching Basic Metadata: Neko Ghost, Jump!
2026-09-04 19:03:18,955 - INFO - 🎯 IGDB Match: 'Neko Ghost, Jump!' (100%)
2026-09-04 19:03:18,962 - INFO - 📅 Fetching Basic Metadata: Super Space Club
2026-09-04 19:03:19,092 - INFO - 🎯 IGDB Match: 'Super Space Club' (100%)
2026-09-04 19:03:19,099 - INFO - 📅 Fetching Basic Metadata: Touch Type Tale
2026-09-04 19:03:19,234 - INFO - 🎯 IGDB Match: 'Touch Type Tale' (100%)
2026-09-04 19:03:19,241 - INFO - 📅 Fetching Basic Metadata: Gigapocalypse
2026-09-04 19:03:19,434 - INFO - 🎯 IGDB Match: 'Gigapocalypse' (100%)
2026-09-04 19:03:19,442 - INFO - 📅 Fetching Basic Metadata: Legion TD2
2026-09-04 19:03:19,580 - INFO - 📅 Fetching Basic Metadata: Nightingale
2026-09-04 19:03:19,731 - INFO - 🎯 IGDB Match: 'Nightingale' (100%)
2026-09-04 19:03:19,738 - INFO - 📅 Fetching Basic Metadata: Godzilla Voxel Wars
2026-09-04 19:03:19,914 - WARNING - IGDB Error for Godzilla Voxel Wars: string indices must be integers, not 'str'
2026-09-04 19:03:19,923 - INFO - 📅 Fetching Basic Metadata: Trine Classic Collection
2026-09-04 19:03:20,044 - WARNING - IGDB Error for Trine Classic Collection: string indices must be integers, not 'str'
2026-09-04 19:03:20,052 - INFO - 📅 Fetching Basic Metadata: Poison Retro Set
2026-09-04 19:03:20,161 - WARNING - IGDB Error for Poison Retro Set: string indices must be integers, not 'str'
2026-09-04 19:03:20,167 - INFO - 📅 Fetching Basic Metadata: The Darkside Detective A Fumble in the Dark
2026-09-04 19:03:20,287 - WARNING - IGDB Error for The Darkside Detective A Fumble in the Dark: string indices must be integers, not 'str'
2026-09-04 19:03:20,294 - INFO - 📅 Fetching Basic Metadata: Return to Ash
2026-09-04 19:03:20,420 - WARNING - IGDB Error for Return to Ash: string indices must be integers, not 'str'
2026-09-04 19:03:20,426 - INFO - 🏢 Publisher Search: STALCRAFT: X Starter Edition
2026-09-04 19:03:21,930 - INFO - 📅 Fetching Basic Metadata: STALCRAFT: X Starter Edition
2026-09-04 19:03:22,081 - INFO - 📅 Fetching Basic Metadata: Boxes: Lost Fragments
2026-09-04 19:03:22,237 - INFO - 🎯 IGDB Match: 'Boxes: Lost Fragments' (100%)
2026-09-04 19:03:22,243 - INFO - 📅 Fetching Basic Metadata: My Night Job
2026-09-04 19:03:22,378 - INFO - 🎯 IGDB Match: 'My Night Job' (100%)
2026-09-04 19:03:22,385 - INFO - 📅 Fetching Basic Metadata: Electrician Simulator
2026-09-04 19:03:22,514 - INFO - 🎯 IGDB Match: 'Electrician Simulator' (100%)
2026-09-04 19:03:22,520 - INFO - 🏢 Publisher Search: World of Warships — Epic Anniversary Tachibana Pack
2026-09-04 19:03:23,945 - INFO - 📅 Fetching Basic Metadata: World of Warships — Epic Anniversary Tachibana Pack
2026-09-04 19:03:24,089 - INFO - 📅 Fetching Basic Metadata: Hyper Echelon
2026-09-04 19:03:24,324 - INFO - 🎯 IGDB Match: 'Hyper Echelon' (100%)
2026-09-04 19:03:24,330 - INFO - 📅 Fetching Basic Metadata: Havendock
2026-09-04 19:03:24,559 - INFO - 🎯 IGDB Match: 'Havendock' (100%)
2026-09-04 19:03:24,566 - INFO - 📅 Fetching Basic Metadata: Clone Drone in the Danger Zone
2026-09-04 19:03:24,697 - INFO - 🎯 IGDB Match: 'Clone Drone in the Danger Zone' (100%)
2026-09-04 19:03:24,704 - INFO - 🏢 Publisher Search: TOMAK: Save the Earth Regeneration
2026-09-04 19:03:26,059 - INFO - 📅 Fetching Basic Metadata: TOMAK: Save the Earth Regeneration
2026-09-04 19:03:26,194 - INFO - 🎯 IGDB Match: 'Tomak: Save the Earth Regeneration' (100%)
2026-09-04 19:03:26,201 - INFO - 📅 Fetching Basic Metadata: Prop Sumo
2026-09-04 19:03:26,332 - INFO - 🎯 IGDB Match: 'Prop Sumo' (100%)
2026-09-04 19:03:26,338 - INFO - 📅 Fetching Basic Metadata: The Stone of Madness
2026-09-04 19:03:26,515 - INFO - 🎯 IGDB Match: 'The Stone of Madness' (100%)
2026-09-04 19:03:26,522 - INFO - 📅 Fetching Basic Metadata: Firestone Online Idle RPG
2026-09-04 19:03:26,650 - INFO - 🎯 IGDB Match: 'Firestone: Online Idle RPG' (98%)
2026-09-04 19:03:26,656 - INFO - 📅 Fetching Basic Metadata: Oddsparks: An Automation Adventure
2026-09-04 19:03:26,786 - INFO - 🎯 IGDB Match: 'Oddsparks: An Automation Adventure' (100%)
2026-09-04 19:03:26,792 - INFO - 📅 Fetching Basic Metadata: Trash Goblin
2026-09-04 19:03:26,936 - INFO - 🎯 IGDB Match: 'Trash Goblin' (100%)
2026-09-04 19:03:26,942 - INFO - 🏢 Publisher Search: The Telltale Batman Shadows Edition
2026-09-04 19:03:28,325 - INFO - 📅 Fetching Basic Metadata: The Telltale Batman Shadows Edition
2026-09-04 19:03:28,445 - INFO - 🎯 IGDB Match: 'Telltale Batman Shadows Edition' (95%)
2026-09-04 19:03:28,452 - INFO - 🏢 Publisher Search: Sunderfolk - Standard Edition
2026-09-04 19:03:29,818 - INFO - 📅 Fetching Basic Metadata: Sunderfolk - Standard Edition
2026-09-04 19:03:30,014 - INFO - 📅 Fetching Basic Metadata: Down in Bermuda
2026-09-04 19:03:30,240 - INFO - 🎯 IGDB Match: 'Down in Bermuda' (100%)
2026-09-04 19:03:30,246 - INFO - 📅 Fetching Basic Metadata: Tomb Raider I-III Remastered Starring Lara Croft
2026-09-04 19:03:30,379 - INFO - 📅 Fetching Basic Metadata: LONESTAR
2026-09-04 19:03:30,509 - INFO - 🎯 IGDB Match: 'LoneStar' (100%)
2026-09-04 19:03:30,515 - INFO - 📅 Fetching Basic Metadata: Calico
2026-09-04 19:03:30,651 - INFO - 🎯 IGDB Match: 'Calico' (100%)
2026-09-04 19:03:30,658 - INFO - 📅 Fetching Basic Metadata: Rogue Waters
2026-09-04 19:03:30,882 - INFO - 🎯 IGDB Match: 'Rogue Waters' (100%)
2026-09-04 19:03:30,889 - INFO - 📅 Fetching Basic Metadata: The Ouroboros King
2026-09-04 19:03:31,070 - INFO - 🎯 IGDB Match: 'The Ouroboros King' (100%)
2026-09-04 19:03:31,076 - INFO - 🏢 Publisher Search: Warhammer 40K Speed Freeks
2026-09-04 19:03:32,489 - INFO - 📅 Fetching Basic Metadata: I Have No Mouth, and I Must Scream
2026-09-04 19:03:32,655 - INFO - 🎯 IGDB Match: 'I Have No Mouth, and I Must Scream' (100%)
2026-09-04 19:03:32,661 - INFO - 📅 Fetching Basic Metadata: Nova Lands
2026-09-04 19:03:32,789 - INFO - 🎯 IGDB Match: 'Nova Lands' (100%)
2026-09-04 19:03:32,796 - INFO - 📅 Fetching Basic Metadata: Tattoo Tycoon
2026-09-04 19:03:32,926 - INFO - 🎯 IGDB Match: 'Tattoo Tycoon' (100%)
2026-09-04 19:03:32,933 - INFO - 📅 Fetching Basic Metadata: Echo Generation: Midnight Edition
2026-09-04 19:03:33,073 - INFO - 🎯 IGDB Match: 'Echo Generation: Midnight Edition' (100%)
2026-09-04 19:03:33,080 - INFO - 💰 Price Search: Foretales
2026-09-04 19:03:34,190 - WARNING - Price error for Foretales: string indices must be integers, not 'str'
2026-09-04 19:03:34,190 - INFO - 📅 Fetching Basic Metadata: Foretales
2026-09-04 19:03:34,321 - INFO - 🎯 IGDB Match: 'Foretales' (100%)
2026-09-04 19:03:34,328 - INFO - 💰 Price Search: OTXO
2026-09-04 19:03:35,430 - WARNING - Price error for OTXO: string indices must be integers, not 'str'
2026-09-04 19:03:35,431 - INFO - 💰 Price Search: Sol Cesto
2026-09-04 19:03:36,521 - WARNING - Price error for Sol Cesto: string indices must be integers, not 'str'
2026-09-04 19:03:36,521 - INFO - 📅 Fetching Basic Metadata: Sol Cesto
2026-09-04 19:03:36,648 - INFO - 🎯 IGDB Match: 'Sol Cesto' (100%)
2026-09-04 19:03:36,655 - INFO - 💰 Price Search: Beacon Pines
2026-09-04 19:03:37,733 - WARNING - Price error for Beacon Pines: string indices must be integers, not 'str'
2026-09-04 19:03:37,734 - INFO - 💰 Price Search: Caravan SandWitch
2026-09-04 19:03:38,803 - WARNING - Price error for Caravan SandWitch: string indices must be integers, not 'str'
2026-09-04 19:03:38,805 - INFO - 💰 Price Search: Cardpocalypse Standard Edition
2026-09-04 19:03:39,884 - WARNING - Price error for Cardpocalypse Standard Edition: string indices must be integers, not 'str'
2026-09-04 19:03:39,885 - INFO - 🏢 Publisher Search: Cardpocalypse Standard Edition
2026-09-04 19:03:41,277 - INFO - 📅 Fetching Basic Metadata: Cardpocalypse Standard Edition
2026-09-04 19:03:41,518 - INFO - 💰 Price Search: Epic Mage Bundle
2026-09-04 19:03:42,592 - WARNING - Price error for Epic Mage Bundle: string indices must be integers, not 'str'
2026-09-04 19:03:42,592 - INFO - 🏢 Publisher Search: Epic Mage Bundle
2026-09-04 19:03:44,091 - INFO - 📅 Fetching Basic Metadata: Epic Mage Bundle
2026-09-04 19:03:44,224 - INFO - 💰 Price Search: Rival Stars Horse Racing : Desktop Edition
2026-09-04 19:03:45,286 - WARNING - Price error for Rival Stars Horse Racing : Desktop Edition: string indices must be integers, not 'str'
2026-09-04 19:03:45,286 - INFO - 🏢 Publisher Search: Rival Stars Horse Racing : Desktop Edition
2026-09-04 19:03:46,655 - INFO - 📅 Fetching Basic Metadata: Rival Stars Horse Racing : Desktop Edition
2026-09-04 19:03:46,795 - INFO - 🎯 IGDB Match: 'Rival Stars Horse Racing: Desktop Edition' (99%)
2026-09-04 19:03:46,802 - INFO - 💰 Price Search: Alone With You
2026-09-04 19:03:47,875 - WARNING - Price error for Alone With You: string indices must be integers, not 'str'
2026-09-04 19:03:47,875 - INFO - 📅 Fetching Basic Metadata: Alone With You
2026-09-04 19:03:48,175 - INFO - 🎯 IGDB Match: 'Alone With You' (100%)
2026-09-04 19:03:48,187 - INFO - 
--- Starting Data Quality Checks ---
2026-09-04 19:03:48,199 - INFO - --- Data Quality Checks Complete ---

2026-09-04 19:03:48,227 - INFO - | Metric | Statistics |
| :--- | :--- |
| 💰 **Total Market Value** | **$13,332.99** |
| 📦 **Total Games Collected** | 701 |
| 🏷️ **Average Retail Price** | $22.06 per game |
| 💎 **Most Expensive Title** | Civilization 6 Platinum Edition ($79.99) |
| 👑 **MVP Publisher** | Bethesda Softworks |
| 🏢 **Value Leaders** | 2K ($579.90), Bethesda Softworks ($544.80), Paradox Interactive ($409.89) |
| 📈 **Inflation-Adjusted Value** | $15,130.23 |
| 🎈 **Inflation Bonus** | **+$1,797.24** in purchasing power |
| 🗓️ **Peak Saving Month** | 🎄 **Seasonality Peak:** December is historically the best month, offering $3,388.17 in savings. |
| ⭐ **Average Score** | 76.9/100 |
| 💳 **Subscription Equivalent** | **$166.24 / mo** |
| 🎯 **Prestige Ratio** | **2.0%** (Strategic Hype) |
| 🏎️ **Lead Time Avg** | 441 Days to Sequel |

2026-09-04 19:03:48,228 - INFO - ✅ README.md updated.
2026-09-04 19:03:48,250 - INFO - Using categorical units to plot a list of strings that are all parsable as floats or dates. If these strings should be plotted as numbers, cast to the appropriate data type before plotting.
2026-09-04 19:03:48,251 - INFO - Using categorical units to plot a list of strings that are all parsable as floats or dates. If these strings should be plotted as numbers, cast to the appropriate data type before plotting.
2026-09-04 19:03:54,042 - INFO - 📈 All charts generated successfully.
