2026-08-24 17:04:53,263 - INFO - Failed to extract font properties from /usr/share/fonts/truetype/noto/NotoColorEmoji.ttf: Non-scalable fonts are not supported
2026-08-24 17:04:53,296 - INFO - generated new fontManager
2026-08-24 17:04:53,708 - INFO - ✅ Migration Successful!
2026-08-24 17:04:53,945 - INFO - No new games found.
2026-08-24 17:04:54,382 - INFO - 🔍 Found 621 games needing metadata. Starting IGDB + Steam + CheapShark enrichment...
2026-08-24 17:04:54,440 - INFO - 📅 Fetching Basic Metadata: LEGO Batman Trilogy
2026-08-24 17:04:54,825 - INFO - 🎯 IGDB Match: 'LEGO Batman Trilogy' (100%)
2026-08-24 17:04:54,843 - INFO - 📅 Fetching Basic Metadata: Antstream
2026-08-24 17:04:55,122 - INFO - 📅 Fetching Basic Metadata: The Drone Racing League Simulator
2026-08-24 17:04:55,390 - INFO - 🎯 IGDB Match: 'The Drone Racing League Simulator' (100%)
2026-08-24 17:04:55,397 - INFO - 📅 Fetching Basic Metadata: Dark Deity
2026-08-24 17:04:55,568 - INFO - 🎯 IGDB Match: 'Dark Deity' (100%)
2026-08-24 17:04:55,573 - INFO - 📅 Fetching Basic Metadata: RPG in a Box
2026-08-24 17:04:55,812 - INFO - 🎯 IGDB Match: 'RPG in a Box' (100%)
2026-08-24 17:04:55,817 - INFO - 📅 Fetching Basic Metadata: Fallout Classic Collection
2026-08-24 17:04:56,092 - INFO - 🎯 IGDB Match: 'Fallout Classic Collection' (100%)
2026-08-24 17:04:56,098 - INFO - 📅 Fetching Basic Metadata: Recipe for Disaster
2026-08-24 17:04:56,358 - INFO - 🎯 IGDB Match: 'Recipe For Disaster' (100%)
2026-08-24 17:04:56,363 - INFO - 📅 Fetching Basic Metadata: World of Warships — Starter Pack: Ishizuchi
2026-08-24 17:04:56,611 - INFO - 🎯 IGDB Match: 'World of Warships: Starter Pack - Ishizuchi' (98%)
2026-08-24 17:04:56,617 - INFO - 📅 Fetching Basic Metadata: Poker Club
2026-08-24 17:04:56,792 - INFO - 🎯 IGDB Match: 'Poker Club' (100%)
2026-08-24 17:04:56,797 - INFO - 📅 Fetching Basic Metadata: The Sims 4 The Daring Lifestyle Bundle
2026-08-24 17:04:57,060 - INFO - 🎯 IGDB Match: 'The Sims 4: The Daring Lifestyle Bundle' (99%)
2026-08-24 17:04:57,067 - INFO - 📅 Fetching Basic Metadata: Dodo Peak
2026-08-24 17:04:57,236 - INFO - 🎯 IGDB Match: 'Dodo Peak' (100%)
2026-08-24 17:04:57,242 - INFO - 📅 Fetching Basic Metadata: Spelldrifter
2026-08-24 17:04:57,478 - INFO - 🎯 IGDB Match: 'Spelldrifter' (100%)
2026-08-24 17:04:57,483 - INFO - 📅 Fetching Basic Metadata: Model Builder
2026-08-24 17:04:57,721 - INFO - 🎯 IGDB Match: 'Model Builder' (100%)
2026-08-24 17:04:57,726 - INFO - 📅 Fetching Basic Metadata: Godlike Burger
2026-08-24 17:04:57,976 - INFO - 🎯 IGDB Match: 'Godlike Burger' (100%)
2026-08-24 17:04:57,982 - INFO - 📅 Fetching Basic Metadata: Q.U.B.E. Ultimate Bundle
2026-08-24 17:04:58,241 - INFO - 🎯 IGDB Match: 'Q.U.B.E. Ultimate Bundle' (100%)
2026-08-24 17:04:58,247 - INFO - 📅 Fetching Basic Metadata: Jitsu Squad
2026-08-24 17:04:58,532 - INFO - 🎯 IGDB Match: 'Jitsu Squad' (100%)
2026-08-24 17:04:58,537 - INFO - 📅 Fetching Basic Metadata: Mighty Fight Federation
2026-08-24 17:04:58,706 - INFO - 🎯 IGDB Match: 'Mighty Fight Federation' (100%)
2026-08-24 17:04:58,714 - INFO - 📅 Fetching Basic Metadata: LOVE
2026-08-24 17:04:58,923 - INFO - 🎯 IGDB Match: 'Love Love Love' (90%)
2026-08-24 17:04:58,929 - INFO - 📅 Fetching Basic Metadata: Call of The Wild: The Angler
2026-08-24 17:04:59,150 - INFO - 🎯 IGDB Match: 'Call of the Wild: The Angler' (100%)
2026-08-24 17:04:59,157 - INFO - 📅 Fetching Basic Metadata: The Falconeer
2026-08-24 17:04:59,325 - INFO - 🎯 IGDB Match: 'The Falconeer: The Hunter' (90%)
2026-08-24 17:04:59,331 - INFO - 📅 Fetching Basic Metadata: Rawmen: Food Fighter Arena
2026-08-24 17:04:59,504 - INFO - 🎯 IGDB Match: 'Rawmen' (90%)
2026-08-24 17:04:59,510 - INFO - 📅 Fetching Basic Metadata: World of Warships – Starter Pack: Albany
2026-08-24 17:04:59,685 - INFO - 📅 Fetching Basic Metadata: Fallout Classic Edition
2026-08-24 17:04:59,917 - INFO - 📅 Fetching Basic Metadata: Outliver: Tribulation
2026-08-24 17:05:00,090 - INFO - 🎯 IGDB Match: 'Outliver: Tribulation' (100%)
2026-08-24 17:05:00,096 - INFO - 📅 Fetching Basic Metadata: Bus Simulator 21 Next Stop
2026-08-24 17:05:00,258 - INFO - 🎯 IGDB Match: 'Bus Simulator 21: Next Stop' (98%)
2026-08-24 17:05:00,265 - INFO - 📅 Fetching Basic Metadata: Turmoil
2026-08-24 17:05:00,518 - INFO - 🎯 IGDB Match: 'Turmoil' (100%)
2026-08-24 17:05:00,524 - INFO - 📅 Fetching Basic Metadata: World War Z Aftermath
2026-08-24 17:05:00,776 - INFO - 🎯 IGDB Match: 'World War Z: Aftermath' (98%)
2026-08-24 17:05:00,782 - INFO - 📅 Fetching Basic Metadata: World Of Warships – Anniversary Party Flavor
2026-08-24 17:05:00,960 - INFO - 📅 Fetching Basic Metadata: Neko Ghost, Jump!
2026-08-24 17:05:01,141 - INFO - 🎯 IGDB Match: 'Neko Ghost, Jump!' (100%)
2026-08-24 17:05:01,147 - INFO - 📅 Fetching Basic Metadata: Super Space Club
2026-08-24 17:05:01,316 - INFO - 🎯 IGDB Match: 'Super Space Club' (100%)
2026-08-24 17:05:01,322 - INFO - 📅 Fetching Basic Metadata: Touch Type Tale
2026-08-24 17:05:01,573 - INFO - 🎯 IGDB Match: 'Touch Type Tale' (100%)
2026-08-24 17:05:01,579 - INFO - 📅 Fetching Basic Metadata: Gigapocalypse
2026-08-24 17:05:01,752 - INFO - 🎯 IGDB Match: 'Gigapocalypse' (100%)
2026-08-24 17:05:01,758 - INFO - 📅 Fetching Basic Metadata: Legion TD2
2026-08-24 17:05:01,936 - INFO - 📅 Fetching Basic Metadata: Nightingale
2026-08-24 17:05:02,232 - INFO - 🎯 IGDB Match: 'Nightingale' (100%)
2026-08-24 17:05:02,238 - INFO - 📅 Fetching Basic Metadata: Godzilla Voxel Wars
2026-08-24 17:05:02,408 - INFO - 🎯 IGDB Match: 'Godzilla Voxel Wars' (100%)
2026-08-24 17:05:02,414 - INFO - 📅 Fetching Basic Metadata: Trine Classic Collection
2026-08-24 17:05:02,584 - INFO - 🎯 IGDB Match: 'Trine Classic Collection' (100%)
2026-08-24 17:05:02,591 - INFO - 📅 Fetching Basic Metadata: Poison Retro Set
2026-08-24 17:05:02,862 - INFO - 🎯 IGDB Match: 'Pixel Gun 3D: Poison Retro Set' (90%)
2026-08-24 17:05:02,867 - INFO - 📅 Fetching Basic Metadata: The Darkside Detective A Fumble in the Dark
2026-08-24 17:05:03,035 - INFO - 🎯 IGDB Match: 'The Darkside Detective: A Fumble in the Dark' (99%)
2026-08-24 17:05:03,040 - INFO - 📅 Fetching Basic Metadata: Return to Ash
2026-08-24 17:05:03,237 - INFO - 🎯 IGDB Match: 'Return to Ash' (100%)
2026-08-24 17:05:03,242 - INFO - 🏢 Publisher Search: STALCRAFT: X Starter Edition
2026-08-24 17:05:04,728 - INFO - 📅 Fetching Basic Metadata: STALCRAFT: X Starter Edition
2026-08-24 17:05:05,004 - INFO - 📅 Fetching Basic Metadata: Boxes: Lost Fragments
2026-08-24 17:05:05,238 - INFO - 🎯 IGDB Match: 'Boxes: Lost Fragments' (100%)
2026-08-24 17:05:05,244 - INFO - 📅 Fetching Basic Metadata: My Night Job
2026-08-24 17:05:05,524 - INFO - 🎯 IGDB Match: 'My Night Job' (100%)
2026-08-24 17:05:05,530 - INFO - 📅 Fetching Basic Metadata: Electrician Simulator
2026-08-24 17:05:05,697 - INFO - 🎯 IGDB Match: 'Electrician Simulator' (100%)
2026-08-24 17:05:05,702 - INFO - 🏢 Publisher Search: World of Warships — Epic Anniversary Tachibana Pack
2026-08-24 17:05:07,132 - INFO - 📅 Fetching Basic Metadata: World of Warships — Epic Anniversary Tachibana Pack
2026-08-24 17:05:07,311 - INFO - 📅 Fetching Basic Metadata: Hyper Echelon
2026-08-24 17:05:07,478 - INFO - 🎯 IGDB Match: 'Hyper Echelon' (100%)
2026-08-24 17:05:07,483 - INFO - 📅 Fetching Basic Metadata: Havendock
2026-08-24 17:05:07,733 - INFO - 🎯 IGDB Match: 'Havendock' (100%)
2026-08-24 17:05:07,738 - INFO - 📅 Fetching Basic Metadata: Clone Drone in the Danger Zone
2026-08-24 17:05:08,045 - INFO - 🎯 IGDB Match: 'Clone Drone in the Danger Zone' (100%)
2026-08-24 17:05:08,050 - INFO - 🏢 Publisher Search: TOMAK: Save the Earth Regeneration
2026-08-24 17:05:09,483 - INFO - 📅 Fetching Basic Metadata: TOMAK: Save the Earth Regeneration
2026-08-24 17:05:09,650 - INFO - 🎯 IGDB Match: 'Tomak: Save the Earth Regeneration' (100%)
2026-08-24 17:05:09,655 - INFO - 📅 Fetching Basic Metadata: Prop Sumo
2026-08-24 17:05:09,827 - INFO - 🎯 IGDB Match: 'Prop Sumo' (100%)
2026-08-24 17:05:09,832 - INFO - 📅 Fetching Basic Metadata: The Stone of Madness
2026-08-24 17:05:10,010 - INFO - 🎯 IGDB Match: 'The Stone of Madness' (100%)
2026-08-24 17:05:10,016 - INFO - 📅 Fetching Basic Metadata: Firestone Online Idle RPG
2026-08-24 17:05:10,249 - INFO - 🎯 IGDB Match: 'Firestone: Online Idle RPG' (98%)
2026-08-24 17:05:10,255 - INFO - 📅 Fetching Basic Metadata: Oddsparks: An Automation Adventure
2026-08-24 17:05:10,419 - INFO - 🎯 IGDB Match: 'Oddsparks: An Automation Adventure' (100%)
2026-08-24 17:05:10,425 - INFO - 📅 Fetching Basic Metadata: Trash Goblin
2026-08-24 17:05:10,603 - INFO - 🎯 IGDB Match: 'Trash Goblin' (100%)
2026-08-24 17:05:10,608 - INFO - 🏢 Publisher Search: The Telltale Batman Shadows Edition
2026-08-24 17:05:11,970 - INFO - 📅 Fetching Basic Metadata: The Telltale Batman Shadows Edition
2026-08-24 17:05:12,143 - INFO - 🎯 IGDB Match: 'Telltale Batman Shadows Edition' (95%)
2026-08-24 17:05:12,149 - INFO - 🏢 Publisher Search: Sunderfolk - Standard Edition
2026-08-24 17:05:13,508 - INFO - 📅 Fetching Basic Metadata: Sunderfolk - Standard Edition
2026-08-24 17:05:13,686 - INFO - 📅 Fetching Basic Metadata: Down in Bermuda
2026-08-24 17:05:13,939 - INFO - 🎯 IGDB Match: 'Down in Bermuda' (100%)
2026-08-24 17:05:13,945 - INFO - 📅 Fetching Basic Metadata: Tomb Raider I-III Remastered Starring Lara Croft
2026-08-24 17:05:14,115 - INFO - 📅 Fetching Basic Metadata: LONESTAR
2026-08-24 17:05:14,282 - INFO - 🎯 IGDB Match: 'LoneStar' (100%)
2026-08-24 17:05:14,287 - INFO - 📅 Fetching Basic Metadata: Calico
2026-08-24 17:05:14,465 - INFO - 🎯 IGDB Match: 'Calico' (100%)
2026-08-24 17:05:14,471 - INFO - 📅 Fetching Basic Metadata: Rogue Waters
2026-08-24 17:05:14,801 - INFO - 🎯 IGDB Match: 'Rogue Waters' (100%)
2026-08-24 17:05:14,806 - INFO - 📅 Fetching Basic Metadata: The Ouroboros King
2026-08-24 17:05:14,975 - INFO - 🎯 IGDB Match: 'The Ouroboros King' (100%)
2026-08-24 17:05:14,981 - INFO - 🏢 Publisher Search: Warhammer 40K Speed Freeks
2026-08-24 17:05:16,354 - INFO - 📅 Fetching Basic Metadata: I Have No Mouth, and I Must Scream
2026-08-24 17:05:16,541 - INFO - 🎯 IGDB Match: 'I Have No Mouth, and I Must Scream' (100%)
2026-08-24 17:05:16,546 - INFO - 📅 Fetching Basic Metadata: Nova Lands
2026-08-24 17:05:16,716 - INFO - 🎯 IGDB Match: 'Nova Lands' (100%)
2026-08-24 17:05:16,721 - INFO - 📅 Fetching Basic Metadata: Tattoo Tycoon
2026-08-24 17:05:16,893 - INFO - 🎯 IGDB Match: 'Tattoo Tycoon' (100%)
2026-08-24 17:05:16,899 - INFO - 📅 Fetching Basic Metadata: Echo Generation: Midnight Edition
2026-08-24 17:05:17,144 - INFO - 🎯 IGDB Match: 'Echo Generation: Midnight Edition' (100%)
2026-08-24 17:05:17,150 - INFO - 💰 Price Search: Foretales
2026-08-24 17:05:18,372 - WARNING - Price error for Foretales: string indices must be integers, not 'str'
2026-08-24 17:05:18,372 - INFO - 📅 Fetching Basic Metadata: Foretales
2026-08-24 17:05:18,539 - INFO - 🎯 IGDB Match: 'Foretales' (100%)
2026-08-24 17:05:18,545 - INFO - 💰 Price Search: OTXO
2026-08-24 17:05:19,677 - WARNING - Price error for OTXO: string indices must be integers, not 'str'
2026-08-24 17:05:19,678 - INFO - 💰 Price Search: Sol Cesto
2026-08-24 17:05:20,809 - WARNING - Price error for Sol Cesto: string indices must be integers, not 'str'
2026-08-24 17:05:20,810 - INFO - 📅 Fetching Basic Metadata: Sol Cesto
2026-08-24 17:05:20,976 - INFO - 🎯 IGDB Match: 'Sol Cesto' (100%)
2026-08-24 17:05:20,981 - INFO - 💰 Price Search: Beacon Pines
2026-08-24 17:05:22,117 - WARNING - Price error for Beacon Pines: string indices must be integers, not 'str'
2026-08-24 17:05:22,118 - INFO - 💰 Price Search: Caravan SandWitch
2026-08-24 17:05:23,251 - WARNING - Price error for Caravan SandWitch: string indices must be integers, not 'str'
2026-08-24 17:05:23,252 - INFO - 💰 Price Search: Cardpocalypse Standard Edition
2026-08-24 17:05:24,381 - WARNING - Price error for Cardpocalypse Standard Edition: string indices must be integers, not 'str'
2026-08-24 17:05:24,381 - INFO - 🏢 Publisher Search: Cardpocalypse Standard Edition
2026-08-24 17:05:25,842 - INFO - 📅 Fetching Basic Metadata: Cardpocalypse Standard Edition
2026-08-24 17:05:26,073 - INFO - 💰 Price Search: Epic Mage Bundle
2026-08-24 17:05:27,190 - WARNING - Price error for Epic Mage Bundle: string indices must be integers, not 'str'
2026-08-24 17:05:27,190 - INFO - 🏢 Publisher Search: Epic Mage Bundle
2026-08-24 17:05:28,550 - INFO - 📅 Fetching Basic Metadata: Epic Mage Bundle
2026-08-24 17:05:28,849 - INFO - 
--- Starting Data Quality Checks ---
2026-08-24 17:05:28,859 - INFO - --- Data Quality Checks Complete ---

2026-08-24 17:05:28,882 - INFO - | Metric | Statistics |
| :--- | :--- |
| 💰 **Total Market Value** | **$13,332.99** |
| 📦 **Total Games Collected** | 698 |
| 🏷️ **Average Retail Price** | $22.11 per game |
| 💎 **Most Expensive Title** | Civilization 6 Platinum Edition ($79.99) |
| 👑 **MVP Publisher** | Bethesda Softworks |
| 🏢 **Value Leaders** | 2K ($579.90), Bethesda Softworks ($544.80), Paradox Interactive ($409.89) |
| 📈 **Inflation-Adjusted Value** | $15,130.23 |
| 🎈 **Inflation Bonus** | **+$1,797.24** in purchasing power |
| 🗓️ **Peak Saving Month** | 🎄 **Seasonality Peak:** December is historically the best month, offering $3,388.17 in savings. |
| ⭐ **Average Score** | 76.9/100 |
| 💳 **Subscription Equivalent** | **$167.78 / mo** |
| 🎯 **Prestige Ratio** | **2.0%** (Strategic Hype) |
| 🏎️ **Lead Time Avg** | 441 Days to Sequel |

2026-08-24 17:05:28,882 - INFO - ✅ README.md updated.
2026-08-24 17:05:28,900 - INFO - Using categorical units to plot a list of strings that are all parsable as floats or dates. If these strings should be plotted as numbers, cast to the appropriate data type before plotting.
2026-08-24 17:05:28,901 - INFO - Using categorical units to plot a list of strings that are all parsable as floats or dates. If these strings should be plotted as numbers, cast to the appropriate data type before plotting.
2026-08-24 17:05:33,495 - INFO - 📈 All charts generated successfully.
