2026-09-22 19:49:01,257 - INFO - Failed to extract font properties from /usr/share/fonts/truetype/noto/NotoColorEmoji.ttf: Non-scalable fonts are not supported
2026-09-22 19:49:01,324 - INFO - generated new fontManager
2026-09-22 19:49:01,693 - INFO - ✅ Migration Successful!
2026-09-22 19:49:02,211 - INFO - No new games found.
2026-09-22 19:49:02,557 - INFO - 🔍 Found 628 games needing metadata. Starting IGDB + Steam + CheapShark enrichment...
2026-09-22 19:49:02,650 - INFO - 📅 Fetching Basic Metadata: LEGO Batman Trilogy
2026-09-22 19:49:03,004 - INFO - 🎯 IGDB Match: 'LEGO Batman Trilogy' (100%)
2026-09-22 19:49:03,034 - INFO - 📅 Fetching Basic Metadata: Antstream
2026-09-22 19:49:03,254 - INFO - 📅 Fetching Basic Metadata: The Drone Racing League Simulator
2026-09-22 19:49:03,473 - INFO - 🎯 IGDB Match: 'The Drone Racing League Simulator' (100%)
2026-09-22 19:49:03,482 - INFO - 📅 Fetching Basic Metadata: Dark Deity
2026-09-22 19:49:03,701 - INFO - 🎯 IGDB Match: 'Dark Deity' (100%)
2026-09-22 19:49:03,708 - INFO - 📅 Fetching Basic Metadata: RPG in a Box
2026-09-22 19:49:03,907 - INFO - 🎯 IGDB Match: 'RPG in a Box' (100%)
2026-09-22 19:49:03,916 - INFO - 📅 Fetching Basic Metadata: Fallout Classic Collection
2026-09-22 19:49:04,094 - INFO - 🎯 IGDB Match: 'Fallout Classic Collection' (100%)
2026-09-22 19:49:04,104 - INFO - 📅 Fetching Basic Metadata: Recipe for Disaster
2026-09-22 19:49:04,389 - INFO - 🎯 IGDB Match: 'Recipe For Disaster' (100%)
2026-09-22 19:49:04,397 - INFO - 📅 Fetching Basic Metadata: World of Warships — Starter Pack: Ishizuchi
2026-09-22 19:49:04,529 - INFO - 🎯 IGDB Match: 'World of Warships: Starter Pack - Ishizuchi' (98%)
2026-09-22 19:49:04,537 - INFO - 📅 Fetching Basic Metadata: Poker Club
2026-09-22 19:49:04,703 - INFO - 🎯 IGDB Match: 'Poker Club' (100%)
2026-09-22 19:49:04,710 - INFO - 📅 Fetching Basic Metadata: The Sims 4 The Daring Lifestyle Bundle
2026-09-22 19:49:04,834 - INFO - 🎯 IGDB Match: 'The Sims 4: The Daring Lifestyle Bundle' (99%)
2026-09-22 19:49:04,844 - INFO - 📅 Fetching Basic Metadata: Dodo Peak
2026-09-22 19:49:04,978 - INFO - 🎯 IGDB Match: 'Dodo Peak' (100%)
2026-09-22 19:49:04,985 - INFO - 📅 Fetching Basic Metadata: Spelldrifter
2026-09-22 19:49:05,111 - INFO - 🎯 IGDB Match: 'Spelldrifter' (100%)
2026-09-22 19:49:05,119 - INFO - 📅 Fetching Basic Metadata: Model Builder
2026-09-22 19:49:05,315 - INFO - 🎯 IGDB Match: 'Model Builder' (100%)
2026-09-22 19:49:05,322 - INFO - 📅 Fetching Basic Metadata: Godlike Burger
2026-09-22 19:49:05,457 - INFO - 🎯 IGDB Match: 'Godlike Burger' (100%)
2026-09-22 19:49:05,464 - INFO - 📅 Fetching Basic Metadata: Q.U.B.E. Ultimate Bundle
2026-09-22 19:49:05,718 - INFO - 🎯 IGDB Match: 'Q.U.B.E. Ultimate Bundle' (100%)
2026-09-22 19:49:05,727 - INFO - 📅 Fetching Basic Metadata: Jitsu Squad
2026-09-22 19:49:05,856 - INFO - 🎯 IGDB Match: 'Jitsu Squad' (100%)
2026-09-22 19:49:05,863 - INFO - 📅 Fetching Basic Metadata: Mighty Fight Federation
2026-09-22 19:49:06,112 - INFO - 🎯 IGDB Match: 'Mighty Fight Federation' (100%)
2026-09-22 19:49:06,123 - INFO - 📅 Fetching Basic Metadata: LOVE
2026-09-22 19:49:06,296 - INFO - 🎯 IGDB Match: 'Love Love Love' (90%)
2026-09-22 19:49:06,305 - INFO - 📅 Fetching Basic Metadata: Call of The Wild: The Angler
2026-09-22 19:49:06,429 - INFO - 🎯 IGDB Match: 'Call of the Wild: The Angler' (100%)
2026-09-22 19:49:06,439 - INFO - 📅 Fetching Basic Metadata: The Falconeer
2026-09-22 19:49:06,598 - INFO - 🎯 IGDB Match: 'The Falconeer: The Hunter' (90%)
2026-09-22 19:49:06,606 - INFO - 📅 Fetching Basic Metadata: Rawmen: Food Fighter Arena
2026-09-22 19:49:06,732 - INFO - 🎯 IGDB Match: 'Rawmen' (90%)
2026-09-22 19:49:06,740 - INFO - 📅 Fetching Basic Metadata: World of Warships – Starter Pack: Albany
2026-09-22 19:49:06,963 - INFO - 📅 Fetching Basic Metadata: Fallout Classic Edition
2026-09-22 19:49:07,115 - INFO - 📅 Fetching Basic Metadata: Outliver: Tribulation
2026-09-22 19:49:07,233 - INFO - 🎯 IGDB Match: 'Outliver: Tribulation' (100%)
2026-09-22 19:49:07,242 - INFO - 📅 Fetching Basic Metadata: Bus Simulator 21 Next Stop
2026-09-22 19:49:07,367 - INFO - 🎯 IGDB Match: 'Bus Simulator 21: Next Stop' (98%)
2026-09-22 19:49:07,377 - INFO - 📅 Fetching Basic Metadata: Turmoil
2026-09-22 19:49:07,501 - INFO - 🎯 IGDB Match: 'Turmoil' (100%)
2026-09-22 19:49:07,509 - INFO - 📅 Fetching Basic Metadata: World War Z Aftermath
2026-09-22 19:49:07,636 - INFO - 🎯 IGDB Match: 'World War Z: Aftermath' (98%)
2026-09-22 19:49:07,643 - INFO - 📅 Fetching Basic Metadata: World Of Warships – Anniversary Party Flavor
2026-09-22 19:49:07,839 - INFO - 📅 Fetching Basic Metadata: Neko Ghost, Jump!
2026-09-22 19:49:07,962 - INFO - 🎯 IGDB Match: 'Neko Ghost, Jump!' (100%)
2026-09-22 19:49:07,970 - INFO - 📅 Fetching Basic Metadata: Super Space Club
2026-09-22 19:49:08,119 - INFO - 🎯 IGDB Match: 'Super Space Club' (100%)
2026-09-22 19:49:08,126 - INFO - 📅 Fetching Basic Metadata: Touch Type Tale
2026-09-22 19:49:08,309 - WARNING - IGDB Error for Touch Type Tale: string indices must be integers, not 'str'
2026-09-22 19:49:08,317 - INFO - 📅 Fetching Basic Metadata: Gigapocalypse
2026-09-22 19:49:08,440 - WARNING - IGDB Error for Gigapocalypse: string indices must be integers, not 'str'
2026-09-22 19:49:08,449 - INFO - 📅 Fetching Basic Metadata: Legion TD2
2026-09-22 19:49:08,626 - WARNING - IGDB Error for Legion TD2: string indices must be integers, not 'str'
2026-09-22 19:49:08,636 - INFO - 📅 Fetching Basic Metadata: Nightingale
2026-09-22 19:49:08,754 - WARNING - IGDB Error for Nightingale: string indices must be integers, not 'str'
2026-09-22 19:49:08,763 - INFO - 📅 Fetching Basic Metadata: Godzilla Voxel Wars
2026-09-22 19:49:08,873 - WARNING - IGDB Error for Godzilla Voxel Wars: string indices must be integers, not 'str'
2026-09-22 19:49:08,883 - INFO - 📅 Fetching Basic Metadata: Trine Classic Collection
2026-09-22 19:49:08,993 - WARNING - IGDB Error for Trine Classic Collection: string indices must be integers, not 'str'
2026-09-22 19:49:09,002 - INFO - 📅 Fetching Basic Metadata: Poison Retro Set
2026-09-22 19:49:09,228 - WARNING - IGDB Error for Poison Retro Set: string indices must be integers, not 'str'
2026-09-22 19:49:09,235 - INFO - 📅 Fetching Basic Metadata: The Darkside Detective A Fumble in the Dark
2026-09-22 19:49:09,362 - INFO - 🎯 IGDB Match: 'The Darkside Detective: A Fumble in the Dark' (99%)
2026-09-22 19:49:09,369 - INFO - 📅 Fetching Basic Metadata: Return to Ash
2026-09-22 19:49:09,502 - INFO - 🎯 IGDB Match: 'Return to Ash' (100%)
2026-09-22 19:49:09,508 - INFO - 🏢 Publisher Search: STALCRAFT: X Starter Edition
2026-09-22 19:49:10,861 - INFO - 📅 Fetching Basic Metadata: STALCRAFT: X Starter Edition
2026-09-22 19:49:11,005 - INFO - 📅 Fetching Basic Metadata: Boxes: Lost Fragments
2026-09-22 19:49:11,128 - INFO - 🎯 IGDB Match: 'Boxes: Lost Fragments' (100%)
2026-09-22 19:49:11,135 - INFO - 📅 Fetching Basic Metadata: My Night Job
2026-09-22 19:49:11,259 - INFO - 🎯 IGDB Match: 'My Night Job' (100%)
2026-09-22 19:49:11,267 - INFO - 📅 Fetching Basic Metadata: Electrician Simulator
2026-09-22 19:49:11,391 - INFO - 🎯 IGDB Match: 'Electrician Simulator' (100%)
2026-09-22 19:49:11,398 - INFO - 🏢 Publisher Search: World of Warships — Epic Anniversary Tachibana Pack
2026-09-22 19:49:12,755 - INFO - 📅 Fetching Basic Metadata: World of Warships — Epic Anniversary Tachibana Pack
2026-09-22 19:49:12,917 - INFO - 📅 Fetching Basic Metadata: Hyper Echelon
2026-09-22 19:49:13,077 - INFO - 🎯 IGDB Match: 'Hyper Echelon' (100%)
2026-09-22 19:49:13,084 - INFO - 📅 Fetching Basic Metadata: Havendock
2026-09-22 19:49:13,209 - INFO - 🎯 IGDB Match: 'Havendock' (100%)
2026-09-22 19:49:13,216 - INFO - 📅 Fetching Basic Metadata: Clone Drone in the Danger Zone
2026-09-22 19:49:13,450 - INFO - 🎯 IGDB Match: 'Clone Drone in the Danger Zone' (100%)
2026-09-22 19:49:13,457 - INFO - 🏢 Publisher Search: TOMAK: Save the Earth Regeneration
2026-09-22 19:49:14,795 - INFO - 📅 Fetching Basic Metadata: TOMAK: Save the Earth Regeneration
2026-09-22 19:49:15,048 - INFO - 🎯 IGDB Match: 'Tomak: Save the Earth Regeneration' (100%)
2026-09-22 19:49:15,055 - INFO - 📅 Fetching Basic Metadata: Prop Sumo
2026-09-22 19:49:15,324 - INFO - 🎯 IGDB Match: 'Prop Sumo' (100%)
2026-09-22 19:49:15,331 - INFO - 📅 Fetching Basic Metadata: The Stone of Madness
2026-09-22 19:49:15,540 - INFO - 🎯 IGDB Match: 'The Stone of Madness' (100%)
2026-09-22 19:49:15,548 - INFO - 📅 Fetching Basic Metadata: Firestone Online Idle RPG
2026-09-22 19:49:15,694 - INFO - 🎯 IGDB Match: 'Firestone: Online Idle RPG' (98%)
2026-09-22 19:49:15,701 - INFO - 📅 Fetching Basic Metadata: Oddsparks: An Automation Adventure
2026-09-22 19:49:15,950 - INFO - 🎯 IGDB Match: 'Oddsparks: An Automation Adventure' (100%)
2026-09-22 19:49:15,958 - INFO - 📅 Fetching Basic Metadata: Trash Goblin
2026-09-22 19:49:16,166 - INFO - 🎯 IGDB Match: 'Trash Goblin' (100%)
2026-09-22 19:49:16,173 - INFO - 🏢 Publisher Search: The Telltale Batman Shadows Edition
2026-09-22 19:49:17,525 - INFO - 📅 Fetching Basic Metadata: The Telltale Batman Shadows Edition
2026-09-22 19:49:17,679 - INFO - 🎯 IGDB Match: 'Telltale Batman Shadows Edition' (95%)
2026-09-22 19:49:17,686 - INFO - 🏢 Publisher Search: Sunderfolk - Standard Edition
2026-09-22 19:49:19,082 - INFO - 📅 Fetching Basic Metadata: Sunderfolk - Standard Edition
2026-09-22 19:49:19,220 - INFO - 📅 Fetching Basic Metadata: Down in Bermuda
2026-09-22 19:49:19,426 - INFO - 🎯 IGDB Match: 'Down in Bermuda' (100%)
2026-09-22 19:49:19,433 - INFO - 📅 Fetching Basic Metadata: Tomb Raider I-III Remastered Starring Lara Croft
2026-09-22 19:49:19,569 - INFO - 📅 Fetching Basic Metadata: LONESTAR
2026-09-22 19:49:19,695 - INFO - 🎯 IGDB Match: 'LoneStar' (100%)
2026-09-22 19:49:19,702 - INFO - 📅 Fetching Basic Metadata: Calico
2026-09-22 19:49:19,838 - INFO - 🎯 IGDB Match: 'Calico' (100%)
2026-09-22 19:49:19,845 - INFO - 📅 Fetching Basic Metadata: Rogue Waters
2026-09-22 19:49:19,969 - INFO - 🎯 IGDB Match: 'Rogue Waters' (100%)
2026-09-22 19:49:19,976 - INFO - 📅 Fetching Basic Metadata: The Ouroboros King
2026-09-22 19:49:20,187 - INFO - 🎯 IGDB Match: 'The Ouroboros King' (100%)
2026-09-22 19:49:20,194 - INFO - 🏢 Publisher Search: Warhammer 40K Speed Freeks
2026-09-22 19:49:21,548 - INFO - 📅 Fetching Basic Metadata: I Have No Mouth, and I Must Scream
2026-09-22 19:49:21,675 - INFO - 🎯 IGDB Match: 'I Have No Mouth, and I Must Scream' (100%)
2026-09-22 19:49:21,682 - INFO - 📅 Fetching Basic Metadata: Nova Lands
2026-09-22 19:49:21,912 - INFO - 🎯 IGDB Match: 'Nova Lands' (100%)
2026-09-22 19:49:21,919 - INFO - 📅 Fetching Basic Metadata: Tattoo Tycoon
2026-09-22 19:49:22,141 - INFO - 🎯 IGDB Match: 'Tattoo Tycoon' (100%)
2026-09-22 19:49:22,148 - INFO - 📅 Fetching Basic Metadata: Echo Generation: Midnight Edition
2026-09-22 19:49:22,291 - INFO - 🎯 IGDB Match: 'Echo Generation: Midnight Edition' (100%)
2026-09-22 19:49:22,298 - INFO - 💰 Price Search: Foretales
2026-09-22 19:49:23,461 - WARNING - Price error for Foretales: string indices must be integers, not 'str'
2026-09-22 19:49:23,461 - INFO - 📅 Fetching Basic Metadata: Foretales
2026-09-22 19:49:23,584 - INFO - 🎯 IGDB Match: 'Foretales' (100%)
2026-09-22 19:49:23,592 - INFO - 💰 Price Search: OTXO
2026-09-22 19:49:24,651 - WARNING - Price error for OTXO: string indices must be integers, not 'str'
2026-09-22 19:49:24,652 - INFO - 💰 Price Search: Sol Cesto
2026-09-22 19:49:25,709 - WARNING - Price error for Sol Cesto: string indices must be integers, not 'str'
2026-09-22 19:49:25,709 - INFO - 📅 Fetching Basic Metadata: Sol Cesto
2026-09-22 19:49:25,830 - INFO - 🎯 IGDB Match: 'Sol Cesto' (100%)
2026-09-22 19:49:25,837 - INFO - 💰 Price Search: Beacon Pines
2026-09-22 19:49:26,905 - WARNING - Price error for Beacon Pines: string indices must be integers, not 'str'
2026-09-22 19:49:26,906 - INFO - 💰 Price Search: Caravan SandWitch
2026-09-22 19:49:27,964 - WARNING - Price error for Caravan SandWitch: string indices must be integers, not 'str'
2026-09-22 19:49:27,965 - INFO - 💰 Price Search: Cardpocalypse Standard Edition
2026-09-22 19:49:29,028 - WARNING - Price error for Cardpocalypse Standard Edition: string indices must be integers, not 'str'
2026-09-22 19:49:29,028 - INFO - 🏢 Publisher Search: Cardpocalypse Standard Edition
2026-09-22 19:49:30,413 - INFO - 📅 Fetching Basic Metadata: Cardpocalypse Standard Edition
2026-09-22 19:49:30,740 - INFO - 💰 Price Search: Epic Mage Bundle
2026-09-22 19:49:31,791 - WARNING - Price error for Epic Mage Bundle: string indices must be integers, not 'str'
2026-09-22 19:49:31,791 - INFO - 🏢 Publisher Search: Epic Mage Bundle
2026-09-22 19:49:33,140 - INFO - 📅 Fetching Basic Metadata: Epic Mage Bundle
2026-09-22 19:49:33,272 - INFO - 💰 Price Search: Rival Stars Horse Racing : Desktop Edition
2026-09-22 19:49:34,317 - WARNING - Price error for Rival Stars Horse Racing : Desktop Edition: string indices must be integers, not 'str'
2026-09-22 19:49:34,318 - INFO - 🏢 Publisher Search: Rival Stars Horse Racing : Desktop Edition
2026-09-22 19:49:35,673 - INFO - 📅 Fetching Basic Metadata: Rival Stars Horse Racing : Desktop Edition
2026-09-22 19:49:35,796 - INFO - 🎯 IGDB Match: 'Rival Stars Horse Racing: Desktop Edition' (99%)
2026-09-22 19:49:35,803 - INFO - 💰 Price Search: Alone With You
2026-09-22 19:49:36,848 - WARNING - Price error for Alone With You: string indices must be integers, not 'str'
2026-09-22 19:49:36,848 - INFO - 📅 Fetching Basic Metadata: Alone With You
2026-09-22 19:49:36,980 - INFO - 🎯 IGDB Match: 'Alone With You' (100%)
2026-09-22 19:49:36,987 - INFO - 💰 Price Search: Luftrausers
2026-09-22 19:49:38,032 - WARNING - Price error for Luftrausers: string indices must be integers, not 'str'
2026-09-22 19:49:38,033 - INFO - 💰 Price Search: Astral Ascent
2026-09-22 19:49:39,092 - WARNING - Price error for Astral Ascent: string indices must be integers, not 'str'
2026-09-22 19:49:39,093 - INFO - 💰 Price Search: Mindcop
2026-09-22 19:49:40,138 - WARNING - Price error for Mindcop: string indices must be integers, not 'str'
2026-09-22 19:49:40,139 - INFO - 💰 Price Search: Shogun Showdown
2026-09-22 19:49:41,186 - WARNING - Price error for Shogun Showdown: string indices must be integers, not 'str'
2026-09-22 19:49:41,192 - INFO - 
--- Starting Data Quality Checks ---
2026-09-22 19:49:41,206 - INFO - --- Data Quality Checks Complete ---

2026-09-22 19:49:41,236 - INFO - | Metric | Statistics |
| :--- | :--- |
| 💰 **Total Market Value** | **$13,332.99** |
| 📦 **Total Games Collected** | 705 |
| 🏷️ **Average Retail Price** | $21.93 per game |
| 💎 **Most Expensive Title** | Civilization 6 Platinum Edition ($79.99) |
| 👑 **MVP Publisher** | Bethesda Softworks |
| 🏢 **Value Leaders** | 2K ($579.90), Bethesda Softworks ($544.80), Paradox Interactive ($409.89) |
| 📈 **Inflation-Adjusted Value** | $15,130.23 |
| 🎈 **Inflation Bonus** | **+$1,797.24** in purchasing power |
| 🗓️ **Peak Saving Month** | 🎄 **Seasonality Peak:** December is historically the best month, offering $3,388.17 in savings. |
| ⭐ **Average Score** | 76.9/100 |
| 💳 **Subscription Equivalent** | **$166.24 / mo** |
| 🎯 **Prestige Ratio** | **2.0%** (Strategic Hype) |
| 🏎️ **Lead Time Avg** | 441 Days to Sequel |

2026-09-22 19:49:41,237 - INFO - ✅ README.md updated.
2026-09-22 19:49:41,262 - INFO - Using categorical units to plot a list of strings that are all parsable as floats or dates. If these strings should be plotted as numbers, cast to the appropriate data type before plotting.
2026-09-22 19:49:41,263 - INFO - Using categorical units to plot a list of strings that are all parsable as floats or dates. If these strings should be plotted as numbers, cast to the appropriate data type before plotting.
2026-09-22 19:49:47,696 - INFO - 📈 All charts generated successfully.
