2026-10-10 20:13:43,262 - INFO - Failed to extract font properties from /usr/share/fonts/truetype/noto/NotoColorEmoji.ttf: Non-scalable fonts are not supported
2026-10-10 20:13:43,488 - INFO - generated new fontManager
2026-10-10 20:13:43,810 - INFO - ✅ Migration Successful!
2026-10-10 20:13:44,422 - INFO - No new games found.
2026-10-10 20:13:44,697 - INFO - 🔍 Found 634 games needing metadata. Starting IGDB + Steam + CheapShark enrichment...
2026-10-10 20:13:44,836 - INFO - 📅 Fetching Basic Metadata: LEGO Batman Trilogy
2026-10-10 20:13:44,996 - INFO - 🎯 IGDB Match: 'LEGO Batman Trilogy' (100%)
2026-10-10 20:13:45,014 - INFO - 📅 Fetching Basic Metadata: Antstream
2026-10-10 20:13:45,096 - INFO - 📅 Fetching Basic Metadata: The Drone Racing League Simulator
2026-10-10 20:13:45,215 - INFO - 🎯 IGDB Match: 'The Drone Racing League Simulator' (100%)
2026-10-10 20:13:45,222 - INFO - 📅 Fetching Basic Metadata: Dark Deity
2026-10-10 20:13:45,326 - INFO - 🎯 IGDB Match: 'Dark Deity' (100%)
2026-10-10 20:13:45,332 - INFO - 📅 Fetching Basic Metadata: RPG in a Box
2026-10-10 20:13:45,410 - INFO - 🎯 IGDB Match: 'RPG in a Box' (100%)
2026-10-10 20:13:45,416 - INFO - 📅 Fetching Basic Metadata: Fallout Classic Collection
2026-10-10 20:13:45,493 - INFO - 🎯 IGDB Match: 'Fallout Classic Collection' (100%)
2026-10-10 20:13:45,499 - INFO - 📅 Fetching Basic Metadata: Recipe for Disaster
2026-10-10 20:13:45,564 - INFO - 🎯 IGDB Match: 'Recipe For Disaster' (100%)
2026-10-10 20:13:45,570 - INFO - 📅 Fetching Basic Metadata: World of Warships — Starter Pack: Ishizuchi
2026-10-10 20:13:45,669 - INFO - 🎯 IGDB Match: 'World of Warships: Starter Pack - Ishizuchi' (98%)
2026-10-10 20:13:45,675 - INFO - 📅 Fetching Basic Metadata: Poker Club
2026-10-10 20:13:45,787 - INFO - 🎯 IGDB Match: 'Poker Club' (100%)
2026-10-10 20:13:45,792 - INFO - 📅 Fetching Basic Metadata: The Sims 4 The Daring Lifestyle Bundle
2026-10-10 20:13:45,896 - INFO - 🎯 IGDB Match: 'The Sims 4: The Daring Lifestyle Bundle' (99%)
2026-10-10 20:13:45,903 - INFO - 📅 Fetching Basic Metadata: Dodo Peak
2026-10-10 20:13:45,975 - INFO - 🎯 IGDB Match: 'Dodo Peak' (100%)
2026-10-10 20:13:45,980 - INFO - 📅 Fetching Basic Metadata: Spelldrifter
2026-10-10 20:13:46,096 - INFO - 🎯 IGDB Match: 'Spelldrifter' (100%)
2026-10-10 20:13:46,102 - INFO - 📅 Fetching Basic Metadata: Model Builder
2026-10-10 20:13:46,163 - INFO - 🎯 IGDB Match: 'Model Builder' (100%)
2026-10-10 20:13:46,168 - INFO - 📅 Fetching Basic Metadata: Godlike Burger
2026-10-10 20:13:46,240 - WARNING - IGDB Error for Godlike Burger: string indices must be integers, not 'str'
2026-10-10 20:13:46,362 - INFO - 📅 Fetching Basic Metadata: Q.U.B.E. Ultimate Bundle
2026-10-10 20:13:46,431 - INFO - 🎯 IGDB Match: 'Q.U.B.E. Ultimate Bundle' (100%)
2026-10-10 20:13:46,437 - INFO - 📅 Fetching Basic Metadata: Jitsu Squad
2026-10-10 20:13:46,489 - WARNING - IGDB Error for Jitsu Squad: string indices must be integers, not 'str'
2026-10-10 20:13:46,494 - INFO - 📅 Fetching Basic Metadata: Mighty Fight Federation
2026-10-10 20:13:46,550 - WARNING - IGDB Error for Mighty Fight Federation: string indices must be integers, not 'str'
2026-10-10 20:13:46,557 - INFO - 📅 Fetching Basic Metadata: LOVE
2026-10-10 20:13:46,609 - WARNING - IGDB Error for LOVE: string indices must be integers, not 'str'
2026-10-10 20:13:46,616 - INFO - 📅 Fetching Basic Metadata: Call of The Wild: The Angler
2026-10-10 20:13:46,668 - WARNING - IGDB Error for Call of The Wild: The Angler: string indices must be integers, not 'str'
2026-10-10 20:13:46,752 - INFO - 📅 Fetching Basic Metadata: The Falconeer
2026-10-10 20:13:46,803 - WARNING - IGDB Error for The Falconeer: string indices must be integers, not 'str'
2026-10-10 20:13:46,809 - INFO - 📅 Fetching Basic Metadata: Rawmen: Food Fighter Arena
2026-10-10 20:13:46,866 - WARNING - IGDB Error for Rawmen: Food Fighter Arena: string indices must be integers, not 'str'
2026-10-10 20:13:46,872 - INFO - 📅 Fetching Basic Metadata: World of Warships – Starter Pack: Albany
2026-10-10 20:13:46,922 - WARNING - IGDB Error for World of Warships – Starter Pack: Albany: string indices must be integers, not 'str'
2026-10-10 20:13:46,928 - INFO - 📅 Fetching Basic Metadata: Fallout Classic Edition
2026-10-10 20:13:46,978 - WARNING - IGDB Error for Fallout Classic Edition: string indices must be integers, not 'str'
2026-10-10 20:13:46,984 - INFO - 📅 Fetching Basic Metadata: Outliver: Tribulation
2026-10-10 20:13:47,042 - WARNING - IGDB Error for Outliver: Tribulation: string indices must be integers, not 'str'
2026-10-10 20:13:47,144 - INFO - 📅 Fetching Basic Metadata: Bus Simulator 21 Next Stop
2026-10-10 20:13:47,214 - WARNING - IGDB Error for Bus Simulator 21 Next Stop: string indices must be integers, not 'str'
2026-10-10 20:13:47,220 - INFO - 📅 Fetching Basic Metadata: Turmoil
2026-10-10 20:13:47,271 - WARNING - IGDB Error for Turmoil: string indices must be integers, not 'str'
2026-10-10 20:13:47,277 - INFO - 📅 Fetching Basic Metadata: World War Z Aftermath
2026-10-10 20:13:47,350 - INFO - 🎯 IGDB Match: 'World War Z: Aftermath' (98%)
2026-10-10 20:13:47,356 - INFO - 📅 Fetching Basic Metadata: World Of Warships – Anniversary Party Flavor
2026-10-10 20:13:47,423 - INFO - 📅 Fetching Basic Metadata: Neko Ghost, Jump!
2026-10-10 20:13:47,546 - INFO - 🎯 IGDB Match: 'Neko Ghost, Jump!' (100%)
2026-10-10 20:13:47,552 - INFO - 📅 Fetching Basic Metadata: Super Space Club
2026-10-10 20:13:47,627 - INFO - 🎯 IGDB Match: 'Super Space Club' (100%)
2026-10-10 20:13:47,633 - INFO - 📅 Fetching Basic Metadata: Touch Type Tale
2026-10-10 20:13:47,695 - INFO - 🎯 IGDB Match: 'Touch Type Tale' (100%)
2026-10-10 20:13:47,700 - INFO - 📅 Fetching Basic Metadata: Gigapocalypse
2026-10-10 20:13:47,800 - INFO - 🎯 IGDB Match: 'Gigapocalypse' (100%)
2026-10-10 20:13:47,806 - INFO - 📅 Fetching Basic Metadata: Legion TD2
2026-10-10 20:13:47,875 - INFO - 📅 Fetching Basic Metadata: Nightingale
2026-10-10 20:13:47,927 - WARNING - IGDB Error for Nightingale: string indices must be integers, not 'str'
2026-10-10 20:13:47,933 - INFO - 📅 Fetching Basic Metadata: Godzilla Voxel Wars
2026-10-10 20:13:47,984 - WARNING - IGDB Error for Godzilla Voxel Wars: string indices must be integers, not 'str'
2026-10-10 20:13:47,990 - INFO - 📅 Fetching Basic Metadata: Trine Classic Collection
2026-10-10 20:13:48,043 - WARNING - IGDB Error for Trine Classic Collection: string indices must be integers, not 'str'
2026-10-10 20:13:48,049 - INFO - 📅 Fetching Basic Metadata: Poison Retro Set
2026-10-10 20:13:48,098 - WARNING - IGDB Error for Poison Retro Set: string indices must be integers, not 'str'
2026-10-10 20:13:48,104 - INFO - 📅 Fetching Basic Metadata: The Darkside Detective A Fumble in the Dark
2026-10-10 20:13:48,155 - WARNING - IGDB Error for The Darkside Detective A Fumble in the Dark: string indices must be integers, not 'str'
2026-10-10 20:13:48,161 - INFO - 📅 Fetching Basic Metadata: Return to Ash
2026-10-10 20:13:48,222 - WARNING - IGDB Error for Return to Ash: string indices must be integers, not 'str'
2026-10-10 20:13:48,228 - INFO - 🏢 Publisher Search: STALCRAFT: X Starter Edition
2026-10-10 20:13:49,604 - INFO - 📅 Fetching Basic Metadata: STALCRAFT: X Starter Edition
2026-10-10 20:13:49,673 - INFO - 📅 Fetching Basic Metadata: Boxes: Lost Fragments
2026-10-10 20:13:49,738 - INFO - 🎯 IGDB Match: 'Boxes: Lost Fragments' (100%)
2026-10-10 20:13:49,744 - INFO - 📅 Fetching Basic Metadata: My Night Job
2026-10-10 20:13:49,844 - INFO - 🎯 IGDB Match: 'My Night Job' (100%)
2026-10-10 20:13:49,850 - INFO - 📅 Fetching Basic Metadata: Electrician Simulator
2026-10-10 20:13:49,912 - INFO - 🎯 IGDB Match: 'Electrician Simulator' (100%)
2026-10-10 20:13:49,917 - INFO - 🏢 Publisher Search: World of Warships — Epic Anniversary Tachibana Pack
2026-10-10 20:13:51,353 - INFO - 📅 Fetching Basic Metadata: World of Warships — Epic Anniversary Tachibana Pack
2026-10-10 20:13:51,428 - INFO - 📅 Fetching Basic Metadata: Hyper Echelon
2026-10-10 20:13:51,496 - INFO - 🎯 IGDB Match: 'Hyper Echelon' (100%)
2026-10-10 20:13:51,501 - INFO - 📅 Fetching Basic Metadata: Havendock
2026-10-10 20:13:51,604 - INFO - 🎯 IGDB Match: 'Havendock' (100%)
2026-10-10 20:13:51,618 - INFO - 📅 Fetching Basic Metadata: Clone Drone in the Danger Zone
2026-10-10 20:13:51,713 - INFO - 🎯 IGDB Match: 'Clone Drone in the Danger Zone' (100%)
2026-10-10 20:13:51,718 - INFO - 🏢 Publisher Search: TOMAK: Save the Earth Regeneration
2026-10-10 20:13:53,058 - INFO - 📅 Fetching Basic Metadata: TOMAK: Save the Earth Regeneration
2026-10-10 20:13:53,122 - INFO - 🎯 IGDB Match: 'Tomak: Save the Earth Regeneration' (100%)
2026-10-10 20:13:53,128 - INFO - 📅 Fetching Basic Metadata: Prop Sumo
2026-10-10 20:13:53,190 - INFO - 🎯 IGDB Match: 'Prop Sumo' (100%)
2026-10-10 20:13:53,196 - INFO - 📅 Fetching Basic Metadata: The Stone of Madness
2026-10-10 20:13:53,494 - INFO - 🎯 IGDB Match: 'The Stone of Madness' (100%)
2026-10-10 20:13:53,500 - INFO - 📅 Fetching Basic Metadata: Firestone Online Idle RPG
2026-10-10 20:13:53,609 - INFO - 🎯 IGDB Match: 'Firestone: Online Idle RPG' (98%)
2026-10-10 20:13:53,614 - INFO - 📅 Fetching Basic Metadata: Oddsparks: An Automation Adventure
2026-10-10 20:13:53,681 - INFO - 🎯 IGDB Match: 'Oddsparks: An Automation Adventure' (100%)
2026-10-10 20:13:53,686 - INFO - 📅 Fetching Basic Metadata: Trash Goblin
2026-10-10 20:13:53,810 - INFO - 🎯 IGDB Match: 'Trash Goblin' (100%)
2026-10-10 20:13:53,815 - INFO - 🏢 Publisher Search: The Telltale Batman Shadows Edition
2026-10-10 20:13:55,168 - INFO - 📅 Fetching Basic Metadata: The Telltale Batman Shadows Edition
2026-10-10 20:13:55,304 - INFO - 🎯 IGDB Match: 'Telltale Batman Shadows Edition' (95%)
2026-10-10 20:13:55,310 - INFO - 🏢 Publisher Search: Sunderfolk - Standard Edition
2026-10-10 20:13:56,635 - INFO - 📅 Fetching Basic Metadata: Sunderfolk - Standard Edition
2026-10-10 20:13:56,701 - INFO - 📅 Fetching Basic Metadata: Down in Bermuda
2026-10-10 20:13:56,786 - INFO - 🎯 IGDB Match: 'Down in Bermuda' (100%)
2026-10-10 20:13:56,792 - INFO - 📅 Fetching Basic Metadata: Tomb Raider I-III Remastered Starring Lara Croft
2026-10-10 20:13:56,903 - INFO - 📅 Fetching Basic Metadata: LONESTAR
2026-10-10 20:13:56,971 - INFO - 🎯 IGDB Match: 'LoneStar' (100%)
2026-10-10 20:13:56,976 - INFO - 📅 Fetching Basic Metadata: Calico
2026-10-10 20:13:57,038 - INFO - 🎯 IGDB Match: 'Calico' (100%)
2026-10-10 20:13:57,043 - INFO - 📅 Fetching Basic Metadata: Rogue Waters
2026-10-10 20:13:57,105 - INFO - 🎯 IGDB Match: 'Rogue Waters' (100%)
2026-10-10 20:13:57,110 - INFO - 📅 Fetching Basic Metadata: The Ouroboros King
2026-10-10 20:13:57,173 - INFO - 🎯 IGDB Match: 'The Ouroboros King' (100%)
2026-10-10 20:13:57,178 - INFO - 🏢 Publisher Search: Warhammer 40K Speed Freeks
2026-10-10 20:13:58,597 - INFO - 📅 Fetching Basic Metadata: I Have No Mouth, and I Must Scream
2026-10-10 20:13:58,668 - INFO - 🎯 IGDB Match: 'I Have No Mouth, and I Must Scream' (100%)
2026-10-10 20:13:58,674 - INFO - 📅 Fetching Basic Metadata: Nova Lands
2026-10-10 20:13:58,778 - INFO - 🎯 IGDB Match: 'Nova Lands' (100%)
2026-10-10 20:13:58,784 - INFO - 📅 Fetching Basic Metadata: Tattoo Tycoon
2026-10-10 20:13:58,879 - INFO - 🎯 IGDB Match: 'Tattoo Tycoon' (100%)
2026-10-10 20:13:58,884 - INFO - 📅 Fetching Basic Metadata: Echo Generation: Midnight Edition
2026-10-10 20:13:59,000 - INFO - 🎯 IGDB Match: 'Echo Generation: Midnight Edition' (100%)
2026-10-10 20:13:59,006 - INFO - 💰 Price Search: Foretales
2026-10-10 20:14:00,079 - WARNING - Price error for Foretales: string indices must be integers, not 'str'
2026-10-10 20:14:00,079 - INFO - 📅 Fetching Basic Metadata: Foretales
2026-10-10 20:14:00,167 - INFO - 🎯 IGDB Match: 'Foretales' (100%)
2026-10-10 20:14:00,173 - INFO - 💰 Price Search: OTXO
2026-10-10 20:14:01,210 - WARNING - Price error for OTXO: string indices must be integers, not 'str'
2026-10-10 20:14:01,211 - INFO - 💰 Price Search: Sol Cesto
2026-10-10 20:14:02,249 - WARNING - Price error for Sol Cesto: string indices must be integers, not 'str'
2026-10-10 20:14:02,249 - INFO - 📅 Fetching Basic Metadata: Sol Cesto
2026-10-10 20:14:02,322 - INFO - 🎯 IGDB Match: 'Sol Cesto' (100%)
2026-10-10 20:14:02,328 - INFO - 💰 Price Search: Beacon Pines
2026-10-10 20:14:03,366 - WARNING - Price error for Beacon Pines: string indices must be integers, not 'str'
2026-10-10 20:14:03,368 - INFO - 💰 Price Search: Caravan SandWitch
2026-10-10 20:14:04,406 - WARNING - Price error for Caravan SandWitch: string indices must be integers, not 'str'
2026-10-10 20:14:04,407 - INFO - 💰 Price Search: Cardpocalypse Standard Edition
2026-10-10 20:14:05,454 - WARNING - Price error for Cardpocalypse Standard Edition: string indices must be integers, not 'str'
2026-10-10 20:14:05,454 - INFO - 🏢 Publisher Search: Cardpocalypse Standard Edition
2026-10-10 20:14:06,743 - INFO - 📅 Fetching Basic Metadata: Cardpocalypse Standard Edition
2026-10-10 20:14:06,815 - INFO - 💰 Price Search: Epic Mage Bundle
2026-10-10 20:14:07,842 - WARNING - Price error for Epic Mage Bundle: string indices must be integers, not 'str'
2026-10-10 20:14:07,843 - INFO - 🏢 Publisher Search: Epic Mage Bundle
2026-10-10 20:14:09,188 - INFO - 📅 Fetching Basic Metadata: Epic Mage Bundle
2026-10-10 20:14:09,259 - INFO - 💰 Price Search: Rival Stars Horse Racing : Desktop Edition
2026-10-10 20:14:10,286 - WARNING - Price error for Rival Stars Horse Racing : Desktop Edition: string indices must be integers, not 'str'
2026-10-10 20:14:10,287 - INFO - 🏢 Publisher Search: Rival Stars Horse Racing : Desktop Edition
2026-10-10 20:14:11,631 - INFO - 📅 Fetching Basic Metadata: Rival Stars Horse Racing : Desktop Edition
2026-10-10 20:14:11,706 - INFO - 🎯 IGDB Match: 'Rival Stars Horse Racing: Desktop Edition' (99%)
2026-10-10 20:14:11,711 - INFO - 💰 Price Search: Alone With You
2026-10-10 20:14:12,740 - WARNING - Price error for Alone With You: string indices must be integers, not 'str'
2026-10-10 20:14:12,741 - INFO - 💰 Price Search: Luftrausers
2026-10-10 20:14:13,771 - WARNING - Price error for Luftrausers: string indices must be integers, not 'str'
2026-10-10 20:14:13,772 - INFO - 💰 Price Search: Astral Ascent
2026-10-10 20:14:14,800 - WARNING - Price error for Astral Ascent: string indices must be integers, not 'str'
2026-10-10 20:14:14,801 - INFO - 💰 Price Search: Mindcop
2026-10-10 20:14:15,829 - WARNING - Price error for Mindcop: string indices must be integers, not 'str'
2026-10-10 20:14:15,830 - INFO - 💰 Price Search: Shogun Showdown
2026-10-10 20:14:16,860 - WARNING - Price error for Shogun Showdown: string indices must be integers, not 'str'
2026-10-10 20:14:16,861 - INFO - 💰 Price Search: Astrea Six Sided Oracles
2026-10-10 20:14:17,941 - WARNING - Price error for Astrea Six Sided Oracles: string indices must be integers, not 'str'
2026-10-10 20:14:17,942 - INFO - 💰 Price Search: Mechabellum
2026-10-10 20:14:19,000 - WARNING - Price error for Mechabellum: string indices must be integers, not 'str'
2026-10-10 20:14:19,000 - INFO - 📅 Fetching Basic Metadata: Mechabellum
2026-10-10 20:14:19,064 - INFO - 🎯 IGDB Match: 'Mechabellum' (100%)
2026-10-10 20:14:19,070 - INFO - 💰 Price Search: System Shock 2: 25th Anniversary Remaster
2026-10-10 20:14:20,105 - WARNING - Price error for System Shock 2: 25th Anniversary Remaster: string indices must be integers, not 'str'
2026-10-10 20:14:20,106 - INFO - 💰 Price Search: BURIED STARS
2026-10-10 20:14:21,134 - WARNING - Price error for BURIED STARS: string indices must be integers, not 'str'
2026-10-10 20:14:21,135 - INFO - 💰 Price Search: Out of Sight
2026-10-10 20:14:22,162 - WARNING - Price error for Out of Sight: string indices must be integers, not 'str'
2026-10-10 20:14:22,162 - INFO - 📅 Fetching Basic Metadata: Out of Sight
2026-10-10 20:14:22,263 - INFO - 🎯 IGDB Match: 'Out of Sight' (100%)
2026-10-10 20:14:22,269 - INFO - 💰 Price Search: TerraScape
2026-10-10 20:14:23,297 - WARNING - Price error for TerraScape: string indices must be integers, not 'str'
2026-10-10 20:14:23,297 - INFO - 📅 Fetching Basic Metadata: TerraScape
2026-10-10 20:14:23,377 - INFO - 🎯 IGDB Match: 'Terrascape' (100%)
2026-10-10 20:14:23,387 - INFO - 
--- Starting Data Quality Checks ---
2026-10-10 20:14:23,396 - INFO - --- Data Quality Checks Complete ---

2026-10-10 20:14:23,419 - INFO - | Metric | Statistics |
| :--- | :--- |
| 💰 **Total Market Value** | **$13,332.99** |
| 📦 **Total Games Collected** | 711 |
| 🏷️ **Average Retail Price** | $21.74 per game |
| 💎 **Most Expensive Title** | Civilization 6 Platinum Edition ($79.99) |
| 👑 **MVP Publisher** | Bethesda Softworks |
| 🏢 **Value Leaders** | 2K ($579.90), Bethesda Softworks ($544.80), Paradox Interactive ($409.89) |
| 📈 **Inflation-Adjusted Value** | $15,130.23 |
| 🎈 **Inflation Bonus** | **+$1,797.24** in purchasing power |
| 🗓️ **Peak Saving Month** | 🎄 **Seasonality Peak:** December is historically the best month, offering $3,388.17 in savings. |
| ⭐ **Average Score** | 77.0/100 |
| 💳 **Subscription Equivalent** | **$164.47 / mo** |
| 🎯 **Prestige Ratio** | **2.0%** (Strategic Hype) |
| 🏎️ **Lead Time Avg** | 441 Days to Sequel |

2026-10-10 20:14:23,420 - INFO - ✅ README.md updated.
2026-10-10 20:14:23,438 - INFO - Using categorical units to plot a list of strings that are all parsable as floats or dates. If these strings should be plotted as numbers, cast to the appropriate data type before plotting.
2026-10-10 20:14:23,438 - INFO - Using categorical units to plot a list of strings that are all parsable as floats or dates. If these strings should be plotted as numbers, cast to the appropriate data type before plotting.
2026-10-10 20:14:27,983 - INFO - 📈 All charts generated successfully.
