2026-09-13 18:52:42,595 - INFO - Failed to extract font properties from /usr/share/fonts/truetype/noto/NotoColorEmoji.ttf: Non-scalable fonts are not supported
2026-09-13 18:52:42,785 - INFO - generated new fontManager
2026-09-13 18:52:43,108 - INFO - ✅ Migration Successful!
2026-09-13 18:52:43,528 - INFO - No new games found.
2026-09-13 18:52:43,939 - INFO - 🔍 Found 626 games needing metadata. Starting IGDB + Steam + CheapShark enrichment...
2026-09-13 18:52:43,993 - INFO - 📅 Fetching Basic Metadata: LEGO Batman Trilogy
2026-09-13 18:52:44,394 - INFO - 🎯 IGDB Match: 'LEGO Batman Trilogy' (100%)
2026-09-13 18:52:44,425 - INFO - 📅 Fetching Basic Metadata: Antstream
2026-09-13 18:52:44,624 - INFO - 📅 Fetching Basic Metadata: The Drone Racing League Simulator
2026-09-13 18:52:44,820 - INFO - 🎯 IGDB Match: 'The Drone Racing League Simulator' (100%)
2026-09-13 18:52:44,829 - INFO - 📅 Fetching Basic Metadata: Dark Deity
2026-09-13 18:52:45,060 - INFO - 🎯 IGDB Match: 'Dark Deity' (100%)
2026-09-13 18:52:45,067 - INFO - 📅 Fetching Basic Metadata: RPG in a Box
2026-09-13 18:52:45,265 - INFO - 🎯 IGDB Match: 'RPG in a Box' (100%)
2026-09-13 18:52:45,272 - INFO - 📅 Fetching Basic Metadata: Fallout Classic Collection
2026-09-13 18:52:45,545 - INFO - 🎯 IGDB Match: 'Fallout Classic Collection' (100%)
2026-09-13 18:52:45,554 - INFO - 📅 Fetching Basic Metadata: Recipe for Disaster
2026-09-13 18:52:45,808 - INFO - 🎯 IGDB Match: 'Recipe For Disaster' (100%)
2026-09-13 18:52:45,815 - INFO - 📅 Fetching Basic Metadata: World of Warships — Starter Pack: Ishizuchi
2026-09-13 18:52:46,002 - INFO - 🎯 IGDB Match: 'World of Warships: Starter Pack - Ishizuchi' (98%)
2026-09-13 18:52:46,009 - INFO - 📅 Fetching Basic Metadata: Poker Club
2026-09-13 18:52:46,164 - INFO - 🎯 IGDB Match: 'Poker Club' (100%)
2026-09-13 18:52:46,171 - INFO - 📅 Fetching Basic Metadata: The Sims 4 The Daring Lifestyle Bundle
2026-09-13 18:52:46,353 - INFO - 🎯 IGDB Match: 'The Sims 4: The Daring Lifestyle Bundle' (99%)
2026-09-13 18:52:46,361 - INFO - 📅 Fetching Basic Metadata: Dodo Peak
2026-09-13 18:52:46,501 - INFO - 🎯 IGDB Match: 'Dodo Peak' (100%)
2026-09-13 18:52:46,508 - INFO - 📅 Fetching Basic Metadata: Spelldrifter
2026-09-13 18:52:46,719 - INFO - 🎯 IGDB Match: 'Spelldrifter' (100%)
2026-09-13 18:52:46,726 - INFO - 📅 Fetching Basic Metadata: Model Builder
2026-09-13 18:52:46,949 - INFO - 🎯 IGDB Match: 'Model Builder' (100%)
2026-09-13 18:52:46,956 - INFO - 📅 Fetching Basic Metadata: Godlike Burger
2026-09-13 18:52:47,168 - INFO - 🎯 IGDB Match: 'Godlike Burger' (100%)
2026-09-13 18:52:47,174 - INFO - 📅 Fetching Basic Metadata: Q.U.B.E. Ultimate Bundle
2026-09-13 18:52:47,308 - INFO - 🎯 IGDB Match: 'Q.U.B.E. Ultimate Bundle' (100%)
2026-09-13 18:52:47,315 - INFO - 📅 Fetching Basic Metadata: Jitsu Squad
2026-09-13 18:52:47,465 - INFO - 🎯 IGDB Match: 'Jitsu Squad' (100%)
2026-09-13 18:52:47,472 - INFO - 📅 Fetching Basic Metadata: Mighty Fight Federation
2026-09-13 18:52:47,607 - INFO - 🎯 IGDB Match: 'Mighty Fight Federation' (100%)
2026-09-13 18:52:47,616 - INFO - 📅 Fetching Basic Metadata: LOVE
2026-09-13 18:52:47,827 - INFO - 🎯 IGDB Match: 'Love Love Love' (90%)
2026-09-13 18:52:47,835 - INFO - 📅 Fetching Basic Metadata: Call of The Wild: The Angler
2026-09-13 18:52:47,976 - INFO - 🎯 IGDB Match: 'Call of the Wild: The Angler' (100%)
2026-09-13 18:52:47,985 - INFO - 📅 Fetching Basic Metadata: The Falconeer
2026-09-13 18:52:48,126 - INFO - 🎯 IGDB Match: 'The Falconeer: The Hunter' (90%)
2026-09-13 18:52:48,134 - INFO - 📅 Fetching Basic Metadata: Rawmen: Food Fighter Arena
2026-09-13 18:52:48,269 - INFO - 🎯 IGDB Match: 'Rawmen' (90%)
2026-09-13 18:52:48,276 - INFO - 📅 Fetching Basic Metadata: World of Warships – Starter Pack: Albany
2026-09-13 18:52:48,419 - INFO - 📅 Fetching Basic Metadata: Fallout Classic Edition
2026-09-13 18:52:48,623 - INFO - 📅 Fetching Basic Metadata: Outliver: Tribulation
2026-09-13 18:52:48,834 - INFO - 🎯 IGDB Match: 'Outliver: Tribulation' (100%)
2026-09-13 18:52:48,842 - INFO - 📅 Fetching Basic Metadata: Bus Simulator 21 Next Stop
2026-09-13 18:52:48,981 - INFO - 🎯 IGDB Match: 'Bus Simulator 21: Next Stop' (98%)
2026-09-13 18:52:48,989 - INFO - 📅 Fetching Basic Metadata: Turmoil
2026-09-13 18:52:49,198 - INFO - 🎯 IGDB Match: 'Turmoil' (100%)
2026-09-13 18:52:49,206 - INFO - 📅 Fetching Basic Metadata: World War Z Aftermath
2026-09-13 18:52:49,340 - INFO - 🎯 IGDB Match: 'World War Z: Aftermath' (98%)
2026-09-13 18:52:49,347 - INFO - 📅 Fetching Basic Metadata: World Of Warships – Anniversary Party Flavor
2026-09-13 18:52:49,559 - INFO - 📅 Fetching Basic Metadata: Neko Ghost, Jump!
2026-09-13 18:52:49,690 - INFO - 🎯 IGDB Match: 'Neko Ghost, Jump!' (100%)
2026-09-13 18:52:49,697 - INFO - 📅 Fetching Basic Metadata: Super Space Club
2026-09-13 18:52:49,833 - INFO - 🎯 IGDB Match: 'Super Space Club' (100%)
2026-09-13 18:52:49,839 - INFO - 📅 Fetching Basic Metadata: Touch Type Tale
2026-09-13 18:52:49,981 - INFO - 🎯 IGDB Match: 'Touch Type Tale' (100%)
2026-09-13 18:52:49,988 - INFO - 📅 Fetching Basic Metadata: Gigapocalypse
2026-09-13 18:52:50,122 - INFO - 🎯 IGDB Match: 'Gigapocalypse' (100%)
2026-09-13 18:52:50,130 - INFO - 📅 Fetching Basic Metadata: Legion TD2
2026-09-13 18:52:50,278 - INFO - 📅 Fetching Basic Metadata: Nightingale
2026-09-13 18:52:50,417 - INFO - 🎯 IGDB Match: 'Nightingale' (100%)
2026-09-13 18:52:50,425 - INFO - 📅 Fetching Basic Metadata: Godzilla Voxel Wars
2026-09-13 18:52:50,561 - INFO - 🎯 IGDB Match: 'Godzilla Voxel Wars' (100%)
2026-09-13 18:52:50,569 - INFO - 📅 Fetching Basic Metadata: Trine Classic Collection
2026-09-13 18:52:50,763 - WARNING - IGDB Error for Trine Classic Collection: string indices must be integers, not 'str'
2026-09-13 18:52:50,770 - INFO - 📅 Fetching Basic Metadata: Poison Retro Set
2026-09-13 18:52:50,892 - WARNING - IGDB Error for Poison Retro Set: string indices must be integers, not 'str'
2026-09-13 18:52:50,899 - INFO - 📅 Fetching Basic Metadata: The Darkside Detective A Fumble in the Dark
2026-09-13 18:52:51,100 - INFO - 🎯 IGDB Match: 'The Darkside Detective: A Fumble in the Dark' (99%)
2026-09-13 18:52:51,107 - INFO - 📅 Fetching Basic Metadata: Return to Ash
2026-09-13 18:52:51,232 - WARNING - IGDB Error for Return to Ash: string indices must be integers, not 'str'
2026-09-13 18:52:51,239 - INFO - 🏢 Publisher Search: STALCRAFT: X Starter Edition
2026-09-13 18:52:52,621 - INFO - 📅 Fetching Basic Metadata: STALCRAFT: X Starter Edition
2026-09-13 18:52:52,769 - INFO - 📅 Fetching Basic Metadata: Boxes: Lost Fragments
2026-09-13 18:52:52,906 - INFO - 🎯 IGDB Match: 'Boxes: Lost Fragments' (100%)
2026-09-13 18:52:52,912 - INFO - 📅 Fetching Basic Metadata: My Night Job
2026-09-13 18:52:53,096 - INFO - 🎯 IGDB Match: 'My Night Job' (100%)
2026-09-13 18:52:53,103 - INFO - 📅 Fetching Basic Metadata: Electrician Simulator
2026-09-13 18:52:53,319 - INFO - 🎯 IGDB Match: 'Electrician Simulator' (100%)
2026-09-13 18:52:53,325 - INFO - 🏢 Publisher Search: World of Warships — Epic Anniversary Tachibana Pack
2026-09-13 18:52:54,710 - INFO - 📅 Fetching Basic Metadata: World of Warships — Epic Anniversary Tachibana Pack
2026-09-13 18:52:54,850 - INFO - 📅 Fetching Basic Metadata: Hyper Echelon
2026-09-13 18:52:54,986 - INFO - 🎯 IGDB Match: 'Hyper Echelon' (100%)
2026-09-13 18:52:54,992 - INFO - 📅 Fetching Basic Metadata: Havendock
2026-09-13 18:52:55,165 - INFO - 🎯 IGDB Match: 'Havendock' (100%)
2026-09-13 18:52:55,172 - INFO - 📅 Fetching Basic Metadata: Clone Drone in the Danger Zone
2026-09-13 18:52:55,307 - INFO - 🎯 IGDB Match: 'Clone Drone in the Danger Zone' (100%)
2026-09-13 18:52:55,314 - INFO - 🏢 Publisher Search: TOMAK: Save the Earth Regeneration
2026-09-13 18:52:56,718 - INFO - 📅 Fetching Basic Metadata: TOMAK: Save the Earth Regeneration
2026-09-13 18:52:56,913 - INFO - 🎯 IGDB Match: 'Tomak: Save the Earth Regeneration' (100%)
2026-09-13 18:52:56,919 - INFO - 📅 Fetching Basic Metadata: Prop Sumo
2026-09-13 18:52:57,131 - INFO - 🎯 IGDB Match: 'Prop Sumo' (100%)
2026-09-13 18:52:57,137 - INFO - 📅 Fetching Basic Metadata: The Stone of Madness
2026-09-13 18:52:57,274 - INFO - 🎯 IGDB Match: 'The Stone of Madness' (100%)
2026-09-13 18:52:57,281 - INFO - 📅 Fetching Basic Metadata: Firestone Online Idle RPG
2026-09-13 18:52:57,490 - INFO - 🎯 IGDB Match: 'Firestone: Online Idle RPG' (98%)
2026-09-13 18:52:57,496 - INFO - 📅 Fetching Basic Metadata: Oddsparks: An Automation Adventure
2026-09-13 18:52:57,794 - INFO - 🎯 IGDB Match: 'Oddsparks: An Automation Adventure' (100%)
2026-09-13 18:52:57,802 - INFO - 📅 Fetching Basic Metadata: Trash Goblin
2026-09-13 18:52:57,935 - INFO - 🎯 IGDB Match: 'Trash Goblin' (100%)
2026-09-13 18:52:57,942 - INFO - 🏢 Publisher Search: The Telltale Batman Shadows Edition
2026-09-13 18:52:59,434 - INFO - 📅 Fetching Basic Metadata: The Telltale Batman Shadows Edition
2026-09-13 18:52:59,574 - INFO - 🎯 IGDB Match: 'Telltale Batman Shadows Edition' (95%)
2026-09-13 18:52:59,581 - INFO - 🏢 Publisher Search: Sunderfolk - Standard Edition
2026-09-13 18:53:00,974 - INFO - 📅 Fetching Basic Metadata: Sunderfolk - Standard Edition
2026-09-13 18:53:01,186 - INFO - 📅 Fetching Basic Metadata: Down in Bermuda
2026-09-13 18:53:01,325 - INFO - 🎯 IGDB Match: 'Down in Bermuda' (100%)
2026-09-13 18:53:01,331 - INFO - 📅 Fetching Basic Metadata: Tomb Raider I-III Remastered Starring Lara Croft
2026-09-13 18:53:01,512 - INFO - 📅 Fetching Basic Metadata: LONESTAR
2026-09-13 18:53:01,646 - INFO - 🎯 IGDB Match: 'LoneStar' (100%)
2026-09-13 18:53:01,653 - INFO - 📅 Fetching Basic Metadata: Calico
2026-09-13 18:53:01,828 - INFO - 🎯 IGDB Match: 'Calico' (100%)
2026-09-13 18:53:01,835 - INFO - 📅 Fetching Basic Metadata: Rogue Waters
2026-09-13 18:53:01,972 - INFO - 🎯 IGDB Match: 'Rogue Waters' (100%)
2026-09-13 18:53:01,979 - INFO - 📅 Fetching Basic Metadata: The Ouroboros King
2026-09-13 18:53:02,119 - INFO - 🎯 IGDB Match: 'The Ouroboros King' (100%)
2026-09-13 18:53:02,126 - INFO - 🏢 Publisher Search: Warhammer 40K Speed Freeks
2026-09-13 18:53:03,476 - INFO - 📅 Fetching Basic Metadata: I Have No Mouth, and I Must Scream
2026-09-13 18:53:03,614 - INFO - 🎯 IGDB Match: 'I Have No Mouth, and I Must Scream' (100%)
2026-09-13 18:53:03,621 - INFO - 📅 Fetching Basic Metadata: Nova Lands
2026-09-13 18:53:03,825 - INFO - 🎯 IGDB Match: 'Nova Lands' (100%)
2026-09-13 18:53:03,832 - INFO - 📅 Fetching Basic Metadata: Tattoo Tycoon
2026-09-13 18:53:03,967 - INFO - 🎯 IGDB Match: 'Tattoo Tycoon' (100%)
2026-09-13 18:53:03,974 - INFO - 📅 Fetching Basic Metadata: Echo Generation: Midnight Edition
2026-09-13 18:53:04,217 - INFO - 🎯 IGDB Match: 'Echo Generation: Midnight Edition' (100%)
2026-09-13 18:53:04,224 - INFO - 💰 Price Search: Foretales
2026-09-13 18:53:05,376 - WARNING - Price error for Foretales: string indices must be integers, not 'str'
2026-09-13 18:53:05,376 - INFO - 📅 Fetching Basic Metadata: Foretales
2026-09-13 18:53:05,523 - INFO - 🎯 IGDB Match: 'Foretales' (100%)
2026-09-13 18:53:05,529 - INFO - 💰 Price Search: OTXO
2026-09-13 18:53:06,614 - WARNING - Price error for OTXO: string indices must be integers, not 'str'
2026-09-13 18:53:06,615 - INFO - 💰 Price Search: Sol Cesto
2026-09-13 18:53:07,701 - WARNING - Price error for Sol Cesto: string indices must be integers, not 'str'
2026-09-13 18:53:07,702 - INFO - 📅 Fetching Basic Metadata: Sol Cesto
2026-09-13 18:53:07,840 - INFO - 🎯 IGDB Match: 'Sol Cesto' (100%)
2026-09-13 18:53:07,847 - INFO - 💰 Price Search: Beacon Pines
2026-09-13 18:53:08,936 - WARNING - Price error for Beacon Pines: string indices must be integers, not 'str'
2026-09-13 18:53:08,937 - INFO - 💰 Price Search: Caravan SandWitch
2026-09-13 18:53:10,050 - WARNING - Price error for Caravan SandWitch: string indices must be integers, not 'str'
2026-09-13 18:53:10,053 - INFO - 💰 Price Search: Cardpocalypse Standard Edition
2026-09-13 18:53:11,140 - WARNING - Price error for Cardpocalypse Standard Edition: string indices must be integers, not 'str'
2026-09-13 18:53:11,140 - INFO - 🏢 Publisher Search: Cardpocalypse Standard Edition
2026-09-13 18:53:12,545 - INFO - 📅 Fetching Basic Metadata: Cardpocalypse Standard Edition
2026-09-13 18:53:12,709 - INFO - 💰 Price Search: Epic Mage Bundle
2026-09-13 18:53:13,789 - WARNING - Price error for Epic Mage Bundle: string indices must be integers, not 'str'
2026-09-13 18:53:13,790 - INFO - 🏢 Publisher Search: Epic Mage Bundle
2026-09-13 18:53:15,176 - INFO - 📅 Fetching Basic Metadata: Epic Mage Bundle
2026-09-13 18:53:15,392 - INFO - 💰 Price Search: Rival Stars Horse Racing : Desktop Edition
2026-09-13 18:53:16,482 - WARNING - Price error for Rival Stars Horse Racing : Desktop Edition: string indices must be integers, not 'str'
2026-09-13 18:53:16,483 - INFO - 🏢 Publisher Search: Rival Stars Horse Racing : Desktop Edition
2026-09-13 18:53:17,883 - INFO - 📅 Fetching Basic Metadata: Rival Stars Horse Racing : Desktop Edition
2026-09-13 18:53:18,086 - INFO - 🎯 IGDB Match: 'Rival Stars Horse Racing: Desktop Edition' (99%)
2026-09-13 18:53:18,093 - INFO - 💰 Price Search: Alone With You
2026-09-13 18:53:19,176 - WARNING - Price error for Alone With You: string indices must be integers, not 'str'
2026-09-13 18:53:19,176 - INFO - 📅 Fetching Basic Metadata: Alone With You
2026-09-13 18:53:19,342 - INFO - 🎯 IGDB Match: 'Alone With You' (100%)
2026-09-13 18:53:19,348 - INFO - 💰 Price Search: Luftrausers
2026-09-13 18:53:20,435 - WARNING - Price error for Luftrausers: string indices must be integers, not 'str'
2026-09-13 18:53:20,436 - INFO - 💰 Price Search: Astral Ascent
2026-09-13 18:53:21,522 - WARNING - Price error for Astral Ascent: string indices must be integers, not 'str'
2026-09-13 18:53:21,528 - INFO - 
--- Starting Data Quality Checks ---
2026-09-13 18:53:21,541 - INFO - --- Data Quality Checks Complete ---

2026-09-13 18:53:21,571 - INFO - | Metric | Statistics |
| :--- | :--- |
| 💰 **Total Market Value** | **$13,332.99** |
| 📦 **Total Games Collected** | 703 |
| 🏷️ **Average Retail Price** | $21.99 per game |
| 💎 **Most Expensive Title** | Civilization 6 Platinum Edition ($79.99) |
| 👑 **MVP Publisher** | Bethesda Softworks |
| 🏢 **Value Leaders** | 2K ($579.90), Bethesda Softworks ($544.80), Paradox Interactive ($409.89) |
| 📈 **Inflation-Adjusted Value** | $15,130.23 |
| 🎈 **Inflation Bonus** | **+$1,797.24** in purchasing power |
| 🗓️ **Peak Saving Month** | 🎄 **Seasonality Peak:** December is historically the best month, offering $3,388.17 in savings. |
| ⭐ **Average Score** | 76.9/100 |
| 💳 **Subscription Equivalent** | **$166.24 / mo** |
| 🎯 **Prestige Ratio** | **2.0%** (Strategic Hype) |
| 🏎️ **Lead Time Avg** | 441 Days to Sequel |

2026-09-13 18:53:21,572 - INFO - ✅ README.md updated.
2026-09-13 18:53:21,596 - INFO - Using categorical units to plot a list of strings that are all parsable as floats or dates. If these strings should be plotted as numbers, cast to the appropriate data type before plotting.
2026-09-13 18:53:21,597 - INFO - Using categorical units to plot a list of strings that are all parsable as floats or dates. If these strings should be plotted as numbers, cast to the appropriate data type before plotting.
2026-09-13 18:53:27,436 - INFO - 📈 All charts generated successfully.
