2026-10-08 21:26:06,445 - INFO - Failed to extract font properties from /usr/share/fonts/truetype/noto/NotoColorEmoji.ttf: Non-scalable fonts are not supported
2026-10-08 21:26:06,466 - INFO - generated new fontManager
2026-10-08 21:26:06,889 - INFO - ✅ Migration Successful!
2026-10-08 21:26:07,607 - INFO - Added 2 new games!
2026-10-08 21:26:07,878 - INFO - 🔍 Found 634 games needing metadata. Starting IGDB + Steam + CheapShark enrichment...
2026-10-08 21:26:08,036 - INFO - 📅 Fetching Basic Metadata: LEGO Batman Trilogy
2026-10-08 21:26:08,252 - INFO - 🎯 IGDB Match: 'LEGO Batman Trilogy' (100%)
2026-10-08 21:26:08,269 - INFO - 📅 Fetching Basic Metadata: Antstream
2026-10-08 21:26:08,515 - INFO - 📅 Fetching Basic Metadata: The Drone Racing League Simulator
2026-10-08 21:26:08,619 - INFO - 🎯 IGDB Match: 'The Drone Racing League Simulator' (100%)
2026-10-08 21:26:08,625 - INFO - 📅 Fetching Basic Metadata: Dark Deity
2026-10-08 21:26:08,712 - INFO - 🎯 IGDB Match: 'Dark Deity' (100%)
2026-10-08 21:26:08,718 - INFO - 📅 Fetching Basic Metadata: RPG in a Box
2026-10-08 21:26:08,819 - INFO - 🎯 IGDB Match: 'RPG in a Box' (100%)
2026-10-08 21:26:08,825 - INFO - 📅 Fetching Basic Metadata: Fallout Classic Collection
2026-10-08 21:26:08,922 - INFO - 🎯 IGDB Match: 'Fallout Classic Collection' (100%)
2026-10-08 21:26:08,929 - INFO - 📅 Fetching Basic Metadata: Recipe for Disaster
2026-10-08 21:26:09,007 - INFO - 🎯 IGDB Match: 'Recipe For Disaster' (100%)
2026-10-08 21:26:09,014 - INFO - 📅 Fetching Basic Metadata: World of Warships — Starter Pack: Ishizuchi
2026-10-08 21:26:09,175 - INFO - 🎯 IGDB Match: 'World of Warships: Starter Pack - Ishizuchi' (98%)
2026-10-08 21:26:09,181 - INFO - 📅 Fetching Basic Metadata: Poker Club
2026-10-08 21:26:09,284 - INFO - 🎯 IGDB Match: 'Poker Club' (100%)
2026-10-08 21:26:09,290 - INFO - 📅 Fetching Basic Metadata: The Sims 4 The Daring Lifestyle Bundle
2026-10-08 21:26:09,374 - INFO - 🎯 IGDB Match: 'The Sims 4: The Daring Lifestyle Bundle' (99%)
2026-10-08 21:26:09,381 - INFO - 📅 Fetching Basic Metadata: Dodo Peak
2026-10-08 21:26:09,468 - INFO - 🎯 IGDB Match: 'Dodo Peak' (100%)
2026-10-08 21:26:09,473 - INFO - 📅 Fetching Basic Metadata: Spelldrifter
2026-10-08 21:26:09,598 - INFO - 🎯 IGDB Match: 'Spelldrifter' (100%)
2026-10-08 21:26:09,604 - INFO - 📅 Fetching Basic Metadata: Model Builder
2026-10-08 21:26:09,708 - INFO - 🎯 IGDB Match: 'Model Builder' (100%)
2026-10-08 21:26:09,714 - INFO - 📅 Fetching Basic Metadata: Godlike Burger
2026-10-08 21:26:09,794 - INFO - 🎯 IGDB Match: 'Godlike Burger' (100%)
2026-10-08 21:26:09,799 - INFO - 📅 Fetching Basic Metadata: Q.U.B.E. Ultimate Bundle
2026-10-08 21:26:09,901 - INFO - 🎯 IGDB Match: 'Q.U.B.E. Ultimate Bundle' (100%)
2026-10-08 21:26:09,907 - INFO - 📅 Fetching Basic Metadata: Jitsu Squad
2026-10-08 21:26:09,986 - INFO - 🎯 IGDB Match: 'Jitsu Squad' (100%)
2026-10-08 21:26:09,991 - INFO - 📅 Fetching Basic Metadata: Mighty Fight Federation
2026-10-08 21:26:10,109 - INFO - 🎯 IGDB Match: 'Mighty Fight Federation' (100%)
2026-10-08 21:26:10,116 - INFO - 📅 Fetching Basic Metadata: LOVE
2026-10-08 21:26:10,231 - INFO - 🎯 IGDB Match: 'Love Love Love' (90%)
2026-10-08 21:26:10,237 - INFO - 📅 Fetching Basic Metadata: Call of The Wild: The Angler
2026-10-08 21:26:10,322 - INFO - 🎯 IGDB Match: 'Call of the Wild: The Angler' (100%)
2026-10-08 21:26:10,329 - INFO - 📅 Fetching Basic Metadata: The Falconeer
2026-10-08 21:26:10,413 - INFO - 🎯 IGDB Match: 'The Falconeer: The Hunter' (90%)
2026-10-08 21:26:10,419 - INFO - 📅 Fetching Basic Metadata: Rawmen: Food Fighter Arena
2026-10-08 21:26:10,502 - INFO - 🎯 IGDB Match: 'Rawmen' (90%)
2026-10-08 21:26:10,507 - INFO - 📅 Fetching Basic Metadata: World of Warships – Starter Pack: Albany
2026-10-08 21:26:10,612 - INFO - 📅 Fetching Basic Metadata: Fallout Classic Edition
2026-10-08 21:26:10,694 - INFO - 📅 Fetching Basic Metadata: Outliver: Tribulation
2026-10-08 21:26:10,774 - WARNING - IGDB Error for Outliver: Tribulation: string indices must be integers, not 'str'
2026-10-08 21:26:10,828 - INFO - 📅 Fetching Basic Metadata: Bus Simulator 21 Next Stop
2026-10-08 21:26:10,901 - WARNING - IGDB Error for Bus Simulator 21 Next Stop: string indices must be integers, not 'str'
2026-10-08 21:26:10,908 - INFO - 📅 Fetching Basic Metadata: Turmoil
2026-10-08 21:26:10,978 - WARNING - IGDB Error for Turmoil: string indices must be integers, not 'str'
2026-10-08 21:26:10,984 - INFO - 📅 Fetching Basic Metadata: World War Z Aftermath
2026-10-08 21:26:11,053 - WARNING - IGDB Error for World War Z Aftermath: string indices must be integers, not 'str'
2026-10-08 21:26:11,059 - INFO - 📅 Fetching Basic Metadata: World Of Warships – Anniversary Party Flavor
2026-10-08 21:26:11,133 - WARNING - IGDB Error for World Of Warships – Anniversary Party Flavor: string indices must be integers, not 'str'
2026-10-08 21:26:11,139 - INFO - 📅 Fetching Basic Metadata: Neko Ghost, Jump!
2026-10-08 21:26:11,207 - WARNING - IGDB Error for Neko Ghost, Jump!: string indices must be integers, not 'str'
2026-10-08 21:26:11,213 - INFO - 📅 Fetching Basic Metadata: Super Space Club
2026-10-08 21:26:11,282 - WARNING - IGDB Error for Super Space Club: string indices must be integers, not 'str'
2026-10-08 21:26:11,287 - INFO - 📅 Fetching Basic Metadata: Touch Type Tale
2026-10-08 21:26:11,356 - WARNING - IGDB Error for Touch Type Tale: string indices must be integers, not 'str'
2026-10-08 21:26:11,362 - INFO - 📅 Fetching Basic Metadata: Gigapocalypse
2026-10-08 21:26:11,437 - WARNING - IGDB Error for Gigapocalypse: string indices must be integers, not 'str'
2026-10-08 21:26:11,443 - INFO - 📅 Fetching Basic Metadata: Legion TD2
2026-10-08 21:26:11,514 - WARNING - IGDB Error for Legion TD2: string indices must be integers, not 'str'
2026-10-08 21:26:11,534 - INFO - 📅 Fetching Basic Metadata: Nightingale
2026-10-08 21:26:11,603 - WARNING - IGDB Error for Nightingale: string indices must be integers, not 'str'
2026-10-08 21:26:11,610 - INFO - 📅 Fetching Basic Metadata: Godzilla Voxel Wars
2026-10-08 21:26:11,677 - WARNING - IGDB Error for Godzilla Voxel Wars: string indices must be integers, not 'str'
2026-10-08 21:26:11,684 - INFO - 📅 Fetching Basic Metadata: Trine Classic Collection
2026-10-08 21:26:11,758 - WARNING - IGDB Error for Trine Classic Collection: string indices must be integers, not 'str'
2026-10-08 21:26:11,764 - INFO - 📅 Fetching Basic Metadata: Poison Retro Set
2026-10-08 21:26:11,835 - WARNING - IGDB Error for Poison Retro Set: string indices must be integers, not 'str'
2026-10-08 21:26:11,841 - INFO - 📅 Fetching Basic Metadata: The Darkside Detective A Fumble in the Dark
2026-10-08 21:26:11,907 - WARNING - IGDB Error for The Darkside Detective A Fumble in the Dark: string indices must be integers, not 'str'
2026-10-08 21:26:11,913 - INFO - 📅 Fetching Basic Metadata: Return to Ash
2026-10-08 21:26:11,986 - WARNING - IGDB Error for Return to Ash: string indices must be integers, not 'str'
2026-10-08 21:26:11,991 - INFO - 🏢 Publisher Search: STALCRAFT: X Starter Edition
2026-10-08 21:26:13,386 - INFO - 📅 Fetching Basic Metadata: STALCRAFT: X Starter Edition
2026-10-08 21:26:13,477 - INFO - 📅 Fetching Basic Metadata: Boxes: Lost Fragments
2026-10-08 21:26:13,581 - INFO - 🎯 IGDB Match: 'Boxes: Lost Fragments' (100%)
2026-10-08 21:26:13,587 - INFO - 📅 Fetching Basic Metadata: My Night Job
2026-10-08 21:26:13,672 - INFO - 🎯 IGDB Match: 'My Night Job' (100%)
2026-10-08 21:26:13,678 - INFO - 📅 Fetching Basic Metadata: Electrician Simulator
2026-10-08 21:26:13,759 - INFO - 🎯 IGDB Match: 'Electrician Simulator' (100%)
2026-10-08 21:26:13,764 - INFO - 🏢 Publisher Search: World of Warships — Epic Anniversary Tachibana Pack
2026-10-08 21:26:15,153 - INFO - 📅 Fetching Basic Metadata: World of Warships — Epic Anniversary Tachibana Pack
2026-10-08 21:26:15,243 - INFO - 📅 Fetching Basic Metadata: Hyper Echelon
2026-10-08 21:26:15,329 - INFO - 🎯 IGDB Match: 'Hyper Echelon' (100%)
2026-10-08 21:26:15,334 - INFO - 📅 Fetching Basic Metadata: Havendock
2026-10-08 21:26:15,419 - INFO - 🎯 IGDB Match: 'Havendock' (100%)
2026-10-08 21:26:15,424 - INFO - 📅 Fetching Basic Metadata: Clone Drone in the Danger Zone
2026-10-08 21:26:15,513 - INFO - 🎯 IGDB Match: 'Clone Drone in the Danger Zone' (100%)
2026-10-08 21:26:15,518 - INFO - 🏢 Publisher Search: TOMAK: Save the Earth Regeneration
2026-10-08 21:26:16,901 - INFO - 📅 Fetching Basic Metadata: TOMAK: Save the Earth Regeneration
2026-10-08 21:26:16,984 - INFO - 🎯 IGDB Match: 'Tomak: Save the Earth Regeneration' (100%)
2026-10-08 21:26:16,989 - INFO - 📅 Fetching Basic Metadata: Prop Sumo
2026-10-08 21:26:17,071 - INFO - 🎯 IGDB Match: 'Prop Sumo' (100%)
2026-10-08 21:26:17,076 - INFO - 📅 Fetching Basic Metadata: The Stone of Madness
2026-10-08 21:26:17,156 - INFO - 🎯 IGDB Match: 'The Stone of Madness' (100%)
2026-10-08 21:26:17,161 - INFO - 📅 Fetching Basic Metadata: Firestone Online Idle RPG
2026-10-08 21:26:17,326 - INFO - 🎯 IGDB Match: 'Firestone: Online Idle RPG' (98%)
2026-10-08 21:26:17,331 - INFO - 📅 Fetching Basic Metadata: Oddsparks: An Automation Adventure
2026-10-08 21:26:17,408 - INFO - 🎯 IGDB Match: 'Oddsparks: An Automation Adventure' (100%)
2026-10-08 21:26:17,414 - INFO - 📅 Fetching Basic Metadata: Trash Goblin
2026-10-08 21:26:17,495 - INFO - 🎯 IGDB Match: 'Trash Goblin' (100%)
2026-10-08 21:26:17,500 - INFO - 🏢 Publisher Search: The Telltale Batman Shadows Edition
2026-10-08 21:26:18,917 - INFO - 📅 Fetching Basic Metadata: The Telltale Batman Shadows Edition
2026-10-08 21:26:19,022 - INFO - 🎯 IGDB Match: 'Telltale Batman Shadows Edition' (95%)
2026-10-08 21:26:19,027 - INFO - 🏢 Publisher Search: Sunderfolk - Standard Edition
2026-10-08 21:26:20,590 - INFO - 📅 Fetching Basic Metadata: Sunderfolk - Standard Edition
2026-10-08 21:26:20,675 - INFO - 📅 Fetching Basic Metadata: Down in Bermuda
2026-10-08 21:26:20,756 - INFO - 🎯 IGDB Match: 'Down in Bermuda' (100%)
2026-10-08 21:26:20,761 - INFO - 📅 Fetching Basic Metadata: Tomb Raider I-III Remastered Starring Lara Croft
2026-10-08 21:26:20,925 - INFO - 📅 Fetching Basic Metadata: LONESTAR
2026-10-08 21:26:21,008 - INFO - 🎯 IGDB Match: 'LoneStar' (100%)
2026-10-08 21:26:21,013 - INFO - 📅 Fetching Basic Metadata: Calico
2026-10-08 21:26:21,092 - INFO - 🎯 IGDB Match: 'Calico' (100%)
2026-10-08 21:26:21,097 - INFO - 📅 Fetching Basic Metadata: Rogue Waters
2026-10-08 21:26:21,180 - INFO - 🎯 IGDB Match: 'Rogue Waters' (100%)
2026-10-08 21:26:21,185 - INFO - 📅 Fetching Basic Metadata: The Ouroboros King
2026-10-08 21:26:21,265 - INFO - 🎯 IGDB Match: 'The Ouroboros King' (100%)
2026-10-08 21:26:21,271 - INFO - 🏢 Publisher Search: Warhammer 40K Speed Freeks
2026-10-08 21:26:22,679 - INFO - 📅 Fetching Basic Metadata: I Have No Mouth, and I Must Scream
2026-10-08 21:26:22,791 - INFO - 🎯 IGDB Match: 'I Have No Mouth, and I Must Scream' (100%)
2026-10-08 21:26:22,796 - INFO - 📅 Fetching Basic Metadata: Nova Lands
2026-10-08 21:26:22,898 - INFO - 🎯 IGDB Match: 'Nova Lands' (100%)
2026-10-08 21:26:22,903 - INFO - 📅 Fetching Basic Metadata: Tattoo Tycoon
2026-10-08 21:26:22,989 - INFO - 🎯 IGDB Match: 'Tattoo Tycoon' (100%)
2026-10-08 21:26:22,995 - INFO - 📅 Fetching Basic Metadata: Echo Generation: Midnight Edition
2026-10-08 21:26:23,080 - INFO - 🎯 IGDB Match: 'Echo Generation: Midnight Edition' (100%)
2026-10-08 21:26:23,086 - INFO - 💰 Price Search: Foretales
2026-10-08 21:26:24,191 - WARNING - Price error for Foretales: string indices must be integers, not 'str'
2026-10-08 21:26:24,191 - INFO - 📅 Fetching Basic Metadata: Foretales
2026-10-08 21:26:24,300 - INFO - 🎯 IGDB Match: 'Foretales' (100%)
2026-10-08 21:26:24,305 - INFO - 💰 Price Search: OTXO
2026-10-08 21:26:25,375 - WARNING - Price error for OTXO: string indices must be integers, not 'str'
2026-10-08 21:26:25,376 - INFO - 💰 Price Search: Sol Cesto
2026-10-08 21:26:26,445 - WARNING - Price error for Sol Cesto: string indices must be integers, not 'str'
2026-10-08 21:26:26,445 - INFO - 📅 Fetching Basic Metadata: Sol Cesto
2026-10-08 21:26:26,535 - INFO - 🎯 IGDB Match: 'Sol Cesto' (100%)
2026-10-08 21:26:26,541 - INFO - 💰 Price Search: Beacon Pines
2026-10-08 21:26:27,615 - WARNING - Price error for Beacon Pines: string indices must be integers, not 'str'
2026-10-08 21:26:27,616 - INFO - 💰 Price Search: Caravan SandWitch
2026-10-08 21:26:28,685 - WARNING - Price error for Caravan SandWitch: string indices must be integers, not 'str'
2026-10-08 21:26:28,686 - INFO - 💰 Price Search: Cardpocalypse Standard Edition
2026-10-08 21:26:29,743 - WARNING - Price error for Cardpocalypse Standard Edition: string indices must be integers, not 'str'
2026-10-08 21:26:29,743 - INFO - 🏢 Publisher Search: Cardpocalypse Standard Edition
2026-10-08 21:26:31,114 - INFO - 📅 Fetching Basic Metadata: Cardpocalypse Standard Edition
2026-10-08 21:26:31,197 - INFO - 💰 Price Search: Epic Mage Bundle
2026-10-08 21:26:32,246 - WARNING - Price error for Epic Mage Bundle: string indices must be integers, not 'str'
2026-10-08 21:26:32,246 - INFO - 🏢 Publisher Search: Epic Mage Bundle
2026-10-08 21:26:33,683 - INFO - 📅 Fetching Basic Metadata: Epic Mage Bundle
2026-10-08 21:26:33,768 - INFO - 💰 Price Search: Rival Stars Horse Racing : Desktop Edition
2026-10-08 21:26:34,828 - WARNING - Price error for Rival Stars Horse Racing : Desktop Edition: string indices must be integers, not 'str'
2026-10-08 21:26:34,829 - INFO - 🏢 Publisher Search: Rival Stars Horse Racing : Desktop Edition
2026-10-08 21:26:36,306 - INFO - 📅 Fetching Basic Metadata: Rival Stars Horse Racing : Desktop Edition
2026-10-08 21:26:36,393 - INFO - 🎯 IGDB Match: 'Rival Stars Horse Racing: Desktop Edition' (99%)
2026-10-08 21:26:36,399 - INFO - 💰 Price Search: Alone With You
2026-10-08 21:26:37,456 - WARNING - Price error for Alone With You: string indices must be integers, not 'str'
2026-10-08 21:26:37,457 - INFO - 💰 Price Search: Luftrausers
2026-10-08 21:26:38,506 - WARNING - Price error for Luftrausers: string indices must be integers, not 'str'
2026-10-08 21:26:38,507 - INFO - 💰 Price Search: Astral Ascent
2026-10-08 21:26:39,563 - WARNING - Price error for Astral Ascent: string indices must be integers, not 'str'
2026-10-08 21:26:39,564 - INFO - 💰 Price Search: Mindcop
2026-10-08 21:26:40,614 - WARNING - Price error for Mindcop: string indices must be integers, not 'str'
2026-10-08 21:26:40,615 - INFO - 💰 Price Search: Shogun Showdown
2026-10-08 21:26:41,735 - WARNING - Price error for Shogun Showdown: string indices must be integers, not 'str'
2026-10-08 21:26:41,736 - INFO - 💰 Price Search: Astrea Six Sided Oracles
2026-10-08 21:26:42,786 - WARNING - Price error for Astrea Six Sided Oracles: string indices must be integers, not 'str'
2026-10-08 21:26:42,788 - INFO - 💰 Price Search: Mechabellum
2026-10-08 21:26:43,860 - WARNING - Price error for Mechabellum: string indices must be integers, not 'str'
2026-10-08 21:26:43,860 - INFO - 📅 Fetching Basic Metadata: Mechabellum
2026-10-08 21:26:43,937 - INFO - 🎯 IGDB Match: 'Mechabellum' (100%)
2026-10-08 21:26:43,942 - INFO - 💰 Price Search: System Shock 2: 25th Anniversary Remaster
2026-10-08 21:26:44,997 - WARNING - Price error for System Shock 2: 25th Anniversary Remaster: string indices must be integers, not 'str'
2026-10-08 21:26:44,998 - INFO - 💰 Price Search: BURIED STARS
2026-10-08 21:26:46,052 - WARNING - Price error for BURIED STARS: string indices must be integers, not 'str'
2026-10-08 21:26:46,053 - INFO - 💰 Price Search: Out of Sight
2026-10-08 21:26:47,106 - WARNING - Price error for Out of Sight: string indices must be integers, not 'str'
2026-10-08 21:26:47,106 - INFO - 🏢 Publisher Search: Out of Sight
2026-10-08 21:26:48,609 - INFO - 📅 Fetching Basic Metadata: Out of Sight
2026-10-08 21:26:48,691 - INFO - 🎯 IGDB Match: 'Out of Sight' (100%)
2026-10-08 21:26:48,691 - INFO - 🔗 Searching Franchise Context: Out of Sight
2026-10-08 21:26:49,266 - INFO - 📡 Fallback to IGDB for Out of Sight
2026-10-08 21:26:49,390 - INFO - 💰 Price Search: TerraScape
2026-10-08 21:26:50,445 - WARNING - Price error for TerraScape: string indices must be integers, not 'str'
2026-10-08 21:26:50,445 - INFO - 🏢 Publisher Search: TerraScape
2026-10-08 21:26:51,964 - INFO - 📅 Fetching Basic Metadata: TerraScape
2026-10-08 21:26:52,044 - INFO - 🎯 IGDB Match: 'Terrascape' (100%)
2026-10-08 21:26:52,044 - INFO - 🔗 Searching Franchise Context: TerraScape
2026-10-08 21:26:52,266 - INFO - 📡 Fallback to IGDB for TerraScape
2026-10-08 21:26:52,356 - INFO - 
--- Starting Data Quality Checks ---
2026-10-08 21:26:52,367 - INFO - --- Data Quality Checks Complete ---

2026-10-08 21:26:52,391 - INFO - | Metric | Statistics |
| :--- | :--- |
| 💰 **Total Market Value** | **$13,332.99** |
| 📦 **Total Games Collected** | 711 |
| 🏷️ **Average Retail Price** | $21.74 per game |
| 💎 **Most Expensive Title** | Civilization 6 Platinum Edition ($79.99) |
| 👑 **MVP Publisher** | Bethesda Softworks |
| 🏢 **Value Leaders** | 2K ($579.90), Bethesda Softworks ($544.80), Paradox Interactive ($409.89) |
| 📈 **Inflation-Adjusted Value** | $15,130.23 |
| 🎈 **Inflation Bonus** | **+$1,797.24** in purchasing power |
| 🗓️ **Peak Saving Month** | 🎄 **Seasonality Peak:** December is historically the best month, offering $3,388.17 in savings. |
| ⭐ **Average Score** | 77.0/100 |
| 💳 **Subscription Equivalent** | **$164.47 / mo** |
| 🎯 **Prestige Ratio** | **2.0%** (Strategic Hype) |
| 🏎️ **Lead Time Avg** | 441 Days to Sequel |

2026-10-08 21:26:52,392 - INFO - ✅ README.md updated.
2026-10-08 21:26:52,411 - INFO - Using categorical units to plot a list of strings that are all parsable as floats or dates. If these strings should be plotted as numbers, cast to the appropriate data type before plotting.
2026-10-08 21:26:52,412 - INFO - Using categorical units to plot a list of strings that are all parsable as floats or dates. If these strings should be plotted as numbers, cast to the appropriate data type before plotting.
2026-10-08 21:26:56,973 - INFO - 📈 All charts generated successfully.
