2026-09-02 19:26:52,709 - INFO - Failed to extract font properties from /usr/share/fonts/truetype/noto/NotoColorEmoji.ttf: Non-scalable fonts are not supported
2026-09-02 19:26:52,748 - INFO - generated new fontManager
2026-09-02 19:26:53,174 - INFO - ✅ Migration Successful!
2026-09-02 19:26:53,647 - INFO - No new games found.
2026-09-02 19:26:53,951 - INFO - 🔍 Found 623 games needing metadata. Starting IGDB + Steam + CheapShark enrichment...
2026-09-02 19:26:54,051 - INFO - 📅 Fetching Basic Metadata: LEGO Batman Trilogy
2026-09-02 19:26:54,382 - INFO - 🎯 IGDB Match: 'LEGO Batman Trilogy' (100%)
2026-09-02 19:26:54,410 - INFO - 📅 Fetching Basic Metadata: Antstream
2026-09-02 19:26:54,572 - INFO - 📅 Fetching Basic Metadata: The Drone Racing League Simulator
2026-09-02 19:26:54,755 - INFO - 🎯 IGDB Match: 'The Drone Racing League Simulator' (100%)
2026-09-02 19:26:54,763 - INFO - 📅 Fetching Basic Metadata: Dark Deity
2026-09-02 19:26:54,999 - INFO - 🎯 IGDB Match: 'Dark Deity' (100%)
2026-09-02 19:26:55,005 - INFO - 📅 Fetching Basic Metadata: RPG in a Box
2026-09-02 19:26:55,140 - INFO - 🎯 IGDB Match: 'RPG in a Box' (100%)
2026-09-02 19:26:55,147 - INFO - 📅 Fetching Basic Metadata: Fallout Classic Collection
2026-09-02 19:26:55,286 - INFO - 🎯 IGDB Match: 'Fallout Classic Collection' (100%)
2026-09-02 19:26:55,294 - INFO - 📅 Fetching Basic Metadata: Recipe for Disaster
2026-09-02 19:26:55,446 - INFO - 🎯 IGDB Match: 'Recipe For Disaster' (100%)
2026-09-02 19:26:55,453 - INFO - 📅 Fetching Basic Metadata: World of Warships — Starter Pack: Ishizuchi
2026-09-02 19:26:55,655 - INFO - 🎯 IGDB Match: 'World of Warships: Starter Pack - Ishizuchi' (98%)
2026-09-02 19:26:55,662 - INFO - 📅 Fetching Basic Metadata: Poker Club
2026-09-02 19:26:55,804 - INFO - 🎯 IGDB Match: 'Poker Club' (100%)
2026-09-02 19:26:55,810 - INFO - 📅 Fetching Basic Metadata: The Sims 4 The Daring Lifestyle Bundle
2026-09-02 19:26:55,941 - INFO - 🎯 IGDB Match: 'The Sims 4: The Daring Lifestyle Bundle' (99%)
2026-09-02 19:26:55,949 - INFO - 📅 Fetching Basic Metadata: Dodo Peak
2026-09-02 19:26:56,054 - INFO - 🎯 IGDB Match: 'Dodo Peak' (100%)
2026-09-02 19:26:56,061 - INFO - 📅 Fetching Basic Metadata: Spelldrifter
2026-09-02 19:26:56,140 - INFO - 🎯 IGDB Match: 'Spelldrifter' (100%)
2026-09-02 19:26:56,147 - INFO - 📅 Fetching Basic Metadata: Model Builder
2026-09-02 19:26:56,238 - INFO - 🎯 IGDB Match: 'Model Builder' (100%)
2026-09-02 19:26:56,244 - INFO - 📅 Fetching Basic Metadata: Godlike Burger
2026-09-02 19:26:56,319 - INFO - 🎯 IGDB Match: 'Godlike Burger' (100%)
2026-09-02 19:26:56,326 - INFO - 📅 Fetching Basic Metadata: Q.U.B.E. Ultimate Bundle
2026-09-02 19:26:56,401 - INFO - 🎯 IGDB Match: 'Q.U.B.E. Ultimate Bundle' (100%)
2026-09-02 19:26:56,409 - INFO - 📅 Fetching Basic Metadata: Jitsu Squad
2026-09-02 19:26:56,537 - INFO - 🎯 IGDB Match: 'Jitsu Squad' (100%)
2026-09-02 19:26:56,543 - INFO - 📅 Fetching Basic Metadata: Mighty Fight Federation
2026-09-02 19:26:56,618 - INFO - 🎯 IGDB Match: 'Mighty Fight Federation' (100%)
2026-09-02 19:26:56,628 - INFO - 📅 Fetching Basic Metadata: LOVE
2026-09-02 19:26:56,734 - INFO - 🎯 IGDB Match: 'Love Love Love' (90%)
2026-09-02 19:26:56,742 - INFO - 📅 Fetching Basic Metadata: Call of The Wild: The Angler
2026-09-02 19:26:56,866 - INFO - 🎯 IGDB Match: 'Call of the Wild: The Angler' (100%)
2026-09-02 19:26:56,875 - INFO - 📅 Fetching Basic Metadata: The Falconeer
2026-09-02 19:26:56,953 - INFO - 🎯 IGDB Match: 'The Falconeer: The Hunter' (90%)
2026-09-02 19:26:56,959 - INFO - 📅 Fetching Basic Metadata: Rawmen: Food Fighter Arena
2026-09-02 19:26:57,111 - INFO - 🎯 IGDB Match: 'Rawmen' (90%)
2026-09-02 19:26:57,121 - INFO - 📅 Fetching Basic Metadata: World of Warships – Starter Pack: Albany
2026-09-02 19:26:57,186 - WARNING - IGDB Error for World of Warships – Starter Pack: Albany: string indices must be integers, not 'str'
2026-09-02 19:26:57,192 - INFO - 📅 Fetching Basic Metadata: Fallout Classic Edition
2026-09-02 19:26:57,254 - WARNING - IGDB Error for Fallout Classic Edition: string indices must be integers, not 'str'
2026-09-02 19:26:57,261 - INFO - 📅 Fetching Basic Metadata: Outliver: Tribulation
2026-09-02 19:26:57,325 - WARNING - IGDB Error for Outliver: Tribulation: string indices must be integers, not 'str'
2026-09-02 19:26:57,332 - INFO - 📅 Fetching Basic Metadata: Bus Simulator 21 Next Stop
2026-09-02 19:26:57,400 - WARNING - IGDB Error for Bus Simulator 21 Next Stop: string indices must be integers, not 'str'
2026-09-02 19:26:57,408 - INFO - 📅 Fetching Basic Metadata: Turmoil
2026-09-02 19:26:57,471 - WARNING - IGDB Error for Turmoil: string indices must be integers, not 'str'
2026-09-02 19:26:57,478 - INFO - 📅 Fetching Basic Metadata: World War Z Aftermath
2026-09-02 19:26:57,584 - WARNING - IGDB Error for World War Z Aftermath: string indices must be integers, not 'str'
2026-09-02 19:26:57,591 - INFO - 📅 Fetching Basic Metadata: World Of Warships – Anniversary Party Flavor
2026-09-02 19:26:57,660 - WARNING - IGDB Error for World Of Warships – Anniversary Party Flavor: string indices must be integers, not 'str'
2026-09-02 19:26:57,666 - INFO - 📅 Fetching Basic Metadata: Neko Ghost, Jump!
2026-09-02 19:26:57,732 - WARNING - IGDB Error for Neko Ghost, Jump!: string indices must be integers, not 'str'
2026-09-02 19:26:57,739 - INFO - 📅 Fetching Basic Metadata: Super Space Club
2026-09-02 19:26:57,801 - WARNING - IGDB Error for Super Space Club: string indices must be integers, not 'str'
2026-09-02 19:26:57,808 - INFO - 📅 Fetching Basic Metadata: Touch Type Tale
2026-09-02 19:26:57,939 - WARNING - IGDB Error for Touch Type Tale: string indices must be integers, not 'str'
2026-09-02 19:26:57,945 - INFO - 📅 Fetching Basic Metadata: Gigapocalypse
2026-09-02 19:26:58,010 - WARNING - IGDB Error for Gigapocalypse: string indices must be integers, not 'str'
2026-09-02 19:26:58,017 - INFO - 📅 Fetching Basic Metadata: Legion TD2
2026-09-02 19:26:58,079 - WARNING - IGDB Error for Legion TD2: string indices must be integers, not 'str'
2026-09-02 19:26:58,087 - INFO - 📅 Fetching Basic Metadata: Nightingale
2026-09-02 19:26:58,149 - WARNING - IGDB Error for Nightingale: string indices must be integers, not 'str'
2026-09-02 19:26:58,157 - INFO - 📅 Fetching Basic Metadata: Godzilla Voxel Wars
2026-09-02 19:26:58,231 - WARNING - IGDB Error for Godzilla Voxel Wars: string indices must be integers, not 'str'
2026-09-02 19:26:58,240 - INFO - 📅 Fetching Basic Metadata: Trine Classic Collection
2026-09-02 19:26:58,312 - INFO - 🎯 IGDB Match: 'Trine Classic Collection' (100%)
2026-09-02 19:26:58,319 - INFO - 📅 Fetching Basic Metadata: Poison Retro Set
2026-09-02 19:26:58,393 - INFO - 🎯 IGDB Match: 'Pixel Gun 3D: Poison Retro Set' (90%)
2026-09-02 19:26:58,399 - INFO - 📅 Fetching Basic Metadata: The Darkside Detective A Fumble in the Dark
2026-09-02 19:26:58,541 - INFO - 🎯 IGDB Match: 'The Darkside Detective: A Fumble in the Dark' (99%)
2026-09-02 19:26:58,547 - INFO - 📅 Fetching Basic Metadata: Return to Ash
2026-09-02 19:26:58,683 - INFO - 🎯 IGDB Match: 'Return to Ash' (100%)
2026-09-02 19:26:58,689 - INFO - 🏢 Publisher Search: STALCRAFT: X Starter Edition
2026-09-02 19:27:00,027 - INFO - 📅 Fetching Basic Metadata: STALCRAFT: X Starter Edition
2026-09-02 19:27:00,110 - INFO - 📅 Fetching Basic Metadata: Boxes: Lost Fragments
2026-09-02 19:27:00,185 - INFO - 🎯 IGDB Match: 'Boxes: Lost Fragments' (100%)
2026-09-02 19:27:00,190 - INFO - 📅 Fetching Basic Metadata: My Night Job
2026-09-02 19:27:00,317 - INFO - 🎯 IGDB Match: 'My Night Job' (100%)
2026-09-02 19:27:00,324 - INFO - 📅 Fetching Basic Metadata: Electrician Simulator
2026-09-02 19:27:00,398 - INFO - 🎯 IGDB Match: 'Electrician Simulator' (100%)
2026-09-02 19:27:00,404 - INFO - 🏢 Publisher Search: World of Warships — Epic Anniversary Tachibana Pack
2026-09-02 19:27:01,706 - INFO - 📅 Fetching Basic Metadata: World of Warships — Epic Anniversary Tachibana Pack
2026-09-02 19:27:01,788 - INFO - 📅 Fetching Basic Metadata: Hyper Echelon
2026-09-02 19:27:01,871 - INFO - 🎯 IGDB Match: 'Hyper Echelon' (100%)
2026-09-02 19:27:01,877 - INFO - 📅 Fetching Basic Metadata: Havendock
2026-09-02 19:27:01,959 - INFO - 🎯 IGDB Match: 'Havendock' (100%)
2026-09-02 19:27:01,965 - INFO - 📅 Fetching Basic Metadata: Clone Drone in the Danger Zone
2026-09-02 19:27:02,040 - INFO - 🎯 IGDB Match: 'Clone Drone in the Danger Zone' (100%)
2026-09-02 19:27:02,046 - INFO - 🏢 Publisher Search: TOMAK: Save the Earth Regeneration
2026-09-02 19:27:03,362 - INFO - 📅 Fetching Basic Metadata: TOMAK: Save the Earth Regeneration
2026-09-02 19:27:03,469 - INFO - 🎯 IGDB Match: 'Tomak: Save the Earth Regeneration' (100%)
2026-09-02 19:27:03,475 - INFO - 📅 Fetching Basic Metadata: Prop Sumo
2026-09-02 19:27:03,552 - INFO - 🎯 IGDB Match: 'Prop Sumo' (100%)
2026-09-02 19:27:03,558 - INFO - 📅 Fetching Basic Metadata: The Stone of Madness
2026-09-02 19:27:03,638 - INFO - 🎯 IGDB Match: 'The Stone of Madness' (100%)
2026-09-02 19:27:03,644 - INFO - 📅 Fetching Basic Metadata: Firestone Online Idle RPG
2026-09-02 19:27:03,721 - INFO - 🎯 IGDB Match: 'Firestone: Online Idle RPG' (98%)
2026-09-02 19:27:03,726 - INFO - 📅 Fetching Basic Metadata: Oddsparks: An Automation Adventure
2026-09-02 19:27:03,807 - INFO - 🎯 IGDB Match: 'Oddsparks: An Automation Adventure' (100%)
2026-09-02 19:27:03,813 - INFO - 📅 Fetching Basic Metadata: Trash Goblin
2026-09-02 19:27:03,902 - INFO - 🎯 IGDB Match: 'Trash Goblin' (100%)
2026-09-02 19:27:03,908 - INFO - 🏢 Publisher Search: The Telltale Batman Shadows Edition
2026-09-02 19:27:05,247 - INFO - 📅 Fetching Basic Metadata: The Telltale Batman Shadows Edition
2026-09-02 19:27:05,375 - INFO - 🎯 IGDB Match: 'Telltale Batman Shadows Edition' (95%)
2026-09-02 19:27:05,381 - INFO - 🏢 Publisher Search: Sunderfolk - Standard Edition
2026-09-02 19:27:06,703 - INFO - 📅 Fetching Basic Metadata: Sunderfolk - Standard Edition
2026-09-02 19:27:06,787 - INFO - 📅 Fetching Basic Metadata: Down in Bermuda
2026-09-02 19:27:06,883 - INFO - 🎯 IGDB Match: 'Down in Bermuda' (100%)
2026-09-02 19:27:06,889 - INFO - 📅 Fetching Basic Metadata: Tomb Raider I-III Remastered Starring Lara Croft
2026-09-02 19:27:06,984 - INFO - 📅 Fetching Basic Metadata: LONESTAR
2026-09-02 19:27:07,063 - INFO - 🎯 IGDB Match: 'LoneStar' (100%)
2026-09-02 19:27:07,069 - INFO - 📅 Fetching Basic Metadata: Calico
2026-09-02 19:27:07,167 - INFO - 🎯 IGDB Match: 'Calico' (100%)
2026-09-02 19:27:07,173 - INFO - 📅 Fetching Basic Metadata: Rogue Waters
2026-09-02 19:27:07,254 - INFO - 🎯 IGDB Match: 'Rogue Waters' (100%)
2026-09-02 19:27:07,260 - INFO - 📅 Fetching Basic Metadata: The Ouroboros King
2026-09-02 19:27:07,337 - INFO - 🎯 IGDB Match: 'The Ouroboros King' (100%)
2026-09-02 19:27:07,343 - INFO - 🏢 Publisher Search: Warhammer 40K Speed Freeks
2026-09-02 19:27:08,678 - INFO - 📅 Fetching Basic Metadata: I Have No Mouth, and I Must Scream
2026-09-02 19:27:08,770 - INFO - 🎯 IGDB Match: 'I Have No Mouth, and I Must Scream' (100%)
2026-09-02 19:27:08,776 - INFO - 📅 Fetching Basic Metadata: Nova Lands
2026-09-02 19:27:08,862 - INFO - 🎯 IGDB Match: 'Nova Lands' (100%)
2026-09-02 19:27:08,868 - INFO - 📅 Fetching Basic Metadata: Tattoo Tycoon
2026-09-02 19:27:08,964 - INFO - 🎯 IGDB Match: 'Tattoo Tycoon' (100%)
2026-09-02 19:27:08,970 - INFO - 📅 Fetching Basic Metadata: Echo Generation: Midnight Edition
2026-09-02 19:27:09,061 - INFO - 🎯 IGDB Match: 'Echo Generation: Midnight Edition' (100%)
2026-09-02 19:27:09,067 - INFO - 💰 Price Search: Foretales
2026-09-02 19:27:10,171 - WARNING - Price error for Foretales: string indices must be integers, not 'str'
2026-09-02 19:27:10,172 - INFO - 📅 Fetching Basic Metadata: Foretales
2026-09-02 19:27:10,254 - INFO - 🎯 IGDB Match: 'Foretales' (100%)
2026-09-02 19:27:10,260 - INFO - 💰 Price Search: OTXO
2026-09-02 19:27:11,321 - WARNING - Price error for OTXO: string indices must be integers, not 'str'
2026-09-02 19:27:11,322 - INFO - 💰 Price Search: Sol Cesto
2026-09-02 19:27:12,389 - WARNING - Price error for Sol Cesto: string indices must be integers, not 'str'
2026-09-02 19:27:12,389 - INFO - 📅 Fetching Basic Metadata: Sol Cesto
2026-09-02 19:27:12,489 - INFO - 🎯 IGDB Match: 'Sol Cesto' (100%)
2026-09-02 19:27:12,495 - INFO - 💰 Price Search: Beacon Pines
2026-09-02 19:27:13,550 - WARNING - Price error for Beacon Pines: string indices must be integers, not 'str'
2026-09-02 19:27:13,551 - INFO - 💰 Price Search: Caravan SandWitch
2026-09-02 19:27:14,616 - WARNING - Price error for Caravan SandWitch: string indices must be integers, not 'str'
2026-09-02 19:27:14,617 - INFO - 💰 Price Search: Cardpocalypse Standard Edition
2026-09-02 19:27:15,679 - WARNING - Price error for Cardpocalypse Standard Edition: string indices must be integers, not 'str'
2026-09-02 19:27:15,679 - INFO - 🏢 Publisher Search: Cardpocalypse Standard Edition
2026-09-02 19:27:16,974 - INFO - 📅 Fetching Basic Metadata: Cardpocalypse Standard Edition
2026-09-02 19:27:17,056 - INFO - 💰 Price Search: Epic Mage Bundle
2026-09-02 19:27:18,100 - WARNING - Price error for Epic Mage Bundle: string indices must be integers, not 'str'
2026-09-02 19:27:18,101 - INFO - 🏢 Publisher Search: Epic Mage Bundle
2026-09-02 19:27:19,440 - INFO - 📅 Fetching Basic Metadata: Epic Mage Bundle
2026-09-02 19:27:19,579 - INFO - 💰 Price Search: Rival Stars Horse Racing : Desktop Edition
2026-09-02 19:27:20,627 - WARNING - Price error for Rival Stars Horse Racing : Desktop Edition: string indices must be integers, not 'str'
2026-09-02 19:27:20,627 - INFO - 🏢 Publisher Search: Rival Stars Horse Racing : Desktop Edition
2026-09-02 19:27:22,033 - INFO - 📅 Fetching Basic Metadata: Rival Stars Horse Racing : Desktop Edition
2026-09-02 19:27:22,109 - INFO - 🎯 IGDB Match: 'Rival Stars Horse Racing: Desktop Edition' (99%)
2026-09-02 19:27:22,121 - INFO - 
--- Starting Data Quality Checks ---
2026-09-02 19:27:22,133 - INFO - --- Data Quality Checks Complete ---

2026-09-02 19:27:22,163 - INFO - | Metric | Statistics |
| :--- | :--- |
| 💰 **Total Market Value** | **$13,332.99** |
| 📦 **Total Games Collected** | 700 |
| 🏷️ **Average Retail Price** | $22.09 per game |
| 💎 **Most Expensive Title** | Civilization 6 Platinum Edition ($79.99) |
| 👑 **MVP Publisher** | Bethesda Softworks |
| 🏢 **Value Leaders** | 2K ($579.90), Bethesda Softworks ($544.80), Paradox Interactive ($409.89) |
| 📈 **Inflation-Adjusted Value** | $15,130.23 |
| 🎈 **Inflation Bonus** | **+$1,797.24** in purchasing power |
| 🗓️ **Peak Saving Month** | 🎄 **Seasonality Peak:** December is historically the best month, offering $3,388.17 in savings. |
| ⭐ **Average Score** | 76.9/100 |
| 💳 **Subscription Equivalent** | **$168.05 / mo** |
| 🎯 **Prestige Ratio** | **2.0%** (Strategic Hype) |
| 🏎️ **Lead Time Avg** | 441 Days to Sequel |

2026-09-02 19:27:22,163 - INFO - ✅ README.md updated.
2026-09-02 19:27:22,187 - INFO - Using categorical units to plot a list of strings that are all parsable as floats or dates. If these strings should be plotted as numbers, cast to the appropriate data type before plotting.
2026-09-02 19:27:22,188 - INFO - Using categorical units to plot a list of strings that are all parsable as floats or dates. If these strings should be plotted as numbers, cast to the appropriate data type before plotting.
2026-09-02 19:27:28,390 - INFO - 📈 All charts generated successfully.
