2026-09-28 22:13:18,687 - INFO - Failed to extract font properties from /usr/share/fonts/truetype/noto/NotoColorEmoji.ttf: Non-scalable fonts are not supported
2026-09-28 22:13:18,749 - INFO - generated new fontManager
2026-09-28 22:13:19,120 - INFO - ✅ Migration Successful!
2026-09-28 22:13:19,300 - INFO - No new games found.
2026-09-28 22:13:19,634 - INFO - 🔍 Found 630 games needing metadata. Starting IGDB + Steam + CheapShark enrichment...
2026-09-28 22:13:19,727 - INFO - 📅 Fetching Basic Metadata: LEGO Batman Trilogy
2026-09-28 22:13:20,104 - INFO - 🎯 IGDB Match: 'LEGO Batman Trilogy' (100%)
2026-09-28 22:13:20,129 - INFO - 📅 Fetching Basic Metadata: Antstream
2026-09-28 22:13:20,250 - INFO - 📅 Fetching Basic Metadata: The Drone Racing League Simulator
2026-09-28 22:13:20,458 - INFO - 🎯 IGDB Match: 'The Drone Racing League Simulator' (100%)
2026-09-28 22:13:20,467 - INFO - 📅 Fetching Basic Metadata: Dark Deity
2026-09-28 22:13:20,752 - INFO - 🎯 IGDB Match: 'Dark Deity' (100%)
2026-09-28 22:13:20,759 - INFO - 📅 Fetching Basic Metadata: RPG in a Box
2026-09-28 22:13:20,864 - INFO - 🎯 IGDB Match: 'RPG in a Box' (100%)
2026-09-28 22:13:20,872 - INFO - 📅 Fetching Basic Metadata: Fallout Classic Collection
2026-09-28 22:13:21,065 - INFO - 🎯 IGDB Match: 'Fallout Classic Collection' (100%)
2026-09-28 22:13:21,073 - INFO - 📅 Fetching Basic Metadata: Recipe for Disaster
2026-09-28 22:13:21,271 - INFO - 🎯 IGDB Match: 'Recipe For Disaster' (100%)
2026-09-28 22:13:21,279 - INFO - 📅 Fetching Basic Metadata: World of Warships — Starter Pack: Ishizuchi
2026-09-28 22:13:21,565 - INFO - 🎯 IGDB Match: 'World of Warships: Starter Pack - Ishizuchi' (98%)
2026-09-28 22:13:21,573 - INFO - 📅 Fetching Basic Metadata: Poker Club
2026-09-28 22:13:21,744 - INFO - 🎯 IGDB Match: 'Poker Club' (100%)
2026-09-28 22:13:21,751 - INFO - 📅 Fetching Basic Metadata: The Sims 4 The Daring Lifestyle Bundle
2026-09-28 22:13:21,944 - INFO - 🎯 IGDB Match: 'The Sims 4: The Daring Lifestyle Bundle' (99%)
2026-09-28 22:13:21,953 - INFO - 📅 Fetching Basic Metadata: Dodo Peak
2026-09-28 22:13:22,158 - INFO - 🎯 IGDB Match: 'Dodo Peak' (100%)
2026-09-28 22:13:22,165 - INFO - 📅 Fetching Basic Metadata: Spelldrifter
2026-09-28 22:13:22,277 - INFO - 🎯 IGDB Match: 'Spelldrifter' (100%)
2026-09-28 22:13:22,284 - INFO - 📅 Fetching Basic Metadata: Model Builder
2026-09-28 22:13:22,462 - INFO - 🎯 IGDB Match: 'Model Builder' (100%)
2026-09-28 22:13:22,469 - INFO - 📅 Fetching Basic Metadata: Godlike Burger
2026-09-28 22:13:22,571 - INFO - 🎯 IGDB Match: 'Godlike Burger' (100%)
2026-09-28 22:13:22,578 - INFO - 📅 Fetching Basic Metadata: Q.U.B.E. Ultimate Bundle
2026-09-28 22:13:22,678 - INFO - 🎯 IGDB Match: 'Q.U.B.E. Ultimate Bundle' (100%)
2026-09-28 22:13:22,686 - INFO - 📅 Fetching Basic Metadata: Jitsu Squad
2026-09-28 22:13:22,848 - INFO - 🎯 IGDB Match: 'Jitsu Squad' (100%)
2026-09-28 22:13:22,855 - INFO - 📅 Fetching Basic Metadata: Mighty Fight Federation
2026-09-28 22:13:22,955 - INFO - 🎯 IGDB Match: 'Mighty Fight Federation' (100%)
2026-09-28 22:13:22,965 - INFO - 📅 Fetching Basic Metadata: LOVE
2026-09-28 22:13:23,188 - INFO - 🎯 IGDB Match: 'Love Love Love' (90%)
2026-09-28 22:13:23,197 - INFO - 📅 Fetching Basic Metadata: Call of The Wild: The Angler
2026-09-28 22:13:23,296 - INFO - 🎯 IGDB Match: 'Call of the Wild: The Angler' (100%)
2026-09-28 22:13:23,305 - INFO - 📅 Fetching Basic Metadata: The Falconeer
2026-09-28 22:13:23,624 - INFO - 🎯 IGDB Match: 'The Falconeer: The Hunter' (90%)
2026-09-28 22:13:23,632 - INFO - 📅 Fetching Basic Metadata: Rawmen: Food Fighter Arena
2026-09-28 22:13:23,743 - INFO - 🎯 IGDB Match: 'Rawmen' (90%)
2026-09-28 22:13:23,751 - INFO - 📅 Fetching Basic Metadata: World of Warships – Starter Pack: Albany
2026-09-28 22:13:23,862 - INFO - 📅 Fetching Basic Metadata: Fallout Classic Edition
2026-09-28 22:13:23,988 - INFO - 📅 Fetching Basic Metadata: Outliver: Tribulation
2026-09-28 22:13:24,086 - INFO - 🎯 IGDB Match: 'Outliver: Tribulation' (100%)
2026-09-28 22:13:24,095 - INFO - 📅 Fetching Basic Metadata: Bus Simulator 21 Next Stop
2026-09-28 22:13:24,193 - INFO - 🎯 IGDB Match: 'Bus Simulator 21: Next Stop' (98%)
2026-09-28 22:13:24,202 - INFO - 📅 Fetching Basic Metadata: Turmoil
2026-09-28 22:13:24,304 - INFO - 🎯 IGDB Match: 'Turmoil' (100%)
2026-09-28 22:13:24,312 - INFO - 📅 Fetching Basic Metadata: World War Z Aftermath
2026-09-28 22:13:24,514 - INFO - 🎯 IGDB Match: 'World War Z: Aftermath' (98%)
2026-09-28 22:13:24,522 - INFO - 📅 Fetching Basic Metadata: World Of Warships – Anniversary Party Flavor
2026-09-28 22:13:24,623 - WARNING - IGDB Error for World Of Warships – Anniversary Party Flavor: string indices must be integers, not 'str'
2026-09-28 22:13:24,630 - INFO - 📅 Fetching Basic Metadata: Neko Ghost, Jump!
2026-09-28 22:13:24,744 - WARNING - IGDB Error for Neko Ghost, Jump!: string indices must be integers, not 'str'
2026-09-28 22:13:24,753 - INFO - 📅 Fetching Basic Metadata: Super Space Club
2026-09-28 22:13:24,847 - WARNING - IGDB Error for Super Space Club: string indices must be integers, not 'str'
2026-09-28 22:13:24,854 - INFO - 📅 Fetching Basic Metadata: Touch Type Tale
2026-09-28 22:13:25,061 - INFO - 🎯 IGDB Match: 'Touch Type Tale' (100%)
2026-09-28 22:13:25,068 - INFO - 📅 Fetching Basic Metadata: Gigapocalypse
2026-09-28 22:13:25,177 - INFO - 🎯 IGDB Match: 'Gigapocalypse' (100%)
2026-09-28 22:13:25,186 - INFO - 📅 Fetching Basic Metadata: Legion TD2
2026-09-28 22:13:25,373 - INFO - 📅 Fetching Basic Metadata: Nightingale
2026-09-28 22:13:25,607 - INFO - 🎯 IGDB Match: 'Nightingale' (100%)
2026-09-28 22:13:25,615 - INFO - 📅 Fetching Basic Metadata: Godzilla Voxel Wars
2026-09-28 22:13:25,701 - WARNING - IGDB Error for Godzilla Voxel Wars: string indices must be integers, not 'str'
2026-09-28 22:13:25,710 - INFO - 📅 Fetching Basic Metadata: Trine Classic Collection
2026-09-28 22:13:25,853 - INFO - 🎯 IGDB Match: 'Trine Classic Collection' (100%)
2026-09-28 22:13:25,861 - INFO - 📅 Fetching Basic Metadata: Poison Retro Set
2026-09-28 22:13:25,961 - INFO - 🎯 IGDB Match: 'Pixel Gun 3D: Poison Retro Set' (90%)
2026-09-28 22:13:25,968 - INFO - 📅 Fetching Basic Metadata: The Darkside Detective A Fumble in the Dark
2026-09-28 22:13:26,061 - WARNING - IGDB Error for The Darkside Detective A Fumble in the Dark: string indices must be integers, not 'str'
2026-09-28 22:13:26,068 - INFO - 📅 Fetching Basic Metadata: Return to Ash
2026-09-28 22:13:26,156 - WARNING - IGDB Error for Return to Ash: string indices must be integers, not 'str'
2026-09-28 22:13:26,163 - INFO - 🏢 Publisher Search: STALCRAFT: X Starter Edition
2026-09-28 22:13:27,552 - INFO - 📅 Fetching Basic Metadata: STALCRAFT: X Starter Edition
2026-09-28 22:13:27,667 - INFO - 📅 Fetching Basic Metadata: Boxes: Lost Fragments
2026-09-28 22:13:27,883 - INFO - 🎯 IGDB Match: 'Boxes: Lost Fragments' (100%)
2026-09-28 22:13:27,890 - INFO - 📅 Fetching Basic Metadata: My Night Job
2026-09-28 22:13:28,003 - INFO - 🎯 IGDB Match: 'My Night Job' (100%)
2026-09-28 22:13:28,011 - INFO - 📅 Fetching Basic Metadata: Electrician Simulator
2026-09-28 22:13:28,122 - INFO - 🎯 IGDB Match: 'Electrician Simulator' (100%)
2026-09-28 22:13:28,129 - INFO - 🏢 Publisher Search: World of Warships — Epic Anniversary Tachibana Pack
2026-09-28 22:13:29,508 - INFO - 📅 Fetching Basic Metadata: World of Warships — Epic Anniversary Tachibana Pack
2026-09-28 22:13:29,621 - INFO - 📅 Fetching Basic Metadata: Hyper Echelon
2026-09-28 22:13:29,822 - INFO - 🎯 IGDB Match: 'Hyper Echelon' (100%)
2026-09-28 22:13:29,829 - INFO - 📅 Fetching Basic Metadata: Havendock
2026-09-28 22:13:29,928 - INFO - 🎯 IGDB Match: 'Havendock' (100%)
2026-09-28 22:13:29,935 - INFO - 📅 Fetching Basic Metadata: Clone Drone in the Danger Zone
2026-09-28 22:13:30,038 - INFO - 🎯 IGDB Match: 'Clone Drone in the Danger Zone' (100%)
2026-09-28 22:13:30,045 - INFO - 🏢 Publisher Search: TOMAK: Save the Earth Regeneration
2026-09-28 22:13:31,455 - INFO - 📅 Fetching Basic Metadata: TOMAK: Save the Earth Regeneration
2026-09-28 22:13:31,557 - INFO - 🎯 IGDB Match: 'Tomak: Save the Earth Regeneration' (100%)
2026-09-28 22:13:31,564 - INFO - 📅 Fetching Basic Metadata: Prop Sumo
2026-09-28 22:13:31,679 - INFO - 🎯 IGDB Match: 'Prop Sumo' (100%)
2026-09-28 22:13:31,686 - INFO - 📅 Fetching Basic Metadata: The Stone of Madness
2026-09-28 22:13:31,786 - INFO - 🎯 IGDB Match: 'The Stone of Madness' (100%)
2026-09-28 22:13:31,793 - INFO - 📅 Fetching Basic Metadata: Firestone Online Idle RPG
2026-09-28 22:13:31,997 - INFO - 🎯 IGDB Match: 'Firestone: Online Idle RPG' (98%)
2026-09-28 22:13:32,004 - INFO - 📅 Fetching Basic Metadata: Oddsparks: An Automation Adventure
2026-09-28 22:13:32,210 - INFO - 🎯 IGDB Match: 'Oddsparks: An Automation Adventure' (100%)
2026-09-28 22:13:32,217 - INFO - 📅 Fetching Basic Metadata: Trash Goblin
2026-09-28 22:13:32,318 - INFO - 🎯 IGDB Match: 'Trash Goblin' (100%)
2026-09-28 22:13:32,325 - INFO - 🏢 Publisher Search: The Telltale Batman Shadows Edition
2026-09-28 22:13:33,735 - INFO - 📅 Fetching Basic Metadata: The Telltale Batman Shadows Edition
2026-09-28 22:13:33,855 - INFO - 🎯 IGDB Match: 'Telltale Batman Shadows Edition' (95%)
2026-09-28 22:13:33,862 - INFO - 🏢 Publisher Search: Sunderfolk - Standard Edition
2026-09-28 22:13:35,308 - INFO - 📅 Fetching Basic Metadata: Sunderfolk - Standard Edition
2026-09-28 22:13:35,529 - INFO - 📅 Fetching Basic Metadata: Down in Bermuda
2026-09-28 22:13:35,734 - INFO - 🎯 IGDB Match: 'Down in Bermuda' (100%)
2026-09-28 22:13:35,741 - INFO - 📅 Fetching Basic Metadata: Tomb Raider I-III Remastered Starring Lara Croft
2026-09-28 22:13:35,952 - INFO - 📅 Fetching Basic Metadata: LONESTAR
2026-09-28 22:13:36,155 - INFO - 🎯 IGDB Match: 'LoneStar' (100%)
2026-09-28 22:13:36,162 - INFO - 📅 Fetching Basic Metadata: Calico
2026-09-28 22:13:36,359 - INFO - 🎯 IGDB Match: 'Calico' (100%)
2026-09-28 22:13:36,366 - INFO - 📅 Fetching Basic Metadata: Rogue Waters
2026-09-28 22:13:36,570 - INFO - 🎯 IGDB Match: 'Rogue Waters' (100%)
2026-09-28 22:13:36,577 - INFO - 📅 Fetching Basic Metadata: The Ouroboros King
2026-09-28 22:13:36,830 - INFO - 🎯 IGDB Match: 'The Ouroboros King' (100%)
2026-09-28 22:13:36,837 - INFO - 🏢 Publisher Search: Warhammer 40K Speed Freeks
2026-09-28 22:13:38,204 - INFO - 📅 Fetching Basic Metadata: I Have No Mouth, and I Must Scream
2026-09-28 22:13:38,365 - INFO - 🎯 IGDB Match: 'I Have No Mouth, and I Must Scream' (100%)
2026-09-28 22:13:38,372 - INFO - 📅 Fetching Basic Metadata: Nova Lands
2026-09-28 22:13:38,575 - INFO - 🎯 IGDB Match: 'Nova Lands' (100%)
2026-09-28 22:13:38,582 - INFO - 📅 Fetching Basic Metadata: Tattoo Tycoon
2026-09-28 22:13:38,689 - INFO - 🎯 IGDB Match: 'Tattoo Tycoon' (100%)
2026-09-28 22:13:38,696 - INFO - 📅 Fetching Basic Metadata: Echo Generation: Midnight Edition
2026-09-28 22:13:38,803 - INFO - 🎯 IGDB Match: 'Echo Generation: Midnight Edition' (100%)
2026-09-28 22:13:38,810 - INFO - 💰 Price Search: Foretales
2026-09-28 22:13:39,889 - WARNING - Price error for Foretales: string indices must be integers, not 'str'
2026-09-28 22:13:39,889 - INFO - 📅 Fetching Basic Metadata: Foretales
2026-09-28 22:13:40,100 - INFO - 🎯 IGDB Match: 'Foretales' (100%)
2026-09-28 22:13:40,107 - INFO - 💰 Price Search: OTXO
2026-09-28 22:13:41,164 - WARNING - Price error for OTXO: string indices must be integers, not 'str'
2026-09-28 22:13:41,165 - INFO - 💰 Price Search: Sol Cesto
2026-09-28 22:13:42,227 - WARNING - Price error for Sol Cesto: string indices must be integers, not 'str'
2026-09-28 22:13:42,227 - INFO - 📅 Fetching Basic Metadata: Sol Cesto
2026-09-28 22:13:42,333 - INFO - 🎯 IGDB Match: 'Sol Cesto' (100%)
2026-09-28 22:13:42,340 - INFO - 💰 Price Search: Beacon Pines
2026-09-28 22:13:43,390 - WARNING - Price error for Beacon Pines: string indices must be integers, not 'str'
2026-09-28 22:13:43,391 - INFO - 💰 Price Search: Caravan SandWitch
2026-09-28 22:13:44,458 - WARNING - Price error for Caravan SandWitch: string indices must be integers, not 'str'
2026-09-28 22:13:44,459 - INFO - 💰 Price Search: Cardpocalypse Standard Edition
2026-09-28 22:13:45,511 - WARNING - Price error for Cardpocalypse Standard Edition: string indices must be integers, not 'str'
2026-09-28 22:13:45,511 - INFO - 🏢 Publisher Search: Cardpocalypse Standard Edition
2026-09-28 22:13:46,905 - INFO - 📅 Fetching Basic Metadata: Cardpocalypse Standard Edition
2026-09-28 22:13:47,011 - INFO - 💰 Price Search: Epic Mage Bundle
2026-09-28 22:13:48,050 - WARNING - Price error for Epic Mage Bundle: string indices must be integers, not 'str'
2026-09-28 22:13:48,051 - INFO - 🏢 Publisher Search: Epic Mage Bundle
2026-09-28 22:13:49,461 - INFO - 📅 Fetching Basic Metadata: Epic Mage Bundle
2026-09-28 22:13:49,577 - INFO - 💰 Price Search: Rival Stars Horse Racing : Desktop Edition
2026-09-28 22:13:50,614 - WARNING - Price error for Rival Stars Horse Racing : Desktop Edition: string indices must be integers, not 'str'
2026-09-28 22:13:50,614 - INFO - 🏢 Publisher Search: Rival Stars Horse Racing : Desktop Edition
2026-09-28 22:13:51,996 - INFO - 📅 Fetching Basic Metadata: Rival Stars Horse Racing : Desktop Edition
2026-09-28 22:13:52,199 - INFO - 🎯 IGDB Match: 'Rival Stars Horse Racing: Desktop Edition' (99%)
2026-09-28 22:13:52,207 - INFO - 💰 Price Search: Alone With You
2026-09-28 22:13:53,254 - WARNING - Price error for Alone With You: string indices must be integers, not 'str'
2026-09-28 22:13:53,254 - INFO - 📅 Fetching Basic Metadata: Alone With You
2026-09-28 22:13:53,456 - INFO - 🎯 IGDB Match: 'Alone With You' (100%)
2026-09-28 22:13:53,463 - INFO - 💰 Price Search: Luftrausers
2026-09-28 22:13:54,506 - WARNING - Price error for Luftrausers: string indices must be integers, not 'str'
2026-09-28 22:13:54,508 - INFO - 💰 Price Search: Astral Ascent
2026-09-28 22:13:55,542 - WARNING - Price error for Astral Ascent: string indices must be integers, not 'str'
2026-09-28 22:13:55,543 - INFO - 💰 Price Search: Mindcop
2026-09-28 22:13:56,576 - WARNING - Price error for Mindcop: string indices must be integers, not 'str'
2026-09-28 22:13:56,577 - INFO - 💰 Price Search: Shogun Showdown
2026-09-28 22:13:57,621 - WARNING - Price error for Shogun Showdown: string indices must be integers, not 'str'
2026-09-28 22:13:57,622 - INFO - 💰 Price Search: Astrea Six Sided Oracles
2026-09-28 22:13:58,686 - WARNING - Price error for Astrea Six Sided Oracles: string indices must be integers, not 'str'
2026-09-28 22:13:58,686 - INFO - 🏢 Publisher Search: Astrea Six Sided Oracles
2026-09-28 22:14:00,382 - INFO - 💰 Price Search: Mechabellum
2026-09-28 22:14:01,416 - WARNING - Price error for Mechabellum: string indices must be integers, not 'str'
2026-09-28 22:14:01,416 - INFO - 🏢 Publisher Search: Mechabellum
2026-09-28 22:14:03,255 - INFO - 📅 Fetching Basic Metadata: Mechabellum
2026-09-28 22:14:03,462 - INFO - 🎯 IGDB Match: 'Mechabellum' (100%)
2026-09-28 22:14:03,474 - INFO - 
--- Starting Data Quality Checks ---
2026-09-28 22:14:03,487 - INFO - --- Data Quality Checks Complete ---

2026-09-28 22:14:03,517 - INFO - | Metric | Statistics |
| :--- | :--- |
| 💰 **Total Market Value** | **$13,332.99** |
| 📦 **Total Games Collected** | 707 |
| 🏷️ **Average Retail Price** | $21.87 per game |
| 💎 **Most Expensive Title** | Civilization 6 Platinum Edition ($79.99) |
| 👑 **MVP Publisher** | Bethesda Softworks |
| 🏢 **Value Leaders** | 2K ($579.90), Bethesda Softworks ($544.80), Paradox Interactive ($409.89) |
| 📈 **Inflation-Adjusted Value** | $15,130.23 |
| 🎈 **Inflation Bonus** | **+$1,797.24** in purchasing power |
| 🗓️ **Peak Saving Month** | 🎄 **Seasonality Peak:** December is historically the best month, offering $3,388.17 in savings. |
| ⭐ **Average Score** | 77.0/100 |
| 💳 **Subscription Equivalent** | **$166.24 / mo** |
| 🎯 **Prestige Ratio** | **2.0%** (Strategic Hype) |
| 🏎️ **Lead Time Avg** | 441 Days to Sequel |

2026-09-28 22:14:03,518 - INFO - ✅ README.md updated.
2026-09-28 22:14:03,543 - INFO - Using categorical units to plot a list of strings that are all parsable as floats or dates. If these strings should be plotted as numbers, cast to the appropriate data type before plotting.
2026-09-28 22:14:03,544 - INFO - Using categorical units to plot a list of strings that are all parsable as floats or dates. If these strings should be plotted as numbers, cast to the appropriate data type before plotting.
2026-09-28 22:14:09,551 - INFO - 📈 All charts generated successfully.
