2026-10-04 19:45:40,954 - INFO - Failed to extract font properties from /usr/share/fonts/truetype/noto/NotoColorEmoji.ttf: Non-scalable fonts are not supported
2026-10-04 19:45:40,981 - INFO - generated new fontManager
2026-10-04 19:45:41,469 - INFO - ✅ Migration Successful!
2026-10-04 19:45:42,365 - INFO - No new games found.
2026-10-04 19:45:42,693 - INFO - 🔍 Found 632 games needing metadata. Starting IGDB + Steam + CheapShark enrichment...
2026-10-04 19:45:43,021 - INFO - 📅 Fetching Basic Metadata: LEGO Batman Trilogy
2026-10-04 19:45:43,377 - INFO - 🎯 IGDB Match: 'LEGO Batman Trilogy' (100%)
2026-10-04 19:45:43,394 - INFO - 📅 Fetching Basic Metadata: Antstream
2026-10-04 19:45:43,564 - INFO - 📅 Fetching Basic Metadata: The Drone Racing League Simulator
2026-10-04 19:45:43,768 - INFO - 🎯 IGDB Match: 'The Drone Racing League Simulator' (100%)
2026-10-04 19:45:43,774 - INFO - 📅 Fetching Basic Metadata: Dark Deity
2026-10-04 19:45:44,035 - INFO - 🎯 IGDB Match: 'Dark Deity' (100%)
2026-10-04 19:45:44,040 - INFO - 📅 Fetching Basic Metadata: RPG in a Box
2026-10-04 19:45:44,233 - INFO - 🎯 IGDB Match: 'RPG in a Box' (100%)
2026-10-04 19:45:44,239 - INFO - 📅 Fetching Basic Metadata: Fallout Classic Collection
2026-10-04 19:45:44,399 - INFO - 🎯 IGDB Match: 'Fallout Classic Collection' (100%)
2026-10-04 19:45:44,405 - INFO - 📅 Fetching Basic Metadata: Recipe for Disaster
2026-10-04 19:45:44,578 - INFO - 🎯 IGDB Match: 'Recipe For Disaster' (100%)
2026-10-04 19:45:44,583 - INFO - 📅 Fetching Basic Metadata: World of Warships — Starter Pack: Ishizuchi
2026-10-04 19:45:44,800 - INFO - 🎯 IGDB Match: 'World of Warships: Starter Pack - Ishizuchi' (98%)
2026-10-04 19:45:44,805 - INFO - 📅 Fetching Basic Metadata: Poker Club
2026-10-04 19:45:45,021 - INFO - 🎯 IGDB Match: 'Poker Club' (100%)
2026-10-04 19:45:45,026 - INFO - 📅 Fetching Basic Metadata: The Sims 4 The Daring Lifestyle Bundle
2026-10-04 19:45:45,203 - INFO - 🎯 IGDB Match: 'The Sims 4: The Daring Lifestyle Bundle' (99%)
2026-10-04 19:45:45,209 - INFO - 📅 Fetching Basic Metadata: Dodo Peak
2026-10-04 19:45:45,341 - INFO - 🎯 IGDB Match: 'Dodo Peak' (100%)
2026-10-04 19:45:45,346 - INFO - 📅 Fetching Basic Metadata: Spelldrifter
2026-10-04 19:45:45,609 - INFO - 🎯 IGDB Match: 'Spelldrifter' (100%)
2026-10-04 19:45:45,614 - INFO - 📅 Fetching Basic Metadata: Model Builder
2026-10-04 19:45:45,784 - INFO - 🎯 IGDB Match: 'Model Builder' (100%)
2026-10-04 19:45:45,789 - INFO - 📅 Fetching Basic Metadata: Godlike Burger
2026-10-04 19:45:45,911 - INFO - 🎯 IGDB Match: 'Godlike Burger' (100%)
2026-10-04 19:45:45,916 - INFO - 📅 Fetching Basic Metadata: Q.U.B.E. Ultimate Bundle
2026-10-04 19:45:46,114 - INFO - 🎯 IGDB Match: 'Q.U.B.E. Ultimate Bundle' (100%)
2026-10-04 19:45:46,120 - INFO - 📅 Fetching Basic Metadata: Jitsu Squad
2026-10-04 19:45:46,361 - INFO - 🎯 IGDB Match: 'Jitsu Squad' (100%)
2026-10-04 19:45:46,365 - INFO - 📅 Fetching Basic Metadata: Mighty Fight Federation
2026-10-04 19:45:46,475 - INFO - 🎯 IGDB Match: 'Mighty Fight Federation' (100%)
2026-10-04 19:45:46,482 - INFO - 📅 Fetching Basic Metadata: LOVE
2026-10-04 19:45:46,632 - INFO - 🎯 IGDB Match: 'Love Love Love' (90%)
2026-10-04 19:45:46,638 - INFO - 📅 Fetching Basic Metadata: Call of The Wild: The Angler
2026-10-04 19:45:46,852 - INFO - 🎯 IGDB Match: 'Call of the Wild: The Angler' (100%)
2026-10-04 19:45:46,859 - INFO - 📅 Fetching Basic Metadata: The Falconeer
2026-10-04 19:45:46,976 - INFO - 🎯 IGDB Match: 'The Falconeer: The Hunter' (90%)
2026-10-04 19:45:46,983 - INFO - 📅 Fetching Basic Metadata: Rawmen: Food Fighter Arena
2026-10-04 19:45:47,109 - INFO - 🎯 IGDB Match: 'Rawmen' (90%)
2026-10-04 19:45:47,114 - INFO - 📅 Fetching Basic Metadata: World of Warships – Starter Pack: Albany
2026-10-04 19:45:47,443 - INFO - 📅 Fetching Basic Metadata: Fallout Classic Edition
2026-10-04 19:45:47,612 - INFO - 📅 Fetching Basic Metadata: Outliver: Tribulation
2026-10-04 19:45:47,778 - INFO - 🎯 IGDB Match: 'Outliver: Tribulation' (100%)
2026-10-04 19:45:47,783 - INFO - 📅 Fetching Basic Metadata: Bus Simulator 21 Next Stop
2026-10-04 19:45:47,918 - INFO - 🎯 IGDB Match: 'Bus Simulator 21: Next Stop' (98%)
2026-10-04 19:45:47,924 - INFO - 📅 Fetching Basic Metadata: Turmoil
2026-10-04 19:45:48,167 - INFO - 🎯 IGDB Match: 'Turmoil' (100%)
2026-10-04 19:45:48,173 - INFO - 📅 Fetching Basic Metadata: World War Z Aftermath
2026-10-04 19:45:48,291 - INFO - 🎯 IGDB Match: 'World War Z: Aftermath' (98%)
2026-10-04 19:45:48,296 - INFO - 📅 Fetching Basic Metadata: World Of Warships – Anniversary Party Flavor
2026-10-04 19:45:48,400 - WARNING - IGDB Error for World Of Warships – Anniversary Party Flavor: string indices must be integers, not 'str'
2026-10-04 19:45:48,405 - INFO - 📅 Fetching Basic Metadata: Neko Ghost, Jump!
2026-10-04 19:45:48,513 - WARNING - IGDB Error for Neko Ghost, Jump!: string indices must be integers, not 'str'
2026-10-04 19:45:48,518 - INFO - 📅 Fetching Basic Metadata: Super Space Club
2026-10-04 19:45:48,717 - INFO - 🎯 IGDB Match: 'Super Space Club' (100%)
2026-10-04 19:45:48,722 - INFO - 📅 Fetching Basic Metadata: Touch Type Tale
2026-10-04 19:45:48,990 - INFO - 🎯 IGDB Match: 'Touch Type Tale' (100%)
2026-10-04 19:45:48,995 - INFO - 📅 Fetching Basic Metadata: Gigapocalypse
2026-10-04 19:45:49,158 - INFO - 🎯 IGDB Match: 'Gigapocalypse' (100%)
2026-10-04 19:45:49,164 - INFO - 📅 Fetching Basic Metadata: Legion TD2
2026-10-04 19:45:49,284 - INFO - 📅 Fetching Basic Metadata: Nightingale
2026-10-04 19:45:49,473 - WARNING - IGDB Error for Nightingale: string indices must be integers, not 'str'
2026-10-04 19:45:49,479 - INFO - 📅 Fetching Basic Metadata: Godzilla Voxel Wars
2026-10-04 19:45:49,579 - WARNING - IGDB Error for Godzilla Voxel Wars: string indices must be integers, not 'str'
2026-10-04 19:45:49,585 - INFO - 📅 Fetching Basic Metadata: Trine Classic Collection
2026-10-04 19:45:49,713 - INFO - 🎯 IGDB Match: 'Trine Classic Collection' (100%)
2026-10-04 19:45:49,719 - INFO - 📅 Fetching Basic Metadata: Poison Retro Set
2026-10-04 19:45:49,839 - INFO - 🎯 IGDB Match: 'Pixel Gun 3D: Poison Retro Set' (90%)
2026-10-04 19:45:49,843 - INFO - 📅 Fetching Basic Metadata: The Darkside Detective A Fumble in the Dark
2026-10-04 19:45:50,086 - INFO - 🎯 IGDB Match: 'The Darkside Detective: A Fumble in the Dark' (99%)
2026-10-04 19:45:50,091 - INFO - 📅 Fetching Basic Metadata: Return to Ash
2026-10-04 19:45:50,206 - INFO - 🎯 IGDB Match: 'Return to Ash' (100%)
2026-10-04 19:45:50,211 - INFO - 🏢 Publisher Search: STALCRAFT: X Starter Edition
2026-10-04 19:45:51,651 - INFO - 📅 Fetching Basic Metadata: STALCRAFT: X Starter Edition
2026-10-04 19:45:51,778 - INFO - 📅 Fetching Basic Metadata: Boxes: Lost Fragments
2026-10-04 19:45:52,117 - INFO - 🎯 IGDB Match: 'Boxes: Lost Fragments' (100%)
2026-10-04 19:45:52,122 - INFO - 📅 Fetching Basic Metadata: My Night Job
2026-10-04 19:45:52,324 - INFO - 🎯 IGDB Match: 'My Night Job' (100%)
2026-10-04 19:45:52,330 - INFO - 📅 Fetching Basic Metadata: Electrician Simulator
2026-10-04 19:45:52,496 - INFO - 🎯 IGDB Match: 'Electrician Simulator' (100%)
2026-10-04 19:45:52,501 - INFO - 🏢 Publisher Search: World of Warships — Epic Anniversary Tachibana Pack
2026-10-04 19:45:53,987 - INFO - 📅 Fetching Basic Metadata: World of Warships — Epic Anniversary Tachibana Pack
2026-10-04 19:45:54,111 - INFO - 📅 Fetching Basic Metadata: Hyper Echelon
2026-10-04 19:45:54,246 - INFO - 🎯 IGDB Match: 'Hyper Echelon' (100%)
2026-10-04 19:45:54,251 - INFO - 📅 Fetching Basic Metadata: Havendock
2026-10-04 19:45:54,459 - INFO - 🎯 IGDB Match: 'Havendock' (100%)
2026-10-04 19:45:54,464 - INFO - 📅 Fetching Basic Metadata: Clone Drone in the Danger Zone
2026-10-04 19:45:54,745 - INFO - 🎯 IGDB Match: 'Clone Drone in the Danger Zone' (100%)
2026-10-04 19:45:54,751 - INFO - 🏢 Publisher Search: TOMAK: Save the Earth Regeneration
2026-10-04 19:45:56,276 - INFO - 📅 Fetching Basic Metadata: TOMAK: Save the Earth Regeneration
2026-10-04 19:45:56,431 - INFO - 🎯 IGDB Match: 'Tomak: Save the Earth Regeneration' (100%)
2026-10-04 19:45:56,436 - INFO - 📅 Fetching Basic Metadata: Prop Sumo
2026-10-04 19:45:56,641 - INFO - 🎯 IGDB Match: 'Prop Sumo' (100%)
2026-10-04 19:45:56,672 - INFO - 📅 Fetching Basic Metadata: The Stone of Madness
2026-10-04 19:45:56,936 - INFO - 🎯 IGDB Match: 'The Stone of Madness' (100%)
2026-10-04 19:45:56,941 - INFO - 📅 Fetching Basic Metadata: Firestone Online Idle RPG
2026-10-04 19:45:57,063 - INFO - 🎯 IGDB Match: 'Firestone: Online Idle RPG' (98%)
2026-10-04 19:45:57,068 - INFO - 📅 Fetching Basic Metadata: Oddsparks: An Automation Adventure
2026-10-04 19:45:57,268 - INFO - 🎯 IGDB Match: 'Oddsparks: An Automation Adventure' (100%)
2026-10-04 19:45:57,273 - INFO - 📅 Fetching Basic Metadata: Trash Goblin
2026-10-04 19:45:57,542 - INFO - 🎯 IGDB Match: 'Trash Goblin' (100%)
2026-10-04 19:45:57,547 - INFO - 🏢 Publisher Search: The Telltale Batman Shadows Edition
2026-10-04 19:45:58,929 - INFO - 📅 Fetching Basic Metadata: The Telltale Batman Shadows Edition
2026-10-04 19:45:59,125 - INFO - 🎯 IGDB Match: 'Telltale Batman Shadows Edition' (95%)
2026-10-04 19:45:59,130 - INFO - 🏢 Publisher Search: Sunderfolk - Standard Edition
2026-10-04 19:46:00,485 - INFO - 📅 Fetching Basic Metadata: Sunderfolk - Standard Edition
2026-10-04 19:46:00,689 - INFO - 📅 Fetching Basic Metadata: Down in Bermuda
2026-10-04 19:46:00,893 - INFO - 🎯 IGDB Match: 'Down in Bermuda' (100%)
2026-10-04 19:46:00,897 - INFO - 📅 Fetching Basic Metadata: Tomb Raider I-III Remastered Starring Lara Croft
2026-10-04 19:46:01,130 - INFO - 📅 Fetching Basic Metadata: LONESTAR
2026-10-04 19:46:01,348 - INFO - 🎯 IGDB Match: 'LoneStar' (100%)
2026-10-04 19:46:01,353 - INFO - 📅 Fetching Basic Metadata: Calico
2026-10-04 19:46:01,496 - INFO - 🎯 IGDB Match: 'Calico' (100%)
2026-10-04 19:46:01,501 - INFO - 📅 Fetching Basic Metadata: Rogue Waters
2026-10-04 19:46:01,621 - INFO - 🎯 IGDB Match: 'Rogue Waters' (100%)
2026-10-04 19:46:01,626 - INFO - 📅 Fetching Basic Metadata: The Ouroboros King
2026-10-04 19:46:01,800 - INFO - 🎯 IGDB Match: 'The Ouroboros King' (100%)
2026-10-04 19:46:01,806 - INFO - 🏢 Publisher Search: Warhammer 40K Speed Freeks
2026-10-04 19:46:03,265 - INFO - 📅 Fetching Basic Metadata: I Have No Mouth, and I Must Scream
2026-10-04 19:46:03,524 - INFO - 🎯 IGDB Match: 'I Have No Mouth, and I Must Scream' (100%)
2026-10-04 19:46:03,529 - INFO - 📅 Fetching Basic Metadata: Nova Lands
2026-10-04 19:46:03,693 - INFO - 🎯 IGDB Match: 'Nova Lands' (100%)
2026-10-04 19:46:03,697 - INFO - 📅 Fetching Basic Metadata: Tattoo Tycoon
2026-10-04 19:46:03,895 - INFO - 🎯 IGDB Match: 'Tattoo Tycoon' (100%)
2026-10-04 19:46:03,900 - INFO - 📅 Fetching Basic Metadata: Echo Generation: Midnight Edition
2026-10-04 19:46:04,026 - INFO - 🎯 IGDB Match: 'Echo Generation: Midnight Edition' (100%)
2026-10-04 19:46:04,033 - INFO - 💰 Price Search: Foretales
2026-10-04 19:46:05,173 - WARNING - Price error for Foretales: string indices must be integers, not 'str'
2026-10-04 19:46:05,173 - INFO - 📅 Fetching Basic Metadata: Foretales
2026-10-04 19:46:05,462 - INFO - 🎯 IGDB Match: 'Foretales' (100%)
2026-10-04 19:46:05,467 - INFO - 💰 Price Search: OTXO
2026-10-04 19:46:06,524 - WARNING - Price error for OTXO: string indices must be integers, not 'str'
2026-10-04 19:46:06,525 - INFO - 💰 Price Search: Sol Cesto
2026-10-04 19:46:07,579 - WARNING - Price error for Sol Cesto: string indices must be integers, not 'str'
2026-10-04 19:46:07,580 - INFO - 📅 Fetching Basic Metadata: Sol Cesto
2026-10-04 19:46:07,728 - INFO - 🎯 IGDB Match: 'Sol Cesto' (100%)
2026-10-04 19:46:07,801 - INFO - 💰 Price Search: Beacon Pines
2026-10-04 19:46:08,880 - WARNING - Price error for Beacon Pines: string indices must be integers, not 'str'
2026-10-04 19:46:08,881 - INFO - 💰 Price Search: Caravan SandWitch
2026-10-04 19:46:09,933 - WARNING - Price error for Caravan SandWitch: string indices must be integers, not 'str'
2026-10-04 19:46:09,934 - INFO - 💰 Price Search: Cardpocalypse Standard Edition
2026-10-04 19:46:11,006 - WARNING - Price error for Cardpocalypse Standard Edition: string indices must be integers, not 'str'
2026-10-04 19:46:11,007 - INFO - 🏢 Publisher Search: Cardpocalypse Standard Edition
2026-10-04 19:46:12,492 - INFO - 📅 Fetching Basic Metadata: Cardpocalypse Standard Edition
2026-10-04 19:46:12,718 - INFO - 💰 Price Search: Epic Mage Bundle
2026-10-04 19:46:13,795 - WARNING - Price error for Epic Mage Bundle: string indices must be integers, not 'str'
2026-10-04 19:46:13,795 - INFO - 🏢 Publisher Search: Epic Mage Bundle
2026-10-04 19:46:15,303 - INFO - 📅 Fetching Basic Metadata: Epic Mage Bundle
2026-10-04 19:46:15,472 - INFO - 💰 Price Search: Rival Stars Horse Racing : Desktop Edition
2026-10-04 19:46:16,550 - WARNING - Price error for Rival Stars Horse Racing : Desktop Edition: string indices must be integers, not 'str'
2026-10-04 19:46:16,550 - INFO - 🏢 Publisher Search: Rival Stars Horse Racing : Desktop Edition
2026-10-04 19:46:18,048 - INFO - 📅 Fetching Basic Metadata: Rival Stars Horse Racing : Desktop Edition
2026-10-04 19:46:18,164 - INFO - 🎯 IGDB Match: 'Rival Stars Horse Racing: Desktop Edition' (99%)
2026-10-04 19:46:18,169 - INFO - 💰 Price Search: Alone With You
2026-10-04 19:46:19,224 - WARNING - Price error for Alone With You: string indices must be integers, not 'str'
2026-10-04 19:46:19,224 - INFO - 📅 Fetching Basic Metadata: Alone With You
2026-10-04 19:46:19,419 - INFO - 🎯 IGDB Match: 'Alone With You' (100%)
2026-10-04 19:46:19,424 - INFO - 💰 Price Search: Luftrausers
2026-10-04 19:46:20,476 - WARNING - Price error for Luftrausers: string indices must be integers, not 'str'
2026-10-04 19:46:20,477 - INFO - 💰 Price Search: Astral Ascent
2026-10-04 19:46:21,534 - WARNING - Price error for Astral Ascent: string indices must be integers, not 'str'
2026-10-04 19:46:21,535 - INFO - 💰 Price Search: Mindcop
2026-10-04 19:46:22,612 - WARNING - Price error for Mindcop: string indices must be integers, not 'str'
2026-10-04 19:46:22,613 - INFO - 💰 Price Search: Shogun Showdown
2026-10-04 19:46:23,670 - WARNING - Price error for Shogun Showdown: string indices must be integers, not 'str'
2026-10-04 19:46:23,671 - INFO - 💰 Price Search: Astrea Six Sided Oracles
2026-10-04 19:46:24,724 - WARNING - Price error for Astrea Six Sided Oracles: string indices must be integers, not 'str'
2026-10-04 19:46:24,725 - INFO - 💰 Price Search: Mechabellum
2026-10-04 19:46:25,778 - WARNING - Price error for Mechabellum: string indices must be integers, not 'str'
2026-10-04 19:46:25,778 - INFO - 📅 Fetching Basic Metadata: Mechabellum
2026-10-04 19:46:26,104 - INFO - 🎯 IGDB Match: 'Mechabellum' (100%)
2026-10-04 19:46:26,109 - INFO - 💰 Price Search: System Shock 2: 25th Anniversary Remaster
2026-10-04 19:46:27,170 - WARNING - Price error for System Shock 2: 25th Anniversary Remaster: string indices must be integers, not 'str'
2026-10-04 19:46:27,171 - INFO - 💰 Price Search: BURIED STARS
2026-10-04 19:46:28,225 - WARNING - Price error for BURIED STARS: string indices must be integers, not 'str'
2026-10-04 19:46:28,230 - INFO - 
--- Starting Data Quality Checks ---
2026-10-04 19:46:28,240 - INFO - --- Data Quality Checks Complete ---

2026-10-04 19:46:28,263 - INFO - | Metric | Statistics |
| :--- | :--- |
| 💰 **Total Market Value** | **$13,332.99** |
| 📦 **Total Games Collected** | 709 |
| 🏷️ **Average Retail Price** | $21.81 per game |
| 💎 **Most Expensive Title** | Civilization 6 Platinum Edition ($79.99) |
| 👑 **MVP Publisher** | Bethesda Softworks |
| 🏢 **Value Leaders** | 2K ($579.90), Bethesda Softworks ($544.80), Paradox Interactive ($409.89) |
| 📈 **Inflation-Adjusted Value** | $15,130.23 |
| 🎈 **Inflation Bonus** | **+$1,797.24** in purchasing power |
| 🗓️ **Peak Saving Month** | 🎄 **Seasonality Peak:** December is historically the best month, offering $3,388.17 in savings. |
| ⭐ **Average Score** | 77.0/100 |
| 💳 **Subscription Equivalent** | **$164.47 / mo** |
| 🎯 **Prestige Ratio** | **2.0%** (Strategic Hype) |
| 🏎️ **Lead Time Avg** | 441 Days to Sequel |

2026-10-04 19:46:28,264 - INFO - ✅ README.md updated.
2026-10-04 19:46:28,282 - INFO - Using categorical units to plot a list of strings that are all parsable as floats or dates. If these strings should be plotted as numbers, cast to the appropriate data type before plotting.
2026-10-04 19:46:28,282 - INFO - Using categorical units to plot a list of strings that are all parsable as floats or dates. If these strings should be plotted as numbers, cast to the appropriate data type before plotting.
2026-10-04 19:46:32,609 - INFO - 📈 All charts generated successfully.
