2026-08-20 17:00:55,120 - INFO - Failed to extract font properties from /usr/share/fonts/truetype/noto/NotoColorEmoji.ttf: Non-scalable fonts are not supported
2026-08-20 17:00:55,888 - INFO - generated new fontManager
2026-08-20 17:00:56,414 - INFO - ✅ Migration Successful!
2026-08-20 17:00:56,678 - INFO - Added 2 new games!
2026-08-20 17:00:57,219 - INFO - 🔍 Found 621 games needing metadata. Starting IGDB + Steam + CheapShark enrichment...
2026-08-20 17:00:57,436 - INFO - 📅 Fetching Basic Metadata: LEGO Batman Trilogy
2026-08-20 17:00:57,801 - INFO - 🎯 IGDB Match: 'LEGO Batman Trilogy' (100%)
2026-08-20 17:00:57,830 - INFO - 📅 Fetching Basic Metadata: Antstream
2026-08-20 17:00:58,083 - INFO - 📅 Fetching Basic Metadata: The Drone Racing League Simulator
2026-08-20 17:00:58,462 - INFO - 🎯 IGDB Match: 'The Drone Racing League Simulator' (100%)
2026-08-20 17:00:58,470 - INFO - 📅 Fetching Basic Metadata: Dark Deity
2026-08-20 17:00:58,743 - INFO - 🎯 IGDB Match: 'Dark Deity' (100%)
2026-08-20 17:00:58,750 - INFO - 📅 Fetching Basic Metadata: RPG in a Box
2026-08-20 17:00:58,920 - INFO - 🎯 IGDB Match: 'RPG in a Box' (100%)
2026-08-20 17:00:58,927 - INFO - 📅 Fetching Basic Metadata: Fallout Classic Collection
2026-08-20 17:00:59,104 - INFO - 🎯 IGDB Match: 'Fallout Classic Collection' (100%)
2026-08-20 17:00:59,113 - INFO - 📅 Fetching Basic Metadata: Recipe for Disaster
2026-08-20 17:00:59,394 - INFO - 🎯 IGDB Match: 'Recipe For Disaster' (100%)
2026-08-20 17:00:59,402 - INFO - 📅 Fetching Basic Metadata: World of Warships — Starter Pack: Ishizuchi
2026-08-20 17:00:59,709 - INFO - 🎯 IGDB Match: 'World of Warships: Starter Pack - Ishizuchi' (98%)
2026-08-20 17:00:59,717 - INFO - 📅 Fetching Basic Metadata: Poker Club
2026-08-20 17:01:00,027 - INFO - 🎯 IGDB Match: 'Poker Club' (100%)
2026-08-20 17:01:00,034 - INFO - 📅 Fetching Basic Metadata: The Sims 4 The Daring Lifestyle Bundle
2026-08-20 17:01:00,225 - INFO - 🎯 IGDB Match: 'The Sims 4: The Daring Lifestyle Bundle' (99%)
2026-08-20 17:01:00,234 - INFO - 📅 Fetching Basic Metadata: Dodo Peak
2026-08-20 17:01:00,431 - INFO - 🎯 IGDB Match: 'Dodo Peak' (100%)
2026-08-20 17:01:00,438 - INFO - 📅 Fetching Basic Metadata: Spelldrifter
2026-08-20 17:01:00,612 - INFO - 🎯 IGDB Match: 'Spelldrifter' (100%)
2026-08-20 17:01:00,620 - INFO - 📅 Fetching Basic Metadata: Model Builder
2026-08-20 17:01:00,774 - INFO - 🎯 IGDB Match: 'Model Builder' (100%)
2026-08-20 17:01:00,780 - INFO - 📅 Fetching Basic Metadata: Godlike Burger
2026-08-20 17:01:01,073 - INFO - 🎯 IGDB Match: 'Godlike Burger' (100%)
2026-08-20 17:01:01,079 - INFO - 📅 Fetching Basic Metadata: Q.U.B.E. Ultimate Bundle
2026-08-20 17:01:01,247 - INFO - 🎯 IGDB Match: 'Q.U.B.E. Ultimate Bundle' (100%)
2026-08-20 17:01:01,256 - INFO - 📅 Fetching Basic Metadata: Jitsu Squad
2026-08-20 17:01:01,423 - INFO - 🎯 IGDB Match: 'Jitsu Squad' (100%)
2026-08-20 17:01:01,429 - INFO - 📅 Fetching Basic Metadata: Mighty Fight Federation
2026-08-20 17:01:01,730 - INFO - 🎯 IGDB Match: 'Mighty Fight Federation' (100%)
2026-08-20 17:01:01,741 - INFO - 📅 Fetching Basic Metadata: LOVE
2026-08-20 17:01:01,989 - INFO - 🎯 IGDB Match: 'Love Love Love' (90%)
2026-08-20 17:01:01,997 - INFO - 📅 Fetching Basic Metadata: Call of The Wild: The Angler
2026-08-20 17:01:02,217 - INFO - 🎯 IGDB Match: 'Call of the Wild: The Angler' (100%)
2026-08-20 17:01:02,226 - INFO - 📅 Fetching Basic Metadata: The Falconeer
2026-08-20 17:01:02,392 - INFO - 🎯 IGDB Match: 'The Falconeer: The Hunter' (90%)
2026-08-20 17:01:02,400 - INFO - 📅 Fetching Basic Metadata: Rawmen: Food Fighter Arena
2026-08-20 17:01:02,574 - INFO - 🎯 IGDB Match: 'Rawmen' (90%)
2026-08-20 17:01:02,581 - INFO - 📅 Fetching Basic Metadata: World of Warships – Starter Pack: Albany
2026-08-20 17:01:02,756 - INFO - 📅 Fetching Basic Metadata: Fallout Classic Edition
2026-08-20 17:01:03,078 - INFO - 📅 Fetching Basic Metadata: Outliver: Tribulation
2026-08-20 17:01:03,249 - INFO - 🎯 IGDB Match: 'Outliver: Tribulation' (100%)
2026-08-20 17:01:03,257 - INFO - 📅 Fetching Basic Metadata: Bus Simulator 21 Next Stop
2026-08-20 17:01:03,452 - INFO - 🎯 IGDB Match: 'Bus Simulator 21: Next Stop' (98%)
2026-08-20 17:01:03,460 - INFO - 📅 Fetching Basic Metadata: Turmoil
2026-08-20 17:01:03,639 - INFO - 🎯 IGDB Match: 'Turmoil' (100%)
2026-08-20 17:01:03,646 - INFO - 📅 Fetching Basic Metadata: World War Z Aftermath
2026-08-20 17:01:03,799 - INFO - 🎯 IGDB Match: 'World War Z: Aftermath' (98%)
2026-08-20 17:01:03,806 - INFO - 📅 Fetching Basic Metadata: World Of Warships – Anniversary Party Flavor
2026-08-20 17:01:03,986 - INFO - 📅 Fetching Basic Metadata: Neko Ghost, Jump!
2026-08-20 17:01:04,149 - INFO - 🎯 IGDB Match: 'Neko Ghost, Jump!' (100%)
2026-08-20 17:01:04,157 - INFO - 📅 Fetching Basic Metadata: Super Space Club
2026-08-20 17:01:04,450 - INFO - 🎯 IGDB Match: 'Super Space Club' (100%)
2026-08-20 17:01:04,457 - INFO - 📅 Fetching Basic Metadata: Touch Type Tale
2026-08-20 17:01:04,621 - INFO - 🎯 IGDB Match: 'Touch Type Tale' (100%)
2026-08-20 17:01:04,628 - INFO - 📅 Fetching Basic Metadata: Gigapocalypse
2026-08-20 17:01:04,796 - INFO - 🎯 IGDB Match: 'Gigapocalypse' (100%)
2026-08-20 17:01:04,804 - INFO - 📅 Fetching Basic Metadata: Legion TD2
2026-08-20 17:01:04,978 - INFO - 📅 Fetching Basic Metadata: Nightingale
2026-08-20 17:01:05,187 - INFO - 🎯 IGDB Match: 'Nightingale' (100%)
2026-08-20 17:01:05,195 - INFO - 📅 Fetching Basic Metadata: Godzilla Voxel Wars
2026-08-20 17:01:05,376 - INFO - 🎯 IGDB Match: 'Godzilla Voxel Wars' (100%)
2026-08-20 17:01:05,385 - INFO - 📅 Fetching Basic Metadata: Trine Classic Collection
2026-08-20 17:01:05,544 - INFO - 🎯 IGDB Match: 'Trine Classic Collection' (100%)
2026-08-20 17:01:05,552 - INFO - 📅 Fetching Basic Metadata: Poison Retro Set
2026-08-20 17:01:05,718 - INFO - 🎯 IGDB Match: 'Pixel Gun 3D: Poison Retro Set' (90%)
2026-08-20 17:01:05,725 - INFO - 📅 Fetching Basic Metadata: The Darkside Detective A Fumble in the Dark
2026-08-20 17:01:05,900 - INFO - 🎯 IGDB Match: 'The Darkside Detective: A Fumble in the Dark' (99%)
2026-08-20 17:01:05,907 - INFO - 📅 Fetching Basic Metadata: Return to Ash
2026-08-20 17:01:06,069 - INFO - 🎯 IGDB Match: 'Return to Ash' (100%)
2026-08-20 17:01:06,075 - INFO - 🏢 Publisher Search: STALCRAFT: X Starter Edition
2026-08-20 17:01:07,510 - INFO - 📅 Fetching Basic Metadata: STALCRAFT: X Starter Edition
2026-08-20 17:01:07,674 - INFO - 📅 Fetching Basic Metadata: Boxes: Lost Fragments
2026-08-20 17:01:07,885 - INFO - 🎯 IGDB Match: 'Boxes: Lost Fragments' (100%)
2026-08-20 17:01:07,891 - INFO - 📅 Fetching Basic Metadata: My Night Job
2026-08-20 17:01:08,058 - INFO - 🎯 IGDB Match: 'My Night Job' (100%)
2026-08-20 17:01:08,066 - INFO - 📅 Fetching Basic Metadata: Electrician Simulator
2026-08-20 17:01:08,238 - INFO - 🎯 IGDB Match: 'Electrician Simulator' (100%)
2026-08-20 17:01:08,245 - INFO - 🏢 Publisher Search: World of Warships — Epic Anniversary Tachibana Pack
2026-08-20 17:01:09,665 - INFO - 📅 Fetching Basic Metadata: World of Warships — Epic Anniversary Tachibana Pack
2026-08-20 17:01:09,935 - INFO - 📅 Fetching Basic Metadata: Hyper Echelon
2026-08-20 17:01:10,166 - INFO - 🎯 IGDB Match: 'Hyper Echelon' (100%)
2026-08-20 17:01:10,173 - INFO - 📅 Fetching Basic Metadata: Havendock
2026-08-20 17:01:10,607 - INFO - 🎯 IGDB Match: 'Havendock' (100%)
2026-08-20 17:01:10,614 - INFO - 📅 Fetching Basic Metadata: Clone Drone in the Danger Zone
2026-08-20 17:01:10,816 - INFO - 🎯 IGDB Match: 'Clone Drone in the Danger Zone' (100%)
2026-08-20 17:01:10,823 - INFO - 🏢 Publisher Search: TOMAK: Save the Earth Regeneration
2026-08-20 17:01:12,238 - INFO - 📅 Fetching Basic Metadata: TOMAK: Save the Earth Regeneration
2026-08-20 17:01:12,439 - INFO - 🎯 IGDB Match: 'Tomak: Save the Earth Regeneration' (100%)
2026-08-20 17:01:12,445 - INFO - 📅 Fetching Basic Metadata: Prop Sumo
2026-08-20 17:01:12,780 - INFO - 🎯 IGDB Match: 'Prop Sumo' (100%)
2026-08-20 17:01:12,787 - INFO - 📅 Fetching Basic Metadata: The Stone of Madness
2026-08-20 17:01:12,990 - INFO - 🎯 IGDB Match: 'The Stone of Madness' (100%)
2026-08-20 17:01:12,997 - INFO - 📅 Fetching Basic Metadata: Firestone Online Idle RPG
2026-08-20 17:01:13,294 - INFO - 🎯 IGDB Match: 'Firestone: Online Idle RPG' (98%)
2026-08-20 17:01:13,300 - INFO - 📅 Fetching Basic Metadata: Oddsparks: An Automation Adventure
2026-08-20 17:01:13,619 - INFO - 🎯 IGDB Match: 'Oddsparks: An Automation Adventure' (100%)
2026-08-20 17:01:13,626 - INFO - 📅 Fetching Basic Metadata: Trash Goblin
2026-08-20 17:01:13,846 - INFO - 🎯 IGDB Match: 'Trash Goblin' (100%)
2026-08-20 17:01:13,853 - INFO - 🏢 Publisher Search: The Telltale Batman Shadows Edition
2026-08-20 17:01:15,258 - INFO - 📅 Fetching Basic Metadata: The Telltale Batman Shadows Edition
2026-08-20 17:01:15,422 - INFO - 🎯 IGDB Match: 'Telltale Batman Shadows Edition' (95%)
2026-08-20 17:01:15,429 - INFO - 🏢 Publisher Search: Sunderfolk - Standard Edition
2026-08-20 17:01:16,925 - INFO - 📅 Fetching Basic Metadata: Sunderfolk - Standard Edition
2026-08-20 17:01:17,124 - INFO - 📅 Fetching Basic Metadata: Down in Bermuda
2026-08-20 17:01:17,338 - INFO - 🎯 IGDB Match: 'Down in Bermuda' (100%)
2026-08-20 17:01:17,344 - INFO - 📅 Fetching Basic Metadata: Tomb Raider I-III Remastered Starring Lara Croft
2026-08-20 17:01:17,557 - INFO - 📅 Fetching Basic Metadata: LONESTAR
2026-08-20 17:01:17,855 - INFO - 🎯 IGDB Match: 'LoneStar' (100%)
2026-08-20 17:01:17,862 - INFO - 📅 Fetching Basic Metadata: Calico
2026-08-20 17:01:18,051 - INFO - 🎯 IGDB Match: 'Calico' (100%)
2026-08-20 17:01:18,058 - INFO - 📅 Fetching Basic Metadata: Rogue Waters
2026-08-20 17:01:18,230 - INFO - 🎯 IGDB Match: 'Rogue Waters' (100%)
2026-08-20 17:01:18,237 - INFO - 📅 Fetching Basic Metadata: The Ouroboros King
2026-08-20 17:01:18,390 - INFO - 🎯 IGDB Match: 'The Ouroboros King' (100%)
2026-08-20 17:01:18,397 - INFO - 🏢 Publisher Search: Warhammer 40K Speed Freeks
2026-08-20 17:01:19,810 - INFO - 📅 Fetching Basic Metadata: I Have No Mouth, and I Must Scream
2026-08-20 17:01:19,987 - INFO - 🎯 IGDB Match: 'I Have No Mouth, and I Must Scream' (100%)
2026-08-20 17:01:19,994 - INFO - 📅 Fetching Basic Metadata: Nova Lands
2026-08-20 17:01:20,198 - INFO - 🎯 IGDB Match: 'Nova Lands' (100%)
2026-08-20 17:01:20,205 - INFO - 📅 Fetching Basic Metadata: Tattoo Tycoon
2026-08-20 17:01:20,382 - INFO - 🎯 IGDB Match: 'Tattoo Tycoon' (100%)
2026-08-20 17:01:20,389 - INFO - 📅 Fetching Basic Metadata: Echo Generation: Midnight Edition
2026-08-20 17:01:20,720 - INFO - 🎯 IGDB Match: 'Echo Generation: Midnight Edition' (100%)
2026-08-20 17:01:20,727 - INFO - 💰 Price Search: Foretales
2026-08-20 17:01:21,879 - WARNING - Price error for Foretales: string indices must be integers, not 'str'
2026-08-20 17:01:21,880 - INFO - 📅 Fetching Basic Metadata: Foretales
2026-08-20 17:01:22,040 - INFO - 🎯 IGDB Match: 'Foretales' (100%)
2026-08-20 17:01:22,047 - INFO - 💰 Price Search: OTXO
2026-08-20 17:01:23,134 - WARNING - Price error for OTXO: string indices must be integers, not 'str'
2026-08-20 17:01:23,136 - INFO - 💰 Price Search: Sol Cesto
2026-08-20 17:01:24,222 - WARNING - Price error for Sol Cesto: string indices must be integers, not 'str'
2026-08-20 17:01:24,222 - INFO - 📅 Fetching Basic Metadata: Sol Cesto
2026-08-20 17:01:24,530 - INFO - 🎯 IGDB Match: 'Sol Cesto' (100%)
2026-08-20 17:01:24,537 - INFO - 💰 Price Search: Beacon Pines
2026-08-20 17:01:25,604 - WARNING - Price error for Beacon Pines: string indices must be integers, not 'str'
2026-08-20 17:01:25,605 - INFO - 💰 Price Search: Caravan SandWitch
2026-08-20 17:01:26,672 - WARNING - Price error for Caravan SandWitch: string indices must be integers, not 'str'
2026-08-20 17:01:26,673 - INFO - 💰 Price Search: Cardpocalypse Standard Edition
2026-08-20 17:01:27,708 - WARNING - Price error for Cardpocalypse Standard Edition: string indices must be integers, not 'str'
2026-08-20 17:01:27,708 - INFO - 🏢 Publisher Search: Cardpocalypse Standard Edition
2026-08-20 17:01:29,168 - INFO - 📅 Fetching Basic Metadata: Cardpocalypse Standard Edition
2026-08-20 17:01:29,476 - INFO - 💰 Price Search: Epic Mage Bundle
2026-08-20 17:01:30,555 - WARNING - Price error for Epic Mage Bundle: string indices must be integers, not 'str'
2026-08-20 17:01:30,556 - INFO - 🏢 Publisher Search: Epic Mage Bundle
2026-08-20 17:01:31,986 - INFO - 📅 Fetching Basic Metadata: Epic Mage Bundle
2026-08-20 17:01:32,305 - INFO - 
--- Starting Data Quality Checks ---
2026-08-20 17:01:32,318 - INFO - --- Data Quality Checks Complete ---

2026-08-20 17:01:32,353 - INFO - | Metric | Statistics |
| :--- | :--- |
| 💰 **Total Market Value** | **$13,332.99** |
| 📦 **Total Games Collected** | 698 |
| 🏷️ **Average Retail Price** | $22.11 per game |
| 💎 **Most Expensive Title** | Civilization 6 Platinum Edition ($79.99) |
| 👑 **MVP Publisher** | Bethesda Softworks |
| 🏢 **Value Leaders** | 2K ($579.90), Bethesda Softworks ($544.80), Paradox Interactive ($409.89) |
| 📈 **Inflation-Adjusted Value** | $15,130.23 |
| 🎈 **Inflation Bonus** | **+$1,797.24** in purchasing power |
| 🗓️ **Peak Saving Month** | 🎄 **Seasonality Peak:** December is historically the best month, offering $3,388.17 in savings. |
| ⭐ **Average Score** | 76.9/100 |
| 💳 **Subscription Equivalent** | **$167.78 / mo** |
| 🎯 **Prestige Ratio** | **2.0%** (Strategic Hype) |
| 🏎️ **Lead Time Avg** | 441 Days to Sequel |

2026-08-20 17:01:32,353 - INFO - ✅ README.md updated.
2026-08-20 17:01:32,380 - INFO - Using categorical units to plot a list of strings that are all parsable as floats or dates. If these strings should be plotted as numbers, cast to the appropriate data type before plotting.
2026-08-20 17:01:32,381 - INFO - Using categorical units to plot a list of strings that are all parsable as floats or dates. If these strings should be plotted as numbers, cast to the appropriate data type before plotting.
2026-08-20 17:01:38,838 - INFO - 📈 All charts generated successfully.
