2026-08-31 21:33:08,442 - INFO - Failed to extract font properties from /usr/share/fonts/truetype/noto/NotoColorEmoji.ttf: Non-scalable fonts are not supported
2026-08-31 21:33:08,585 - INFO - generated new fontManager
2026-08-31 21:33:08,930 - INFO - ✅ Migration Successful!
2026-08-31 21:33:09,222 - INFO - No new games found.
2026-08-31 21:33:09,587 - INFO - 🔍 Found 623 games needing metadata. Starting IGDB + Steam + CheapShark enrichment...
2026-08-31 21:33:09,662 - INFO - 📅 Fetching Basic Metadata: LEGO Batman Trilogy
2026-08-31 21:33:10,115 - INFO - 🎯 IGDB Match: 'LEGO Batman Trilogy' (100%)
2026-08-31 21:33:10,137 - INFO - 📅 Fetching Basic Metadata: Antstream
2026-08-31 21:33:10,303 - INFO - 📅 Fetching Basic Metadata: The Drone Racing League Simulator
2026-08-31 21:33:10,504 - INFO - 🎯 IGDB Match: 'The Drone Racing League Simulator' (100%)
2026-08-31 21:33:10,511 - INFO - 📅 Fetching Basic Metadata: Dark Deity
2026-08-31 21:33:10,686 - INFO - 🎯 IGDB Match: 'Dark Deity' (100%)
2026-08-31 21:33:10,693 - INFO - 📅 Fetching Basic Metadata: RPG in a Box
2026-08-31 21:33:10,928 - INFO - 🎯 IGDB Match: 'RPG in a Box' (100%)
2026-08-31 21:33:10,936 - INFO - 📅 Fetching Basic Metadata: Fallout Classic Collection
2026-08-31 21:33:11,101 - INFO - 🎯 IGDB Match: 'Fallout Classic Collection' (100%)
2026-08-31 21:33:11,109 - INFO - 📅 Fetching Basic Metadata: Recipe for Disaster
2026-08-31 21:33:11,236 - INFO - 🎯 IGDB Match: 'Recipe For Disaster' (100%)
2026-08-31 21:33:11,243 - INFO - 📅 Fetching Basic Metadata: World of Warships — Starter Pack: Ishizuchi
2026-08-31 21:33:11,397 - INFO - 🎯 IGDB Match: 'World of Warships: Starter Pack - Ishizuchi' (98%)
2026-08-31 21:33:11,404 - INFO - 📅 Fetching Basic Metadata: Poker Club
2026-08-31 21:33:11,603 - INFO - 🎯 IGDB Match: 'Poker Club' (100%)
2026-08-31 21:33:11,610 - INFO - 📅 Fetching Basic Metadata: The Sims 4 The Daring Lifestyle Bundle
2026-08-31 21:33:11,794 - INFO - 🎯 IGDB Match: 'The Sims 4: The Daring Lifestyle Bundle' (99%)
2026-08-31 21:33:11,802 - INFO - 📅 Fetching Basic Metadata: Dodo Peak
2026-08-31 21:33:12,045 - INFO - 🎯 IGDB Match: 'Dodo Peak' (100%)
2026-08-31 21:33:12,052 - INFO - 📅 Fetching Basic Metadata: Spelldrifter
2026-08-31 21:33:12,273 - INFO - 🎯 IGDB Match: 'Spelldrifter' (100%)
2026-08-31 21:33:12,280 - INFO - 📅 Fetching Basic Metadata: Model Builder
2026-08-31 21:33:12,507 - INFO - 🎯 IGDB Match: 'Model Builder' (100%)
2026-08-31 21:33:12,513 - INFO - 📅 Fetching Basic Metadata: Godlike Burger
2026-08-31 21:33:12,769 - INFO - 🎯 IGDB Match: 'Godlike Burger' (100%)
2026-08-31 21:33:12,776 - INFO - 📅 Fetching Basic Metadata: Q.U.B.E. Ultimate Bundle
2026-08-31 21:33:12,933 - INFO - 🎯 IGDB Match: 'Q.U.B.E. Ultimate Bundle' (100%)
2026-08-31 21:33:12,940 - INFO - 📅 Fetching Basic Metadata: Jitsu Squad
2026-08-31 21:33:13,065 - INFO - 🎯 IGDB Match: 'Jitsu Squad' (100%)
2026-08-31 21:33:13,071 - INFO - 📅 Fetching Basic Metadata: Mighty Fight Federation
2026-08-31 21:33:13,405 - INFO - 🎯 IGDB Match: 'Mighty Fight Federation' (100%)
2026-08-31 21:33:13,414 - INFO - 📅 Fetching Basic Metadata: LOVE
2026-08-31 21:33:13,587 - INFO - 🎯 IGDB Match: 'Love Love Love' (90%)
2026-08-31 21:33:13,595 - INFO - 📅 Fetching Basic Metadata: Call of The Wild: The Angler
2026-08-31 21:33:13,727 - INFO - 🎯 IGDB Match: 'Call of the Wild: The Angler' (100%)
2026-08-31 21:33:13,735 - INFO - 📅 Fetching Basic Metadata: The Falconeer
2026-08-31 21:33:13,856 - INFO - 🎯 IGDB Match: 'The Falconeer: The Hunter' (90%)
2026-08-31 21:33:13,863 - INFO - 📅 Fetching Basic Metadata: Rawmen: Food Fighter Arena
2026-08-31 21:33:14,070 - INFO - 🎯 IGDB Match: 'Rawmen' (90%)
2026-08-31 21:33:14,077 - INFO - 📅 Fetching Basic Metadata: World of Warships – Starter Pack: Albany
2026-08-31 21:33:14,199 - INFO - 📅 Fetching Basic Metadata: Fallout Classic Edition
2026-08-31 21:33:16,762 - INFO - 📅 Fetching Basic Metadata: Outliver: Tribulation
2026-08-31 21:33:17,011 - INFO - 🎯 IGDB Match: 'Outliver: Tribulation' (100%)
2026-08-31 21:33:17,019 - INFO - 📅 Fetching Basic Metadata: Bus Simulator 21 Next Stop
2026-08-31 21:33:17,310 - INFO - 🎯 IGDB Match: 'Bus Simulator 21: Next Stop' (98%)
2026-08-31 21:33:17,318 - INFO - 📅 Fetching Basic Metadata: Turmoil
2026-08-31 21:33:17,494 - INFO - 🎯 IGDB Match: 'Turmoil' (100%)
2026-08-31 21:33:17,501 - INFO - 📅 Fetching Basic Metadata: World War Z Aftermath
2026-08-31 21:33:17,746 - INFO - 🎯 IGDB Match: 'World War Z: Aftermath' (98%)
2026-08-31 21:33:17,753 - INFO - 📅 Fetching Basic Metadata: World Of Warships – Anniversary Party Flavor
2026-08-31 21:33:17,888 - INFO - 📅 Fetching Basic Metadata: Neko Ghost, Jump!
2026-08-31 21:33:18,059 - INFO - 🎯 IGDB Match: 'Neko Ghost, Jump!' (100%)
2026-08-31 21:33:18,067 - INFO - 📅 Fetching Basic Metadata: Super Space Club
2026-08-31 21:33:18,192 - INFO - 🎯 IGDB Match: 'Super Space Club' (100%)
2026-08-31 21:33:18,199 - INFO - 📅 Fetching Basic Metadata: Touch Type Tale
2026-08-31 21:33:18,449 - INFO - 🎯 IGDB Match: 'Touch Type Tale' (100%)
2026-08-31 21:33:18,456 - INFO - 📅 Fetching Basic Metadata: Gigapocalypse
2026-08-31 21:33:18,572 - INFO - 🎯 IGDB Match: 'Gigapocalypse' (100%)
2026-08-31 21:33:18,579 - INFO - 📅 Fetching Basic Metadata: Legion TD2
2026-08-31 21:33:18,753 - INFO - 📅 Fetching Basic Metadata: Nightingale
2026-08-31 21:33:18,886 - INFO - 🎯 IGDB Match: 'Nightingale' (100%)
2026-08-31 21:33:18,894 - INFO - 📅 Fetching Basic Metadata: Godzilla Voxel Wars
2026-08-31 21:33:19,143 - INFO - 🎯 IGDB Match: 'Godzilla Voxel Wars' (100%)
2026-08-31 21:33:19,151 - INFO - 📅 Fetching Basic Metadata: Trine Classic Collection
2026-08-31 21:33:19,401 - INFO - 🎯 IGDB Match: 'Trine Classic Collection' (100%)
2026-08-31 21:33:19,409 - INFO - 📅 Fetching Basic Metadata: Poison Retro Set
2026-08-31 21:33:19,627 - INFO - 🎯 IGDB Match: 'Pixel Gun 3D: Poison Retro Set' (90%)
2026-08-31 21:33:19,634 - INFO - 📅 Fetching Basic Metadata: The Darkside Detective A Fumble in the Dark
2026-08-31 21:33:19,909 - INFO - 🎯 IGDB Match: 'The Darkside Detective: A Fumble in the Dark' (99%)
2026-08-31 21:33:19,915 - INFO - 📅 Fetching Basic Metadata: Return to Ash
2026-08-31 21:33:20,040 - INFO - 🎯 IGDB Match: 'Return to Ash' (100%)
2026-08-31 21:33:20,047 - INFO - 🏢 Publisher Search: STALCRAFT: X Starter Edition
2026-08-31 21:33:21,394 - INFO - 📅 Fetching Basic Metadata: STALCRAFT: X Starter Edition
2026-08-31 21:33:21,633 - INFO - 📅 Fetching Basic Metadata: Boxes: Lost Fragments
2026-08-31 21:33:21,759 - INFO - 🎯 IGDB Match: 'Boxes: Lost Fragments' (100%)
2026-08-31 21:33:21,766 - INFO - 📅 Fetching Basic Metadata: My Night Job
2026-08-31 21:33:21,895 - INFO - 🎯 IGDB Match: 'My Night Job' (100%)
2026-08-31 21:33:21,903 - INFO - 📅 Fetching Basic Metadata: Electrician Simulator
2026-08-31 21:33:22,090 - INFO - 🎯 IGDB Match: 'Electrician Simulator' (100%)
2026-08-31 21:33:22,097 - INFO - 🏢 Publisher Search: World of Warships — Epic Anniversary Tachibana Pack
2026-08-31 21:33:23,527 - INFO - 📅 Fetching Basic Metadata: World of Warships — Epic Anniversary Tachibana Pack
2026-08-31 21:33:23,660 - INFO - 📅 Fetching Basic Metadata: Hyper Echelon
2026-08-31 21:33:23,784 - INFO - 🎯 IGDB Match: 'Hyper Echelon' (100%)
2026-08-31 21:33:23,791 - INFO - 📅 Fetching Basic Metadata: Havendock
2026-08-31 21:33:23,916 - INFO - 🎯 IGDB Match: 'Havendock' (100%)
2026-08-31 21:33:23,923 - INFO - 📅 Fetching Basic Metadata: Clone Drone in the Danger Zone
2026-08-31 21:33:24,049 - INFO - 🎯 IGDB Match: 'Clone Drone in the Danger Zone' (100%)
2026-08-31 21:33:24,056 - INFO - 🏢 Publisher Search: TOMAK: Save the Earth Regeneration
2026-08-31 21:33:25,426 - INFO - 📅 Fetching Basic Metadata: TOMAK: Save the Earth Regeneration
2026-08-31 21:33:25,559 - INFO - 🎯 IGDB Match: 'Tomak: Save the Earth Regeneration' (100%)
2026-08-31 21:33:25,565 - INFO - 📅 Fetching Basic Metadata: Prop Sumo
2026-08-31 21:33:25,703 - INFO - 🎯 IGDB Match: 'Prop Sumo' (100%)
2026-08-31 21:33:25,710 - INFO - 📅 Fetching Basic Metadata: The Stone of Madness
2026-08-31 21:33:25,835 - INFO - 🎯 IGDB Match: 'The Stone of Madness' (100%)
2026-08-31 21:33:25,842 - INFO - 📅 Fetching Basic Metadata: Firestone Online Idle RPG
2026-08-31 21:33:25,973 - INFO - 🎯 IGDB Match: 'Firestone: Online Idle RPG' (98%)
2026-08-31 21:33:25,979 - INFO - 📅 Fetching Basic Metadata: Oddsparks: An Automation Adventure
2026-08-31 21:33:26,104 - INFO - 🎯 IGDB Match: 'Oddsparks: An Automation Adventure' (100%)
2026-08-31 21:33:26,111 - INFO - 📅 Fetching Basic Metadata: Trash Goblin
2026-08-31 21:33:26,380 - INFO - 🎯 IGDB Match: 'Trash Goblin' (100%)
2026-08-31 21:33:26,387 - INFO - 🏢 Publisher Search: The Telltale Batman Shadows Edition
2026-08-31 21:33:27,785 - INFO - 📅 Fetching Basic Metadata: The Telltale Batman Shadows Edition
2026-08-31 21:33:27,904 - INFO - 🎯 IGDB Match: 'Telltale Batman Shadows Edition' (95%)
2026-08-31 21:33:27,911 - INFO - 🏢 Publisher Search: Sunderfolk - Standard Edition
2026-08-31 21:33:29,343 - INFO - 📅 Fetching Basic Metadata: Sunderfolk - Standard Edition
2026-08-31 21:33:29,468 - INFO - 📅 Fetching Basic Metadata: Down in Bermuda
2026-08-31 21:33:29,649 - INFO - 🎯 IGDB Match: 'Down in Bermuda' (100%)
2026-08-31 21:33:29,655 - INFO - 📅 Fetching Basic Metadata: Tomb Raider I-III Remastered Starring Lara Croft
2026-08-31 21:33:30,070 - INFO - 📅 Fetching Basic Metadata: LONESTAR
2026-08-31 21:33:30,246 - INFO - 🎯 IGDB Match: 'LoneStar' (100%)
2026-08-31 21:33:30,253 - INFO - 📅 Fetching Basic Metadata: Calico
2026-08-31 21:33:30,493 - INFO - 🎯 IGDB Match: 'Calico' (100%)
2026-08-31 21:33:30,500 - INFO - 📅 Fetching Basic Metadata: Rogue Waters
2026-08-31 21:33:30,629 - INFO - 🎯 IGDB Match: 'Rogue Waters' (100%)
2026-08-31 21:33:30,636 - INFO - 📅 Fetching Basic Metadata: The Ouroboros King
2026-08-31 21:33:30,767 - INFO - 🎯 IGDB Match: 'The Ouroboros King' (100%)
2026-08-31 21:33:30,774 - INFO - 🏢 Publisher Search: Warhammer 40K Speed Freeks
2026-08-31 21:33:32,128 - INFO - 📅 Fetching Basic Metadata: I Have No Mouth, and I Must Scream
2026-08-31 21:33:32,352 - INFO - 🎯 IGDB Match: 'I Have No Mouth, and I Must Scream' (100%)
2026-08-31 21:33:32,359 - INFO - 📅 Fetching Basic Metadata: Nova Lands
2026-08-31 21:33:32,534 - INFO - 🎯 IGDB Match: 'Nova Lands' (100%)
2026-08-31 21:33:32,540 - INFO - 📅 Fetching Basic Metadata: Tattoo Tycoon
2026-08-31 21:33:32,666 - INFO - 🎯 IGDB Match: 'Tattoo Tycoon' (100%)
2026-08-31 21:33:32,673 - INFO - 📅 Fetching Basic Metadata: Echo Generation: Midnight Edition
2026-08-31 21:33:32,861 - INFO - 🎯 IGDB Match: 'Echo Generation: Midnight Edition' (100%)
2026-08-31 21:33:32,868 - INFO - 💰 Price Search: Foretales
2026-08-31 21:33:34,038 - WARNING - Price error for Foretales: string indices must be integers, not 'str'
2026-08-31 21:33:34,038 - INFO - 📅 Fetching Basic Metadata: Foretales
2026-08-31 21:33:34,188 - INFO - 🎯 IGDB Match: 'Foretales' (100%)
2026-08-31 21:33:34,195 - INFO - 💰 Price Search: OTXO
2026-08-31 21:33:35,242 - WARNING - Price error for OTXO: string indices must be integers, not 'str'
2026-08-31 21:33:35,244 - INFO - 💰 Price Search: Sol Cesto
2026-08-31 21:33:36,300 - WARNING - Price error for Sol Cesto: string indices must be integers, not 'str'
2026-08-31 21:33:36,300 - INFO - 📅 Fetching Basic Metadata: Sol Cesto
2026-08-31 21:33:36,423 - INFO - 🎯 IGDB Match: 'Sol Cesto' (100%)
2026-08-31 21:33:36,430 - INFO - 💰 Price Search: Beacon Pines
2026-08-31 21:33:37,479 - WARNING - Price error for Beacon Pines: string indices must be integers, not 'str'
2026-08-31 21:33:37,481 - INFO - 💰 Price Search: Caravan SandWitch
2026-08-31 21:33:38,532 - WARNING - Price error for Caravan SandWitch: string indices must be integers, not 'str'
2026-08-31 21:33:38,534 - INFO - 💰 Price Search: Cardpocalypse Standard Edition
2026-08-31 21:33:39,589 - WARNING - Price error for Cardpocalypse Standard Edition: string indices must be integers, not 'str'
2026-08-31 21:33:39,589 - INFO - 🏢 Publisher Search: Cardpocalypse Standard Edition
2026-08-31 21:33:40,961 - INFO - 📅 Fetching Basic Metadata: Cardpocalypse Standard Edition
2026-08-31 21:33:41,266 - INFO - 💰 Price Search: Epic Mage Bundle
2026-08-31 21:33:42,314 - WARNING - Price error for Epic Mage Bundle: string indices must be integers, not 'str'
2026-08-31 21:33:42,315 - INFO - 🏢 Publisher Search: Epic Mage Bundle
2026-08-31 21:33:43,686 - INFO - 📅 Fetching Basic Metadata: Epic Mage Bundle
2026-08-31 21:33:43,961 - INFO - 💰 Price Search: Rival Stars Horse Racing : Desktop Edition
2026-08-31 21:33:45,005 - WARNING - Price error for Rival Stars Horse Racing : Desktop Edition: string indices must be integers, not 'str'
2026-08-31 21:33:45,005 - INFO - 🏢 Publisher Search: Rival Stars Horse Racing : Desktop Edition
2026-08-31 21:33:46,324 - INFO - 📅 Fetching Basic Metadata: Rival Stars Horse Racing : Desktop Edition
2026-08-31 21:33:46,558 - INFO - 🎯 IGDB Match: 'Rival Stars Horse Racing: Desktop Edition' (99%)
2026-08-31 21:33:46,570 - INFO - 
--- Starting Data Quality Checks ---
2026-08-31 21:33:46,583 - INFO - --- Data Quality Checks Complete ---

2026-08-31 21:33:46,612 - INFO - | Metric | Statistics |
| :--- | :--- |
| 💰 **Total Market Value** | **$13,332.99** |
| 📦 **Total Games Collected** | 700 |
| 🏷️ **Average Retail Price** | $22.09 per game |
| 💎 **Most Expensive Title** | Civilization 6 Platinum Edition ($79.99) |
| 👑 **MVP Publisher** | Bethesda Softworks |
| 🏢 **Value Leaders** | 2K ($579.90), Bethesda Softworks ($544.80), Paradox Interactive ($409.89) |
| 📈 **Inflation-Adjusted Value** | $15,130.23 |
| 🎈 **Inflation Bonus** | **+$1,797.24** in purchasing power |
| 🗓️ **Peak Saving Month** | 🎄 **Seasonality Peak:** December is historically the best month, offering $3,388.17 in savings. |
| ⭐ **Average Score** | 76.9/100 |
| 💳 **Subscription Equivalent** | **$168.05 / mo** |
| 🎯 **Prestige Ratio** | **2.0%** (Strategic Hype) |
| 🏎️ **Lead Time Avg** | 441 Days to Sequel |

2026-08-31 21:33:46,612 - INFO - ✅ README.md updated.
2026-08-31 21:33:46,635 - INFO - Using categorical units to plot a list of strings that are all parsable as floats or dates. If these strings should be plotted as numbers, cast to the appropriate data type before plotting.
2026-08-31 21:33:46,636 - INFO - Using categorical units to plot a list of strings that are all parsable as floats or dates. If these strings should be plotted as numbers, cast to the appropriate data type before plotting.
2026-08-31 21:33:52,455 - INFO - 📈 All charts generated successfully.
