2026-08-03 18:16:27,049 - INFO - Failed to extract font properties from /usr/share/fonts/truetype/noto/NotoColorEmoji.ttf: Non-scalable fonts are not supported
2026-08-03 18:16:27,191 - INFO - generated new fontManager
2026-08-03 18:16:27,553 - INFO - ✅ Migration Successful!
2026-08-03 18:16:28,256 - INFO - No new games found.
2026-08-03 18:16:28,599 - INFO - 🔍 Found 616 games needing metadata. Starting IGDB + Steam + CheapShark enrichment...
2026-08-03 18:16:28,678 - INFO - 📅 Fetching Basic Metadata: LEGO Batman Trilogy
2026-08-03 18:16:29,020 - INFO - 🎯 IGDB Match: 'LEGO Batman Trilogy' (100%)
2026-08-03 18:16:29,050 - INFO - 📅 Fetching Basic Metadata: Antstream
2026-08-03 18:16:29,220 - INFO - 📅 Fetching Basic Metadata: The Drone Racing League Simulator
2026-08-03 18:16:29,343 - INFO - 🎯 IGDB Match: 'The Drone Racing League Simulator' (100%)
2026-08-03 18:16:29,352 - INFO - 📅 Fetching Basic Metadata: Dark Deity
2026-08-03 18:16:29,501 - INFO - 🎯 IGDB Match: 'Dark Deity' (100%)
2026-08-03 18:16:29,509 - INFO - 📅 Fetching Basic Metadata: RPG in a Box
2026-08-03 18:16:29,641 - INFO - 🎯 IGDB Match: 'RPG in a Box' (100%)
2026-08-03 18:16:29,649 - INFO - 📅 Fetching Basic Metadata: Fallout Classic Collection
2026-08-03 18:16:29,796 - INFO - 🎯 IGDB Match: 'Fallout Classic Collection' (100%)
2026-08-03 18:16:29,805 - INFO - 📅 Fetching Basic Metadata: Recipe for Disaster
2026-08-03 18:16:29,918 - INFO - 🎯 IGDB Match: 'Recipe For Disaster' (100%)
2026-08-03 18:16:29,926 - INFO - 📅 Fetching Basic Metadata: World of Warships — Starter Pack: Ishizuchi
2026-08-03 18:16:30,067 - INFO - 🎯 IGDB Match: 'World of Warships: Starter Pack - Ishizuchi' (98%)
2026-08-03 18:16:30,075 - INFO - 📅 Fetching Basic Metadata: Poker Club
2026-08-03 18:16:30,223 - INFO - 🎯 IGDB Match: 'Poker Club' (100%)
2026-08-03 18:16:30,230 - INFO - 📅 Fetching Basic Metadata: The Sims 4 The Daring Lifestyle Bundle
2026-08-03 18:16:30,316 - INFO - 🎯 IGDB Match: 'The Sims 4: The Daring Lifestyle Bundle' (99%)
2026-08-03 18:16:30,325 - INFO - 📅 Fetching Basic Metadata: Dodo Peak
2026-08-03 18:16:30,404 - INFO - 🎯 IGDB Match: 'Dodo Peak' (100%)
2026-08-03 18:16:30,411 - INFO - 📅 Fetching Basic Metadata: Spelldrifter
2026-08-03 18:16:30,537 - INFO - 🎯 IGDB Match: 'Spelldrifter' (100%)
2026-08-03 18:16:30,544 - INFO - 📅 Fetching Basic Metadata: Model Builder
2026-08-03 18:16:30,626 - INFO - 🎯 IGDB Match: 'Model Builder' (100%)
2026-08-03 18:16:30,633 - INFO - 📅 Fetching Basic Metadata: Godlike Burger
2026-08-03 18:16:30,759 - INFO - 🎯 IGDB Match: 'Godlike Burger' (100%)
2026-08-03 18:16:30,766 - INFO - 📅 Fetching Basic Metadata: Q.U.B.E. Ultimate Bundle
2026-08-03 18:16:30,881 - INFO - 🎯 IGDB Match: 'Q.U.B.E. Ultimate Bundle' (100%)
2026-08-03 18:16:30,889 - INFO - 📅 Fetching Basic Metadata: Jitsu Squad
2026-08-03 18:16:30,972 - INFO - 🎯 IGDB Match: 'Jitsu Squad' (100%)
2026-08-03 18:16:30,978 - INFO - 📅 Fetching Basic Metadata: Mighty Fight Federation
2026-08-03 18:16:31,112 - INFO - 🎯 IGDB Match: 'Mighty Fight Federation' (100%)
2026-08-03 18:16:31,123 - INFO - 📅 Fetching Basic Metadata: LOVE
2026-08-03 18:16:31,230 - INFO - 🎯 IGDB Match: 'Love Love Love' (90%)
2026-08-03 18:16:31,239 - INFO - 📅 Fetching Basic Metadata: Call of The Wild: The Angler
2026-08-03 18:16:31,317 - INFO - 🎯 IGDB Match: 'Call of the Wild: The Angler' (100%)
2026-08-03 18:16:31,326 - INFO - 📅 Fetching Basic Metadata: The Falconeer
2026-08-03 18:16:31,406 - INFO - 🎯 IGDB Match: 'The Falconeer: The Hunter' (90%)
2026-08-03 18:16:31,413 - INFO - 📅 Fetching Basic Metadata: Rawmen: Food Fighter Arena
2026-08-03 18:16:31,489 - INFO - 🎯 IGDB Match: 'Rawmen' (90%)
2026-08-03 18:16:31,496 - INFO - 📅 Fetching Basic Metadata: World of Warships – Starter Pack: Albany
2026-08-03 18:16:31,560 - WARNING - IGDB Error for World of Warships – Starter Pack: Albany: string indices must be integers, not 'str'
2026-08-03 18:16:31,567 - INFO - 📅 Fetching Basic Metadata: Fallout Classic Edition
2026-08-03 18:16:31,632 - WARNING - IGDB Error for Fallout Classic Edition: string indices must be integers, not 'str'
2026-08-03 18:16:31,640 - INFO - 📅 Fetching Basic Metadata: Outliver: Tribulation
2026-08-03 18:16:31,715 - INFO - 🎯 IGDB Match: 'Outliver: Tribulation' (100%)
2026-08-03 18:16:31,723 - INFO - 📅 Fetching Basic Metadata: Bus Simulator 21 Next Stop
2026-08-03 18:16:31,968 - INFO - 🎯 IGDB Match: 'Bus Simulator 21: Next Stop' (98%)
2026-08-03 18:16:31,976 - INFO - 📅 Fetching Basic Metadata: Turmoil
2026-08-03 18:16:32,053 - WARNING - IGDB Error for Turmoil: string indices must be integers, not 'str'
2026-08-03 18:16:32,061 - INFO - 📅 Fetching Basic Metadata: World War Z Aftermath
2026-08-03 18:16:32,135 - WARNING - IGDB Error for World War Z Aftermath: string indices must be integers, not 'str'
2026-08-03 18:16:32,143 - INFO - 📅 Fetching Basic Metadata: World Of Warships – Anniversary Party Flavor
2026-08-03 18:16:32,206 - WARNING - IGDB Error for World Of Warships – Anniversary Party Flavor: string indices must be integers, not 'str'
2026-08-03 18:16:32,213 - INFO - 📅 Fetching Basic Metadata: Neko Ghost, Jump!
2026-08-03 18:16:32,280 - WARNING - IGDB Error for Neko Ghost, Jump!: string indices must be integers, not 'str'
2026-08-03 18:16:32,288 - INFO - 📅 Fetching Basic Metadata: Super Space Club
2026-08-03 18:16:32,353 - WARNING - IGDB Error for Super Space Club: string indices must be integers, not 'str'
2026-08-03 18:16:32,360 - INFO - 📅 Fetching Basic Metadata: Touch Type Tale
2026-08-03 18:16:32,426 - WARNING - IGDB Error for Touch Type Tale: string indices must be integers, not 'str'
2026-08-03 18:16:32,433 - INFO - 📅 Fetching Basic Metadata: Gigapocalypse
2026-08-03 18:16:32,550 - WARNING - IGDB Error for Gigapocalypse: string indices must be integers, not 'str'
2026-08-03 18:16:32,558 - INFO - 📅 Fetching Basic Metadata: Legion TD2
2026-08-03 18:16:32,629 - WARNING - IGDB Error for Legion TD2: string indices must be integers, not 'str'
2026-08-03 18:16:32,638 - INFO - 📅 Fetching Basic Metadata: Nightingale
2026-08-03 18:16:32,700 - WARNING - IGDB Error for Nightingale: string indices must be integers, not 'str'
2026-08-03 18:16:32,708 - INFO - 📅 Fetching Basic Metadata: Godzilla Voxel Wars
2026-08-03 18:16:32,771 - WARNING - IGDB Error for Godzilla Voxel Wars: string indices must be integers, not 'str'
2026-08-03 18:16:32,780 - INFO - 📅 Fetching Basic Metadata: Trine Classic Collection
2026-08-03 18:16:32,849 - WARNING - IGDB Error for Trine Classic Collection: string indices must be integers, not 'str'
2026-08-03 18:16:32,857 - INFO - 📅 Fetching Basic Metadata: Poison Retro Set
2026-08-03 18:16:32,986 - WARNING - IGDB Error for Poison Retro Set: string indices must be integers, not 'str'
2026-08-03 18:16:32,993 - INFO - 📅 Fetching Basic Metadata: The Darkside Detective A Fumble in the Dark
2026-08-03 18:16:33,167 - WARNING - IGDB Error for The Darkside Detective A Fumble in the Dark: string indices must be integers, not 'str'
2026-08-03 18:16:33,174 - INFO - 📅 Fetching Basic Metadata: Return to Ash
2026-08-03 18:16:33,250 - INFO - 🎯 IGDB Match: 'Return to Ash' (100%)
2026-08-03 18:16:33,257 - INFO - 🏢 Publisher Search: STALCRAFT: X Starter Edition
2026-08-03 18:16:34,640 - INFO - 📅 Fetching Basic Metadata: STALCRAFT: X Starter Edition
2026-08-03 18:16:34,722 - INFO - 📅 Fetching Basic Metadata: Boxes: Lost Fragments
2026-08-03 18:16:34,799 - INFO - 🎯 IGDB Match: 'Boxes: Lost Fragments' (100%)
2026-08-03 18:16:34,805 - INFO - 📅 Fetching Basic Metadata: My Night Job
2026-08-03 18:16:34,881 - INFO - 🎯 IGDB Match: 'My Night Job' (100%)
2026-08-03 18:16:34,889 - INFO - 📅 Fetching Basic Metadata: Electrician Simulator
2026-08-03 18:16:34,967 - INFO - 🎯 IGDB Match: 'Electrician Simulator' (100%)
2026-08-03 18:16:34,973 - INFO - 🏢 Publisher Search: World of Warships — Epic Anniversary Tachibana Pack
2026-08-03 18:16:36,301 - INFO - 📅 Fetching Basic Metadata: World of Warships — Epic Anniversary Tachibana Pack
2026-08-03 18:16:36,382 - INFO - 📅 Fetching Basic Metadata: Hyper Echelon
2026-08-03 18:16:36,458 - INFO - 🎯 IGDB Match: 'Hyper Echelon' (100%)
2026-08-03 18:16:36,465 - INFO - 📅 Fetching Basic Metadata: Havendock
2026-08-03 18:16:36,539 - INFO - 🎯 IGDB Match: 'Havendock' (100%)
2026-08-03 18:16:36,547 - INFO - 📅 Fetching Basic Metadata: Clone Drone in the Danger Zone
2026-08-03 18:16:36,624 - INFO - 🎯 IGDB Match: 'Clone Drone in the Danger Zone' (100%)
2026-08-03 18:16:36,631 - INFO - 🏢 Publisher Search: TOMAK: Save the Earth Regeneration
2026-08-03 18:16:37,966 - INFO - 📅 Fetching Basic Metadata: TOMAK: Save the Earth Regeneration
2026-08-03 18:16:38,064 - INFO - 🎯 IGDB Match: 'Tomak: Save the Earth Regeneration' (100%)
2026-08-03 18:16:38,071 - INFO - 📅 Fetching Basic Metadata: Prop Sumo
2026-08-03 18:16:38,172 - INFO - 🎯 IGDB Match: 'Prop Sumo' (100%)
2026-08-03 18:16:38,179 - INFO - 📅 Fetching Basic Metadata: The Stone of Madness
2026-08-03 18:16:38,255 - INFO - 🎯 IGDB Match: 'The Stone of Madness' (100%)
2026-08-03 18:16:38,262 - INFO - 📅 Fetching Basic Metadata: Firestone Online Idle RPG
2026-08-03 18:16:38,334 - INFO - 🎯 IGDB Match: 'Firestone: Online Idle RPG' (98%)
2026-08-03 18:16:38,341 - INFO - 📅 Fetching Basic Metadata: Oddsparks: An Automation Adventure
2026-08-03 18:16:38,424 - INFO - 🎯 IGDB Match: 'Oddsparks: An Automation Adventure' (100%)
2026-08-03 18:16:38,431 - INFO - 📅 Fetching Basic Metadata: Trash Goblin
2026-08-03 18:16:38,506 - INFO - 🎯 IGDB Match: 'Trash Goblin' (100%)
2026-08-03 18:16:38,512 - INFO - 🏢 Publisher Search: The Telltale Batman Shadows Edition
2026-08-03 18:16:39,809 - INFO - 📅 Fetching Basic Metadata: The Telltale Batman Shadows Edition
2026-08-03 18:16:39,892 - INFO - 🎯 IGDB Match: 'Telltale Batman Shadows Edition' (95%)
2026-08-03 18:16:39,900 - INFO - 🏢 Publisher Search: Sunderfolk - Standard Edition
2026-08-03 18:16:41,565 - INFO - 📅 Fetching Basic Metadata: Sunderfolk - Standard Edition
2026-08-03 18:16:41,648 - INFO - 📅 Fetching Basic Metadata: Down in Bermuda
2026-08-03 18:16:41,727 - INFO - 🎯 IGDB Match: 'Down in Bermuda' (100%)
2026-08-03 18:16:41,734 - INFO - 📅 Fetching Basic Metadata: Tomb Raider I-III Remastered Starring Lara Croft
2026-08-03 18:16:41,819 - INFO - 📅 Fetching Basic Metadata: LONESTAR
2026-08-03 18:16:41,896 - INFO - 🎯 IGDB Match: 'LoneStar' (100%)
2026-08-03 18:16:41,903 - INFO - 📅 Fetching Basic Metadata: Calico
2026-08-03 18:16:41,982 - INFO - 🎯 IGDB Match: 'Calico' (100%)
2026-08-03 18:16:41,988 - INFO - 📅 Fetching Basic Metadata: Rogue Waters
2026-08-03 18:16:42,068 - INFO - 🎯 IGDB Match: 'Rogue Waters' (100%)
2026-08-03 18:16:42,076 - INFO - 📅 Fetching Basic Metadata: The Ouroboros King
2026-08-03 18:16:42,154 - INFO - 🎯 IGDB Match: 'The Ouroboros King' (100%)
2026-08-03 18:16:42,160 - INFO - 🏢 Publisher Search: Warhammer 40K Speed Freeks
2026-08-03 18:16:43,514 - INFO - 📅 Fetching Basic Metadata: I Have No Mouth, and I Must Scream
2026-08-03 18:16:43,643 - INFO - 🎯 IGDB Match: 'I Have No Mouth, and I Must Scream' (100%)
2026-08-03 18:16:43,650 - INFO - 📅 Fetching Basic Metadata: Nova Lands
2026-08-03 18:16:43,734 - INFO - 🎯 IGDB Match: 'Nova Lands' (100%)
2026-08-03 18:16:43,741 - INFO - 📅 Fetching Basic Metadata: Tattoo Tycoon
2026-08-03 18:16:43,813 - INFO - 🎯 IGDB Match: 'Tattoo Tycoon' (100%)
2026-08-03 18:16:43,820 - INFO - 📅 Fetching Basic Metadata: Echo Generation: Midnight Edition
2026-08-03 18:16:43,895 - INFO - 🎯 IGDB Match: 'Echo Generation: Midnight Edition' (100%)
2026-08-03 18:16:43,901 - INFO - 💰 Price Search: Foretales
2026-08-03 18:16:45,000 - WARNING - Price error for Foretales: string indices must be integers, not 'str'
2026-08-03 18:16:45,001 - INFO - 📅 Fetching Basic Metadata: Foretales
2026-08-03 18:16:45,109 - INFO - 🎯 IGDB Match: 'Foretales' (100%)
2026-08-03 18:16:45,115 - INFO - 💰 Price Search: OTXO
2026-08-03 18:16:46,172 - WARNING - Price error for OTXO: string indices must be integers, not 'str'
2026-08-03 18:16:46,173 - INFO - 💰 Price Search: Sol Cesto
2026-08-03 18:16:47,247 - WARNING - Price error for Sol Cesto: string indices must be integers, not 'str'
2026-08-03 18:16:47,247 - INFO - 📅 Fetching Basic Metadata: Sol Cesto
2026-08-03 18:16:47,322 - INFO - 🎯 IGDB Match: 'Sol Cesto' (100%)
2026-08-03 18:16:47,333 - INFO - 
--- Starting Data Quality Checks ---
2026-08-03 18:16:47,346 - INFO - --- Data Quality Checks Complete ---

2026-08-03 18:16:47,376 - INFO - | Metric | Statistics |
| :--- | :--- |
| 💰 **Total Market Value** | **$13,332.99** |
| 📦 **Total Games Collected** | 693 |
| 🏷️ **Average Retail Price** | $22.25 per game |
| 💎 **Most Expensive Title** | Civilization 6 Platinum Edition ($79.99) |
| 👑 **MVP Publisher** | Bethesda Softworks |
| 🏢 **Value Leaders** | 2K ($579.90), Bethesda Softworks ($544.80), Paradox Interactive ($409.89) |
| 📈 **Inflation-Adjusted Value** | $15,130.23 |
| 🎈 **Inflation Bonus** | **+$1,797.24** in purchasing power |
| 🗓️ **Peak Saving Month** | 🎄 **Seasonality Peak:** December is historically the best month, offering $3,388.17 in savings. |
| ⭐ **Average Score** | 76.9/100 |
| 💳 **Subscription Equivalent** | **$169.48 / mo** |
| 🎯 **Prestige Ratio** | **2.0%** (Strategic Hype) |
| 🏎️ **Lead Time Avg** | 441 Days to Sequel |

2026-08-03 18:16:47,377 - INFO - ✅ README.md updated.
2026-08-03 18:16:47,402 - INFO - Using categorical units to plot a list of strings that are all parsable as floats or dates. If these strings should be plotted as numbers, cast to the appropriate data type before plotting.
2026-08-03 18:16:47,403 - INFO - Using categorical units to plot a list of strings that are all parsable as floats or dates. If these strings should be plotted as numbers, cast to the appropriate data type before plotting.
2026-08-03 18:16:53,745 - INFO - 📈 All charts generated successfully.
