2026-09-09 19:21:58,946 - INFO - Failed to extract font properties from /usr/share/fonts/truetype/noto/NotoColorEmoji.ttf: Non-scalable fonts are not supported
2026-09-09 19:21:59,003 - INFO - generated new fontManager
2026-09-09 19:21:59,725 - INFO - ✅ Migration Successful!
2026-09-09 19:22:00,019 - INFO - No new games found.
2026-09-09 19:22:00,410 - INFO - 🔍 Found 624 games needing metadata. Starting IGDB + Steam + CheapShark enrichment...
2026-09-09 19:22:01,096 - INFO - 📅 Fetching Basic Metadata: LEGO Batman Trilogy
2026-09-09 19:22:01,544 - INFO - 🎯 IGDB Match: 'LEGO Batman Trilogy' (100%)
2026-09-09 19:22:01,559 - INFO - 📅 Fetching Basic Metadata: Antstream
2026-09-09 19:22:01,845 - INFO - 📅 Fetching Basic Metadata: The Drone Racing League Simulator
2026-09-09 19:22:02,097 - INFO - 🎯 IGDB Match: 'The Drone Racing League Simulator' (100%)
2026-09-09 19:22:02,102 - INFO - 📅 Fetching Basic Metadata: Dark Deity
2026-09-09 19:22:02,363 - INFO - 🎯 IGDB Match: 'Dark Deity' (100%)
2026-09-09 19:22:02,368 - INFO - 📅 Fetching Basic Metadata: RPG in a Box
2026-09-09 19:22:02,574 - INFO - 🎯 IGDB Match: 'RPG in a Box' (100%)
2026-09-09 19:22:02,579 - INFO - 📅 Fetching Basic Metadata: Fallout Classic Collection
2026-09-09 19:22:02,888 - INFO - 🎯 IGDB Match: 'Fallout Classic Collection' (100%)
2026-09-09 19:22:02,894 - INFO - 📅 Fetching Basic Metadata: Recipe for Disaster
2026-09-09 19:22:03,085 - INFO - 🎯 IGDB Match: 'Recipe For Disaster' (100%)
2026-09-09 19:22:03,090 - INFO - 📅 Fetching Basic Metadata: World of Warships — Starter Pack: Ishizuchi
2026-09-09 19:22:03,400 - INFO - 🎯 IGDB Match: 'World of Warships: Starter Pack - Ishizuchi' (98%)
2026-09-09 19:22:03,405 - INFO - 📅 Fetching Basic Metadata: Poker Club
2026-09-09 19:22:03,618 - INFO - 🎯 IGDB Match: 'Poker Club' (100%)
2026-09-09 19:22:03,622 - INFO - 📅 Fetching Basic Metadata: The Sims 4 The Daring Lifestyle Bundle
2026-09-09 19:22:03,776 - INFO - 🎯 IGDB Match: 'The Sims 4: The Daring Lifestyle Bundle' (99%)
2026-09-09 19:22:03,781 - INFO - 📅 Fetching Basic Metadata: Dodo Peak
2026-09-09 19:22:03,922 - INFO - 🎯 IGDB Match: 'Dodo Peak' (100%)
2026-09-09 19:22:03,927 - INFO - 📅 Fetching Basic Metadata: Spelldrifter
2026-09-09 19:22:04,059 - INFO - 🎯 IGDB Match: 'Spelldrifter' (100%)
2026-09-09 19:22:04,064 - INFO - 📅 Fetching Basic Metadata: Model Builder
2026-09-09 19:22:04,425 - INFO - 🎯 IGDB Match: 'Model Builder' (100%)
2026-09-09 19:22:04,430 - INFO - 📅 Fetching Basic Metadata: Godlike Burger
2026-09-09 19:22:04,563 - INFO - 🎯 IGDB Match: 'Godlike Burger' (100%)
2026-09-09 19:22:04,567 - INFO - 📅 Fetching Basic Metadata: Q.U.B.E. Ultimate Bundle
2026-09-09 19:22:04,689 - INFO - 🎯 IGDB Match: 'Q.U.B.E. Ultimate Bundle' (100%)
2026-09-09 19:22:04,694 - INFO - 📅 Fetching Basic Metadata: Jitsu Squad
2026-09-09 19:22:04,858 - INFO - 🎯 IGDB Match: 'Jitsu Squad' (100%)
2026-09-09 19:22:04,862 - INFO - 📅 Fetching Basic Metadata: Mighty Fight Federation
2026-09-09 19:22:05,101 - INFO - 🎯 IGDB Match: 'Mighty Fight Federation' (100%)
2026-09-09 19:22:05,107 - INFO - 📅 Fetching Basic Metadata: LOVE
2026-09-09 19:22:05,403 - INFO - 🎯 IGDB Match: 'Love Love Love' (90%)
2026-09-09 19:22:05,408 - INFO - 📅 Fetching Basic Metadata: Call of The Wild: The Angler
2026-09-09 19:22:05,546 - INFO - 🎯 IGDB Match: 'Call of the Wild: The Angler' (100%)
2026-09-09 19:22:05,552 - INFO - 📅 Fetching Basic Metadata: The Falconeer
2026-09-09 19:22:05,684 - INFO - 🎯 IGDB Match: 'The Falconeer: The Hunter' (90%)
2026-09-09 19:22:05,689 - INFO - 📅 Fetching Basic Metadata: Rawmen: Food Fighter Arena
2026-09-09 19:22:05,910 - INFO - 🎯 IGDB Match: 'Rawmen' (90%)
2026-09-09 19:22:05,914 - INFO - 📅 Fetching Basic Metadata: World of Warships – Starter Pack: Albany
2026-09-09 19:22:06,170 - INFO - 📅 Fetching Basic Metadata: Fallout Classic Edition
2026-09-09 19:22:06,314 - INFO - 📅 Fetching Basic Metadata: Outliver: Tribulation
2026-09-09 19:22:06,447 - INFO - 🎯 IGDB Match: 'Outliver: Tribulation' (100%)
2026-09-09 19:22:06,452 - INFO - 📅 Fetching Basic Metadata: Bus Simulator 21 Next Stop
2026-09-09 19:22:06,582 - INFO - 🎯 IGDB Match: 'Bus Simulator 21: Next Stop' (98%)
2026-09-09 19:22:06,588 - INFO - 📅 Fetching Basic Metadata: Turmoil
2026-09-09 19:22:06,706 - INFO - 🎯 IGDB Match: 'Turmoil' (100%)
2026-09-09 19:22:06,711 - INFO - 📅 Fetching Basic Metadata: World War Z Aftermath
2026-09-09 19:22:06,839 - INFO - 🎯 IGDB Match: 'World War Z: Aftermath' (98%)
2026-09-09 19:22:06,843 - INFO - 📅 Fetching Basic Metadata: World Of Warships – Anniversary Party Flavor
2026-09-09 19:22:07,073 - INFO - 📅 Fetching Basic Metadata: Neko Ghost, Jump!
2026-09-09 19:22:07,295 - INFO - 🎯 IGDB Match: 'Neko Ghost, Jump!' (100%)
2026-09-09 19:22:07,300 - INFO - 📅 Fetching Basic Metadata: Super Space Club
2026-09-09 19:22:07,536 - INFO - 🎯 IGDB Match: 'Super Space Club' (100%)
2026-09-09 19:22:07,541 - INFO - 📅 Fetching Basic Metadata: Touch Type Tale
2026-09-09 19:22:07,724 - INFO - 🎯 IGDB Match: 'Touch Type Tale' (100%)
2026-09-09 19:22:07,728 - INFO - 📅 Fetching Basic Metadata: Gigapocalypse
2026-09-09 19:22:07,966 - INFO - 🎯 IGDB Match: 'Gigapocalypse' (100%)
2026-09-09 19:22:07,971 - INFO - 📅 Fetching Basic Metadata: Legion TD2
2026-09-09 19:22:08,103 - INFO - 📅 Fetching Basic Metadata: Nightingale
2026-09-09 19:22:08,240 - INFO - 🎯 IGDB Match: 'Nightingale' (100%)
2026-09-09 19:22:08,245 - INFO - 📅 Fetching Basic Metadata: Godzilla Voxel Wars
2026-09-09 19:22:08,391 - INFO - 🎯 IGDB Match: 'Godzilla Voxel Wars' (100%)
2026-09-09 19:22:08,397 - INFO - 📅 Fetching Basic Metadata: Trine Classic Collection
2026-09-09 19:22:08,527 - WARNING - IGDB Error for Trine Classic Collection: string indices must be integers, not 'str'
2026-09-09 19:22:08,532 - INFO - 📅 Fetching Basic Metadata: Poison Retro Set
2026-09-09 19:22:08,647 - INFO - 🎯 IGDB Match: 'Pixel Gun 3D: Poison Retro Set' (90%)
2026-09-09 19:22:08,651 - INFO - 📅 Fetching Basic Metadata: The Darkside Detective A Fumble in the Dark
2026-09-09 19:22:08,803 - WARNING - IGDB Error for The Darkside Detective A Fumble in the Dark: string indices must be integers, not 'str'
2026-09-09 19:22:08,808 - INFO - 📅 Fetching Basic Metadata: Return to Ash
2026-09-09 19:22:08,846 - WARNING - IGDB Error for Return to Ash: ('Connection aborted.', ConnectionResetError(104, 'Connection reset by peer'))
2026-09-09 19:22:08,851 - INFO - 🏢 Publisher Search: STALCRAFT: X Starter Edition
2026-09-09 19:22:10,300 - INFO - 📅 Fetching Basic Metadata: STALCRAFT: X Starter Edition
2026-09-09 19:22:10,493 - INFO - 📅 Fetching Basic Metadata: Boxes: Lost Fragments
2026-09-09 19:22:10,630 - INFO - 🎯 IGDB Match: 'Boxes: Lost Fragments' (100%)
2026-09-09 19:22:10,635 - INFO - 📅 Fetching Basic Metadata: My Night Job
2026-09-09 19:22:10,866 - INFO - 🎯 IGDB Match: 'My Night Job' (100%)
2026-09-09 19:22:10,872 - INFO - 📅 Fetching Basic Metadata: Electrician Simulator
2026-09-09 19:22:11,031 - INFO - 🎯 IGDB Match: 'Electrician Simulator' (100%)
2026-09-09 19:22:11,036 - INFO - 🏢 Publisher Search: World of Warships — Epic Anniversary Tachibana Pack
2026-09-09 19:22:12,399 - INFO - 📅 Fetching Basic Metadata: World of Warships — Epic Anniversary Tachibana Pack
2026-09-09 19:22:12,701 - INFO - 📅 Fetching Basic Metadata: Hyper Echelon
2026-09-09 19:22:12,944 - INFO - 🎯 IGDB Match: 'Hyper Echelon' (100%)
2026-09-09 19:22:12,948 - INFO - 📅 Fetching Basic Metadata: Havendock
2026-09-09 19:22:13,162 - INFO - 🎯 IGDB Match: 'Havendock' (100%)
2026-09-09 19:22:13,167 - INFO - 📅 Fetching Basic Metadata: Clone Drone in the Danger Zone
2026-09-09 19:22:13,396 - INFO - 🎯 IGDB Match: 'Clone Drone in the Danger Zone' (100%)
2026-09-09 19:22:13,400 - INFO - 🏢 Publisher Search: TOMAK: Save the Earth Regeneration
2026-09-09 19:22:14,765 - INFO - 📅 Fetching Basic Metadata: TOMAK: Save the Earth Regeneration
2026-09-09 19:22:14,971 - INFO - 🎯 IGDB Match: 'Tomak: Save the Earth Regeneration' (100%)
2026-09-09 19:22:14,975 - INFO - 📅 Fetching Basic Metadata: Prop Sumo
2026-09-09 19:22:15,213 - INFO - 🎯 IGDB Match: 'Prop Sumo' (100%)
2026-09-09 19:22:15,218 - INFO - 📅 Fetching Basic Metadata: The Stone of Madness
2026-09-09 19:22:15,347 - INFO - 🎯 IGDB Match: 'The Stone of Madness' (100%)
2026-09-09 19:22:15,352 - INFO - 📅 Fetching Basic Metadata: Firestone Online Idle RPG
2026-09-09 19:22:15,583 - INFO - 🎯 IGDB Match: 'Firestone: Online Idle RPG' (98%)
2026-09-09 19:22:15,648 - INFO - 📅 Fetching Basic Metadata: Oddsparks: An Automation Adventure
2026-09-09 19:22:15,797 - INFO - 🎯 IGDB Match: 'Oddsparks: An Automation Adventure' (100%)
2026-09-09 19:22:15,803 - INFO - 📅 Fetching Basic Metadata: Trash Goblin
2026-09-09 19:22:15,946 - INFO - 🎯 IGDB Match: 'Trash Goblin' (100%)
2026-09-09 19:22:15,998 - INFO - 🏢 Publisher Search: The Telltale Batman Shadows Edition
2026-09-09 19:22:17,408 - INFO - 📅 Fetching Basic Metadata: The Telltale Batman Shadows Edition
2026-09-09 19:22:17,624 - INFO - 🎯 IGDB Match: 'Telltale Batman Shadows Edition' (95%)
2026-09-09 19:22:17,628 - INFO - 🏢 Publisher Search: Sunderfolk - Standard Edition
2026-09-09 19:22:19,149 - INFO - 📅 Fetching Basic Metadata: Sunderfolk - Standard Edition
2026-09-09 19:22:19,285 - INFO - 📅 Fetching Basic Metadata: Down in Bermuda
2026-09-09 19:22:19,506 - INFO - 🎯 IGDB Match: 'Down in Bermuda' (100%)
2026-09-09 19:22:19,510 - INFO - 📅 Fetching Basic Metadata: Tomb Raider I-III Remastered Starring Lara Croft
2026-09-09 19:22:19,639 - INFO - 📅 Fetching Basic Metadata: LONESTAR
2026-09-09 19:22:19,670 - WARNING - IGDB Error for LONESTAR: ('Connection aborted.', ConnectionResetError(104, 'Connection reset by peer'))
2026-09-09 19:22:19,676 - INFO - 📅 Fetching Basic Metadata: Calico
2026-09-09 19:22:19,891 - INFO - 🎯 IGDB Match: 'Calico' (100%)
2026-09-09 19:22:19,896 - INFO - 📅 Fetching Basic Metadata: Rogue Waters
2026-09-09 19:22:20,049 - INFO - 🎯 IGDB Match: 'Rogue Waters' (100%)
2026-09-09 19:22:20,054 - INFO - 📅 Fetching Basic Metadata: The Ouroboros King
2026-09-09 19:22:20,314 - INFO - 🎯 IGDB Match: 'The Ouroboros King' (100%)
2026-09-09 19:22:20,319 - INFO - 🏢 Publisher Search: Warhammer 40K Speed Freeks
2026-09-09 19:22:21,690 - INFO - 📅 Fetching Basic Metadata: I Have No Mouth, and I Must Scream
2026-09-09 19:22:21,825 - INFO - 🎯 IGDB Match: 'I Have No Mouth, and I Must Scream' (100%)
2026-09-09 19:22:21,830 - INFO - 📅 Fetching Basic Metadata: Nova Lands
2026-09-09 19:22:21,948 - INFO - 🎯 IGDB Match: 'Nova Lands' (100%)
2026-09-09 19:22:21,952 - INFO - 📅 Fetching Basic Metadata: Tattoo Tycoon
2026-09-09 19:22:22,069 - INFO - 🎯 IGDB Match: 'Tattoo Tycoon' (100%)
2026-09-09 19:22:22,073 - INFO - 📅 Fetching Basic Metadata: Echo Generation: Midnight Edition
2026-09-09 19:22:22,311 - INFO - 🎯 IGDB Match: 'Echo Generation: Midnight Edition' (100%)
2026-09-09 19:22:22,315 - INFO - 💰 Price Search: Foretales
2026-09-09 19:22:23,532 - WARNING - Price error for Foretales: string indices must be integers, not 'str'
2026-09-09 19:22:23,532 - INFO - 📅 Fetching Basic Metadata: Foretales
2026-09-09 19:22:23,764 - INFO - 🎯 IGDB Match: 'Foretales' (100%)
2026-09-09 19:22:23,769 - INFO - 💰 Price Search: OTXO
2026-09-09 19:22:24,846 - WARNING - Price error for OTXO: string indices must be integers, not 'str'
2026-09-09 19:22:24,847 - INFO - 💰 Price Search: Sol Cesto
2026-09-09 19:22:25,916 - WARNING - Price error for Sol Cesto: string indices must be integers, not 'str'
2026-09-09 19:22:25,916 - INFO - 📅 Fetching Basic Metadata: Sol Cesto
2026-09-09 19:22:26,053 - INFO - 🎯 IGDB Match: 'Sol Cesto' (100%)
2026-09-09 19:22:26,058 - INFO - 💰 Price Search: Beacon Pines
2026-09-09 19:22:27,126 - WARNING - Price error for Beacon Pines: string indices must be integers, not 'str'
2026-09-09 19:22:27,127 - INFO - 💰 Price Search: Caravan SandWitch
2026-09-09 19:22:28,192 - WARNING - Price error for Caravan SandWitch: string indices must be integers, not 'str'
2026-09-09 19:22:28,193 - INFO - 💰 Price Search: Cardpocalypse Standard Edition
2026-09-09 19:22:29,276 - WARNING - Price error for Cardpocalypse Standard Edition: string indices must be integers, not 'str'
2026-09-09 19:22:29,277 - INFO - 🏢 Publisher Search: Cardpocalypse Standard Edition
2026-09-09 19:22:30,681 - INFO - 📅 Fetching Basic Metadata: Cardpocalypse Standard Edition
2026-09-09 19:22:30,919 - INFO - 💰 Price Search: Epic Mage Bundle
2026-09-09 19:22:32,001 - WARNING - Price error for Epic Mage Bundle: string indices must be integers, not 'str'
2026-09-09 19:22:32,001 - INFO - 🏢 Publisher Search: Epic Mage Bundle
2026-09-09 19:22:33,345 - INFO - 📅 Fetching Basic Metadata: Epic Mage Bundle
2026-09-09 19:22:33,581 - INFO - 💰 Price Search: Rival Stars Horse Racing : Desktop Edition
2026-09-09 19:22:34,642 - WARNING - Price error for Rival Stars Horse Racing : Desktop Edition: string indices must be integers, not 'str'
2026-09-09 19:22:34,642 - INFO - 🏢 Publisher Search: Rival Stars Horse Racing : Desktop Edition
2026-09-09 19:22:36,007 - INFO - 📅 Fetching Basic Metadata: Rival Stars Horse Racing : Desktop Edition
2026-09-09 19:22:36,243 - INFO - 🎯 IGDB Match: 'Rival Stars Horse Racing: Desktop Edition' (99%)
2026-09-09 19:22:36,247 - INFO - 💰 Price Search: Alone With You
2026-09-09 19:22:37,310 - WARNING - Price error for Alone With You: string indices must be integers, not 'str'
2026-09-09 19:22:37,310 - INFO - 📅 Fetching Basic Metadata: Alone With You
2026-09-09 19:22:37,546 - INFO - 🎯 IGDB Match: 'Alone With You' (100%)
2026-09-09 19:22:37,554 - INFO - 
--- Starting Data Quality Checks ---
2026-09-09 19:22:37,562 - INFO - --- Data Quality Checks Complete ---

2026-09-09 19:22:37,582 - INFO - | Metric | Statistics |
| :--- | :--- |
| 💰 **Total Market Value** | **$13,332.99** |
| 📦 **Total Games Collected** | 701 |
| 🏷️ **Average Retail Price** | $22.06 per game |
| 💎 **Most Expensive Title** | Civilization 6 Platinum Edition ($79.99) |
| 👑 **MVP Publisher** | Bethesda Softworks |
| 🏢 **Value Leaders** | 2K ($579.90), Bethesda Softworks ($544.80), Paradox Interactive ($409.89) |
| 📈 **Inflation-Adjusted Value** | $15,130.23 |
| 🎈 **Inflation Bonus** | **+$1,797.24** in purchasing power |
| 🗓️ **Peak Saving Month** | 🎄 **Seasonality Peak:** December is historically the best month, offering $3,388.17 in savings. |
| ⭐ **Average Score** | 76.9/100 |
| 💳 **Subscription Equivalent** | **$166.24 / mo** |
| 🎯 **Prestige Ratio** | **2.0%** (Strategic Hype) |
| 🏎️ **Lead Time Avg** | 441 Days to Sequel |

2026-09-09 19:22:37,582 - INFO - ✅ README.md updated.
2026-09-09 19:22:37,599 - INFO - Using categorical units to plot a list of strings that are all parsable as floats or dates. If these strings should be plotted as numbers, cast to the appropriate data type before plotting.
2026-09-09 19:22:37,600 - INFO - Using categorical units to plot a list of strings that are all parsable as floats or dates. If these strings should be plotted as numbers, cast to the appropriate data type before plotting.
2026-09-09 19:22:41,425 - INFO - 📈 All charts generated successfully.
