2026-08-26 18:15:03,746 - INFO - Failed to extract font properties from /usr/share/fonts/truetype/noto/NotoColorEmoji.ttf: Non-scalable fonts are not supported
2026-08-26 18:15:03,779 - INFO - generated new fontManager
2026-08-26 18:15:04,253 - INFO - ✅ Migration Successful!
2026-08-26 18:15:04,352 - INFO - No new games found.
2026-08-26 18:15:04,632 - INFO - 🔍 Found 621 games needing metadata. Starting IGDB + Steam + CheapShark enrichment...
2026-08-26 18:15:04,716 - INFO - 📅 Fetching Basic Metadata: LEGO Batman Trilogy
2026-08-26 18:15:04,894 - INFO - 🎯 IGDB Match: 'LEGO Batman Trilogy' (100%)
2026-08-26 18:15:04,924 - INFO - 📅 Fetching Basic Metadata: Antstream
2026-08-26 18:15:05,022 - INFO - 📅 Fetching Basic Metadata: The Drone Racing League Simulator
2026-08-26 18:15:05,124 - INFO - 🎯 IGDB Match: 'The Drone Racing League Simulator' (100%)
2026-08-26 18:15:05,132 - INFO - 📅 Fetching Basic Metadata: Dark Deity
2026-08-26 18:15:05,226 - INFO - 🎯 IGDB Match: 'Dark Deity' (100%)
2026-08-26 18:15:05,233 - INFO - 📅 Fetching Basic Metadata: RPG in a Box
2026-08-26 18:15:05,322 - INFO - 🎯 IGDB Match: 'RPG in a Box' (100%)
2026-08-26 18:15:05,330 - INFO - 📅 Fetching Basic Metadata: Fallout Classic Collection
2026-08-26 18:15:05,411 - INFO - 🎯 IGDB Match: 'Fallout Classic Collection' (100%)
2026-08-26 18:15:05,420 - INFO - 📅 Fetching Basic Metadata: Recipe for Disaster
2026-08-26 18:15:05,528 - INFO - 🎯 IGDB Match: 'Recipe For Disaster' (100%)
2026-08-26 18:15:05,535 - INFO - 📅 Fetching Basic Metadata: World of Warships — Starter Pack: Ishizuchi
2026-08-26 18:15:05,647 - INFO - 🎯 IGDB Match: 'World of Warships: Starter Pack - Ishizuchi' (98%)
2026-08-26 18:15:05,655 - INFO - 📅 Fetching Basic Metadata: Poker Club
2026-08-26 18:15:05,782 - INFO - 🎯 IGDB Match: 'Poker Club' (100%)
2026-08-26 18:15:05,788 - INFO - 📅 Fetching Basic Metadata: The Sims 4 The Daring Lifestyle Bundle
2026-08-26 18:15:05,927 - INFO - 🎯 IGDB Match: 'The Sims 4: The Daring Lifestyle Bundle' (99%)
2026-08-26 18:15:05,937 - INFO - 📅 Fetching Basic Metadata: Dodo Peak
2026-08-26 18:15:06,009 - INFO - 🎯 IGDB Match: 'Dodo Peak' (100%)
2026-08-26 18:15:06,016 - INFO - 📅 Fetching Basic Metadata: Spelldrifter
2026-08-26 18:15:06,098 - INFO - 🎯 IGDB Match: 'Spelldrifter' (100%)
2026-08-26 18:15:06,105 - INFO - 📅 Fetching Basic Metadata: Model Builder
2026-08-26 18:15:06,174 - INFO - 🎯 IGDB Match: 'Model Builder' (100%)
2026-08-26 18:15:06,180 - INFO - 📅 Fetching Basic Metadata: Godlike Burger
2026-08-26 18:15:06,276 - INFO - 🎯 IGDB Match: 'Godlike Burger' (100%)
2026-08-26 18:15:06,283 - INFO - 📅 Fetching Basic Metadata: Q.U.B.E. Ultimate Bundle
2026-08-26 18:15:06,353 - INFO - 🎯 IGDB Match: 'Q.U.B.E. Ultimate Bundle' (100%)
2026-08-26 18:15:06,361 - INFO - 📅 Fetching Basic Metadata: Jitsu Squad
2026-08-26 18:15:06,432 - INFO - 🎯 IGDB Match: 'Jitsu Squad' (100%)
2026-08-26 18:15:06,438 - INFO - 📅 Fetching Basic Metadata: Mighty Fight Federation
2026-08-26 18:15:06,511 - INFO - 🎯 IGDB Match: 'Mighty Fight Federation' (100%)
2026-08-26 18:15:06,521 - INFO - 📅 Fetching Basic Metadata: LOVE
2026-08-26 18:15:06,640 - INFO - 🎯 IGDB Match: 'Love Love Love' (90%)
2026-08-26 18:15:06,649 - INFO - 📅 Fetching Basic Metadata: Call of The Wild: The Angler
2026-08-26 18:15:06,718 - INFO - 🎯 IGDB Match: 'Call of the Wild: The Angler' (100%)
2026-08-26 18:15:06,728 - INFO - 📅 Fetching Basic Metadata: The Falconeer
2026-08-26 18:15:06,842 - INFO - 🎯 IGDB Match: 'The Falconeer: The Hunter' (90%)
2026-08-26 18:15:06,851 - INFO - 📅 Fetching Basic Metadata: Rawmen: Food Fighter Arena
2026-08-26 18:15:06,908 - WARNING - IGDB Error for Rawmen: Food Fighter Arena: string indices must be integers, not 'str'
2026-08-26 18:15:06,915 - INFO - 📅 Fetching Basic Metadata: World of Warships – Starter Pack: Albany
2026-08-26 18:15:06,975 - WARNING - IGDB Error for World of Warships – Starter Pack: Albany: string indices must be integers, not 'str'
2026-08-26 18:15:06,982 - INFO - 📅 Fetching Basic Metadata: Fallout Classic Edition
2026-08-26 18:15:07,041 - WARNING - IGDB Error for Fallout Classic Edition: string indices must be integers, not 'str'
2026-08-26 18:15:07,049 - INFO - 📅 Fetching Basic Metadata: Outliver: Tribulation
2026-08-26 18:15:07,104 - WARNING - IGDB Error for Outliver: Tribulation: string indices must be integers, not 'str'
2026-08-26 18:15:07,113 - INFO - 📅 Fetching Basic Metadata: Bus Simulator 21 Next Stop
2026-08-26 18:15:07,207 - WARNING - IGDB Error for Bus Simulator 21 Next Stop: string indices must be integers, not 'str'
2026-08-26 18:15:07,216 - INFO - 📅 Fetching Basic Metadata: Turmoil
2026-08-26 18:15:07,286 - WARNING - IGDB Error for Turmoil: string indices must be integers, not 'str'
2026-08-26 18:15:07,294 - INFO - 📅 Fetching Basic Metadata: World War Z Aftermath
2026-08-26 18:15:07,354 - WARNING - IGDB Error for World War Z Aftermath: string indices must be integers, not 'str'
2026-08-26 18:15:07,361 - INFO - 📅 Fetching Basic Metadata: World Of Warships – Anniversary Party Flavor
2026-08-26 18:15:07,420 - WARNING - IGDB Error for World Of Warships – Anniversary Party Flavor: string indices must be integers, not 'str'
2026-08-26 18:15:07,427 - INFO - 📅 Fetching Basic Metadata: Neko Ghost, Jump!
2026-08-26 18:15:07,487 - WARNING - IGDB Error for Neko Ghost, Jump!: string indices must be integers, not 'str'
2026-08-26 18:15:07,495 - INFO - 📅 Fetching Basic Metadata: Super Space Club
2026-08-26 18:15:07,559 - WARNING - IGDB Error for Super Space Club: string indices must be integers, not 'str'
2026-08-26 18:15:07,566 - INFO - 📅 Fetching Basic Metadata: Touch Type Tale
2026-08-26 18:15:07,624 - WARNING - IGDB Error for Touch Type Tale: string indices must be integers, not 'str'
2026-08-26 18:15:07,631 - INFO - 📅 Fetching Basic Metadata: Gigapocalypse
2026-08-26 18:15:07,688 - WARNING - IGDB Error for Gigapocalypse: string indices must be integers, not 'str'
2026-08-26 18:15:07,697 - INFO - 📅 Fetching Basic Metadata: Legion TD2
2026-08-26 18:15:07,753 - WARNING - IGDB Error for Legion TD2: string indices must be integers, not 'str'
2026-08-26 18:15:07,763 - INFO - 📅 Fetching Basic Metadata: Nightingale
2026-08-26 18:15:07,820 - WARNING - IGDB Error for Nightingale: string indices must be integers, not 'str'
2026-08-26 18:15:07,829 - INFO - 📅 Fetching Basic Metadata: Godzilla Voxel Wars
2026-08-26 18:15:07,884 - WARNING - IGDB Error for Godzilla Voxel Wars: string indices must be integers, not 'str'
2026-08-26 18:15:07,893 - INFO - 📅 Fetching Basic Metadata: Trine Classic Collection
2026-08-26 18:15:07,952 - WARNING - IGDB Error for Trine Classic Collection: string indices must be integers, not 'str'
2026-08-26 18:15:07,960 - INFO - 📅 Fetching Basic Metadata: Poison Retro Set
2026-08-26 18:15:08,017 - WARNING - IGDB Error for Poison Retro Set: string indices must be integers, not 'str'
2026-08-26 18:15:08,024 - INFO - 📅 Fetching Basic Metadata: The Darkside Detective A Fumble in the Dark
2026-08-26 18:15:08,085 - WARNING - IGDB Error for The Darkside Detective A Fumble in the Dark: string indices must be integers, not 'str'
2026-08-26 18:15:08,092 - INFO - 📅 Fetching Basic Metadata: Return to Ash
2026-08-26 18:15:08,147 - WARNING - IGDB Error for Return to Ash: string indices must be integers, not 'str'
2026-08-26 18:15:08,154 - INFO - 🏢 Publisher Search: STALCRAFT: X Starter Edition
2026-08-26 18:15:09,556 - INFO - 📅 Fetching Basic Metadata: STALCRAFT: X Starter Edition
2026-08-26 18:15:09,674 - INFO - 📅 Fetching Basic Metadata: Boxes: Lost Fragments
2026-08-26 18:15:09,848 - INFO - 🎯 IGDB Match: 'Boxes: Lost Fragments' (100%)
2026-08-26 18:15:09,855 - INFO - 📅 Fetching Basic Metadata: My Night Job
2026-08-26 18:15:09,925 - INFO - 🎯 IGDB Match: 'My Night Job' (100%)
2026-08-26 18:15:09,932 - INFO - 📅 Fetching Basic Metadata: Electrician Simulator
2026-08-26 18:15:10,001 - INFO - 🎯 IGDB Match: 'Electrician Simulator' (100%)
2026-08-26 18:15:10,007 - INFO - 🏢 Publisher Search: World of Warships — Epic Anniversary Tachibana Pack
2026-08-26 18:15:11,390 - INFO - 📅 Fetching Basic Metadata: World of Warships — Epic Anniversary Tachibana Pack
2026-08-26 18:15:11,534 - INFO - 📅 Fetching Basic Metadata: Hyper Echelon
2026-08-26 18:15:11,604 - INFO - 🎯 IGDB Match: 'Hyper Echelon' (100%)
2026-08-26 18:15:11,611 - INFO - 📅 Fetching Basic Metadata: Havendock
2026-08-26 18:15:11,681 - INFO - 🎯 IGDB Match: 'Havendock' (100%)
2026-08-26 18:15:11,688 - INFO - 📅 Fetching Basic Metadata: Clone Drone in the Danger Zone
2026-08-26 18:15:11,762 - INFO - 🎯 IGDB Match: 'Clone Drone in the Danger Zone' (100%)
2026-08-26 18:15:11,768 - INFO - 🏢 Publisher Search: TOMAK: Save the Earth Regeneration
2026-08-26 18:15:13,117 - INFO - 📅 Fetching Basic Metadata: TOMAK: Save the Earth Regeneration
2026-08-26 18:15:13,187 - INFO - 🎯 IGDB Match: 'Tomak: Save the Earth Regeneration' (100%)
2026-08-26 18:15:13,193 - INFO - 📅 Fetching Basic Metadata: Prop Sumo
2026-08-26 18:15:13,263 - INFO - 🎯 IGDB Match: 'Prop Sumo' (100%)
2026-08-26 18:15:13,269 - INFO - 📅 Fetching Basic Metadata: The Stone of Madness
2026-08-26 18:15:13,407 - INFO - 🎯 IGDB Match: 'The Stone of Madness' (100%)
2026-08-26 18:15:13,414 - INFO - 📅 Fetching Basic Metadata: Firestone Online Idle RPG
2026-08-26 18:15:13,480 - INFO - 🎯 IGDB Match: 'Firestone: Online Idle RPG' (98%)
2026-08-26 18:15:13,486 - INFO - 📅 Fetching Basic Metadata: Oddsparks: An Automation Adventure
2026-08-26 18:15:13,562 - INFO - 🎯 IGDB Match: 'Oddsparks: An Automation Adventure' (100%)
2026-08-26 18:15:13,569 - INFO - 📅 Fetching Basic Metadata: Trash Goblin
2026-08-26 18:15:13,638 - INFO - 🎯 IGDB Match: 'Trash Goblin' (100%)
2026-08-26 18:15:13,645 - INFO - 🏢 Publisher Search: The Telltale Batman Shadows Edition
2026-08-26 18:15:15,092 - INFO - 📅 Fetching Basic Metadata: The Telltale Batman Shadows Edition
2026-08-26 18:15:15,162 - INFO - 🎯 IGDB Match: 'Telltale Batman Shadows Edition' (95%)
2026-08-26 18:15:15,168 - INFO - 🏢 Publisher Search: Sunderfolk - Standard Edition
2026-08-26 18:15:16,508 - INFO - 📅 Fetching Basic Metadata: Sunderfolk - Standard Edition
2026-08-26 18:15:16,611 - INFO - 📅 Fetching Basic Metadata: Down in Bermuda
2026-08-26 18:15:16,685 - INFO - 🎯 IGDB Match: 'Down in Bermuda' (100%)
2026-08-26 18:15:16,691 - INFO - 📅 Fetching Basic Metadata: Tomb Raider I-III Remastered Starring Lara Croft
2026-08-26 18:15:16,767 - INFO - 📅 Fetching Basic Metadata: LONESTAR
2026-08-26 18:15:16,839 - INFO - 🎯 IGDB Match: 'LoneStar' (100%)
2026-08-26 18:15:16,846 - INFO - 📅 Fetching Basic Metadata: Calico
2026-08-26 18:15:16,917 - INFO - 🎯 IGDB Match: 'Calico' (100%)
2026-08-26 18:15:16,924 - INFO - 📅 Fetching Basic Metadata: Rogue Waters
2026-08-26 18:15:16,993 - INFO - 🎯 IGDB Match: 'Rogue Waters' (100%)
2026-08-26 18:15:17,000 - INFO - 📅 Fetching Basic Metadata: The Ouroboros King
2026-08-26 18:15:17,069 - INFO - 🎯 IGDB Match: 'The Ouroboros King' (100%)
2026-08-26 18:15:17,076 - INFO - 🏢 Publisher Search: Warhammer 40K Speed Freeks
2026-08-26 18:15:18,445 - INFO - 📅 Fetching Basic Metadata: I Have No Mouth, and I Must Scream
2026-08-26 18:15:18,515 - INFO - 🎯 IGDB Match: 'I Have No Mouth, and I Must Scream' (100%)
2026-08-26 18:15:18,522 - INFO - 📅 Fetching Basic Metadata: Nova Lands
2026-08-26 18:15:18,589 - INFO - 🎯 IGDB Match: 'Nova Lands' (100%)
2026-08-26 18:15:18,596 - INFO - 📅 Fetching Basic Metadata: Tattoo Tycoon
2026-08-26 18:15:18,664 - INFO - 🎯 IGDB Match: 'Tattoo Tycoon' (100%)
2026-08-26 18:15:18,671 - INFO - 📅 Fetching Basic Metadata: Echo Generation: Midnight Edition
2026-08-26 18:15:18,743 - INFO - 🎯 IGDB Match: 'Echo Generation: Midnight Edition' (100%)
2026-08-26 18:15:18,750 - INFO - 💰 Price Search: Foretales
2026-08-26 18:15:19,822 - WARNING - Price error for Foretales: string indices must be integers, not 'str'
2026-08-26 18:15:19,822 - INFO - 📅 Fetching Basic Metadata: Foretales
2026-08-26 18:15:19,888 - INFO - 🎯 IGDB Match: 'Foretales' (100%)
2026-08-26 18:15:19,895 - INFO - 💰 Price Search: OTXO
2026-08-26 18:15:20,950 - WARNING - Price error for OTXO: string indices must be integers, not 'str'
2026-08-26 18:15:20,951 - INFO - 💰 Price Search: Sol Cesto
2026-08-26 18:15:21,999 - WARNING - Price error for Sol Cesto: string indices must be integers, not 'str'
2026-08-26 18:15:22,000 - INFO - 📅 Fetching Basic Metadata: Sol Cesto
2026-08-26 18:15:22,067 - INFO - 🎯 IGDB Match: 'Sol Cesto' (100%)
2026-08-26 18:15:22,074 - INFO - 💰 Price Search: Beacon Pines
2026-08-26 18:15:23,139 - WARNING - Price error for Beacon Pines: string indices must be integers, not 'str'
2026-08-26 18:15:23,140 - INFO - 💰 Price Search: Caravan SandWitch
2026-08-26 18:15:24,205 - WARNING - Price error for Caravan SandWitch: string indices must be integers, not 'str'
2026-08-26 18:15:24,206 - INFO - 💰 Price Search: Cardpocalypse Standard Edition
2026-08-26 18:15:25,263 - WARNING - Price error for Cardpocalypse Standard Edition: string indices must be integers, not 'str'
2026-08-26 18:15:25,263 - INFO - 🏢 Publisher Search: Cardpocalypse Standard Edition
2026-08-26 18:15:26,591 - INFO - 📅 Fetching Basic Metadata: Cardpocalypse Standard Edition
2026-08-26 18:15:26,667 - INFO - 💰 Price Search: Epic Mage Bundle
2026-08-26 18:15:27,704 - WARNING - Price error for Epic Mage Bundle: string indices must be integers, not 'str'
2026-08-26 18:15:27,704 - INFO - 🏢 Publisher Search: Epic Mage Bundle
2026-08-26 18:15:29,038 - INFO - 📅 Fetching Basic Metadata: Epic Mage Bundle
2026-08-26 18:15:29,159 - INFO - 
--- Starting Data Quality Checks ---
2026-08-26 18:15:29,172 - INFO - --- Data Quality Checks Complete ---

2026-08-26 18:15:29,204 - INFO - | Metric | Statistics |
| :--- | :--- |
| 💰 **Total Market Value** | **$13,332.99** |
| 📦 **Total Games Collected** | 698 |
| 🏷️ **Average Retail Price** | $22.11 per game |
| 💎 **Most Expensive Title** | Civilization 6 Platinum Edition ($79.99) |
| 👑 **MVP Publisher** | Bethesda Softworks |
| 🏢 **Value Leaders** | 2K ($579.90), Bethesda Softworks ($544.80), Paradox Interactive ($409.89) |
| 📈 **Inflation-Adjusted Value** | $15,130.23 |
| 🎈 **Inflation Bonus** | **+$1,797.24** in purchasing power |
| 🗓️ **Peak Saving Month** | 🎄 **Seasonality Peak:** December is historically the best month, offering $3,388.17 in savings. |
| ⭐ **Average Score** | 76.9/100 |
| 💳 **Subscription Equivalent** | **$167.78 / mo** |
| 🎯 **Prestige Ratio** | **2.0%** (Strategic Hype) |
| 🏎️ **Lead Time Avg** | 441 Days to Sequel |

2026-08-26 18:15:29,204 - INFO - ✅ README.md updated.
2026-08-26 18:15:29,230 - INFO - Using categorical units to plot a list of strings that are all parsable as floats or dates. If these strings should be plotted as numbers, cast to the appropriate data type before plotting.
2026-08-26 18:15:29,231 - INFO - Using categorical units to plot a list of strings that are all parsable as floats or dates. If these strings should be plotted as numbers, cast to the appropriate data type before plotting.
2026-08-26 18:15:35,684 - INFO - 📈 All charts generated successfully.
