2026-08-14 17:28:27,911 - INFO - Failed to extract font properties from /usr/share/fonts/truetype/noto/NotoColorEmoji.ttf: Non-scalable fonts are not supported
2026-08-14 17:28:28,785 - INFO - generated new fontManager
2026-08-14 17:28:29,350 - INFO - ✅ Migration Successful!
2026-08-14 17:28:30,108 - INFO - No new games found.
2026-08-14 17:28:30,607 - INFO - 🔍 Found 619 games needing metadata. Starting IGDB + Steam + CheapShark enrichment...
2026-08-14 17:28:30,833 - INFO - 📅 Fetching Basic Metadata: LEGO Batman Trilogy
2026-08-14 17:28:31,161 - INFO - 🎯 IGDB Match: 'LEGO Batman Trilogy' (100%)
2026-08-14 17:28:31,184 - INFO - 📅 Fetching Basic Metadata: Antstream
2026-08-14 17:28:31,494 - INFO - 📅 Fetching Basic Metadata: The Drone Racing League Simulator
2026-08-14 17:28:31,746 - INFO - 🎯 IGDB Match: 'The Drone Racing League Simulator' (100%)
2026-08-14 17:28:31,754 - INFO - 📅 Fetching Basic Metadata: Dark Deity
2026-08-14 17:28:31,890 - INFO - 🎯 IGDB Match: 'Dark Deity' (100%)
2026-08-14 17:28:31,897 - INFO - 📅 Fetching Basic Metadata: RPG in a Box
2026-08-14 17:28:32,083 - INFO - 🎯 IGDB Match: 'RPG in a Box' (100%)
2026-08-14 17:28:32,091 - INFO - 📅 Fetching Basic Metadata: Fallout Classic Collection
2026-08-14 17:28:32,297 - INFO - 🎯 IGDB Match: 'Fallout Classic Collection' (100%)
2026-08-14 17:28:32,306 - INFO - 📅 Fetching Basic Metadata: Recipe for Disaster
2026-08-14 17:28:32,518 - INFO - 🎯 IGDB Match: 'Recipe For Disaster' (100%)
2026-08-14 17:28:32,526 - INFO - 📅 Fetching Basic Metadata: World of Warships — Starter Pack: Ishizuchi
2026-08-14 17:28:32,711 - INFO - 🎯 IGDB Match: 'World of Warships: Starter Pack - Ishizuchi' (98%)
2026-08-14 17:28:32,718 - INFO - 📅 Fetching Basic Metadata: Poker Club
2026-08-14 17:28:32,853 - INFO - 🎯 IGDB Match: 'Poker Club' (100%)
2026-08-14 17:28:32,860 - INFO - 📅 Fetching Basic Metadata: The Sims 4 The Daring Lifestyle Bundle
2026-08-14 17:28:33,078 - INFO - 🎯 IGDB Match: 'The Sims 4: The Daring Lifestyle Bundle' (99%)
2026-08-14 17:28:33,087 - INFO - 📅 Fetching Basic Metadata: Dodo Peak
2026-08-14 17:28:33,252 - INFO - 🎯 IGDB Match: 'Dodo Peak' (100%)
2026-08-14 17:28:33,259 - INFO - 📅 Fetching Basic Metadata: Spelldrifter
2026-08-14 17:28:33,429 - INFO - 🎯 IGDB Match: 'Spelldrifter' (100%)
2026-08-14 17:28:33,436 - INFO - 📅 Fetching Basic Metadata: Model Builder
2026-08-14 17:28:33,619 - INFO - 🎯 IGDB Match: 'Model Builder' (100%)
2026-08-14 17:28:33,625 - INFO - 📅 Fetching Basic Metadata: Godlike Burger
2026-08-14 17:28:33,771 - INFO - 🎯 IGDB Match: 'Godlike Burger' (100%)
2026-08-14 17:28:33,778 - INFO - 📅 Fetching Basic Metadata: Q.U.B.E. Ultimate Bundle
2026-08-14 17:28:33,922 - INFO - 🎯 IGDB Match: 'Q.U.B.E. Ultimate Bundle' (100%)
2026-08-14 17:28:33,930 - INFO - 📅 Fetching Basic Metadata: Jitsu Squad
2026-08-14 17:28:34,078 - INFO - 🎯 IGDB Match: 'Jitsu Squad' (100%)
2026-08-14 17:28:34,085 - INFO - 📅 Fetching Basic Metadata: Mighty Fight Federation
2026-08-14 17:28:34,214 - INFO - 🎯 IGDB Match: 'Mighty Fight Federation' (100%)
2026-08-14 17:28:34,224 - INFO - 📅 Fetching Basic Metadata: LOVE
2026-08-14 17:28:34,382 - INFO - 🎯 IGDB Match: 'Love Love Love' (90%)
2026-08-14 17:28:34,390 - INFO - 📅 Fetching Basic Metadata: Call of The Wild: The Angler
2026-08-14 17:28:34,538 - INFO - 🎯 IGDB Match: 'Call of the Wild: The Angler' (100%)
2026-08-14 17:28:34,547 - INFO - 📅 Fetching Basic Metadata: The Falconeer
2026-08-14 17:28:34,811 - INFO - 🎯 IGDB Match: 'The Falconeer: The Hunter' (90%)
2026-08-14 17:28:34,818 - INFO - 📅 Fetching Basic Metadata: Rawmen: Food Fighter Arena
2026-08-14 17:28:34,952 - INFO - 🎯 IGDB Match: 'Rawmen' (90%)
2026-08-14 17:28:34,959 - INFO - 📅 Fetching Basic Metadata: World of Warships – Starter Pack: Albany
2026-08-14 17:28:35,092 - INFO - 📅 Fetching Basic Metadata: Fallout Classic Edition
2026-08-14 17:28:35,225 - INFO - 📅 Fetching Basic Metadata: Outliver: Tribulation
2026-08-14 17:28:35,367 - INFO - 🎯 IGDB Match: 'Outliver: Tribulation' (100%)
2026-08-14 17:28:35,375 - INFO - 📅 Fetching Basic Metadata: Bus Simulator 21 Next Stop
2026-08-14 17:28:35,518 - INFO - 🎯 IGDB Match: 'Bus Simulator 21: Next Stop' (98%)
2026-08-14 17:28:35,527 - INFO - 📅 Fetching Basic Metadata: Turmoil
2026-08-14 17:28:35,662 - INFO - 🎯 IGDB Match: 'Turmoil' (100%)
2026-08-14 17:28:35,669 - INFO - 📅 Fetching Basic Metadata: World War Z Aftermath
2026-08-14 17:28:35,887 - WARNING - IGDB Error for World War Z Aftermath: string indices must be integers, not 'str'
2026-08-14 17:28:35,894 - INFO - 📅 Fetching Basic Metadata: World Of Warships – Anniversary Party Flavor
2026-08-14 17:28:36,027 - INFO - 📅 Fetching Basic Metadata: Neko Ghost, Jump!
2026-08-14 17:28:36,166 - INFO - 🎯 IGDB Match: 'Neko Ghost, Jump!' (100%)
2026-08-14 17:28:36,174 - INFO - 📅 Fetching Basic Metadata: Super Space Club
2026-08-14 17:28:36,303 - WARNING - IGDB Error for Super Space Club: string indices must be integers, not 'str'
2026-08-14 17:28:36,310 - INFO - 📅 Fetching Basic Metadata: Touch Type Tale
2026-08-14 17:28:36,424 - WARNING - IGDB Error for Touch Type Tale: string indices must be integers, not 'str'
2026-08-14 17:28:36,431 - INFO - 📅 Fetching Basic Metadata: Gigapocalypse
2026-08-14 17:28:36,773 - INFO - 🎯 IGDB Match: 'Gigapocalypse' (100%)
2026-08-14 17:28:36,781 - INFO - 📅 Fetching Basic Metadata: Legion TD2
2026-08-14 17:28:36,914 - INFO - 📅 Fetching Basic Metadata: Nightingale
2026-08-14 17:28:37,051 - INFO - 🎯 IGDB Match: 'Nightingale' (100%)
2026-08-14 17:28:37,058 - INFO - 📅 Fetching Basic Metadata: Godzilla Voxel Wars
2026-08-14 17:28:37,268 - WARNING - IGDB Error for Godzilla Voxel Wars: string indices must be integers, not 'str'
2026-08-14 17:28:37,276 - INFO - 📅 Fetching Basic Metadata: Trine Classic Collection
2026-08-14 17:28:37,390 - WARNING - IGDB Error for Trine Classic Collection: string indices must be integers, not 'str'
2026-08-14 17:28:37,398 - INFO - 📅 Fetching Basic Metadata: Poison Retro Set
2026-08-14 17:28:37,607 - WARNING - IGDB Error for Poison Retro Set: string indices must be integers, not 'str'
2026-08-14 17:28:37,614 - INFO - 📅 Fetching Basic Metadata: The Darkside Detective A Fumble in the Dark
2026-08-14 17:28:37,856 - INFO - 🎯 IGDB Match: 'The Darkside Detective: A Fumble in the Dark' (99%)
2026-08-14 17:28:37,863 - INFO - 📅 Fetching Basic Metadata: Return to Ash
2026-08-14 17:28:38,008 - INFO - 🎯 IGDB Match: 'Return to Ash' (100%)
2026-08-14 17:28:38,015 - INFO - 🏢 Publisher Search: STALCRAFT: X Starter Edition
2026-08-14 17:28:39,439 - INFO - 📅 Fetching Basic Metadata: STALCRAFT: X Starter Edition
2026-08-14 17:28:39,577 - INFO - 📅 Fetching Basic Metadata: Boxes: Lost Fragments
2026-08-14 17:28:39,715 - INFO - 🎯 IGDB Match: 'Boxes: Lost Fragments' (100%)
2026-08-14 17:28:39,722 - INFO - 📅 Fetching Basic Metadata: My Night Job
2026-08-14 17:28:39,892 - INFO - 🎯 IGDB Match: 'My Night Job' (100%)
2026-08-14 17:28:39,899 - INFO - 📅 Fetching Basic Metadata: Electrician Simulator
2026-08-14 17:28:40,040 - INFO - 🎯 IGDB Match: 'Electrician Simulator' (100%)
2026-08-14 17:28:40,047 - INFO - 🏢 Publisher Search: World of Warships — Epic Anniversary Tachibana Pack
2026-08-14 17:28:41,525 - INFO - 📅 Fetching Basic Metadata: World of Warships — Epic Anniversary Tachibana Pack
2026-08-14 17:28:41,671 - INFO - 📅 Fetching Basic Metadata: Hyper Echelon
2026-08-14 17:28:41,797 - INFO - 🎯 IGDB Match: 'Hyper Echelon' (100%)
2026-08-14 17:28:41,804 - INFO - 📅 Fetching Basic Metadata: Havendock
2026-08-14 17:28:41,936 - INFO - 🎯 IGDB Match: 'Havendock' (100%)
2026-08-14 17:28:41,943 - INFO - 📅 Fetching Basic Metadata: Clone Drone in the Danger Zone
2026-08-14 17:28:42,086 - INFO - 🎯 IGDB Match: 'Clone Drone in the Danger Zone' (100%)
2026-08-14 17:28:42,093 - INFO - 🏢 Publisher Search: TOMAK: Save the Earth Regeneration
2026-08-14 17:28:43,631 - INFO - 📅 Fetching Basic Metadata: TOMAK: Save the Earth Regeneration
2026-08-14 17:28:43,759 - INFO - 🎯 IGDB Match: 'Tomak: Save the Earth Regeneration' (100%)
2026-08-14 17:28:43,765 - INFO - 📅 Fetching Basic Metadata: Prop Sumo
2026-08-14 17:28:43,960 - INFO - 🎯 IGDB Match: 'Prop Sumo' (100%)
2026-08-14 17:28:43,966 - INFO - 📅 Fetching Basic Metadata: The Stone of Madness
2026-08-14 17:28:44,108 - INFO - 🎯 IGDB Match: 'The Stone of Madness' (100%)
2026-08-14 17:28:44,115 - INFO - 📅 Fetching Basic Metadata: Firestone Online Idle RPG
2026-08-14 17:28:44,329 - INFO - 🎯 IGDB Match: 'Firestone: Online Idle RPG' (98%)
2026-08-14 17:28:44,336 - INFO - 📅 Fetching Basic Metadata: Oddsparks: An Automation Adventure
2026-08-14 17:28:44,569 - INFO - 🎯 IGDB Match: 'Oddsparks: An Automation Adventure' (100%)
2026-08-14 17:28:44,576 - INFO - 📅 Fetching Basic Metadata: Trash Goblin
2026-08-14 17:28:44,700 - INFO - 🎯 IGDB Match: 'Trash Goblin' (100%)
2026-08-14 17:28:44,707 - INFO - 🏢 Publisher Search: The Telltale Batman Shadows Edition
2026-08-14 17:28:46,122 - INFO - 📅 Fetching Basic Metadata: The Telltale Batman Shadows Edition
2026-08-14 17:28:46,260 - INFO - 🎯 IGDB Match: 'Telltale Batman Shadows Edition' (95%)
2026-08-14 17:28:46,266 - INFO - 🏢 Publisher Search: Sunderfolk - Standard Edition
2026-08-14 17:28:47,773 - INFO - 📅 Fetching Basic Metadata: Sunderfolk - Standard Edition
2026-08-14 17:28:47,912 - INFO - 📅 Fetching Basic Metadata: Down in Bermuda
2026-08-14 17:28:48,149 - INFO - 🎯 IGDB Match: 'Down in Bermuda' (100%)
2026-08-14 17:28:48,156 - INFO - 📅 Fetching Basic Metadata: Tomb Raider I-III Remastered Starring Lara Croft
2026-08-14 17:28:48,305 - INFO - 📅 Fetching Basic Metadata: LONESTAR
2026-08-14 17:28:48,427 - INFO - 🎯 IGDB Match: 'LoneStar' (100%)
2026-08-14 17:28:48,434 - INFO - 📅 Fetching Basic Metadata: Calico
2026-08-14 17:28:48,708 - INFO - 🎯 IGDB Match: 'Calico' (100%)
2026-08-14 17:28:48,714 - INFO - 📅 Fetching Basic Metadata: Rogue Waters
2026-08-14 17:28:48,928 - INFO - 🎯 IGDB Match: 'Rogue Waters' (100%)
2026-08-14 17:28:48,935 - INFO - 📅 Fetching Basic Metadata: The Ouroboros King
2026-08-14 17:28:49,154 - INFO - 🎯 IGDB Match: 'The Ouroboros King' (100%)
2026-08-14 17:28:49,161 - INFO - 🏢 Publisher Search: Warhammer 40K Speed Freeks
2026-08-14 17:28:50,569 - INFO - 📅 Fetching Basic Metadata: I Have No Mouth, and I Must Scream
2026-08-14 17:28:50,695 - INFO - 🎯 IGDB Match: 'I Have No Mouth, and I Must Scream' (100%)
2026-08-14 17:28:50,702 - INFO - 📅 Fetching Basic Metadata: Nova Lands
2026-08-14 17:28:50,842 - INFO - 🎯 IGDB Match: 'Nova Lands' (100%)
2026-08-14 17:28:50,848 - INFO - 📅 Fetching Basic Metadata: Tattoo Tycoon
2026-08-14 17:28:51,070 - INFO - 🎯 IGDB Match: 'Tattoo Tycoon' (100%)
2026-08-14 17:28:51,077 - INFO - 📅 Fetching Basic Metadata: Echo Generation: Midnight Edition
2026-08-14 17:28:51,302 - INFO - 🎯 IGDB Match: 'Echo Generation: Midnight Edition' (100%)
2026-08-14 17:28:51,309 - INFO - 💰 Price Search: Foretales
2026-08-14 17:28:52,502 - WARNING - Price error for Foretales: string indices must be integers, not 'str'
2026-08-14 17:28:52,502 - INFO - 📅 Fetching Basic Metadata: Foretales
2026-08-14 17:28:52,680 - INFO - 🎯 IGDB Match: 'Foretales' (100%)
2026-08-14 17:28:52,687 - INFO - 💰 Price Search: OTXO
2026-08-14 17:28:53,758 - WARNING - Price error for OTXO: string indices must be integers, not 'str'
2026-08-14 17:28:53,759 - INFO - 💰 Price Search: Sol Cesto
2026-08-14 17:28:54,823 - WARNING - Price error for Sol Cesto: string indices must be integers, not 'str'
2026-08-14 17:28:54,824 - INFO - 📅 Fetching Basic Metadata: Sol Cesto
2026-08-14 17:28:55,047 - INFO - 🎯 IGDB Match: 'Sol Cesto' (100%)
2026-08-14 17:28:55,056 - INFO - 💰 Price Search: Beacon Pines
2026-08-14 17:28:56,111 - WARNING - Price error for Beacon Pines: string indices must be integers, not 'str'
2026-08-14 17:28:56,113 - INFO - 💰 Price Search: Caravan SandWitch
2026-08-14 17:28:57,186 - WARNING - Price error for Caravan SandWitch: string indices must be integers, not 'str'
2026-08-14 17:28:57,192 - INFO - 
--- Starting Data Quality Checks ---
2026-08-14 17:28:57,204 - INFO - --- Data Quality Checks Complete ---

2026-08-14 17:28:57,234 - INFO - | Metric | Statistics |
| :--- | :--- |
| 💰 **Total Market Value** | **$13,332.99** |
| 📦 **Total Games Collected** | 696 |
| 🏷️ **Average Retail Price** | $22.18 per game |
| 💎 **Most Expensive Title** | Civilization 6 Platinum Edition ($79.99) |
| 👑 **MVP Publisher** | Bethesda Softworks |
| 🏢 **Value Leaders** | 2K ($579.90), Bethesda Softworks ($544.80), Paradox Interactive ($409.89) |
| 📈 **Inflation-Adjusted Value** | $15,130.23 |
| 🎈 **Inflation Bonus** | **+$1,797.24** in purchasing power |
| 🗓️ **Peak Saving Month** | 🎄 **Seasonality Peak:** December is historically the best month, offering $3,388.17 in savings. |
| ⭐ **Average Score** | 76.9/100 |
| 💳 **Subscription Equivalent** | **$167.78 / mo** |
| 🎯 **Prestige Ratio** | **2.0%** (Strategic Hype) |
| 🏎️ **Lead Time Avg** | 441 Days to Sequel |

2026-08-14 17:28:57,234 - INFO - ✅ README.md updated.
2026-08-14 17:28:57,257 - INFO - Using categorical units to plot a list of strings that are all parsable as floats or dates. If these strings should be plotted as numbers, cast to the appropriate data type before plotting.
2026-08-14 17:28:57,257 - INFO - Using categorical units to plot a list of strings that are all parsable as floats or dates. If these strings should be plotted as numbers, cast to the appropriate data type before plotting.
2026-08-14 17:29:03,005 - INFO - 📈 All charts generated successfully.
