2026-09-03 19:21:39,637 - INFO - Failed to extract font properties from /usr/share/fonts/truetype/noto/NotoColorEmoji.ttf: Non-scalable fonts are not supported
2026-09-03 19:21:39,666 - INFO - generated new fontManager
2026-09-03 19:21:40,074 - INFO - ✅ Migration Successful!
2026-09-03 19:21:40,372 - INFO - Added 1 new games!
2026-09-03 19:21:40,790 - INFO - 🔍 Found 624 games needing metadata. Starting IGDB + Steam + CheapShark enrichment...
2026-09-03 19:21:40,864 - INFO - 📅 Fetching Basic Metadata: LEGO Batman Trilogy
2026-09-03 19:21:41,155 - INFO - 🎯 IGDB Match: 'LEGO Batman Trilogy' (100%)
2026-09-03 19:21:41,179 - INFO - 📅 Fetching Basic Metadata: Antstream
2026-09-03 19:21:41,455 - INFO - 📅 Fetching Basic Metadata: The Drone Racing League Simulator
2026-09-03 19:21:41,703 - INFO - 🎯 IGDB Match: 'The Drone Racing League Simulator' (100%)
2026-09-03 19:21:41,711 - INFO - 📅 Fetching Basic Metadata: Dark Deity
2026-09-03 19:21:41,838 - INFO - 🎯 IGDB Match: 'Dark Deity' (100%)
2026-09-03 19:21:41,845 - INFO - 📅 Fetching Basic Metadata: RPG in a Box
2026-09-03 19:21:41,990 - INFO - 🎯 IGDB Match: 'RPG in a Box' (100%)
2026-09-03 19:21:41,998 - INFO - 📅 Fetching Basic Metadata: Fallout Classic Collection
2026-09-03 19:21:42,196 - INFO - 🎯 IGDB Match: 'Fallout Classic Collection' (100%)
2026-09-03 19:21:42,205 - INFO - 📅 Fetching Basic Metadata: Recipe for Disaster
2026-09-03 19:21:42,404 - INFO - 🎯 IGDB Match: 'Recipe For Disaster' (100%)
2026-09-03 19:21:42,411 - INFO - 📅 Fetching Basic Metadata: World of Warships — Starter Pack: Ishizuchi
2026-09-03 19:21:42,537 - INFO - 🎯 IGDB Match: 'World of Warships: Starter Pack - Ishizuchi' (98%)
2026-09-03 19:21:42,544 - INFO - 📅 Fetching Basic Metadata: Poker Club
2026-09-03 19:21:42,693 - INFO - 🎯 IGDB Match: 'Poker Club' (100%)
2026-09-03 19:21:42,700 - INFO - 📅 Fetching Basic Metadata: The Sims 4 The Daring Lifestyle Bundle
2026-09-03 19:21:42,898 - INFO - 🎯 IGDB Match: 'The Sims 4: The Daring Lifestyle Bundle' (99%)
2026-09-03 19:21:42,906 - INFO - 📅 Fetching Basic Metadata: Dodo Peak
2026-09-03 19:21:43,102 - INFO - 🎯 IGDB Match: 'Dodo Peak' (100%)
2026-09-03 19:21:43,109 - INFO - 📅 Fetching Basic Metadata: Spelldrifter
2026-09-03 19:21:43,256 - INFO - 🎯 IGDB Match: 'Spelldrifter' (100%)
2026-09-03 19:21:43,263 - INFO - 📅 Fetching Basic Metadata: Model Builder
2026-09-03 19:21:43,384 - INFO - 🎯 IGDB Match: 'Model Builder' (100%)
2026-09-03 19:21:43,391 - INFO - 📅 Fetching Basic Metadata: Godlike Burger
2026-09-03 19:21:43,586 - INFO - 🎯 IGDB Match: 'Godlike Burger' (100%)
2026-09-03 19:21:43,593 - INFO - 📅 Fetching Basic Metadata: Q.U.B.E. Ultimate Bundle
2026-09-03 19:21:43,780 - INFO - 🎯 IGDB Match: 'Q.U.B.E. Ultimate Bundle' (100%)
2026-09-03 19:21:43,788 - INFO - 📅 Fetching Basic Metadata: Jitsu Squad
2026-09-03 19:21:43,916 - INFO - 🎯 IGDB Match: 'Jitsu Squad' (100%)
2026-09-03 19:21:43,922 - INFO - 📅 Fetching Basic Metadata: Mighty Fight Federation
2026-09-03 19:21:44,143 - INFO - 🎯 IGDB Match: 'Mighty Fight Federation' (100%)
2026-09-03 19:21:44,153 - INFO - 📅 Fetching Basic Metadata: LOVE
2026-09-03 19:21:44,311 - INFO - 🎯 IGDB Match: 'Love Love Love' (90%)
2026-09-03 19:21:44,319 - INFO - 📅 Fetching Basic Metadata: Call of The Wild: The Angler
2026-09-03 19:21:44,467 - INFO - 🎯 IGDB Match: 'Call of the Wild: The Angler' (100%)
2026-09-03 19:21:44,475 - INFO - 📅 Fetching Basic Metadata: The Falconeer
2026-09-03 19:21:44,657 - INFO - 🎯 IGDB Match: 'The Falconeer: The Hunter' (90%)
2026-09-03 19:21:44,665 - INFO - 📅 Fetching Basic Metadata: Rawmen: Food Fighter Arena
2026-09-03 19:21:44,808 - INFO - 🎯 IGDB Match: 'Rawmen' (90%)
2026-09-03 19:21:44,815 - INFO - 📅 Fetching Basic Metadata: World of Warships – Starter Pack: Albany
2026-09-03 19:21:44,950 - INFO - 📅 Fetching Basic Metadata: Fallout Classic Edition
2026-09-03 19:21:45,085 - INFO - 📅 Fetching Basic Metadata: Outliver: Tribulation
2026-09-03 19:21:45,214 - INFO - 🎯 IGDB Match: 'Outliver: Tribulation' (100%)
2026-09-03 19:21:45,222 - INFO - 📅 Fetching Basic Metadata: Bus Simulator 21 Next Stop
2026-09-03 19:21:45,353 - INFO - 🎯 IGDB Match: 'Bus Simulator 21: Next Stop' (98%)
2026-09-03 19:21:45,361 - INFO - 📅 Fetching Basic Metadata: Turmoil
2026-09-03 19:21:45,506 - INFO - 🎯 IGDB Match: 'Turmoil' (100%)
2026-09-03 19:21:45,513 - INFO - 📅 Fetching Basic Metadata: World War Z Aftermath
2026-09-03 19:21:45,633 - INFO - 🎯 IGDB Match: 'World War Z: Aftermath' (98%)
2026-09-03 19:21:45,640 - INFO - 📅 Fetching Basic Metadata: World Of Warships – Anniversary Party Flavor
2026-09-03 19:21:45,778 - INFO - 📅 Fetching Basic Metadata: Neko Ghost, Jump!
2026-09-03 19:21:45,909 - INFO - 🎯 IGDB Match: 'Neko Ghost, Jump!' (100%)
2026-09-03 19:21:45,917 - INFO - 📅 Fetching Basic Metadata: Super Space Club
2026-09-03 19:21:46,160 - INFO - 🎯 IGDB Match: 'Super Space Club' (100%)
2026-09-03 19:21:46,167 - INFO - 📅 Fetching Basic Metadata: Touch Type Tale
2026-09-03 19:21:46,309 - INFO - 🎯 IGDB Match: 'Touch Type Tale' (100%)
2026-09-03 19:21:46,316 - INFO - 📅 Fetching Basic Metadata: Gigapocalypse
2026-09-03 19:21:46,485 - WARNING - IGDB Error for Gigapocalypse: string indices must be integers, not 'str'
2026-09-03 19:21:46,494 - INFO - 📅 Fetching Basic Metadata: Legion TD2
2026-09-03 19:21:46,607 - WARNING - IGDB Error for Legion TD2: string indices must be integers, not 'str'
2026-09-03 19:21:46,616 - INFO - 📅 Fetching Basic Metadata: Nightingale
2026-09-03 19:21:46,727 - WARNING - IGDB Error for Nightingale: string indices must be integers, not 'str'
2026-09-03 19:21:46,735 - INFO - 📅 Fetching Basic Metadata: Godzilla Voxel Wars
2026-09-03 19:21:46,853 - WARNING - IGDB Error for Godzilla Voxel Wars: string indices must be integers, not 'str'
2026-09-03 19:21:46,861 - INFO - 📅 Fetching Basic Metadata: Trine Classic Collection
2026-09-03 19:21:46,973 - WARNING - IGDB Error for Trine Classic Collection: string indices must be integers, not 'str'
2026-09-03 19:21:46,981 - INFO - 📅 Fetching Basic Metadata: Poison Retro Set
2026-09-03 19:21:47,088 - WARNING - IGDB Error for Poison Retro Set: string indices must be integers, not 'str'
2026-09-03 19:21:47,095 - INFO - 📅 Fetching Basic Metadata: The Darkside Detective A Fumble in the Dark
2026-09-03 19:21:47,207 - WARNING - IGDB Error for The Darkside Detective A Fumble in the Dark: string indices must be integers, not 'str'
2026-09-03 19:21:47,215 - INFO - 📅 Fetching Basic Metadata: Return to Ash
2026-09-03 19:21:47,325 - WARNING - IGDB Error for Return to Ash: string indices must be integers, not 'str'
2026-09-03 19:21:47,332 - INFO - 🏢 Publisher Search: STALCRAFT: X Starter Edition
2026-09-03 19:21:48,728 - INFO - 📅 Fetching Basic Metadata: STALCRAFT: X Starter Edition
2026-09-03 19:21:48,862 - INFO - 📅 Fetching Basic Metadata: Boxes: Lost Fragments
2026-09-03 19:21:48,998 - INFO - 🎯 IGDB Match: 'Boxes: Lost Fragments' (100%)
2026-09-03 19:21:49,005 - INFO - 📅 Fetching Basic Metadata: My Night Job
2026-09-03 19:21:49,126 - INFO - 🎯 IGDB Match: 'My Night Job' (100%)
2026-09-03 19:21:49,133 - INFO - 📅 Fetching Basic Metadata: Electrician Simulator
2026-09-03 19:21:49,264 - INFO - 🎯 IGDB Match: 'Electrician Simulator' (100%)
2026-09-03 19:21:49,271 - INFO - 🏢 Publisher Search: World of Warships — Epic Anniversary Tachibana Pack
2026-09-03 19:21:50,730 - INFO - 📅 Fetching Basic Metadata: World of Warships — Epic Anniversary Tachibana Pack
2026-09-03 19:21:50,866 - INFO - 📅 Fetching Basic Metadata: Hyper Echelon
2026-09-03 19:21:51,076 - INFO - 🎯 IGDB Match: 'Hyper Echelon' (100%)
2026-09-03 19:21:51,082 - INFO - 📅 Fetching Basic Metadata: Havendock
2026-09-03 19:21:51,247 - INFO - 🎯 IGDB Match: 'Havendock' (100%)
2026-09-03 19:21:51,254 - INFO - 📅 Fetching Basic Metadata: Clone Drone in the Danger Zone
2026-09-03 19:21:51,372 - INFO - 🎯 IGDB Match: 'Clone Drone in the Danger Zone' (100%)
2026-09-03 19:21:51,379 - INFO - 🏢 Publisher Search: TOMAK: Save the Earth Regeneration
2026-09-03 19:21:52,735 - INFO - 📅 Fetching Basic Metadata: TOMAK: Save the Earth Regeneration
2026-09-03 19:21:52,860 - INFO - 🎯 IGDB Match: 'Tomak: Save the Earth Regeneration' (100%)
2026-09-03 19:21:52,866 - INFO - 📅 Fetching Basic Metadata: Prop Sumo
2026-09-03 19:21:53,000 - INFO - 🎯 IGDB Match: 'Prop Sumo' (100%)
2026-09-03 19:21:53,007 - INFO - 📅 Fetching Basic Metadata: The Stone of Madness
2026-09-03 19:21:53,132 - INFO - 🎯 IGDB Match: 'The Stone of Madness' (100%)
2026-09-03 19:21:53,139 - INFO - 📅 Fetching Basic Metadata: Firestone Online Idle RPG
2026-09-03 19:21:53,277 - INFO - 🎯 IGDB Match: 'Firestone: Online Idle RPG' (98%)
2026-09-03 19:21:53,284 - INFO - 📅 Fetching Basic Metadata: Oddsparks: An Automation Adventure
2026-09-03 19:21:53,407 - INFO - 🎯 IGDB Match: 'Oddsparks: An Automation Adventure' (100%)
2026-09-03 19:21:53,414 - INFO - 📅 Fetching Basic Metadata: Trash Goblin
2026-09-03 19:21:53,623 - INFO - 🎯 IGDB Match: 'Trash Goblin' (100%)
2026-09-03 19:21:53,629 - INFO - 🏢 Publisher Search: The Telltale Batman Shadows Edition
2026-09-03 19:21:55,009 - INFO - 📅 Fetching Basic Metadata: The Telltale Batman Shadows Edition
2026-09-03 19:21:55,156 - INFO - 🎯 IGDB Match: 'Telltale Batman Shadows Edition' (95%)
2026-09-03 19:21:55,163 - INFO - 🏢 Publisher Search: Sunderfolk - Standard Edition
2026-09-03 19:21:56,525 - INFO - 📅 Fetching Basic Metadata: Sunderfolk - Standard Edition
2026-09-03 19:21:56,659 - INFO - 📅 Fetching Basic Metadata: Down in Bermuda
2026-09-03 19:21:56,787 - INFO - 🎯 IGDB Match: 'Down in Bermuda' (100%)
2026-09-03 19:21:56,794 - INFO - 📅 Fetching Basic Metadata: Tomb Raider I-III Remastered Starring Lara Croft
2026-09-03 19:21:56,931 - INFO - 📅 Fetching Basic Metadata: LONESTAR
2026-09-03 19:21:57,108 - INFO - 🎯 IGDB Match: 'LoneStar' (100%)
2026-09-03 19:21:57,115 - INFO - 📅 Fetching Basic Metadata: Calico
2026-09-03 19:21:57,246 - INFO - 🎯 IGDB Match: 'Calico' (100%)
2026-09-03 19:21:57,253 - INFO - 📅 Fetching Basic Metadata: Rogue Waters
2026-09-03 19:21:57,377 - INFO - 🎯 IGDB Match: 'Rogue Waters' (100%)
2026-09-03 19:21:57,383 - INFO - 📅 Fetching Basic Metadata: The Ouroboros King
2026-09-03 19:21:57,551 - INFO - 🎯 IGDB Match: 'The Ouroboros King' (100%)
2026-09-03 19:21:57,558 - INFO - 🏢 Publisher Search: Warhammer 40K Speed Freeks
2026-09-03 19:21:58,956 - INFO - 📅 Fetching Basic Metadata: I Have No Mouth, and I Must Scream
2026-09-03 19:21:59,088 - INFO - 🎯 IGDB Match: 'I Have No Mouth, and I Must Scream' (100%)
2026-09-03 19:21:59,095 - INFO - 📅 Fetching Basic Metadata: Nova Lands
2026-09-03 19:21:59,230 - INFO - 🎯 IGDB Match: 'Nova Lands' (100%)
2026-09-03 19:21:59,236 - INFO - 📅 Fetching Basic Metadata: Tattoo Tycoon
2026-09-03 19:21:59,423 - INFO - 🎯 IGDB Match: 'Tattoo Tycoon' (100%)
2026-09-03 19:21:59,430 - INFO - 📅 Fetching Basic Metadata: Echo Generation: Midnight Edition
2026-09-03 19:21:59,551 - INFO - 🎯 IGDB Match: 'Echo Generation: Midnight Edition' (100%)
2026-09-03 19:21:59,558 - INFO - 💰 Price Search: Foretales
2026-09-03 19:22:00,693 - WARNING - Price error for Foretales: string indices must be integers, not 'str'
2026-09-03 19:22:00,694 - INFO - 📅 Fetching Basic Metadata: Foretales
2026-09-03 19:22:00,810 - INFO - 🎯 IGDB Match: 'Foretales' (100%)
2026-09-03 19:22:00,817 - INFO - 💰 Price Search: OTXO
2026-09-03 19:22:01,866 - WARNING - Price error for OTXO: string indices must be integers, not 'str'
2026-09-03 19:22:01,868 - INFO - 💰 Price Search: Sol Cesto
2026-09-03 19:22:02,920 - WARNING - Price error for Sol Cesto: string indices must be integers, not 'str'
2026-09-03 19:22:02,921 - INFO - 📅 Fetching Basic Metadata: Sol Cesto
2026-09-03 19:22:03,063 - INFO - 🎯 IGDB Match: 'Sol Cesto' (100%)
2026-09-03 19:22:03,069 - INFO - 💰 Price Search: Beacon Pines
2026-09-03 19:22:04,122 - WARNING - Price error for Beacon Pines: string indices must be integers, not 'str'
2026-09-03 19:22:04,124 - INFO - 💰 Price Search: Caravan SandWitch
2026-09-03 19:22:05,178 - WARNING - Price error for Caravan SandWitch: string indices must be integers, not 'str'
2026-09-03 19:22:05,179 - INFO - 💰 Price Search: Cardpocalypse Standard Edition
2026-09-03 19:22:06,228 - WARNING - Price error for Cardpocalypse Standard Edition: string indices must be integers, not 'str'
2026-09-03 19:22:06,228 - INFO - 🏢 Publisher Search: Cardpocalypse Standard Edition
2026-09-03 19:22:07,595 - INFO - 📅 Fetching Basic Metadata: Cardpocalypse Standard Edition
2026-09-03 19:22:07,734 - INFO - 💰 Price Search: Epic Mage Bundle
2026-09-03 19:22:08,783 - WARNING - Price error for Epic Mage Bundle: string indices must be integers, not 'str'
2026-09-03 19:22:08,784 - INFO - 🏢 Publisher Search: Epic Mage Bundle
2026-09-03 19:22:10,259 - INFO - 📅 Fetching Basic Metadata: Epic Mage Bundle
2026-09-03 19:22:10,395 - INFO - 💰 Price Search: Rival Stars Horse Racing : Desktop Edition
2026-09-03 19:22:11,437 - WARNING - Price error for Rival Stars Horse Racing : Desktop Edition: string indices must be integers, not 'str'
2026-09-03 19:22:11,438 - INFO - 🏢 Publisher Search: Rival Stars Horse Racing : Desktop Edition
2026-09-03 19:22:12,795 - INFO - 📅 Fetching Basic Metadata: Rival Stars Horse Racing : Desktop Edition
2026-09-03 19:22:12,921 - INFO - 🎯 IGDB Match: 'Rival Stars Horse Racing: Desktop Edition' (99%)
2026-09-03 19:22:12,928 - INFO - 💰 Price Search: Alone With You
2026-09-03 19:22:13,972 - WARNING - Price error for Alone With You: string indices must be integers, not 'str'
2026-09-03 19:22:13,972 - INFO - 🏢 Publisher Search: Alone With You
2026-09-03 19:22:15,618 - INFO - 📅 Fetching Basic Metadata: Alone With You
2026-09-03 19:22:15,767 - INFO - 🎯 IGDB Match: 'Alone With You' (100%)
2026-09-03 19:22:15,767 - INFO - 🔗 Searching Franchise Context: Alone With You
2026-09-03 19:22:15,889 - INFO - 📡 Fallback to IGDB for Alone With You
2026-09-03 19:22:16,035 - INFO - 
--- Starting Data Quality Checks ---
2026-09-03 19:22:16,048 - INFO - --- Data Quality Checks Complete ---

2026-09-03 19:22:16,077 - INFO - | Metric | Statistics |
| :--- | :--- |
| 💰 **Total Market Value** | **$13,332.99** |
| 📦 **Total Games Collected** | 701 |
| 🏷️ **Average Retail Price** | $22.06 per game |
| 💎 **Most Expensive Title** | Civilization 6 Platinum Edition ($79.99) |
| 👑 **MVP Publisher** | Bethesda Softworks |
| 🏢 **Value Leaders** | 2K ($579.90), Bethesda Softworks ($544.80), Paradox Interactive ($409.89) |
| 📈 **Inflation-Adjusted Value** | $15,130.23 |
| 🎈 **Inflation Bonus** | **+$1,797.24** in purchasing power |
| 🗓️ **Peak Saving Month** | 🎄 **Seasonality Peak:** December is historically the best month, offering $3,388.17 in savings. |
| ⭐ **Average Score** | 76.9/100 |
| 💳 **Subscription Equivalent** | **$166.24 / mo** |
| 🎯 **Prestige Ratio** | **2.0%** (Strategic Hype) |
| 🏎️ **Lead Time Avg** | 441 Days to Sequel |

2026-09-03 19:22:16,078 - INFO - ✅ README.md updated.
2026-09-03 19:22:16,101 - INFO - Using categorical units to plot a list of strings that are all parsable as floats or dates. If these strings should be plotted as numbers, cast to the appropriate data type before plotting.
2026-09-03 19:22:16,102 - INFO - Using categorical units to plot a list of strings that are all parsable as floats or dates. If these strings should be plotted as numbers, cast to the appropriate data type before plotting.
2026-09-03 19:22:21,962 - INFO - 📈 All charts generated successfully.
