2026-09-16 19:38:35,379 - INFO - Failed to extract font properties from /usr/share/fonts/truetype/noto/NotoColorEmoji.ttf: Non-scalable fonts are not supported
2026-09-16 19:38:35,484 - INFO - generated new fontManager
2026-09-16 19:38:35,737 - INFO - ✅ Migration Successful!
2026-09-16 19:38:36,441 - INFO - No new games found.
2026-09-16 19:38:36,803 - INFO - 🔍 Found 626 games needing metadata. Starting IGDB + Steam + CheapShark enrichment...
2026-09-16 19:38:36,984 - INFO - 📅 Fetching Basic Metadata: LEGO Batman Trilogy
2026-09-16 19:38:37,385 - INFO - 🎯 IGDB Match: 'LEGO Batman Trilogy' (100%)
2026-09-16 19:38:37,397 - INFO - 📅 Fetching Basic Metadata: Antstream
2026-09-16 19:38:37,631 - INFO - 📅 Fetching Basic Metadata: The Drone Racing League Simulator
2026-09-16 19:38:37,779 - INFO - 🎯 IGDB Match: 'The Drone Racing League Simulator' (100%)
2026-09-16 19:38:37,784 - INFO - 📅 Fetching Basic Metadata: Dark Deity
2026-09-16 19:38:38,059 - INFO - 🎯 IGDB Match: 'Dark Deity' (100%)
2026-09-16 19:38:38,063 - INFO - 📅 Fetching Basic Metadata: RPG in a Box
2026-09-16 19:38:38,284 - INFO - 🎯 IGDB Match: 'RPG in a Box' (100%)
2026-09-16 19:38:38,288 - INFO - 📅 Fetching Basic Metadata: Fallout Classic Collection
2026-09-16 19:38:38,583 - INFO - 🎯 IGDB Match: 'Fallout Classic Collection' (100%)
2026-09-16 19:38:38,588 - INFO - 📅 Fetching Basic Metadata: Recipe for Disaster
2026-09-16 19:38:38,736 - INFO - 🎯 IGDB Match: 'Recipe For Disaster' (100%)
2026-09-16 19:38:38,741 - INFO - 📅 Fetching Basic Metadata: World of Warships — Starter Pack: Ishizuchi
2026-09-16 19:38:38,909 - INFO - 🎯 IGDB Match: 'World of Warships: Starter Pack - Ishizuchi' (98%)
2026-09-16 19:38:38,914 - INFO - 📅 Fetching Basic Metadata: Poker Club
2026-09-16 19:38:39,044 - INFO - 🎯 IGDB Match: 'Poker Club' (100%)
2026-09-16 19:38:39,048 - INFO - 📅 Fetching Basic Metadata: The Sims 4 The Daring Lifestyle Bundle
2026-09-16 19:38:39,230 - INFO - 🎯 IGDB Match: 'The Sims 4: The Daring Lifestyle Bundle' (99%)
2026-09-16 19:38:39,235 - INFO - 📅 Fetching Basic Metadata: Dodo Peak
2026-09-16 19:38:39,494 - INFO - 🎯 IGDB Match: 'Dodo Peak' (100%)
2026-09-16 19:38:39,499 - INFO - 📅 Fetching Basic Metadata: Spelldrifter
2026-09-16 19:38:39,633 - INFO - 🎯 IGDB Match: 'Spelldrifter' (100%)
2026-09-16 19:38:39,637 - INFO - 📅 Fetching Basic Metadata: Model Builder
2026-09-16 19:38:39,788 - INFO - 🎯 IGDB Match: 'Model Builder' (100%)
2026-09-16 19:38:39,792 - INFO - 📅 Fetching Basic Metadata: Godlike Burger
2026-09-16 19:38:39,932 - INFO - 🎯 IGDB Match: 'Godlike Burger' (100%)
2026-09-16 19:38:39,935 - INFO - 📅 Fetching Basic Metadata: Q.U.B.E. Ultimate Bundle
2026-09-16 19:38:40,154 - INFO - 🎯 IGDB Match: 'Q.U.B.E. Ultimate Bundle' (100%)
2026-09-16 19:38:40,158 - INFO - 📅 Fetching Basic Metadata: Jitsu Squad
2026-09-16 19:38:40,363 - INFO - 🎯 IGDB Match: 'Jitsu Squad' (100%)
2026-09-16 19:38:40,367 - INFO - 📅 Fetching Basic Metadata: Mighty Fight Federation
2026-09-16 19:38:40,535 - INFO - 🎯 IGDB Match: 'Mighty Fight Federation' (100%)
2026-09-16 19:38:40,540 - INFO - 📅 Fetching Basic Metadata: LOVE
2026-09-16 19:38:40,709 - INFO - 🎯 IGDB Match: 'Love Love Love' (90%)
2026-09-16 19:38:40,714 - INFO - 📅 Fetching Basic Metadata: Call of The Wild: The Angler
2026-09-16 19:38:40,938 - INFO - 🎯 IGDB Match: 'Call of the Wild: The Angler' (100%)
2026-09-16 19:38:40,943 - INFO - 📅 Fetching Basic Metadata: The Falconeer
2026-09-16 19:38:41,122 - INFO - 🎯 IGDB Match: 'The Falconeer: The Hunter' (90%)
2026-09-16 19:38:41,127 - INFO - 📅 Fetching Basic Metadata: Rawmen: Food Fighter Arena
2026-09-16 19:38:41,282 - INFO - 🎯 IGDB Match: 'Rawmen' (90%)
2026-09-16 19:38:41,286 - INFO - 📅 Fetching Basic Metadata: World of Warships – Starter Pack: Albany
2026-09-16 19:38:41,484 - INFO - 📅 Fetching Basic Metadata: Fallout Classic Edition
2026-09-16 19:38:41,644 - INFO - 📅 Fetching Basic Metadata: Outliver: Tribulation
2026-09-16 19:38:41,770 - INFO - 🎯 IGDB Match: 'Outliver: Tribulation' (100%)
2026-09-16 19:38:41,775 - INFO - 📅 Fetching Basic Metadata: Bus Simulator 21 Next Stop
2026-09-16 19:38:41,967 - INFO - 🎯 IGDB Match: 'Bus Simulator 21: Next Stop' (98%)
2026-09-16 19:38:41,972 - INFO - 📅 Fetching Basic Metadata: Turmoil
2026-09-16 19:38:42,111 - INFO - 🎯 IGDB Match: 'Turmoil' (100%)
2026-09-16 19:38:42,116 - INFO - 📅 Fetching Basic Metadata: World War Z Aftermath
2026-09-16 19:38:42,299 - INFO - 🎯 IGDB Match: 'World War Z: Aftermath' (98%)
2026-09-16 19:38:42,303 - INFO - 📅 Fetching Basic Metadata: World Of Warships – Anniversary Party Flavor
2026-09-16 19:38:42,436 - INFO - 📅 Fetching Basic Metadata: Neko Ghost, Jump!
2026-09-16 19:38:42,570 - INFO - 🎯 IGDB Match: 'Neko Ghost, Jump!' (100%)
2026-09-16 19:38:42,574 - INFO - 📅 Fetching Basic Metadata: Super Space Club
2026-09-16 19:38:42,724 - INFO - 🎯 IGDB Match: 'Super Space Club' (100%)
2026-09-16 19:38:42,728 - INFO - 📅 Fetching Basic Metadata: Touch Type Tale
2026-09-16 19:38:42,852 - INFO - 🎯 IGDB Match: 'Touch Type Tale' (100%)
2026-09-16 19:38:42,857 - INFO - 📅 Fetching Basic Metadata: Gigapocalypse
2026-09-16 19:38:43,035 - INFO - 🎯 IGDB Match: 'Gigapocalypse' (100%)
2026-09-16 19:38:43,043 - INFO - 📅 Fetching Basic Metadata: Legion TD2
2026-09-16 19:38:43,229 - INFO - 📅 Fetching Basic Metadata: Nightingale
2026-09-16 19:38:43,435 - INFO - 🎯 IGDB Match: 'Nightingale' (100%)
2026-09-16 19:38:43,440 - INFO - 📅 Fetching Basic Metadata: Godzilla Voxel Wars
2026-09-16 19:38:43,582 - INFO - 🎯 IGDB Match: 'Godzilla Voxel Wars' (100%)
2026-09-16 19:38:43,588 - INFO - 📅 Fetching Basic Metadata: Trine Classic Collection
2026-09-16 19:38:43,708 - WARNING - IGDB Error for Trine Classic Collection: string indices must be integers, not 'str'
2026-09-16 19:38:43,713 - INFO - 📅 Fetching Basic Metadata: Poison Retro Set
2026-09-16 19:38:43,932 - WARNING - IGDB Error for Poison Retro Set: string indices must be integers, not 'str'
2026-09-16 19:38:43,936 - INFO - 📅 Fetching Basic Metadata: The Darkside Detective A Fumble in the Dark
2026-09-16 19:38:44,140 - WARNING - IGDB Error for The Darkside Detective A Fumble in the Dark: string indices must be integers, not 'str'
2026-09-16 19:38:44,144 - INFO - 📅 Fetching Basic Metadata: Return to Ash
2026-09-16 19:38:44,264 - WARNING - IGDB Error for Return to Ash: string indices must be integers, not 'str'
2026-09-16 19:38:44,268 - INFO - 🏢 Publisher Search: STALCRAFT: X Starter Edition
2026-09-16 19:38:45,695 - INFO - 📅 Fetching Basic Metadata: STALCRAFT: X Starter Edition
2026-09-16 19:38:45,836 - INFO - 📅 Fetching Basic Metadata: Boxes: Lost Fragments
2026-09-16 19:38:45,964 - INFO - 🎯 IGDB Match: 'Boxes: Lost Fragments' (100%)
2026-09-16 19:38:46,011 - INFO - 📅 Fetching Basic Metadata: My Night Job
2026-09-16 19:38:46,141 - INFO - 🎯 IGDB Match: 'My Night Job' (100%)
2026-09-16 19:38:46,200 - INFO - 📅 Fetching Basic Metadata: Electrician Simulator
2026-09-16 19:38:46,324 - INFO - 🎯 IGDB Match: 'Electrician Simulator' (100%)
2026-09-16 19:38:46,330 - INFO - 🏢 Publisher Search: World of Warships — Epic Anniversary Tachibana Pack
2026-09-16 19:38:47,776 - INFO - 📅 Fetching Basic Metadata: World of Warships — Epic Anniversary Tachibana Pack
2026-09-16 19:38:47,903 - INFO - 📅 Fetching Basic Metadata: Hyper Echelon
2026-09-16 19:38:48,046 - INFO - 🎯 IGDB Match: 'Hyper Echelon' (100%)
2026-09-16 19:38:48,262 - INFO - 📅 Fetching Basic Metadata: Havendock
2026-09-16 19:38:48,474 - INFO - 🎯 IGDB Match: 'Havendock' (100%)
2026-09-16 19:38:48,512 - INFO - 📅 Fetching Basic Metadata: Clone Drone in the Danger Zone
2026-09-16 19:38:48,633 - INFO - 🎯 IGDB Match: 'Clone Drone in the Danger Zone' (100%)
2026-09-16 19:38:48,763 - INFO - 🏢 Publisher Search: TOMAK: Save the Earth Regeneration
2026-09-16 19:38:50,265 - INFO - 📅 Fetching Basic Metadata: TOMAK: Save the Earth Regeneration
2026-09-16 19:38:50,422 - INFO - 🎯 IGDB Match: 'Tomak: Save the Earth Regeneration' (100%)
2026-09-16 19:38:50,426 - INFO - 📅 Fetching Basic Metadata: Prop Sumo
2026-09-16 19:38:50,550 - INFO - 🎯 IGDB Match: 'Prop Sumo' (100%)
2026-09-16 19:38:50,559 - INFO - 📅 Fetching Basic Metadata: The Stone of Madness
2026-09-16 19:38:50,700 - INFO - 🎯 IGDB Match: 'The Stone of Madness' (100%)
2026-09-16 19:38:50,740 - INFO - 📅 Fetching Basic Metadata: Firestone Online Idle RPG
2026-09-16 19:38:50,935 - INFO - 🎯 IGDB Match: 'Firestone: Online Idle RPG' (98%)
2026-09-16 19:38:50,939 - INFO - 📅 Fetching Basic Metadata: Oddsparks: An Automation Adventure
2026-09-16 19:38:51,071 - INFO - 🎯 IGDB Match: 'Oddsparks: An Automation Adventure' (100%)
2026-09-16 19:38:51,075 - INFO - 📅 Fetching Basic Metadata: Trash Goblin
2026-09-16 19:38:51,206 - INFO - 🎯 IGDB Match: 'Trash Goblin' (100%)
2026-09-16 19:38:51,210 - INFO - 🏢 Publisher Search: The Telltale Batman Shadows Edition
2026-09-16 19:38:52,623 - INFO - 📅 Fetching Basic Metadata: The Telltale Batman Shadows Edition
2026-09-16 19:38:52,833 - INFO - 🎯 IGDB Match: 'Telltale Batman Shadows Edition' (95%)
2026-09-16 19:38:52,837 - INFO - 🏢 Publisher Search: Sunderfolk - Standard Edition
2026-09-16 19:38:54,298 - INFO - 📅 Fetching Basic Metadata: Sunderfolk - Standard Edition
2026-09-16 19:38:54,526 - INFO - 📅 Fetching Basic Metadata: Down in Bermuda
2026-09-16 19:38:54,675 - INFO - 🎯 IGDB Match: 'Down in Bermuda' (100%)
2026-09-16 19:38:54,680 - INFO - 📅 Fetching Basic Metadata: Tomb Raider I-III Remastered Starring Lara Croft
2026-09-16 19:38:54,844 - INFO - 📅 Fetching Basic Metadata: LONESTAR
2026-09-16 19:38:54,988 - INFO - 🎯 IGDB Match: 'LoneStar' (100%)
2026-09-16 19:38:54,992 - INFO - 📅 Fetching Basic Metadata: Calico
2026-09-16 19:38:55,139 - INFO - 🎯 IGDB Match: 'Calico' (100%)
2026-09-16 19:38:55,143 - INFO - 📅 Fetching Basic Metadata: Rogue Waters
2026-09-16 19:38:55,288 - INFO - 🎯 IGDB Match: 'Rogue Waters' (100%)
2026-09-16 19:38:55,292 - INFO - 📅 Fetching Basic Metadata: The Ouroboros King
2026-09-16 19:38:55,434 - INFO - 🎯 IGDB Match: 'The Ouroboros King' (100%)
2026-09-16 19:38:55,438 - INFO - 🏢 Publisher Search: Warhammer 40K Speed Freeks
2026-09-16 19:38:56,932 - INFO - 📅 Fetching Basic Metadata: I Have No Mouth, and I Must Scream
2026-09-16 19:38:57,060 - INFO - 🎯 IGDB Match: 'I Have No Mouth, and I Must Scream' (100%)
2026-09-16 19:38:57,073 - INFO - 📅 Fetching Basic Metadata: Nova Lands
2026-09-16 19:38:57,202 - INFO - 🎯 IGDB Match: 'Nova Lands' (100%)
2026-09-16 19:38:57,212 - INFO - 📅 Fetching Basic Metadata: Tattoo Tycoon
2026-09-16 19:38:57,431 - INFO - 🎯 IGDB Match: 'Tattoo Tycoon' (100%)
2026-09-16 19:38:57,435 - INFO - 📅 Fetching Basic Metadata: Echo Generation: Midnight Edition
2026-09-16 19:38:57,670 - INFO - 🎯 IGDB Match: 'Echo Generation: Midnight Edition' (100%)
2026-09-16 19:38:57,674 - INFO - 💰 Price Search: Foretales
2026-09-16 19:38:58,815 - WARNING - Price error for Foretales: string indices must be integers, not 'str'
2026-09-16 19:38:58,815 - INFO - 📅 Fetching Basic Metadata: Foretales
2026-09-16 19:38:58,949 - INFO - 🎯 IGDB Match: 'Foretales' (100%)
2026-09-16 19:38:58,954 - INFO - 💰 Price Search: OTXO
2026-09-16 19:39:00,071 - WARNING - Price error for OTXO: string indices must be integers, not 'str'
2026-09-16 19:39:00,072 - INFO - 💰 Price Search: Sol Cesto
2026-09-16 19:39:01,145 - WARNING - Price error for Sol Cesto: string indices must be integers, not 'str'
2026-09-16 19:39:01,145 - INFO - 📅 Fetching Basic Metadata: Sol Cesto
2026-09-16 19:39:01,290 - INFO - 🎯 IGDB Match: 'Sol Cesto' (100%)
2026-09-16 19:39:01,295 - INFO - 💰 Price Search: Beacon Pines
2026-09-16 19:39:02,391 - WARNING - Price error for Beacon Pines: string indices must be integers, not 'str'
2026-09-16 19:39:02,392 - INFO - 💰 Price Search: Caravan SandWitch
2026-09-16 19:39:03,456 - WARNING - Price error for Caravan SandWitch: string indices must be integers, not 'str'
2026-09-16 19:39:03,457 - INFO - 💰 Price Search: Cardpocalypse Standard Edition
2026-09-16 19:39:04,554 - WARNING - Price error for Cardpocalypse Standard Edition: string indices must be integers, not 'str'
2026-09-16 19:39:04,554 - INFO - 🏢 Publisher Search: Cardpocalypse Standard Edition
2026-09-16 19:39:05,978 - INFO - 📅 Fetching Basic Metadata: Cardpocalypse Standard Edition
2026-09-16 19:39:06,134 - INFO - 💰 Price Search: Epic Mage Bundle
2026-09-16 19:39:07,240 - WARNING - Price error for Epic Mage Bundle: string indices must be integers, not 'str'
2026-09-16 19:39:07,240 - INFO - 🏢 Publisher Search: Epic Mage Bundle
2026-09-16 19:39:08,587 - INFO - 📅 Fetching Basic Metadata: Epic Mage Bundle
2026-09-16 19:39:08,805 - INFO - 💰 Price Search: Rival Stars Horse Racing : Desktop Edition
2026-09-16 19:39:09,863 - WARNING - Price error for Rival Stars Horse Racing : Desktop Edition: string indices must be integers, not 'str'
2026-09-16 19:39:09,863 - INFO - 🏢 Publisher Search: Rival Stars Horse Racing : Desktop Edition
2026-09-16 19:39:11,284 - INFO - 📅 Fetching Basic Metadata: Rival Stars Horse Racing : Desktop Edition
2026-09-16 19:39:11,416 - INFO - 🎯 IGDB Match: 'Rival Stars Horse Racing: Desktop Edition' (99%)
2026-09-16 19:39:11,420 - INFO - 💰 Price Search: Alone With You
2026-09-16 19:39:12,519 - WARNING - Price error for Alone With You: string indices must be integers, not 'str'
2026-09-16 19:39:12,520 - INFO - 📅 Fetching Basic Metadata: Alone With You
2026-09-16 19:39:12,657 - INFO - 🎯 IGDB Match: 'Alone With You' (100%)
2026-09-16 19:39:12,661 - INFO - 💰 Price Search: Luftrausers
2026-09-16 19:39:13,769 - WARNING - Price error for Luftrausers: string indices must be integers, not 'str'
2026-09-16 19:39:13,770 - INFO - 💰 Price Search: Astral Ascent
2026-09-16 19:39:14,894 - WARNING - Price error for Astral Ascent: string indices must be integers, not 'str'
2026-09-16 19:39:14,898 - INFO - 
--- Starting Data Quality Checks ---
2026-09-16 19:39:14,906 - INFO - --- Data Quality Checks Complete ---

2026-09-16 19:39:14,924 - INFO - | Metric | Statistics |
| :--- | :--- |
| 💰 **Total Market Value** | **$13,332.99** |
| 📦 **Total Games Collected** | 703 |
| 🏷️ **Average Retail Price** | $21.99 per game |
| 💎 **Most Expensive Title** | Civilization 6 Platinum Edition ($79.99) |
| 👑 **MVP Publisher** | Bethesda Softworks |
| 🏢 **Value Leaders** | 2K ($579.90), Bethesda Softworks ($544.80), Paradox Interactive ($409.89) |
| 📈 **Inflation-Adjusted Value** | $15,130.23 |
| 🎈 **Inflation Bonus** | **+$1,797.24** in purchasing power |
| 🗓️ **Peak Saving Month** | 🎄 **Seasonality Peak:** December is historically the best month, offering $3,388.17 in savings. |
| ⭐ **Average Score** | 76.9/100 |
| 💳 **Subscription Equivalent** | **$166.24 / mo** |
| 🎯 **Prestige Ratio** | **2.0%** (Strategic Hype) |
| 🏎️ **Lead Time Avg** | 441 Days to Sequel |

2026-09-16 19:39:14,925 - INFO - ✅ README.md updated.
2026-09-16 19:39:14,940 - INFO - Using categorical units to plot a list of strings that are all parsable as floats or dates. If these strings should be plotted as numbers, cast to the appropriate data type before plotting.
2026-09-16 19:39:14,940 - INFO - Using categorical units to plot a list of strings that are all parsable as floats or dates. If these strings should be plotted as numbers, cast to the appropriate data type before plotting.
2026-09-16 19:39:18,429 - INFO - 📈 All charts generated successfully.
