2026-08-30 19:23:10,892 - INFO - Failed to extract font properties from /usr/share/fonts/truetype/noto/NotoColorEmoji.ttf: Non-scalable fonts are not supported
2026-08-30 19:23:11,036 - INFO - generated new fontManager
2026-08-30 19:23:11,341 - INFO - ✅ Migration Successful!
2026-08-30 19:23:11,743 - INFO - No new games found.
2026-08-30 19:23:12,153 - INFO - 🔍 Found 623 games needing metadata. Starting IGDB + Steam + CheapShark enrichment...
2026-08-30 19:23:12,249 - INFO - 📅 Fetching Basic Metadata: LEGO Batman Trilogy
2026-08-30 19:23:12,671 - INFO - 🎯 IGDB Match: 'LEGO Batman Trilogy' (100%)
2026-08-30 19:23:12,688 - INFO - 📅 Fetching Basic Metadata: Antstream
2026-08-30 19:23:12,954 - INFO - 📅 Fetching Basic Metadata: The Drone Racing League Simulator
2026-08-30 19:23:13,166 - INFO - 🎯 IGDB Match: 'The Drone Racing League Simulator' (100%)
2026-08-30 19:23:13,173 - INFO - 📅 Fetching Basic Metadata: Dark Deity
2026-08-30 19:23:13,436 - INFO - 🎯 IGDB Match: 'Dark Deity' (100%)
2026-08-30 19:23:13,496 - INFO - 📅 Fetching Basic Metadata: RPG in a Box
2026-08-30 19:23:13,750 - INFO - 🎯 IGDB Match: 'RPG in a Box' (100%)
2026-08-30 19:23:13,787 - INFO - 📅 Fetching Basic Metadata: Fallout Classic Collection
2026-08-30 19:23:14,022 - INFO - 🎯 IGDB Match: 'Fallout Classic Collection' (100%)
2026-08-30 19:23:14,036 - INFO - 📅 Fetching Basic Metadata: Recipe for Disaster
2026-08-30 19:23:14,240 - INFO - 🎯 IGDB Match: 'Recipe For Disaster' (100%)
2026-08-30 19:23:14,246 - INFO - 📅 Fetching Basic Metadata: World of Warships — Starter Pack: Ishizuchi
2026-08-30 19:23:14,429 - INFO - 🎯 IGDB Match: 'World of Warships: Starter Pack - Ishizuchi' (98%)
2026-08-30 19:23:14,441 - INFO - 📅 Fetching Basic Metadata: Poker Club
2026-08-30 19:23:14,644 - INFO - 🎯 IGDB Match: 'Poker Club' (100%)
2026-08-30 19:23:14,702 - INFO - 📅 Fetching Basic Metadata: The Sims 4 The Daring Lifestyle Bundle
2026-08-30 19:23:14,878 - INFO - 🎯 IGDB Match: 'The Sims 4: The Daring Lifestyle Bundle' (99%)
2026-08-30 19:23:14,884 - INFO - 📅 Fetching Basic Metadata: Dodo Peak
2026-08-30 19:23:15,018 - INFO - 🎯 IGDB Match: 'Dodo Peak' (100%)
2026-08-30 19:23:15,024 - INFO - 📅 Fetching Basic Metadata: Spelldrifter
2026-08-30 19:23:15,233 - INFO - 🎯 IGDB Match: 'Spelldrifter' (100%)
2026-08-30 19:23:15,238 - INFO - 📅 Fetching Basic Metadata: Model Builder
2026-08-30 19:23:15,418 - INFO - 🎯 IGDB Match: 'Model Builder' (100%)
2026-08-30 19:23:15,423 - INFO - 📅 Fetching Basic Metadata: Godlike Burger
2026-08-30 19:23:15,606 - INFO - 🎯 IGDB Match: 'Godlike Burger' (100%)
2026-08-30 19:23:15,612 - INFO - 📅 Fetching Basic Metadata: Q.U.B.E. Ultimate Bundle
2026-08-30 19:23:15,832 - INFO - 🎯 IGDB Match: 'Q.U.B.E. Ultimate Bundle' (100%)
2026-08-30 19:23:15,838 - INFO - 📅 Fetching Basic Metadata: Jitsu Squad
2026-08-30 19:23:16,036 - INFO - 🎯 IGDB Match: 'Jitsu Squad' (100%)
2026-08-30 19:23:16,083 - INFO - 📅 Fetching Basic Metadata: Mighty Fight Federation
2026-08-30 19:23:16,259 - INFO - 🎯 IGDB Match: 'Mighty Fight Federation' (100%)
2026-08-30 19:23:16,267 - INFO - 📅 Fetching Basic Metadata: LOVE
2026-08-30 19:23:16,530 - INFO - 🎯 IGDB Match: 'Love Love Love' (90%)
2026-08-30 19:23:16,537 - INFO - 📅 Fetching Basic Metadata: Call of The Wild: The Angler
2026-08-30 19:23:16,739 - INFO - 🎯 IGDB Match: 'Call of the Wild: The Angler' (100%)
2026-08-30 19:23:16,746 - INFO - 📅 Fetching Basic Metadata: The Falconeer
2026-08-30 19:23:16,885 - INFO - 🎯 IGDB Match: 'The Falconeer: The Hunter' (90%)
2026-08-30 19:23:16,890 - INFO - 📅 Fetching Basic Metadata: Rawmen: Food Fighter Arena
2026-08-30 19:23:17,021 - INFO - 🎯 IGDB Match: 'Rawmen' (90%)
2026-08-30 19:23:17,026 - INFO - 📅 Fetching Basic Metadata: World of Warships – Starter Pack: Albany
2026-08-30 19:23:17,197 - INFO - 📅 Fetching Basic Metadata: Fallout Classic Edition
2026-08-30 19:23:17,383 - INFO - 📅 Fetching Basic Metadata: Outliver: Tribulation
2026-08-30 19:23:17,565 - INFO - 🎯 IGDB Match: 'Outliver: Tribulation' (100%)
2026-08-30 19:23:17,571 - INFO - 📅 Fetching Basic Metadata: Bus Simulator 21 Next Stop
2026-08-30 19:23:17,754 - INFO - 🎯 IGDB Match: 'Bus Simulator 21: Next Stop' (98%)
2026-08-30 19:23:17,760 - INFO - 📅 Fetching Basic Metadata: Turmoil
2026-08-30 19:23:17,937 - INFO - 🎯 IGDB Match: 'Turmoil' (100%)
2026-08-30 19:23:17,943 - INFO - 📅 Fetching Basic Metadata: World War Z Aftermath
2026-08-30 19:23:18,124 - INFO - 🎯 IGDB Match: 'World War Z: Aftermath' (98%)
2026-08-30 19:23:18,130 - INFO - 📅 Fetching Basic Metadata: World Of Warships – Anniversary Party Flavor
2026-08-30 19:23:18,337 - INFO - 📅 Fetching Basic Metadata: Neko Ghost, Jump!
2026-08-30 19:23:18,616 - INFO - 🎯 IGDB Match: 'Neko Ghost, Jump!' (100%)
2026-08-30 19:23:18,622 - INFO - 📅 Fetching Basic Metadata: Super Space Club
2026-08-30 19:23:18,819 - INFO - 🎯 IGDB Match: 'Super Space Club' (100%)
2026-08-30 19:23:18,824 - INFO - 📅 Fetching Basic Metadata: Touch Type Tale
2026-08-30 19:23:19,111 - INFO - 🎯 IGDB Match: 'Touch Type Tale' (100%)
2026-08-30 19:23:19,117 - INFO - 📅 Fetching Basic Metadata: Gigapocalypse
2026-08-30 19:23:19,289 - INFO - 🎯 IGDB Match: 'Gigapocalypse' (100%)
2026-08-30 19:23:19,296 - INFO - 📅 Fetching Basic Metadata: Legion TD2
2026-08-30 19:23:19,451 - INFO - 📅 Fetching Basic Metadata: Nightingale
2026-08-30 19:23:19,647 - INFO - 🎯 IGDB Match: 'Nightingale' (100%)
2026-08-30 19:23:19,653 - INFO - 📅 Fetching Basic Metadata: Godzilla Voxel Wars
2026-08-30 19:23:19,787 - INFO - 🎯 IGDB Match: 'Godzilla Voxel Wars' (100%)
2026-08-30 19:23:19,794 - INFO - 📅 Fetching Basic Metadata: Trine Classic Collection
2026-08-30 19:23:19,911 - WARNING - IGDB Error for Trine Classic Collection: string indices must be integers, not 'str'
2026-08-30 19:23:19,917 - INFO - 📅 Fetching Basic Metadata: Poison Retro Set
2026-08-30 19:23:20,102 - INFO - 🎯 IGDB Match: 'Pixel Gun 3D: Poison Retro Set' (90%)
2026-08-30 19:23:20,200 - INFO - 📅 Fetching Basic Metadata: The Darkside Detective A Fumble in the Dark
2026-08-30 19:23:20,328 - INFO - 🎯 IGDB Match: 'The Darkside Detective: A Fumble in the Dark' (99%)
2026-08-30 19:23:20,438 - INFO - 📅 Fetching Basic Metadata: Return to Ash
2026-08-30 19:23:20,703 - INFO - 🎯 IGDB Match: 'Return to Ash' (100%)
2026-08-30 19:23:20,785 - INFO - 🏢 Publisher Search: STALCRAFT: X Starter Edition
2026-08-30 19:23:22,204 - INFO - 📅 Fetching Basic Metadata: STALCRAFT: X Starter Edition
2026-08-30 19:23:22,429 - INFO - 📅 Fetching Basic Metadata: Boxes: Lost Fragments
2026-08-30 19:23:22,606 - INFO - 🎯 IGDB Match: 'Boxes: Lost Fragments' (100%)
2026-08-30 19:23:22,611 - INFO - 📅 Fetching Basic Metadata: My Night Job
2026-08-30 19:23:22,758 - INFO - 🎯 IGDB Match: 'My Night Job' (100%)
2026-08-30 19:23:22,764 - INFO - 📅 Fetching Basic Metadata: Electrician Simulator
2026-08-30 19:23:22,893 - INFO - 🎯 IGDB Match: 'Electrician Simulator' (100%)
2026-08-30 19:23:22,899 - INFO - 🏢 Publisher Search: World of Warships — Epic Anniversary Tachibana Pack
2026-08-30 19:23:24,266 - INFO - 📅 Fetching Basic Metadata: World of Warships — Epic Anniversary Tachibana Pack
2026-08-30 19:23:24,472 - INFO - 📅 Fetching Basic Metadata: Hyper Echelon
2026-08-30 19:23:24,714 - INFO - 🎯 IGDB Match: 'Hyper Echelon' (100%)
2026-08-30 19:23:24,719 - INFO - 📅 Fetching Basic Metadata: Havendock
2026-08-30 19:23:24,851 - INFO - 🎯 IGDB Match: 'Havendock' (100%)
2026-08-30 19:23:24,856 - INFO - 📅 Fetching Basic Metadata: Clone Drone in the Danger Zone
2026-08-30 19:23:25,078 - INFO - 🎯 IGDB Match: 'Clone Drone in the Danger Zone' (100%)
2026-08-30 19:23:25,083 - INFO - 🏢 Publisher Search: TOMAK: Save the Earth Regeneration
2026-08-30 19:23:26,523 - INFO - 📅 Fetching Basic Metadata: TOMAK: Save the Earth Regeneration
2026-08-30 19:23:26,738 - INFO - 🎯 IGDB Match: 'Tomak: Save the Earth Regeneration' (100%)
2026-08-30 19:23:26,857 - INFO - 📅 Fetching Basic Metadata: Prop Sumo
2026-08-30 19:23:26,987 - INFO - 🎯 IGDB Match: 'Prop Sumo' (100%)
2026-08-30 19:23:26,992 - INFO - 📅 Fetching Basic Metadata: The Stone of Madness
2026-08-30 19:23:27,122 - INFO - 🎯 IGDB Match: 'The Stone of Madness' (100%)
2026-08-30 19:23:27,128 - INFO - 📅 Fetching Basic Metadata: Firestone Online Idle RPG
2026-08-30 19:23:27,328 - INFO - 🎯 IGDB Match: 'Firestone: Online Idle RPG' (98%)
2026-08-30 19:23:27,333 - INFO - 📅 Fetching Basic Metadata: Oddsparks: An Automation Adventure
2026-08-30 19:23:27,484 - INFO - 🎯 IGDB Match: 'Oddsparks: An Automation Adventure' (100%)
2026-08-30 19:23:27,489 - INFO - 📅 Fetching Basic Metadata: Trash Goblin
2026-08-30 19:23:27,620 - INFO - 🎯 IGDB Match: 'Trash Goblin' (100%)
2026-08-30 19:23:27,625 - INFO - 🏢 Publisher Search: The Telltale Batman Shadows Edition
2026-08-30 19:23:29,018 - INFO - 📅 Fetching Basic Metadata: The Telltale Batman Shadows Edition
2026-08-30 19:23:29,271 - INFO - 🎯 IGDB Match: 'Telltale Batman Shadows Edition' (95%)
2026-08-30 19:23:29,276 - INFO - 🏢 Publisher Search: Sunderfolk - Standard Edition
2026-08-30 19:23:30,643 - INFO - 📅 Fetching Basic Metadata: Sunderfolk - Standard Edition
2026-08-30 19:23:30,860 - INFO - 📅 Fetching Basic Metadata: Down in Bermuda
2026-08-30 19:23:31,060 - INFO - 🎯 IGDB Match: 'Down in Bermuda' (100%)
2026-08-30 19:23:31,066 - INFO - 📅 Fetching Basic Metadata: Tomb Raider I-III Remastered Starring Lara Croft
2026-08-30 19:23:31,303 - INFO - 📅 Fetching Basic Metadata: LONESTAR
2026-08-30 19:23:31,438 - INFO - 🎯 IGDB Match: 'LoneStar' (100%)
2026-08-30 19:23:31,443 - INFO - 📅 Fetching Basic Metadata: Calico
2026-08-30 19:23:31,606 - INFO - 🎯 IGDB Match: 'Calico' (100%)
2026-08-30 19:23:31,612 - INFO - 📅 Fetching Basic Metadata: Rogue Waters
2026-08-30 19:23:31,770 - INFO - 🎯 IGDB Match: 'Rogue Waters' (100%)
2026-08-30 19:23:31,776 - INFO - 📅 Fetching Basic Metadata: The Ouroboros King
2026-08-30 19:23:31,924 - INFO - 🎯 IGDB Match: 'The Ouroboros King' (100%)
2026-08-30 19:23:31,929 - INFO - 🏢 Publisher Search: Warhammer 40K Speed Freeks
2026-08-30 19:23:33,301 - INFO - 📅 Fetching Basic Metadata: I Have No Mouth, and I Must Scream
2026-08-30 19:23:33,446 - INFO - 🎯 IGDB Match: 'I Have No Mouth, and I Must Scream' (100%)
2026-08-30 19:23:33,452 - INFO - 📅 Fetching Basic Metadata: Nova Lands
2026-08-30 19:23:33,702 - INFO - 🎯 IGDB Match: 'Nova Lands' (100%)
2026-08-30 19:23:33,707 - INFO - 📅 Fetching Basic Metadata: Tattoo Tycoon
2026-08-30 19:23:33,918 - INFO - 🎯 IGDB Match: 'Tattoo Tycoon' (100%)
2026-08-30 19:23:33,924 - INFO - 📅 Fetching Basic Metadata: Echo Generation: Midnight Edition
2026-08-30 19:23:34,054 - INFO - 🎯 IGDB Match: 'Echo Generation: Midnight Edition' (100%)
2026-08-30 19:23:34,059 - INFO - 💰 Price Search: Foretales
2026-08-30 19:23:35,186 - WARNING - Price error for Foretales: string indices must be integers, not 'str'
2026-08-30 19:23:35,186 - INFO - 📅 Fetching Basic Metadata: Foretales
2026-08-30 19:23:35,362 - INFO - 🎯 IGDB Match: 'Foretales' (100%)
2026-08-30 19:23:35,367 - INFO - 💰 Price Search: OTXO
2026-08-30 19:23:36,449 - WARNING - Price error for OTXO: string indices must be integers, not 'str'
2026-08-30 19:23:36,450 - INFO - 💰 Price Search: Sol Cesto
2026-08-30 19:23:37,533 - WARNING - Price error for Sol Cesto: string indices must be integers, not 'str'
2026-08-30 19:23:37,533 - INFO - 📅 Fetching Basic Metadata: Sol Cesto
2026-08-30 19:23:37,718 - INFO - 🎯 IGDB Match: 'Sol Cesto' (100%)
2026-08-30 19:23:37,724 - INFO - 💰 Price Search: Beacon Pines
2026-08-30 19:23:38,803 - WARNING - Price error for Beacon Pines: string indices must be integers, not 'str'
2026-08-30 19:23:38,804 - INFO - 💰 Price Search: Caravan SandWitch
2026-08-30 19:23:39,884 - WARNING - Price error for Caravan SandWitch: string indices must be integers, not 'str'
2026-08-30 19:23:39,885 - INFO - 💰 Price Search: Cardpocalypse Standard Edition
2026-08-30 19:23:40,970 - WARNING - Price error for Cardpocalypse Standard Edition: string indices must be integers, not 'str'
2026-08-30 19:23:40,970 - INFO - 🏢 Publisher Search: Cardpocalypse Standard Edition
2026-08-30 19:23:42,350 - INFO - 📅 Fetching Basic Metadata: Cardpocalypse Standard Edition
2026-08-30 19:23:42,484 - INFO - 💰 Price Search: Epic Mage Bundle
2026-08-30 19:23:43,561 - WARNING - Price error for Epic Mage Bundle: string indices must be integers, not 'str'
2026-08-30 19:23:43,561 - INFO - 🏢 Publisher Search: Epic Mage Bundle
2026-08-30 19:23:44,937 - INFO - 📅 Fetching Basic Metadata: Epic Mage Bundle
2026-08-30 19:23:45,126 - INFO - 💰 Price Search: Rival Stars Horse Racing : Desktop Edition
2026-08-30 19:23:46,279 - WARNING - Price error for Rival Stars Horse Racing : Desktop Edition: string indices must be integers, not 'str'
2026-08-30 19:23:46,279 - INFO - 🏢 Publisher Search: Rival Stars Horse Racing : Desktop Edition
2026-08-30 19:23:47,696 - INFO - 📅 Fetching Basic Metadata: Rival Stars Horse Racing : Desktop Edition
2026-08-30 19:23:47,949 - INFO - 🎯 IGDB Match: 'Rival Stars Horse Racing: Desktop Edition' (99%)
2026-08-30 19:23:47,958 - INFO - 
--- Starting Data Quality Checks ---
2026-08-30 19:23:47,968 - INFO - --- Data Quality Checks Complete ---

2026-08-30 19:23:47,990 - INFO - | Metric | Statistics |
| :--- | :--- |
| 💰 **Total Market Value** | **$13,332.99** |
| 📦 **Total Games Collected** | 700 |
| 🏷️ **Average Retail Price** | $22.09 per game |
| 💎 **Most Expensive Title** | Civilization 6 Platinum Edition ($79.99) |
| 👑 **MVP Publisher** | Bethesda Softworks |
| 🏢 **Value Leaders** | 2K ($579.90), Bethesda Softworks ($544.80), Paradox Interactive ($409.89) |
| 📈 **Inflation-Adjusted Value** | $15,130.23 |
| 🎈 **Inflation Bonus** | **+$1,797.24** in purchasing power |
| 🗓️ **Peak Saving Month** | 🎄 **Seasonality Peak:** December is historically the best month, offering $3,388.17 in savings. |
| ⭐ **Average Score** | 76.9/100 |
| 💳 **Subscription Equivalent** | **$168.05 / mo** |
| 🎯 **Prestige Ratio** | **2.0%** (Strategic Hype) |
| 🏎️ **Lead Time Avg** | 441 Days to Sequel |

2026-08-30 19:23:47,990 - INFO - ✅ README.md updated.
2026-08-30 19:23:48,008 - INFO - Using categorical units to plot a list of strings that are all parsable as floats or dates. If these strings should be plotted as numbers, cast to the appropriate data type before plotting.
2026-08-30 19:23:48,009 - INFO - Using categorical units to plot a list of strings that are all parsable as floats or dates. If these strings should be plotted as numbers, cast to the appropriate data type before plotting.
2026-08-30 19:23:52,504 - INFO - 📈 All charts generated successfully.
