2026-08-23 16:51:40,268 - INFO - Failed to extract font properties from /usr/share/fonts/truetype/noto/NotoColorEmoji.ttf: Non-scalable fonts are not supported
2026-08-23 16:51:40,642 - INFO - generated new fontManager
2026-08-23 16:51:40,898 - INFO - ✅ Migration Successful!
2026-08-23 16:51:41,536 - INFO - No new games found.
2026-08-23 16:51:41,968 - INFO - 🔍 Found 621 games needing metadata. Starting IGDB + Steam + CheapShark enrichment...
2026-08-23 16:51:42,053 - INFO - 📅 Fetching Basic Metadata: LEGO Batman Trilogy
2026-08-23 16:51:42,544 - INFO - 🎯 IGDB Match: 'LEGO Batman Trilogy' (100%)
2026-08-23 16:51:42,558 - INFO - 📅 Fetching Basic Metadata: Antstream
2026-08-23 16:51:42,736 - INFO - 📅 Fetching Basic Metadata: The Drone Racing League Simulator
2026-08-23 16:51:42,987 - INFO - 🎯 IGDB Match: 'The Drone Racing League Simulator' (100%)
2026-08-23 16:51:42,991 - INFO - 📅 Fetching Basic Metadata: Dark Deity
2026-08-23 16:51:43,262 - INFO - 🎯 IGDB Match: 'Dark Deity' (100%)
2026-08-23 16:51:43,266 - INFO - 📅 Fetching Basic Metadata: RPG in a Box
2026-08-23 16:51:43,512 - INFO - 🎯 IGDB Match: 'RPG in a Box' (100%)
2026-08-23 16:51:43,517 - INFO - 📅 Fetching Basic Metadata: Fallout Classic Collection
2026-08-23 16:51:43,787 - INFO - 🎯 IGDB Match: 'Fallout Classic Collection' (100%)
2026-08-23 16:51:43,791 - INFO - 📅 Fetching Basic Metadata: Recipe for Disaster
2026-08-23 16:51:44,067 - INFO - 🎯 IGDB Match: 'Recipe For Disaster' (100%)
2026-08-23 16:51:44,071 - INFO - 📅 Fetching Basic Metadata: World of Warships — Starter Pack: Ishizuchi
2026-08-23 16:51:44,322 - INFO - 🎯 IGDB Match: 'World of Warships: Starter Pack - Ishizuchi' (98%)
2026-08-23 16:51:44,326 - INFO - 📅 Fetching Basic Metadata: Poker Club
2026-08-23 16:51:44,451 - INFO - 🎯 IGDB Match: 'Poker Club' (100%)
2026-08-23 16:51:44,455 - INFO - 📅 Fetching Basic Metadata: The Sims 4 The Daring Lifestyle Bundle
2026-08-23 16:51:44,584 - INFO - 🎯 IGDB Match: 'The Sims 4: The Daring Lifestyle Bundle' (99%)
2026-08-23 16:51:44,589 - INFO - 📅 Fetching Basic Metadata: Dodo Peak
2026-08-23 16:51:44,702 - INFO - 🎯 IGDB Match: 'Dodo Peak' (100%)
2026-08-23 16:51:44,706 - INFO - 📅 Fetching Basic Metadata: Spelldrifter
2026-08-23 16:51:44,827 - INFO - 🎯 IGDB Match: 'Spelldrifter' (100%)
2026-08-23 16:51:44,831 - INFO - 📅 Fetching Basic Metadata: Model Builder
2026-08-23 16:51:44,986 - INFO - 🎯 IGDB Match: 'Model Builder' (100%)
2026-08-23 16:51:44,989 - INFO - 📅 Fetching Basic Metadata: Godlike Burger
2026-08-23 16:51:45,373 - INFO - 🎯 IGDB Match: 'Godlike Burger' (100%)
2026-08-23 16:51:45,377 - INFO - 📅 Fetching Basic Metadata: Q.U.B.E. Ultimate Bundle
2026-08-23 16:51:45,520 - INFO - 🎯 IGDB Match: 'Q.U.B.E. Ultimate Bundle' (100%)
2026-08-23 16:51:45,525 - INFO - 📅 Fetching Basic Metadata: Jitsu Squad
2026-08-23 16:51:45,743 - INFO - 🎯 IGDB Match: 'Jitsu Squad' (100%)
2026-08-23 16:51:45,747 - INFO - 📅 Fetching Basic Metadata: Mighty Fight Federation
2026-08-23 16:51:45,944 - INFO - 🎯 IGDB Match: 'Mighty Fight Federation' (100%)
2026-08-23 16:51:45,950 - INFO - 📅 Fetching Basic Metadata: LOVE
2026-08-23 16:51:46,189 - INFO - 🎯 IGDB Match: 'Love Love Love' (90%)
2026-08-23 16:51:46,194 - INFO - 📅 Fetching Basic Metadata: Call of The Wild: The Angler
2026-08-23 16:51:46,399 - INFO - 🎯 IGDB Match: 'Call of the Wild: The Angler' (100%)
2026-08-23 16:51:46,405 - INFO - 📅 Fetching Basic Metadata: The Falconeer
2026-08-23 16:51:46,549 - INFO - 🎯 IGDB Match: 'The Falconeer: The Hunter' (90%)
2026-08-23 16:51:46,554 - INFO - 📅 Fetching Basic Metadata: Rawmen: Food Fighter Arena
2026-08-23 16:51:46,772 - INFO - 🎯 IGDB Match: 'Rawmen' (90%)
2026-08-23 16:51:46,776 - INFO - 📅 Fetching Basic Metadata: World of Warships – Starter Pack: Albany
2026-08-23 16:51:46,946 - INFO - 📅 Fetching Basic Metadata: Fallout Classic Edition
2026-08-23 16:51:47,067 - INFO - 📅 Fetching Basic Metadata: Outliver: Tribulation
2026-08-23 16:51:47,275 - INFO - 🎯 IGDB Match: 'Outliver: Tribulation' (100%)
2026-08-23 16:51:47,280 - INFO - 📅 Fetching Basic Metadata: Bus Simulator 21 Next Stop
2026-08-23 16:51:47,436 - INFO - 🎯 IGDB Match: 'Bus Simulator 21: Next Stop' (98%)
2026-08-23 16:51:47,441 - INFO - 📅 Fetching Basic Metadata: Turmoil
2026-08-23 16:51:47,647 - INFO - 🎯 IGDB Match: 'Turmoil' (100%)
2026-08-23 16:51:47,651 - INFO - 📅 Fetching Basic Metadata: World War Z Aftermath
2026-08-23 16:51:47,914 - INFO - 🎯 IGDB Match: 'World War Z: Aftermath' (98%)
2026-08-23 16:51:47,918 - INFO - 📅 Fetching Basic Metadata: World Of Warships – Anniversary Party Flavor
2026-08-23 16:51:48,162 - INFO - 📅 Fetching Basic Metadata: Neko Ghost, Jump!
2026-08-23 16:51:48,321 - INFO - 🎯 IGDB Match: 'Neko Ghost, Jump!' (100%)
2026-08-23 16:51:48,325 - INFO - 📅 Fetching Basic Metadata: Super Space Club
2026-08-23 16:51:48,437 - INFO - 🎯 IGDB Match: 'Super Space Club' (100%)
2026-08-23 16:51:48,441 - INFO - 📅 Fetching Basic Metadata: Touch Type Tale
2026-08-23 16:51:48,570 - INFO - 🎯 IGDB Match: 'Touch Type Tale' (100%)
2026-08-23 16:51:48,574 - INFO - 📅 Fetching Basic Metadata: Gigapocalypse
2026-08-23 16:51:48,709 - INFO - 🎯 IGDB Match: 'Gigapocalypse' (100%)
2026-08-23 16:51:48,713 - INFO - 📅 Fetching Basic Metadata: Legion TD2
2026-08-23 16:51:48,942 - INFO - 📅 Fetching Basic Metadata: Nightingale
2026-08-23 16:51:49,142 - INFO - 🎯 IGDB Match: 'Nightingale' (100%)
2026-08-23 16:51:49,147 - INFO - 📅 Fetching Basic Metadata: Godzilla Voxel Wars
2026-08-23 16:51:49,265 - INFO - 🎯 IGDB Match: 'Godzilla Voxel Wars' (100%)
2026-08-23 16:51:49,270 - INFO - 📅 Fetching Basic Metadata: Trine Classic Collection
2026-08-23 16:51:49,479 - WARNING - IGDB Error for Trine Classic Collection: string indices must be integers, not 'str'
2026-08-23 16:51:49,483 - INFO - 📅 Fetching Basic Metadata: Poison Retro Set
2026-08-23 16:51:49,737 - WARNING - IGDB Error for Poison Retro Set: string indices must be integers, not 'str'
2026-08-23 16:51:49,741 - INFO - 📅 Fetching Basic Metadata: The Darkside Detective A Fumble in the Dark
2026-08-23 16:51:49,853 - WARNING - IGDB Error for The Darkside Detective A Fumble in the Dark: string indices must be integers, not 'str'
2026-08-23 16:51:49,857 - INFO - 📅 Fetching Basic Metadata: Return to Ash
2026-08-23 16:51:49,966 - WARNING - IGDB Error for Return to Ash: string indices must be integers, not 'str'
2026-08-23 16:51:49,970 - INFO - 🏢 Publisher Search: STALCRAFT: X Starter Edition
2026-08-23 16:51:51,452 - INFO - 📅 Fetching Basic Metadata: STALCRAFT: X Starter Edition
2026-08-23 16:51:51,577 - INFO - 📅 Fetching Basic Metadata: Boxes: Lost Fragments
2026-08-23 16:51:51,772 - INFO - 🎯 IGDB Match: 'Boxes: Lost Fragments' (100%)
2026-08-23 16:51:51,775 - INFO - 📅 Fetching Basic Metadata: My Night Job
2026-08-23 16:51:51,988 - INFO - 🎯 IGDB Match: 'My Night Job' (100%)
2026-08-23 16:51:51,992 - INFO - 📅 Fetching Basic Metadata: Electrician Simulator
2026-08-23 16:51:52,118 - INFO - 🎯 IGDB Match: 'Electrician Simulator' (100%)
2026-08-23 16:51:52,121 - INFO - 🏢 Publisher Search: World of Warships — Epic Anniversary Tachibana Pack
2026-08-23 16:51:53,628 - INFO - 📅 Fetching Basic Metadata: World of Warships — Epic Anniversary Tachibana Pack
2026-08-23 16:51:53,750 - INFO - 📅 Fetching Basic Metadata: Hyper Echelon
2026-08-23 16:51:53,873 - INFO - 🎯 IGDB Match: 'Hyper Echelon' (100%)
2026-08-23 16:51:53,877 - INFO - 📅 Fetching Basic Metadata: Havendock
2026-08-23 16:51:54,008 - INFO - 🎯 IGDB Match: 'Havendock' (100%)
2026-08-23 16:51:54,011 - INFO - 📅 Fetching Basic Metadata: Clone Drone in the Danger Zone
2026-08-23 16:51:54,124 - INFO - 🎯 IGDB Match: 'Clone Drone in the Danger Zone' (100%)
2026-08-23 16:51:54,128 - INFO - 🏢 Publisher Search: TOMAK: Save the Earth Regeneration
2026-08-23 16:51:55,551 - INFO - 📅 Fetching Basic Metadata: TOMAK: Save the Earth Regeneration
2026-08-23 16:51:55,713 - INFO - 🎯 IGDB Match: 'Tomak: Save the Earth Regeneration' (100%)
2026-08-23 16:51:55,717 - INFO - 📅 Fetching Basic Metadata: Prop Sumo
2026-08-23 16:51:56,004 - INFO - 🎯 IGDB Match: 'Prop Sumo' (100%)
2026-08-23 16:51:56,008 - INFO - 📅 Fetching Basic Metadata: The Stone of Madness
2026-08-23 16:51:56,214 - INFO - 🎯 IGDB Match: 'The Stone of Madness' (100%)
2026-08-23 16:51:56,218 - INFO - 📅 Fetching Basic Metadata: Firestone Online Idle RPG
2026-08-23 16:51:56,429 - INFO - 🎯 IGDB Match: 'Firestone: Online Idle RPG' (98%)
2026-08-23 16:51:56,433 - INFO - 📅 Fetching Basic Metadata: Oddsparks: An Automation Adventure
2026-08-23 16:51:56,566 - INFO - 🎯 IGDB Match: 'Oddsparks: An Automation Adventure' (100%)
2026-08-23 16:51:56,570 - INFO - 📅 Fetching Basic Metadata: Trash Goblin
2026-08-23 16:51:56,697 - INFO - 🎯 IGDB Match: 'Trash Goblin' (100%)
2026-08-23 16:51:56,701 - INFO - 🏢 Publisher Search: The Telltale Batman Shadows Edition
2026-08-23 16:51:58,133 - INFO - 📅 Fetching Basic Metadata: The Telltale Batman Shadows Edition
2026-08-23 16:51:58,274 - INFO - 🎯 IGDB Match: 'Telltale Batman Shadows Edition' (95%)
2026-08-23 16:51:58,278 - INFO - 🏢 Publisher Search: Sunderfolk - Standard Edition
2026-08-23 16:51:59,788 - INFO - 📅 Fetching Basic Metadata: Sunderfolk - Standard Edition
2026-08-23 16:51:59,917 - INFO - 📅 Fetching Basic Metadata: Down in Bermuda
2026-08-23 16:52:00,066 - INFO - 🎯 IGDB Match: 'Down in Bermuda' (100%)
2026-08-23 16:52:00,069 - INFO - 📅 Fetching Basic Metadata: Tomb Raider I-III Remastered Starring Lara Croft
2026-08-23 16:52:00,197 - INFO - 📅 Fetching Basic Metadata: LONESTAR
2026-08-23 16:52:00,370 - INFO - 🎯 IGDB Match: 'LoneStar' (100%)
2026-08-23 16:52:00,373 - INFO - 📅 Fetching Basic Metadata: Calico
2026-08-23 16:52:00,616 - INFO - 🎯 IGDB Match: 'Calico' (100%)
2026-08-23 16:52:00,619 - INFO - 📅 Fetching Basic Metadata: Rogue Waters
2026-08-23 16:52:00,738 - INFO - 🎯 IGDB Match: 'Rogue Waters' (100%)
2026-08-23 16:52:00,742 - INFO - 📅 Fetching Basic Metadata: The Ouroboros King
2026-08-23 16:52:00,868 - INFO - 🎯 IGDB Match: 'The Ouroboros King' (100%)
2026-08-23 16:52:00,872 - INFO - 🏢 Publisher Search: Warhammer 40K Speed Freeks
2026-08-23 16:52:02,334 - INFO - 📅 Fetching Basic Metadata: I Have No Mouth, and I Must Scream
2026-08-23 16:52:02,453 - INFO - 🎯 IGDB Match: 'I Have No Mouth, and I Must Scream' (100%)
2026-08-23 16:52:02,457 - INFO - 📅 Fetching Basic Metadata: Nova Lands
2026-08-23 16:52:02,685 - INFO - 🎯 IGDB Match: 'Nova Lands' (100%)
2026-08-23 16:52:02,688 - INFO - 📅 Fetching Basic Metadata: Tattoo Tycoon
2026-08-23 16:52:02,922 - INFO - 🎯 IGDB Match: 'Tattoo Tycoon' (100%)
2026-08-23 16:52:02,926 - INFO - 📅 Fetching Basic Metadata: Echo Generation: Midnight Edition
2026-08-23 16:52:03,148 - INFO - 🎯 IGDB Match: 'Echo Generation: Midnight Edition' (100%)
2026-08-23 16:52:03,152 - INFO - 💰 Price Search: Foretales
2026-08-23 16:52:04,335 - WARNING - Price error for Foretales: string indices must be integers, not 'str'
2026-08-23 16:52:04,335 - INFO - 📅 Fetching Basic Metadata: Foretales
2026-08-23 16:52:04,460 - INFO - 🎯 IGDB Match: 'Foretales' (100%)
2026-08-23 16:52:04,464 - INFO - 💰 Price Search: OTXO
2026-08-23 16:52:05,531 - WARNING - Price error for OTXO: string indices must be integers, not 'str'
2026-08-23 16:52:05,532 - INFO - 💰 Price Search: Sol Cesto
2026-08-23 16:52:06,589 - WARNING - Price error for Sol Cesto: string indices must be integers, not 'str'
2026-08-23 16:52:06,589 - INFO - 📅 Fetching Basic Metadata: Sol Cesto
2026-08-23 16:52:06,723 - INFO - 🎯 IGDB Match: 'Sol Cesto' (100%)
2026-08-23 16:52:06,727 - INFO - 💰 Price Search: Beacon Pines
2026-08-23 16:52:07,789 - WARNING - Price error for Beacon Pines: string indices must be integers, not 'str'
2026-08-23 16:52:07,790 - INFO - 💰 Price Search: Caravan SandWitch
2026-08-23 16:52:08,870 - WARNING - Price error for Caravan SandWitch: string indices must be integers, not 'str'
2026-08-23 16:52:08,871 - INFO - 💰 Price Search: Cardpocalypse Standard Edition
2026-08-23 16:52:09,921 - WARNING - Price error for Cardpocalypse Standard Edition: string indices must be integers, not 'str'
2026-08-23 16:52:09,921 - INFO - 🏢 Publisher Search: Cardpocalypse Standard Edition
2026-08-23 16:52:11,416 - INFO - 📅 Fetching Basic Metadata: Cardpocalypse Standard Edition
2026-08-23 16:52:11,627 - INFO - 💰 Price Search: Epic Mage Bundle
2026-08-23 16:52:12,687 - WARNING - Price error for Epic Mage Bundle: string indices must be integers, not 'str'
2026-08-23 16:52:12,687 - INFO - 🏢 Publisher Search: Epic Mage Bundle
2026-08-23 16:52:14,054 - INFO - 📅 Fetching Basic Metadata: Epic Mage Bundle
2026-08-23 16:52:14,259 - INFO - 
--- Starting Data Quality Checks ---
2026-08-23 16:52:14,267 - INFO - --- Data Quality Checks Complete ---

2026-08-23 16:52:14,286 - INFO - | Metric | Statistics |
| :--- | :--- |
| 💰 **Total Market Value** | **$13,332.99** |
| 📦 **Total Games Collected** | 698 |
| 🏷️ **Average Retail Price** | $22.11 per game |
| 💎 **Most Expensive Title** | Civilization 6 Platinum Edition ($79.99) |
| 👑 **MVP Publisher** | Bethesda Softworks |
| 🏢 **Value Leaders** | 2K ($579.90), Bethesda Softworks ($544.80), Paradox Interactive ($409.89) |
| 📈 **Inflation-Adjusted Value** | $15,130.23 |
| 🎈 **Inflation Bonus** | **+$1,797.24** in purchasing power |
| 🗓️ **Peak Saving Month** | 🎄 **Seasonality Peak:** December is historically the best month, offering $3,388.17 in savings. |
| ⭐ **Average Score** | 76.9/100 |
| 💳 **Subscription Equivalent** | **$167.78 / mo** |
| 🎯 **Prestige Ratio** | **2.0%** (Strategic Hype) |
| 🏎️ **Lead Time Avg** | 441 Days to Sequel |

2026-08-23 16:52:14,287 - INFO - ✅ README.md updated.
2026-08-23 16:52:14,302 - INFO - Using categorical units to plot a list of strings that are all parsable as floats or dates. If these strings should be plotted as numbers, cast to the appropriate data type before plotting.
2026-08-23 16:52:14,303 - INFO - Using categorical units to plot a list of strings that are all parsable as floats or dates. If these strings should be plotted as numbers, cast to the appropriate data type before plotting.
2026-08-23 16:52:18,235 - INFO - 📈 All charts generated successfully.
