2026-08-01 17:32:43,010 - INFO - Failed to extract font properties from /usr/share/fonts/truetype/noto/NotoColorEmoji.ttf: Non-scalable fonts are not supported
2026-08-01 17:32:43,088 - INFO - generated new fontManager
2026-08-01 17:32:43,451 - INFO - ✅ Migration Successful!
2026-08-01 17:32:43,578 - INFO - No new games found.
2026-08-01 17:32:43,925 - INFO - 🔍 Found 616 games needing metadata. Starting IGDB + Steam + CheapShark enrichment...
2026-08-01 17:32:44,002 - INFO - 📅 Fetching Basic Metadata: LEGO Batman Trilogy
2026-08-01 17:32:44,385 - INFO - 🎯 IGDB Match: 'LEGO Batman Trilogy' (100%)
2026-08-01 17:32:44,414 - INFO - 📅 Fetching Basic Metadata: Antstream
2026-08-01 17:32:44,507 - INFO - 📅 Fetching Basic Metadata: The Drone Racing League Simulator
2026-08-01 17:32:44,621 - INFO - 🎯 IGDB Match: 'The Drone Racing League Simulator' (100%)
2026-08-01 17:32:44,629 - INFO - 📅 Fetching Basic Metadata: Dark Deity
2026-08-01 17:32:44,763 - INFO - 🎯 IGDB Match: 'Dark Deity' (100%)
2026-08-01 17:32:44,770 - INFO - 📅 Fetching Basic Metadata: RPG in a Box
2026-08-01 17:32:44,846 - INFO - 🎯 IGDB Match: 'RPG in a Box' (100%)
2026-08-01 17:32:44,854 - INFO - 📅 Fetching Basic Metadata: Fallout Classic Collection
2026-08-01 17:32:44,943 - INFO - 🎯 IGDB Match: 'Fallout Classic Collection' (100%)
2026-08-01 17:32:44,952 - INFO - 📅 Fetching Basic Metadata: Recipe for Disaster
2026-08-01 17:32:45,071 - INFO - 🎯 IGDB Match: 'Recipe For Disaster' (100%)
2026-08-01 17:32:45,078 - INFO - 📅 Fetching Basic Metadata: World of Warships — Starter Pack: Ishizuchi
2026-08-01 17:32:45,253 - INFO - 🎯 IGDB Match: 'World of Warships: Starter Pack - Ishizuchi' (98%)
2026-08-01 17:32:45,260 - INFO - 📅 Fetching Basic Metadata: Poker Club
2026-08-01 17:32:45,339 - INFO - 🎯 IGDB Match: 'Poker Club' (100%)
2026-08-01 17:32:45,346 - INFO - 📅 Fetching Basic Metadata: The Sims 4 The Daring Lifestyle Bundle
2026-08-01 17:32:45,478 - INFO - 🎯 IGDB Match: 'The Sims 4: The Daring Lifestyle Bundle' (99%)
2026-08-01 17:32:45,487 - INFO - 📅 Fetching Basic Metadata: Dodo Peak
2026-08-01 17:32:45,620 - INFO - 🎯 IGDB Match: 'Dodo Peak' (100%)
2026-08-01 17:32:45,626 - INFO - 📅 Fetching Basic Metadata: Spelldrifter
2026-08-01 17:32:45,735 - INFO - 🎯 IGDB Match: 'Spelldrifter' (100%)
2026-08-01 17:32:45,742 - INFO - 📅 Fetching Basic Metadata: Model Builder
2026-08-01 17:32:45,818 - INFO - 🎯 IGDB Match: 'Model Builder' (100%)
2026-08-01 17:32:45,824 - INFO - 📅 Fetching Basic Metadata: Godlike Burger
2026-08-01 17:32:45,898 - INFO - 🎯 IGDB Match: 'Godlike Burger' (100%)
2026-08-01 17:32:45,904 - INFO - 📅 Fetching Basic Metadata: Q.U.B.E. Ultimate Bundle
2026-08-01 17:32:46,020 - INFO - 🎯 IGDB Match: 'Q.U.B.E. Ultimate Bundle' (100%)
2026-08-01 17:32:46,028 - INFO - 📅 Fetching Basic Metadata: Jitsu Squad
2026-08-01 17:32:46,159 - INFO - 🎯 IGDB Match: 'Jitsu Squad' (100%)
2026-08-01 17:32:46,165 - INFO - 📅 Fetching Basic Metadata: Mighty Fight Federation
2026-08-01 17:32:46,288 - INFO - 🎯 IGDB Match: 'Mighty Fight Federation' (100%)
2026-08-01 17:32:46,298 - INFO - 📅 Fetching Basic Metadata: LOVE
2026-08-01 17:32:46,406 - INFO - 🎯 IGDB Match: 'Love Love Love' (90%)
2026-08-01 17:32:46,414 - INFO - 📅 Fetching Basic Metadata: Call of The Wild: The Angler
2026-08-01 17:32:46,489 - INFO - 🎯 IGDB Match: 'Call of the Wild: The Angler' (100%)
2026-08-01 17:32:46,498 - INFO - 📅 Fetching Basic Metadata: The Falconeer
2026-08-01 17:32:46,561 - WARNING - IGDB Error for The Falconeer: string indices must be integers, not 'str'
2026-08-01 17:32:46,569 - INFO - 📅 Fetching Basic Metadata: Rawmen: Food Fighter Arena
2026-08-01 17:32:46,702 - WARNING - IGDB Error for Rawmen: Food Fighter Arena: string indices must be integers, not 'str'
2026-08-01 17:32:46,709 - INFO - 📅 Fetching Basic Metadata: World of Warships – Starter Pack: Albany
2026-08-01 17:32:46,830 - WARNING - IGDB Error for World of Warships – Starter Pack: Albany: string indices must be integers, not 'str'
2026-08-01 17:32:46,837 - INFO - 📅 Fetching Basic Metadata: Fallout Classic Edition
2026-08-01 17:32:46,900 - WARNING - IGDB Error for Fallout Classic Edition: string indices must be integers, not 'str'
2026-08-01 17:32:46,907 - INFO - 📅 Fetching Basic Metadata: Outliver: Tribulation
2026-08-01 17:32:46,974 - WARNING - IGDB Error for Outliver: Tribulation: string indices must be integers, not 'str'
2026-08-01 17:32:46,983 - INFO - 📅 Fetching Basic Metadata: Bus Simulator 21 Next Stop
2026-08-01 17:32:47,044 - WARNING - IGDB Error for Bus Simulator 21 Next Stop: string indices must be integers, not 'str'
2026-08-01 17:32:47,052 - INFO - 📅 Fetching Basic Metadata: Turmoil
2026-08-01 17:32:47,119 - WARNING - IGDB Error for Turmoil: string indices must be integers, not 'str'
2026-08-01 17:32:47,127 - INFO - 📅 Fetching Basic Metadata: World War Z Aftermath
2026-08-01 17:32:47,190 - WARNING - IGDB Error for World War Z Aftermath: string indices must be integers, not 'str'
2026-08-01 17:32:47,197 - INFO - 📅 Fetching Basic Metadata: World Of Warships – Anniversary Party Flavor
2026-08-01 17:32:47,320 - WARNING - IGDB Error for World Of Warships – Anniversary Party Flavor: string indices must be integers, not 'str'
2026-08-01 17:32:47,327 - INFO - 📅 Fetching Basic Metadata: Neko Ghost, Jump!
2026-08-01 17:32:47,389 - WARNING - IGDB Error for Neko Ghost, Jump!: string indices must be integers, not 'str'
2026-08-01 17:32:47,396 - INFO - 📅 Fetching Basic Metadata: Super Space Club
2026-08-01 17:32:47,459 - WARNING - IGDB Error for Super Space Club: string indices must be integers, not 'str'
2026-08-01 17:32:47,466 - INFO - 📅 Fetching Basic Metadata: Touch Type Tale
2026-08-01 17:32:47,530 - WARNING - IGDB Error for Touch Type Tale: string indices must be integers, not 'str'
2026-08-01 17:32:47,537 - INFO - 📅 Fetching Basic Metadata: Gigapocalypse
2026-08-01 17:32:47,598 - WARNING - IGDB Error for Gigapocalypse: string indices must be integers, not 'str'
2026-08-01 17:32:47,606 - INFO - 📅 Fetching Basic Metadata: Legion TD2
2026-08-01 17:32:47,666 - WARNING - IGDB Error for Legion TD2: string indices must be integers, not 'str'
2026-08-01 17:32:47,682 - INFO - 📅 Fetching Basic Metadata: Nightingale
2026-08-01 17:32:47,773 - INFO - 🎯 IGDB Match: 'Nightingale' (100%)
2026-08-01 17:32:47,781 - INFO - 📅 Fetching Basic Metadata: Godzilla Voxel Wars
2026-08-01 17:32:47,855 - INFO - 🎯 IGDB Match: 'Godzilla Voxel Wars' (100%)
2026-08-01 17:32:47,863 - INFO - 📅 Fetching Basic Metadata: Trine Classic Collection
2026-08-01 17:32:47,938 - INFO - 🎯 IGDB Match: 'Trine Classic Collection' (100%)
2026-08-01 17:32:47,946 - INFO - 📅 Fetching Basic Metadata: Poison Retro Set
2026-08-01 17:32:48,052 - INFO - 🎯 IGDB Match: 'Pixel Gun 3D: Poison Retro Set' (90%)
2026-08-01 17:32:48,058 - INFO - 📅 Fetching Basic Metadata: The Darkside Detective A Fumble in the Dark
2026-08-01 17:32:48,131 - INFO - 🎯 IGDB Match: 'The Darkside Detective: A Fumble in the Dark' (99%)
2026-08-01 17:32:48,137 - INFO - 📅 Fetching Basic Metadata: Return to Ash
2026-08-01 17:32:48,210 - INFO - 🎯 IGDB Match: 'Return to Ash' (100%)
2026-08-01 17:32:48,217 - INFO - 🏢 Publisher Search: STALCRAFT: X Starter Edition
2026-08-01 17:32:49,591 - INFO - 📅 Fetching Basic Metadata: STALCRAFT: X Starter Edition
2026-08-01 17:32:49,672 - INFO - 📅 Fetching Basic Metadata: Boxes: Lost Fragments
2026-08-01 17:32:49,746 - INFO - 🎯 IGDB Match: 'Boxes: Lost Fragments' (100%)
2026-08-01 17:32:49,752 - INFO - 📅 Fetching Basic Metadata: My Night Job
2026-08-01 17:32:49,848 - INFO - 🎯 IGDB Match: 'My Night Job' (100%)
2026-08-01 17:32:49,855 - INFO - 📅 Fetching Basic Metadata: Electrician Simulator
2026-08-01 17:32:49,927 - INFO - 🎯 IGDB Match: 'Electrician Simulator' (100%)
2026-08-01 17:32:49,933 - INFO - 🏢 Publisher Search: World of Warships — Epic Anniversary Tachibana Pack
2026-08-01 17:32:51,294 - INFO - 📅 Fetching Basic Metadata: World of Warships — Epic Anniversary Tachibana Pack
2026-08-01 17:32:51,374 - INFO - 📅 Fetching Basic Metadata: Hyper Echelon
2026-08-01 17:32:51,477 - INFO - 🎯 IGDB Match: 'Hyper Echelon' (100%)
2026-08-01 17:32:51,484 - INFO - 📅 Fetching Basic Metadata: Havendock
2026-08-01 17:32:51,561 - INFO - 🎯 IGDB Match: 'Havendock' (100%)
2026-08-01 17:32:51,567 - INFO - 📅 Fetching Basic Metadata: Clone Drone in the Danger Zone
2026-08-01 17:32:51,640 - INFO - 🎯 IGDB Match: 'Clone Drone in the Danger Zone' (100%)
2026-08-01 17:32:51,646 - INFO - 🏢 Publisher Search: TOMAK: Save the Earth Regeneration
2026-08-01 17:32:52,951 - INFO - 📅 Fetching Basic Metadata: TOMAK: Save the Earth Regeneration
2026-08-01 17:32:53,051 - INFO - 🎯 IGDB Match: 'Tomak: Save the Earth Regeneration' (100%)
2026-08-01 17:32:53,058 - INFO - 📅 Fetching Basic Metadata: Prop Sumo
2026-08-01 17:32:53,133 - INFO - 🎯 IGDB Match: 'Prop Sumo' (100%)
2026-08-01 17:32:53,140 - INFO - 📅 Fetching Basic Metadata: The Stone of Madness
2026-08-01 17:32:53,249 - INFO - 🎯 IGDB Match: 'The Stone of Madness' (100%)
2026-08-01 17:32:53,255 - INFO - 📅 Fetching Basic Metadata: Firestone Online Idle RPG
2026-08-01 17:32:53,328 - INFO - 🎯 IGDB Match: 'Firestone: Online Idle RPG' (98%)
2026-08-01 17:32:53,334 - INFO - 📅 Fetching Basic Metadata: Oddsparks: An Automation Adventure
2026-08-01 17:32:53,407 - INFO - 🎯 IGDB Match: 'Oddsparks: An Automation Adventure' (100%)
2026-08-01 17:32:53,414 - INFO - 📅 Fetching Basic Metadata: Trash Goblin
2026-08-01 17:32:53,551 - INFO - 🎯 IGDB Match: 'Trash Goblin' (100%)
2026-08-01 17:32:53,557 - INFO - 🏢 Publisher Search: The Telltale Batman Shadows Edition
2026-08-01 17:32:54,847 - INFO - 📅 Fetching Basic Metadata: The Telltale Batman Shadows Edition
2026-08-01 17:32:54,955 - INFO - 🎯 IGDB Match: 'Telltale Batman Shadows Edition' (95%)
2026-08-01 17:32:54,962 - INFO - 🏢 Publisher Search: Sunderfolk - Standard Edition
2026-08-01 17:32:56,295 - INFO - 📅 Fetching Basic Metadata: Sunderfolk - Standard Edition
2026-08-01 17:32:56,376 - INFO - 📅 Fetching Basic Metadata: Down in Bermuda
2026-08-01 17:32:56,451 - INFO - 🎯 IGDB Match: 'Down in Bermuda' (100%)
2026-08-01 17:32:56,457 - INFO - 📅 Fetching Basic Metadata: Tomb Raider I-III Remastered Starring Lara Croft
2026-08-01 17:32:56,535 - INFO - 📅 Fetching Basic Metadata: LONESTAR
2026-08-01 17:32:56,608 - INFO - 🎯 IGDB Match: 'LoneStar' (100%)
2026-08-01 17:32:56,614 - INFO - 📅 Fetching Basic Metadata: Calico
2026-08-01 17:32:56,690 - INFO - 🎯 IGDB Match: 'Calico' (100%)
2026-08-01 17:32:56,697 - INFO - 📅 Fetching Basic Metadata: Rogue Waters
2026-08-01 17:32:56,773 - INFO - 🎯 IGDB Match: 'Rogue Waters' (100%)
2026-08-01 17:32:56,779 - INFO - 📅 Fetching Basic Metadata: The Ouroboros King
2026-08-01 17:32:56,852 - INFO - 🎯 IGDB Match: 'The Ouroboros King' (100%)
2026-08-01 17:32:56,859 - INFO - 🏢 Publisher Search: Warhammer 40K Speed Freeks
2026-08-01 17:32:58,177 - INFO - 📅 Fetching Basic Metadata: I Have No Mouth, and I Must Scream
2026-08-01 17:32:58,251 - INFO - 🎯 IGDB Match: 'I Have No Mouth, and I Must Scream' (100%)
2026-08-01 17:32:58,257 - INFO - 📅 Fetching Basic Metadata: Nova Lands
2026-08-01 17:32:58,371 - INFO - 🎯 IGDB Match: 'Nova Lands' (100%)
2026-08-01 17:32:58,378 - INFO - 📅 Fetching Basic Metadata: Tattoo Tycoon
2026-08-01 17:32:58,461 - INFO - 🎯 IGDB Match: 'Tattoo Tycoon' (100%)
2026-08-01 17:32:58,467 - INFO - 📅 Fetching Basic Metadata: Echo Generation: Midnight Edition
2026-08-01 17:32:58,540 - INFO - 🎯 IGDB Match: 'Echo Generation: Midnight Edition' (100%)
2026-08-01 17:32:58,546 - INFO - 💰 Price Search: Foretales
2026-08-01 17:32:59,674 - WARNING - Price error for Foretales: string indices must be integers, not 'str'
2026-08-01 17:32:59,675 - INFO - 📅 Fetching Basic Metadata: Foretales
2026-08-01 17:32:59,749 - INFO - 🎯 IGDB Match: 'Foretales' (100%)
2026-08-01 17:32:59,755 - INFO - 💰 Price Search: OTXO
2026-08-01 17:33:00,810 - WARNING - Price error for OTXO: string indices must be integers, not 'str'
2026-08-01 17:33:00,811 - INFO - 💰 Price Search: Sol Cesto
2026-08-01 17:33:01,858 - WARNING - Price error for Sol Cesto: string indices must be integers, not 'str'
2026-08-01 17:33:01,859 - INFO - 📅 Fetching Basic Metadata: Sol Cesto
2026-08-01 17:33:01,932 - INFO - 🎯 IGDB Match: 'Sol Cesto' (100%)
2026-08-01 17:33:01,943 - INFO - 
--- Starting Data Quality Checks ---
2026-08-01 17:33:01,956 - INFO - --- Data Quality Checks Complete ---

2026-08-01 17:33:01,987 - INFO - | Metric | Statistics |
| :--- | :--- |
| 💰 **Total Market Value** | **$13,332.99** |
| 📦 **Total Games Collected** | 693 |
| 🏷️ **Average Retail Price** | $22.25 per game |
| 💎 **Most Expensive Title** | Civilization 6 Platinum Edition ($79.99) |
| 👑 **MVP Publisher** | Bethesda Softworks |
| 🏢 **Value Leaders** | 2K ($579.90), Bethesda Softworks ($544.80), Paradox Interactive ($409.89) |
| 📈 **Inflation-Adjusted Value** | $15,130.23 |
| 🎈 **Inflation Bonus** | **+$1,797.24** in purchasing power |
| 🗓️ **Peak Saving Month** | 🎄 **Seasonality Peak:** December is historically the best month, offering $3,388.17 in savings. |
| ⭐ **Average Score** | 76.9/100 |
| 💳 **Subscription Equivalent** | **$169.48 / mo** |
| 🎯 **Prestige Ratio** | **2.0%** (Strategic Hype) |
| 🏎️ **Lead Time Avg** | 441 Days to Sequel |

2026-08-01 17:33:01,988 - INFO - ✅ README.md updated.
2026-08-01 17:33:02,013 - INFO - Using categorical units to plot a list of strings that are all parsable as floats or dates. If these strings should be plotted as numbers, cast to the appropriate data type before plotting.
2026-08-01 17:33:02,014 - INFO - Using categorical units to plot a list of strings that are all parsable as floats or dates. If these strings should be plotted as numbers, cast to the appropriate data type before plotting.
2026-08-01 17:33:08,404 - INFO - 📈 All charts generated successfully.
