2026-08-10 17:24:49,728 - INFO - Failed to extract font properties from /usr/share/fonts/truetype/noto/NotoColorEmoji.ttf: Non-scalable fonts are not supported
2026-08-10 17:24:50,371 - INFO - generated new fontManager
2026-08-10 17:24:50,747 - INFO - ✅ Migration Successful!
2026-08-10 17:24:51,204 - INFO - No new games found.
2026-08-10 17:24:51,706 - INFO - 🔍 Found 618 games needing metadata. Starting IGDB + Steam + CheapShark enrichment...
2026-08-10 17:24:51,800 - INFO - 📅 Fetching Basic Metadata: LEGO Batman Trilogy
2026-08-10 17:24:52,328 - INFO - 🎯 IGDB Match: 'LEGO Batman Trilogy' (100%)
2026-08-10 17:24:52,357 - INFO - 📅 Fetching Basic Metadata: Antstream
2026-08-10 17:24:52,567 - INFO - 📅 Fetching Basic Metadata: The Drone Racing League Simulator
2026-08-10 17:24:52,833 - INFO - 🎯 IGDB Match: 'The Drone Racing League Simulator' (100%)
2026-08-10 17:24:52,841 - INFO - 📅 Fetching Basic Metadata: Dark Deity
2026-08-10 17:24:52,983 - INFO - 🎯 IGDB Match: 'Dark Deity' (100%)
2026-08-10 17:24:52,990 - INFO - 📅 Fetching Basic Metadata: RPG in a Box
2026-08-10 17:24:53,131 - INFO - 🎯 IGDB Match: 'RPG in a Box' (100%)
2026-08-10 17:24:53,139 - INFO - 📅 Fetching Basic Metadata: Fallout Classic Collection
2026-08-10 17:24:53,250 - INFO - 🎯 IGDB Match: 'Fallout Classic Collection' (100%)
2026-08-10 17:24:53,259 - INFO - 📅 Fetching Basic Metadata: Recipe for Disaster
2026-08-10 17:24:53,457 - INFO - 🎯 IGDB Match: 'Recipe For Disaster' (100%)
2026-08-10 17:24:53,464 - INFO - 📅 Fetching Basic Metadata: World of Warships — Starter Pack: Ishizuchi
2026-08-10 17:24:53,569 - INFO - 🎯 IGDB Match: 'World of Warships: Starter Pack - Ishizuchi' (98%)
2026-08-10 17:24:53,576 - INFO - 📅 Fetching Basic Metadata: Poker Club
2026-08-10 17:24:53,838 - INFO - 🎯 IGDB Match: 'Poker Club' (100%)
2026-08-10 17:24:53,845 - INFO - 📅 Fetching Basic Metadata: The Sims 4 The Daring Lifestyle Bundle
2026-08-10 17:24:54,039 - INFO - 🎯 IGDB Match: 'The Sims 4: The Daring Lifestyle Bundle' (99%)
2026-08-10 17:24:54,048 - INFO - 📅 Fetching Basic Metadata: Dodo Peak
2026-08-10 17:24:54,149 - INFO - 🎯 IGDB Match: 'Dodo Peak' (100%)
2026-08-10 17:24:54,156 - INFO - 📅 Fetching Basic Metadata: Spelldrifter
2026-08-10 17:24:54,461 - INFO - 🎯 IGDB Match: 'Spelldrifter' (100%)
2026-08-10 17:24:54,468 - INFO - 📅 Fetching Basic Metadata: Model Builder
2026-08-10 17:24:54,622 - INFO - 🎯 IGDB Match: 'Model Builder' (100%)
2026-08-10 17:24:54,629 - INFO - 📅 Fetching Basic Metadata: Godlike Burger
2026-08-10 17:24:54,732 - INFO - 🎯 IGDB Match: 'Godlike Burger' (100%)
2026-08-10 17:24:54,739 - INFO - 📅 Fetching Basic Metadata: Q.U.B.E. Ultimate Bundle
2026-08-10 17:24:54,933 - INFO - 🎯 IGDB Match: 'Q.U.B.E. Ultimate Bundle' (100%)
2026-08-10 17:24:54,940 - INFO - 📅 Fetching Basic Metadata: Jitsu Squad
2026-08-10 17:24:55,215 - INFO - 🎯 IGDB Match: 'Jitsu Squad' (100%)
2026-08-10 17:24:55,221 - INFO - 📅 Fetching Basic Metadata: Mighty Fight Federation
2026-08-10 17:24:55,427 - INFO - 🎯 IGDB Match: 'Mighty Fight Federation' (100%)
2026-08-10 17:24:55,437 - INFO - 📅 Fetching Basic Metadata: LOVE
2026-08-10 17:24:55,575 - INFO - 🎯 IGDB Match: 'Love Love Love' (90%)
2026-08-10 17:24:55,583 - INFO - 📅 Fetching Basic Metadata: Call of The Wild: The Angler
2026-08-10 17:24:55,780 - INFO - 🎯 IGDB Match: 'Call of the Wild: The Angler' (100%)
2026-08-10 17:24:55,789 - INFO - 📅 Fetching Basic Metadata: The Falconeer
2026-08-10 17:24:55,922 - INFO - 🎯 IGDB Match: 'The Falconeer: The Hunter' (90%)
2026-08-10 17:24:55,929 - INFO - 📅 Fetching Basic Metadata: Rawmen: Food Fighter Arena
2026-08-10 17:24:56,041 - INFO - 🎯 IGDB Match: 'Rawmen' (90%)
2026-08-10 17:24:56,048 - INFO - 📅 Fetching Basic Metadata: World of Warships – Starter Pack: Albany
2026-08-10 17:24:56,157 - INFO - 📅 Fetching Basic Metadata: Fallout Classic Edition
2026-08-10 17:24:56,361 - INFO - 📅 Fetching Basic Metadata: Outliver: Tribulation
2026-08-10 17:24:56,465 - INFO - 🎯 IGDB Match: 'Outliver: Tribulation' (100%)
2026-08-10 17:24:56,473 - INFO - 📅 Fetching Basic Metadata: Bus Simulator 21 Next Stop
2026-08-10 17:24:56,581 - INFO - 🎯 IGDB Match: 'Bus Simulator 21: Next Stop' (98%)
2026-08-10 17:24:56,589 - INFO - 📅 Fetching Basic Metadata: Turmoil
2026-08-10 17:24:56,785 - WARNING - IGDB Error for Turmoil: string indices must be integers, not 'str'
2026-08-10 17:24:56,793 - INFO - 📅 Fetching Basic Metadata: World War Z Aftermath
2026-08-10 17:24:56,890 - INFO - 🎯 IGDB Match: 'World War Z: Aftermath' (98%)
2026-08-10 17:24:56,897 - INFO - 📅 Fetching Basic Metadata: World Of Warships – Anniversary Party Flavor
2026-08-10 17:24:57,025 - INFO - 📅 Fetching Basic Metadata: Neko Ghost, Jump!
2026-08-10 17:24:57,221 - INFO - 🎯 IGDB Match: 'Neko Ghost, Jump!' (100%)
2026-08-10 17:24:57,228 - INFO - 📅 Fetching Basic Metadata: Super Space Club
2026-08-10 17:24:57,423 - INFO - 🎯 IGDB Match: 'Super Space Club' (100%)
2026-08-10 17:24:57,430 - INFO - 📅 Fetching Basic Metadata: Touch Type Tale
2026-08-10 17:24:57,685 - INFO - 🎯 IGDB Match: 'Touch Type Tale' (100%)
2026-08-10 17:24:57,692 - INFO - 📅 Fetching Basic Metadata: Gigapocalypse
2026-08-10 17:24:57,794 - INFO - 🎯 IGDB Match: 'Gigapocalypse' (100%)
2026-08-10 17:24:57,802 - INFO - 📅 Fetching Basic Metadata: Legion TD2
2026-08-10 17:24:57,895 - WARNING - IGDB Error for Legion TD2: string indices must be integers, not 'str'
2026-08-10 17:24:57,905 - INFO - 📅 Fetching Basic Metadata: Nightingale
2026-08-10 17:24:58,010 - INFO - 🎯 IGDB Match: 'Nightingale' (100%)
2026-08-10 17:24:58,018 - INFO - 📅 Fetching Basic Metadata: Godzilla Voxel Wars
2026-08-10 17:24:58,124 - INFO - 🎯 IGDB Match: 'Godzilla Voxel Wars' (100%)
2026-08-10 17:24:58,132 - INFO - 📅 Fetching Basic Metadata: Trine Classic Collection
2026-08-10 17:24:58,221 - WARNING - IGDB Error for Trine Classic Collection: string indices must be integers, not 'str'
2026-08-10 17:24:58,228 - INFO - 📅 Fetching Basic Metadata: Poison Retro Set
2026-08-10 17:24:58,330 - WARNING - IGDB Error for Poison Retro Set: string indices must be integers, not 'str'
2026-08-10 17:24:58,336 - INFO - 📅 Fetching Basic Metadata: The Darkside Detective A Fumble in the Dark
2026-08-10 17:24:58,426 - WARNING - IGDB Error for The Darkside Detective A Fumble in the Dark: string indices must be integers, not 'str'
2026-08-10 17:24:58,433 - INFO - 📅 Fetching Basic Metadata: Return to Ash
2026-08-10 17:24:58,523 - WARNING - IGDB Error for Return to Ash: string indices must be integers, not 'str'
2026-08-10 17:24:58,530 - INFO - 🏢 Publisher Search: STALCRAFT: X Starter Edition
2026-08-10 17:24:59,931 - INFO - 📅 Fetching Basic Metadata: STALCRAFT: X Starter Edition
2026-08-10 17:25:00,142 - INFO - 📅 Fetching Basic Metadata: Boxes: Lost Fragments
2026-08-10 17:25:00,339 - INFO - 🎯 IGDB Match: 'Boxes: Lost Fragments' (100%)
2026-08-10 17:25:00,345 - INFO - 📅 Fetching Basic Metadata: My Night Job
2026-08-10 17:25:00,450 - INFO - 🎯 IGDB Match: 'My Night Job' (100%)
2026-08-10 17:25:00,457 - INFO - 📅 Fetching Basic Metadata: Electrician Simulator
2026-08-10 17:25:00,561 - INFO - 🎯 IGDB Match: 'Electrician Simulator' (100%)
2026-08-10 17:25:00,567 - INFO - 🏢 Publisher Search: World of Warships — Epic Anniversary Tachibana Pack
2026-08-10 17:25:01,953 - INFO - 📅 Fetching Basic Metadata: World of Warships — Epic Anniversary Tachibana Pack
2026-08-10 17:25:02,152 - INFO - 📅 Fetching Basic Metadata: Hyper Echelon
2026-08-10 17:25:02,348 - INFO - 🎯 IGDB Match: 'Hyper Echelon' (100%)
2026-08-10 17:25:02,355 - INFO - 📅 Fetching Basic Metadata: Havendock
2026-08-10 17:25:02,460 - INFO - 🎯 IGDB Match: 'Havendock' (100%)
2026-08-10 17:25:02,467 - INFO - 📅 Fetching Basic Metadata: Clone Drone in the Danger Zone
2026-08-10 17:25:02,657 - INFO - 🎯 IGDB Match: 'Clone Drone in the Danger Zone' (100%)
2026-08-10 17:25:02,664 - INFO - 🏢 Publisher Search: TOMAK: Save the Earth Regeneration
2026-08-10 17:25:04,029 - INFO - 📅 Fetching Basic Metadata: TOMAK: Save the Earth Regeneration
2026-08-10 17:25:04,243 - INFO - 🎯 IGDB Match: 'Tomak: Save the Earth Regeneration' (100%)
2026-08-10 17:25:04,250 - INFO - 📅 Fetching Basic Metadata: Prop Sumo
2026-08-10 17:25:04,446 - INFO - 🎯 IGDB Match: 'Prop Sumo' (100%)
2026-08-10 17:25:04,452 - INFO - 📅 Fetching Basic Metadata: The Stone of Madness
2026-08-10 17:25:04,557 - INFO - 🎯 IGDB Match: 'The Stone of Madness' (100%)
2026-08-10 17:25:04,564 - INFO - 📅 Fetching Basic Metadata: Firestone Online Idle RPG
2026-08-10 17:25:04,756 - INFO - 🎯 IGDB Match: 'Firestone: Online Idle RPG' (98%)
2026-08-10 17:25:04,763 - INFO - 📅 Fetching Basic Metadata: Oddsparks: An Automation Adventure
2026-08-10 17:25:04,909 - INFO - 🎯 IGDB Match: 'Oddsparks: An Automation Adventure' (100%)
2026-08-10 17:25:04,916 - INFO - 📅 Fetching Basic Metadata: Trash Goblin
2026-08-10 17:25:05,110 - INFO - 🎯 IGDB Match: 'Trash Goblin' (100%)
2026-08-10 17:25:05,117 - INFO - 🏢 Publisher Search: The Telltale Batman Shadows Edition
2026-08-10 17:25:06,515 - INFO - 📅 Fetching Basic Metadata: The Telltale Batman Shadows Edition
2026-08-10 17:25:06,705 - INFO - 🎯 IGDB Match: 'Telltale Batman Shadows Edition' (95%)
2026-08-10 17:25:06,712 - INFO - 🏢 Publisher Search: Sunderfolk - Standard Edition
2026-08-10 17:25:08,105 - INFO - 📅 Fetching Basic Metadata: Sunderfolk - Standard Edition
2026-08-10 17:25:08,212 - INFO - 📅 Fetching Basic Metadata: Down in Bermuda
2026-08-10 17:25:08,404 - INFO - 🎯 IGDB Match: 'Down in Bermuda' (100%)
2026-08-10 17:25:08,410 - INFO - 📅 Fetching Basic Metadata: Tomb Raider I-III Remastered Starring Lara Croft
2026-08-10 17:25:08,521 - INFO - 📅 Fetching Basic Metadata: LONESTAR
2026-08-10 17:25:08,750 - INFO - 🎯 IGDB Match: 'LoneStar' (100%)
2026-08-10 17:25:08,757 - INFO - 📅 Fetching Basic Metadata: Calico
2026-08-10 17:25:08,974 - INFO - 🎯 IGDB Match: 'Calico' (100%)
2026-08-10 17:25:08,980 - INFO - 📅 Fetching Basic Metadata: Rogue Waters
2026-08-10 17:25:09,173 - INFO - 🎯 IGDB Match: 'Rogue Waters' (100%)
2026-08-10 17:25:09,180 - INFO - 📅 Fetching Basic Metadata: The Ouroboros King
2026-08-10 17:25:09,278 - INFO - 🎯 IGDB Match: 'The Ouroboros King' (100%)
2026-08-10 17:25:09,284 - INFO - 🏢 Publisher Search: Warhammer 40K Speed Freeks
2026-08-10 17:25:10,722 - INFO - 📅 Fetching Basic Metadata: I Have No Mouth, and I Must Scream
2026-08-10 17:25:10,822 - INFO - 🎯 IGDB Match: 'I Have No Mouth, and I Must Scream' (100%)
2026-08-10 17:25:10,829 - INFO - 📅 Fetching Basic Metadata: Nova Lands
2026-08-10 17:25:10,933 - INFO - 🎯 IGDB Match: 'Nova Lands' (100%)
2026-08-10 17:25:10,939 - INFO - 📅 Fetching Basic Metadata: Tattoo Tycoon
2026-08-10 17:25:11,069 - INFO - 🎯 IGDB Match: 'Tattoo Tycoon' (100%)
2026-08-10 17:25:11,076 - INFO - 📅 Fetching Basic Metadata: Echo Generation: Midnight Edition
2026-08-10 17:25:11,180 - INFO - 🎯 IGDB Match: 'Echo Generation: Midnight Edition' (100%)
2026-08-10 17:25:11,187 - INFO - 💰 Price Search: Foretales
2026-08-10 17:25:12,296 - WARNING - Price error for Foretales: string indices must be integers, not 'str'
2026-08-10 17:25:12,296 - INFO - 📅 Fetching Basic Metadata: Foretales
2026-08-10 17:25:12,394 - INFO - 🎯 IGDB Match: 'Foretales' (100%)
2026-08-10 17:25:12,400 - INFO - 💰 Price Search: OTXO
2026-08-10 17:25:13,455 - WARNING - Price error for OTXO: string indices must be integers, not 'str'
2026-08-10 17:25:13,456 - INFO - 💰 Price Search: Sol Cesto
2026-08-10 17:25:14,505 - WARNING - Price error for Sol Cesto: string indices must be integers, not 'str'
2026-08-10 17:25:14,505 - INFO - 📅 Fetching Basic Metadata: Sol Cesto
2026-08-10 17:25:14,607 - INFO - 🎯 IGDB Match: 'Sol Cesto' (100%)
2026-08-10 17:25:14,614 - INFO - 💰 Price Search: Beacon Pines
2026-08-10 17:25:15,663 - WARNING - Price error for Beacon Pines: string indices must be integers, not 'str'
2026-08-10 17:25:15,670 - INFO - 
--- Starting Data Quality Checks ---
2026-08-10 17:25:15,683 - INFO - --- Data Quality Checks Complete ---

2026-08-10 17:25:15,713 - INFO - | Metric | Statistics |
| :--- | :--- |
| 💰 **Total Market Value** | **$13,332.99** |
| 📦 **Total Games Collected** | 695 |
| 🏷️ **Average Retail Price** | $22.21 per game |
| 💎 **Most Expensive Title** | Civilization 6 Platinum Edition ($79.99) |
| 👑 **MVP Publisher** | Bethesda Softworks |
| 🏢 **Value Leaders** | 2K ($579.90), Bethesda Softworks ($544.80), Paradox Interactive ($409.89) |
| 📈 **Inflation-Adjusted Value** | $15,130.23 |
| 🎈 **Inflation Bonus** | **+$1,797.24** in purchasing power |
| 🗓️ **Peak Saving Month** | 🎄 **Seasonality Peak:** December is historically the best month, offering $3,388.17 in savings. |
| ⭐ **Average Score** | 76.9/100 |
| 💳 **Subscription Equivalent** | **$167.78 / mo** |
| 🎯 **Prestige Ratio** | **2.0%** (Strategic Hype) |
| 🏎️ **Lead Time Avg** | 441 Days to Sequel |

2026-08-10 17:25:15,714 - INFO - ✅ README.md updated.
2026-08-10 17:25:15,738 - INFO - Using categorical units to plot a list of strings that are all parsable as floats or dates. If these strings should be plotted as numbers, cast to the appropriate data type before plotting.
2026-08-10 17:25:15,739 - INFO - Using categorical units to plot a list of strings that are all parsable as floats or dates. If these strings should be plotted as numbers, cast to the appropriate data type before plotting.
2026-08-10 17:25:22,035 - INFO - 📈 All charts generated successfully.
