2026-07-31 18:03:46,663 - INFO - Failed to extract font properties from /usr/share/fonts/truetype/noto/NotoColorEmoji.ttf: Non-scalable fonts are not supported
2026-07-31 18:03:46,703 - INFO - generated new fontManager
2026-07-31 18:03:47,090 - INFO - ✅ Migration Successful!
2026-07-31 18:03:47,211 - INFO - No new games found.
2026-07-31 18:03:47,740 - INFO - 🔍 Found 616 games needing metadata. Starting IGDB + Steam + CheapShark enrichment...
2026-07-31 18:03:47,854 - INFO - 📅 Fetching Basic Metadata: LEGO Batman Trilogy
2026-07-31 18:03:48,232 - INFO - 🎯 IGDB Match: 'LEGO Batman Trilogy' (100%)
2026-07-31 18:03:48,255 - INFO - 📅 Fetching Basic Metadata: Antstream
2026-07-31 18:03:48,480 - INFO - 📅 Fetching Basic Metadata: The Drone Racing League Simulator
2026-07-31 18:03:48,732 - INFO - 🎯 IGDB Match: 'The Drone Racing League Simulator' (100%)
2026-07-31 18:03:48,739 - INFO - 📅 Fetching Basic Metadata: Dark Deity
2026-07-31 18:03:48,842 - INFO - 🎯 IGDB Match: 'Dark Deity' (100%)
2026-07-31 18:03:48,849 - INFO - 📅 Fetching Basic Metadata: RPG in a Box
2026-07-31 18:03:49,055 - INFO - 🎯 IGDB Match: 'RPG in a Box' (100%)
2026-07-31 18:03:49,062 - INFO - 📅 Fetching Basic Metadata: Fallout Classic Collection
2026-07-31 18:03:49,296 - INFO - 🎯 IGDB Match: 'Fallout Classic Collection' (100%)
2026-07-31 18:03:49,305 - INFO - 📅 Fetching Basic Metadata: Recipe for Disaster
2026-07-31 18:03:49,564 - INFO - 🎯 IGDB Match: 'Recipe For Disaster' (100%)
2026-07-31 18:03:49,571 - INFO - 📅 Fetching Basic Metadata: World of Warships — Starter Pack: Ishizuchi
2026-07-31 18:03:49,671 - INFO - 🎯 IGDB Match: 'World of Warships: Starter Pack - Ishizuchi' (98%)
2026-07-31 18:03:49,678 - INFO - 📅 Fetching Basic Metadata: Poker Club
2026-07-31 18:03:49,904 - INFO - 🎯 IGDB Match: 'Poker Club' (100%)
2026-07-31 18:03:49,911 - INFO - 📅 Fetching Basic Metadata: The Sims 4 The Daring Lifestyle Bundle
2026-07-31 18:03:50,119 - INFO - 🎯 IGDB Match: 'The Sims 4: The Daring Lifestyle Bundle' (99%)
2026-07-31 18:03:50,127 - INFO - 📅 Fetching Basic Metadata: Dodo Peak
2026-07-31 18:03:50,233 - INFO - 🎯 IGDB Match: 'Dodo Peak' (100%)
2026-07-31 18:03:50,240 - INFO - 📅 Fetching Basic Metadata: Spelldrifter
2026-07-31 18:03:50,485 - INFO - 🎯 IGDB Match: 'Spelldrifter' (100%)
2026-07-31 18:03:50,491 - INFO - 📅 Fetching Basic Metadata: Model Builder
2026-07-31 18:03:50,592 - INFO - 🎯 IGDB Match: 'Model Builder' (100%)
2026-07-31 18:03:50,598 - INFO - 📅 Fetching Basic Metadata: Godlike Burger
2026-07-31 18:03:50,890 - INFO - 🎯 IGDB Match: 'Godlike Burger' (100%)
2026-07-31 18:03:50,897 - INFO - 📅 Fetching Basic Metadata: Q.U.B.E. Ultimate Bundle
2026-07-31 18:03:51,090 - INFO - 🎯 IGDB Match: 'Q.U.B.E. Ultimate Bundle' (100%)
2026-07-31 18:03:51,098 - INFO - 📅 Fetching Basic Metadata: Jitsu Squad
2026-07-31 18:03:51,289 - INFO - 🎯 IGDB Match: 'Jitsu Squad' (100%)
2026-07-31 18:03:51,296 - INFO - 📅 Fetching Basic Metadata: Mighty Fight Federation
2026-07-31 18:03:51,396 - INFO - 🎯 IGDB Match: 'Mighty Fight Federation' (100%)
2026-07-31 18:03:51,405 - INFO - 📅 Fetching Basic Metadata: LOVE
2026-07-31 18:03:51,626 - INFO - 🎯 IGDB Match: 'Love Love Love' (90%)
2026-07-31 18:03:51,634 - INFO - 📅 Fetching Basic Metadata: Call of The Wild: The Angler
2026-07-31 18:03:51,734 - INFO - 🎯 IGDB Match: 'Call of the Wild: The Angler' (100%)
2026-07-31 18:03:51,742 - INFO - 📅 Fetching Basic Metadata: The Falconeer
2026-07-31 18:03:52,025 - INFO - 🎯 IGDB Match: 'The Falconeer: The Hunter' (90%)
2026-07-31 18:03:52,032 - INFO - 📅 Fetching Basic Metadata: Rawmen: Food Fighter Arena
2026-07-31 18:03:52,133 - INFO - 🎯 IGDB Match: 'Rawmen' (90%)
2026-07-31 18:03:52,140 - INFO - 📅 Fetching Basic Metadata: World of Warships – Starter Pack: Albany
2026-07-31 18:03:52,248 - INFO - 📅 Fetching Basic Metadata: Fallout Classic Edition
2026-07-31 18:03:52,357 - INFO - 📅 Fetching Basic Metadata: Outliver: Tribulation
2026-07-31 18:03:52,455 - INFO - 🎯 IGDB Match: 'Outliver: Tribulation' (100%)
2026-07-31 18:03:52,463 - INFO - 📅 Fetching Basic Metadata: Bus Simulator 21 Next Stop
2026-07-31 18:03:52,564 - INFO - 🎯 IGDB Match: 'Bus Simulator 21: Next Stop' (98%)
2026-07-31 18:03:52,572 - INFO - 📅 Fetching Basic Metadata: Turmoil
2026-07-31 18:03:52,747 - INFO - 🎯 IGDB Match: 'Turmoil' (100%)
2026-07-31 18:03:52,754 - INFO - 📅 Fetching Basic Metadata: World War Z Aftermath
2026-07-31 18:03:52,948 - INFO - 🎯 IGDB Match: 'World War Z: Aftermath' (98%)
2026-07-31 18:03:52,955 - INFO - 📅 Fetching Basic Metadata: World Of Warships – Anniversary Party Flavor
2026-07-31 18:03:53,096 - INFO - 📅 Fetching Basic Metadata: Neko Ghost, Jump!
2026-07-31 18:03:53,297 - INFO - 🎯 IGDB Match: 'Neko Ghost, Jump!' (100%)
2026-07-31 18:03:53,304 - INFO - 📅 Fetching Basic Metadata: Super Space Club
2026-07-31 18:03:53,406 - INFO - 🎯 IGDB Match: 'Super Space Club' (100%)
2026-07-31 18:03:53,413 - INFO - 📅 Fetching Basic Metadata: Touch Type Tale
2026-07-31 18:03:53,511 - INFO - 🎯 IGDB Match: 'Touch Type Tale' (100%)
2026-07-31 18:03:53,517 - INFO - 📅 Fetching Basic Metadata: Gigapocalypse
2026-07-31 18:03:53,608 - WARNING - IGDB Error for Gigapocalypse: string indices must be integers, not 'str'
2026-07-31 18:03:53,616 - INFO - 📅 Fetching Basic Metadata: Legion TD2
2026-07-31 18:03:53,814 - INFO - 📅 Fetching Basic Metadata: Nightingale
2026-07-31 18:03:53,993 - WARNING - IGDB Error for Nightingale: string indices must be integers, not 'str'
2026-07-31 18:03:54,001 - INFO - 📅 Fetching Basic Metadata: Godzilla Voxel Wars
2026-07-31 18:03:54,093 - WARNING - IGDB Error for Godzilla Voxel Wars: string indices must be integers, not 'str'
2026-07-31 18:03:54,102 - INFO - 📅 Fetching Basic Metadata: Trine Classic Collection
2026-07-31 18:03:54,188 - WARNING - IGDB Error for Trine Classic Collection: string indices must be integers, not 'str'
2026-07-31 18:03:54,196 - INFO - 📅 Fetching Basic Metadata: Poison Retro Set
2026-07-31 18:03:54,381 - WARNING - IGDB Error for Poison Retro Set: string indices must be integers, not 'str'
2026-07-31 18:03:54,388 - INFO - 📅 Fetching Basic Metadata: The Darkside Detective A Fumble in the Dark
2026-07-31 18:03:54,480 - WARNING - IGDB Error for The Darkside Detective A Fumble in the Dark: string indices must be integers, not 'str'
2026-07-31 18:03:54,487 - INFO - 📅 Fetching Basic Metadata: Return to Ash
2026-07-31 18:03:54,579 - WARNING - IGDB Error for Return to Ash: string indices must be integers, not 'str'
2026-07-31 18:03:54,587 - INFO - 🏢 Publisher Search: STALCRAFT: X Starter Edition
2026-07-31 18:03:55,984 - INFO - 📅 Fetching Basic Metadata: STALCRAFT: X Starter Edition
2026-07-31 18:03:56,091 - INFO - 📅 Fetching Basic Metadata: Boxes: Lost Fragments
2026-07-31 18:03:56,191 - INFO - 🎯 IGDB Match: 'Boxes: Lost Fragments' (100%)
2026-07-31 18:03:56,198 - INFO - 📅 Fetching Basic Metadata: My Night Job
2026-07-31 18:03:56,391 - INFO - 🎯 IGDB Match: 'My Night Job' (100%)
2026-07-31 18:03:56,398 - INFO - 📅 Fetching Basic Metadata: Electrician Simulator
2026-07-31 18:03:56,591 - INFO - 🎯 IGDB Match: 'Electrician Simulator' (100%)
2026-07-31 18:03:56,598 - INFO - 🏢 Publisher Search: World of Warships — Epic Anniversary Tachibana Pack
2026-07-31 18:03:58,093 - INFO - 📅 Fetching Basic Metadata: World of Warships — Epic Anniversary Tachibana Pack
2026-07-31 18:03:58,298 - INFO - 📅 Fetching Basic Metadata: Hyper Echelon
2026-07-31 18:03:58,485 - INFO - 🎯 IGDB Match: 'Hyper Echelon' (100%)
2026-07-31 18:03:58,492 - INFO - 📅 Fetching Basic Metadata: Havendock
2026-07-31 18:03:58,618 - INFO - 🎯 IGDB Match: 'Havendock' (100%)
2026-07-31 18:03:58,625 - INFO - 📅 Fetching Basic Metadata: Clone Drone in the Danger Zone
2026-07-31 18:03:58,723 - INFO - 🎯 IGDB Match: 'Clone Drone in the Danger Zone' (100%)
2026-07-31 18:03:58,730 - INFO - 🏢 Publisher Search: TOMAK: Save the Earth Regeneration
2026-07-31 18:04:00,135 - INFO - 📅 Fetching Basic Metadata: TOMAK: Save the Earth Regeneration
2026-07-31 18:04:00,233 - INFO - 🎯 IGDB Match: 'Tomak: Save the Earth Regeneration' (100%)
2026-07-31 18:04:00,240 - INFO - 📅 Fetching Basic Metadata: Prop Sumo
2026-07-31 18:04:00,435 - INFO - 🎯 IGDB Match: 'Prop Sumo' (100%)
2026-07-31 18:04:00,441 - INFO - 📅 Fetching Basic Metadata: The Stone of Madness
2026-07-31 18:04:00,636 - INFO - 🎯 IGDB Match: 'The Stone of Madness' (100%)
2026-07-31 18:04:00,643 - INFO - 📅 Fetching Basic Metadata: Firestone Online Idle RPG
2026-07-31 18:04:00,843 - INFO - 🎯 IGDB Match: 'Firestone: Online Idle RPG' (98%)
2026-07-31 18:04:00,849 - INFO - 📅 Fetching Basic Metadata: Oddsparks: An Automation Adventure
2026-07-31 18:04:01,048 - INFO - 🎯 IGDB Match: 'Oddsparks: An Automation Adventure' (100%)
2026-07-31 18:04:01,055 - INFO - 📅 Fetching Basic Metadata: Trash Goblin
2026-07-31 18:04:01,179 - INFO - 🎯 IGDB Match: 'Trash Goblin' (100%)
2026-07-31 18:04:01,186 - INFO - 🏢 Publisher Search: The Telltale Batman Shadows Edition
2026-07-31 18:04:02,558 - INFO - 📅 Fetching Basic Metadata: The Telltale Batman Shadows Edition
2026-07-31 18:04:02,659 - INFO - 🎯 IGDB Match: 'Telltale Batman Shadows Edition' (95%)
2026-07-31 18:04:02,666 - INFO - 🏢 Publisher Search: Sunderfolk - Standard Edition
2026-07-31 18:04:04,048 - INFO - 📅 Fetching Basic Metadata: Sunderfolk - Standard Edition
2026-07-31 18:04:04,168 - INFO - 📅 Fetching Basic Metadata: Down in Bermuda
2026-07-31 18:04:04,363 - INFO - 🎯 IGDB Match: 'Down in Bermuda' (100%)
2026-07-31 18:04:04,369 - INFO - 📅 Fetching Basic Metadata: Tomb Raider I-III Remastered Starring Lara Croft
2026-07-31 18:04:04,474 - INFO - 📅 Fetching Basic Metadata: LONESTAR
2026-07-31 18:04:04,666 - INFO - 🎯 IGDB Match: 'LoneStar' (100%)
2026-07-31 18:04:04,672 - INFO - 📅 Fetching Basic Metadata: Calico
2026-07-31 18:04:04,872 - INFO - 🎯 IGDB Match: 'Calico' (100%)
2026-07-31 18:04:04,879 - INFO - 📅 Fetching Basic Metadata: Rogue Waters
2026-07-31 18:04:04,987 - INFO - 🎯 IGDB Match: 'Rogue Waters' (100%)
2026-07-31 18:04:04,994 - INFO - 📅 Fetching Basic Metadata: The Ouroboros King
2026-07-31 18:04:05,201 - INFO - 🎯 IGDB Match: 'The Ouroboros King' (100%)
2026-07-31 18:04:05,208 - INFO - 🏢 Publisher Search: Warhammer 40K Speed Freeks
2026-07-31 18:04:06,665 - INFO - 📅 Fetching Basic Metadata: I Have No Mouth, and I Must Scream
2026-07-31 18:04:06,858 - INFO - 🎯 IGDB Match: 'I Have No Mouth, and I Must Scream' (100%)
2026-07-31 18:04:06,865 - INFO - 📅 Fetching Basic Metadata: Nova Lands
2026-07-31 18:04:07,066 - INFO - 🎯 IGDB Match: 'Nova Lands' (100%)
2026-07-31 18:04:07,072 - INFO - 📅 Fetching Basic Metadata: Tattoo Tycoon
2026-07-31 18:04:07,186 - INFO - 🎯 IGDB Match: 'Tattoo Tycoon' (100%)
2026-07-31 18:04:07,193 - INFO - 📅 Fetching Basic Metadata: Echo Generation: Midnight Edition
2026-07-31 18:04:07,293 - INFO - 🎯 IGDB Match: 'Echo Generation: Midnight Edition' (100%)
2026-07-31 18:04:07,300 - INFO - 💰 Price Search: Foretales
2026-07-31 18:04:08,420 - WARNING - Price error for Foretales: string indices must be integers, not 'str'
2026-07-31 18:04:08,420 - INFO - 📅 Fetching Basic Metadata: Foretales
2026-07-31 18:04:08,735 - INFO - 🎯 IGDB Match: 'Foretales' (100%)
2026-07-31 18:04:08,742 - INFO - 💰 Price Search: OTXO
2026-07-31 18:04:09,787 - WARNING - Price error for OTXO: string indices must be integers, not 'str'
2026-07-31 18:04:09,788 - INFO - 💰 Price Search: Sol Cesto
2026-07-31 18:04:10,839 - WARNING - Price error for Sol Cesto: string indices must be integers, not 'str'
2026-07-31 18:04:10,839 - INFO - 📅 Fetching Basic Metadata: Sol Cesto
2026-07-31 18:04:10,997 - INFO - 🎯 IGDB Match: 'Sol Cesto' (100%)
2026-07-31 18:04:11,009 - INFO - 
--- Starting Data Quality Checks ---
2026-07-31 18:04:11,022 - INFO - --- Data Quality Checks Complete ---

2026-07-31 18:04:11,052 - INFO - | Metric | Statistics |
| :--- | :--- |
| 💰 **Total Market Value** | **$13,332.99** |
| 📦 **Total Games Collected** | 693 |
| 🏷️ **Average Retail Price** | $22.25 per game |
| 💎 **Most Expensive Title** | Civilization 6 Platinum Edition ($79.99) |
| 👑 **MVP Publisher** | Bethesda Softworks |
| 🏢 **Value Leaders** | 2K ($579.90), Bethesda Softworks ($544.80), Paradox Interactive ($409.89) |
| 📈 **Inflation-Adjusted Value** | $15,130.23 |
| 🎈 **Inflation Bonus** | **+$1,797.24** in purchasing power |
| 🗓️ **Peak Saving Month** | 🎄 **Seasonality Peak:** December is historically the best month, offering $3,388.17 in savings. |
| ⭐ **Average Score** | 76.9/100 |
| 💳 **Subscription Equivalent** | **$169.48 / mo** |
| 🎯 **Prestige Ratio** | **2.0%** (Strategic Hype) |
| 🏎️ **Lead Time Avg** | 441 Days to Sequel |

2026-07-31 18:04:11,053 - INFO - ✅ README.md updated.
2026-07-31 18:04:11,077 - INFO - Using categorical units to plot a list of strings that are all parsable as floats or dates. If these strings should be plotted as numbers, cast to the appropriate data type before plotting.
2026-07-31 18:04:11,078 - INFO - Using categorical units to plot a list of strings that are all parsable as floats or dates. If these strings should be plotted as numbers, cast to the appropriate data type before plotting.
2026-07-31 18:04:16,941 - INFO - 📈 All charts generated successfully.
