2026-09-25 20:05:06,183 - INFO - Failed to extract font properties from /usr/share/fonts/truetype/noto/NotoColorEmoji.ttf: Non-scalable fonts are not supported
2026-09-25 20:05:06,289 - INFO - generated new fontManager
2026-09-25 20:05:06,652 - INFO - ✅ Migration Successful!
2026-09-25 20:05:06,937 - INFO - No new games found.
2026-09-25 20:05:07,231 - INFO - 🔍 Found 630 games needing metadata. Starting IGDB + Steam + CheapShark enrichment...
2026-09-25 20:05:07,349 - INFO - 📅 Fetching Basic Metadata: LEGO Batman Trilogy
2026-09-25 20:05:07,564 - INFO - 🎯 IGDB Match: 'LEGO Batman Trilogy' (100%)
2026-09-25 20:05:07,582 - INFO - 📅 Fetching Basic Metadata: Antstream
2026-09-25 20:05:07,685 - INFO - 📅 Fetching Basic Metadata: The Drone Racing League Simulator
2026-09-25 20:05:07,755 - INFO - 🎯 IGDB Match: 'The Drone Racing League Simulator' (100%)
2026-09-25 20:05:07,762 - INFO - 📅 Fetching Basic Metadata: Dark Deity
2026-09-25 20:05:07,838 - INFO - 🎯 IGDB Match: 'Dark Deity' (100%)
2026-09-25 20:05:07,843 - INFO - 📅 Fetching Basic Metadata: RPG in a Box
2026-09-25 20:05:07,938 - INFO - 🎯 IGDB Match: 'RPG in a Box' (100%)
2026-09-25 20:05:07,944 - INFO - 📅 Fetching Basic Metadata: Fallout Classic Collection
2026-09-25 20:05:08,044 - INFO - 🎯 IGDB Match: 'Fallout Classic Collection' (100%)
2026-09-25 20:05:08,051 - INFO - 📅 Fetching Basic Metadata: Recipe for Disaster
2026-09-25 20:05:08,143 - INFO - 🎯 IGDB Match: 'Recipe For Disaster' (100%)
2026-09-25 20:05:08,148 - INFO - 📅 Fetching Basic Metadata: World of Warships — Starter Pack: Ishizuchi
2026-09-25 20:05:08,216 - INFO - 🎯 IGDB Match: 'World of Warships: Starter Pack - Ishizuchi' (98%)
2026-09-25 20:05:08,222 - INFO - 📅 Fetching Basic Metadata: Poker Club
2026-09-25 20:05:08,310 - INFO - 🎯 IGDB Match: 'Poker Club' (100%)
2026-09-25 20:05:08,315 - INFO - 📅 Fetching Basic Metadata: The Sims 4 The Daring Lifestyle Bundle
2026-09-25 20:05:08,379 - INFO - 🎯 IGDB Match: 'The Sims 4: The Daring Lifestyle Bundle' (99%)
2026-09-25 20:05:08,385 - INFO - 📅 Fetching Basic Metadata: Dodo Peak
2026-09-25 20:05:08,461 - INFO - 🎯 IGDB Match: 'Dodo Peak' (100%)
2026-09-25 20:05:08,467 - INFO - 📅 Fetching Basic Metadata: Spelldrifter
2026-09-25 20:05:08,556 - INFO - 🎯 IGDB Match: 'Spelldrifter' (100%)
2026-09-25 20:05:08,561 - INFO - 📅 Fetching Basic Metadata: Model Builder
2026-09-25 20:05:08,640 - INFO - 🎯 IGDB Match: 'Model Builder' (100%)
2026-09-25 20:05:08,646 - INFO - 📅 Fetching Basic Metadata: Godlike Burger
2026-09-25 20:05:08,720 - INFO - 🎯 IGDB Match: 'Godlike Burger' (100%)
2026-09-25 20:05:08,726 - INFO - 📅 Fetching Basic Metadata: Q.U.B.E. Ultimate Bundle
2026-09-25 20:05:08,816 - INFO - 🎯 IGDB Match: 'Q.U.B.E. Ultimate Bundle' (100%)
2026-09-25 20:05:08,822 - INFO - 📅 Fetching Basic Metadata: Jitsu Squad
2026-09-25 20:05:08,919 - INFO - 🎯 IGDB Match: 'Jitsu Squad' (100%)
2026-09-25 20:05:08,925 - INFO - 📅 Fetching Basic Metadata: Mighty Fight Federation
2026-09-25 20:05:09,003 - INFO - 🎯 IGDB Match: 'Mighty Fight Federation' (100%)
2026-09-25 20:05:09,011 - INFO - 📅 Fetching Basic Metadata: LOVE
2026-09-25 20:05:09,103 - INFO - 🎯 IGDB Match: 'Love Love Love' (90%)
2026-09-25 20:05:09,110 - INFO - 📅 Fetching Basic Metadata: Call of The Wild: The Angler
2026-09-25 20:05:09,175 - INFO - 🎯 IGDB Match: 'Call of the Wild: The Angler' (100%)
2026-09-25 20:05:09,182 - INFO - 📅 Fetching Basic Metadata: The Falconeer
2026-09-25 20:05:09,263 - WARNING - IGDB Error for The Falconeer: string indices must be integers, not 'str'
2026-09-25 20:05:09,270 - INFO - 📅 Fetching Basic Metadata: Rawmen: Food Fighter Arena
2026-09-25 20:05:09,327 - WARNING - IGDB Error for Rawmen: Food Fighter Arena: string indices must be integers, not 'str'
2026-09-25 20:05:09,332 - INFO - 📅 Fetching Basic Metadata: World of Warships – Starter Pack: Albany
2026-09-25 20:05:09,407 - WARNING - IGDB Error for World of Warships – Starter Pack: Albany: string indices must be integers, not 'str'
2026-09-25 20:05:09,413 - INFO - 📅 Fetching Basic Metadata: Fallout Classic Edition
2026-09-25 20:05:09,463 - WARNING - IGDB Error for Fallout Classic Edition: string indices must be integers, not 'str'
2026-09-25 20:05:09,470 - INFO - 📅 Fetching Basic Metadata: Outliver: Tribulation
2026-09-25 20:05:09,534 - WARNING - IGDB Error for Outliver: Tribulation: string indices must be integers, not 'str'
2026-09-25 20:05:09,541 - INFO - 📅 Fetching Basic Metadata: Bus Simulator 21 Next Stop
2026-09-25 20:05:09,590 - WARNING - IGDB Error for Bus Simulator 21 Next Stop: string indices must be integers, not 'str'
2026-09-25 20:05:09,597 - INFO - 📅 Fetching Basic Metadata: Turmoil
2026-09-25 20:05:09,650 - WARNING - IGDB Error for Turmoil: string indices must be integers, not 'str'
2026-09-25 20:05:09,656 - INFO - 📅 Fetching Basic Metadata: World War Z Aftermath
2026-09-25 20:05:09,713 - WARNING - IGDB Error for World War Z Aftermath: string indices must be integers, not 'str'
2026-09-25 20:05:09,719 - INFO - 📅 Fetching Basic Metadata: World Of Warships – Anniversary Party Flavor
2026-09-25 20:05:09,783 - WARNING - IGDB Error for World Of Warships – Anniversary Party Flavor: string indices must be integers, not 'str'
2026-09-25 20:05:09,789 - INFO - 📅 Fetching Basic Metadata: Neko Ghost, Jump!
2026-09-25 20:05:09,841 - WARNING - IGDB Error for Neko Ghost, Jump!: string indices must be integers, not 'str'
2026-09-25 20:05:09,847 - INFO - 📅 Fetching Basic Metadata: Super Space Club
2026-09-25 20:05:09,913 - WARNING - IGDB Error for Super Space Club: string indices must be integers, not 'str'
2026-09-25 20:05:09,918 - INFO - 📅 Fetching Basic Metadata: Touch Type Tale
2026-09-25 20:05:09,967 - WARNING - IGDB Error for Touch Type Tale: string indices must be integers, not 'str'
2026-09-25 20:05:09,973 - INFO - 📅 Fetching Basic Metadata: Gigapocalypse
2026-09-25 20:05:10,032 - WARNING - IGDB Error for Gigapocalypse: string indices must be integers, not 'str'
2026-09-25 20:05:10,038 - INFO - 📅 Fetching Basic Metadata: Legion TD2
2026-09-25 20:05:10,112 - WARNING - IGDB Error for Legion TD2: string indices must be integers, not 'str'
2026-09-25 20:05:10,119 - INFO - 📅 Fetching Basic Metadata: Nightingale
2026-09-25 20:05:10,170 - WARNING - IGDB Error for Nightingale: string indices must be integers, not 'str'
2026-09-25 20:05:10,177 - INFO - 📅 Fetching Basic Metadata: Godzilla Voxel Wars
2026-09-25 20:05:10,235 - WARNING - IGDB Error for Godzilla Voxel Wars: string indices must be integers, not 'str'
2026-09-25 20:05:10,241 - INFO - 📅 Fetching Basic Metadata: Trine Classic Collection
2026-09-25 20:05:10,300 - WARNING - IGDB Error for Trine Classic Collection: string indices must be integers, not 'str'
2026-09-25 20:05:10,306 - INFO - 📅 Fetching Basic Metadata: Poison Retro Set
2026-09-25 20:05:10,362 - WARNING - IGDB Error for Poison Retro Set: string indices must be integers, not 'str'
2026-09-25 20:05:10,368 - INFO - 📅 Fetching Basic Metadata: The Darkside Detective A Fumble in the Dark
2026-09-25 20:05:10,419 - WARNING - IGDB Error for The Darkside Detective A Fumble in the Dark: string indices must be integers, not 'str'
2026-09-25 20:05:10,425 - INFO - 📅 Fetching Basic Metadata: Return to Ash
2026-09-25 20:05:10,477 - WARNING - IGDB Error for Return to Ash: string indices must be integers, not 'str'
2026-09-25 20:05:10,482 - INFO - 🏢 Publisher Search: STALCRAFT: X Starter Edition
2026-09-25 20:05:11,831 - INFO - 📅 Fetching Basic Metadata: STALCRAFT: X Starter Edition
2026-09-25 20:05:12,031 - INFO - 📅 Fetching Basic Metadata: Boxes: Lost Fragments
2026-09-25 20:05:12,091 - INFO - 🎯 IGDB Match: 'Boxes: Lost Fragments' (100%)
2026-09-25 20:05:12,157 - INFO - 📅 Fetching Basic Metadata: My Night Job
2026-09-25 20:05:12,253 - INFO - 🎯 IGDB Match: 'My Night Job' (100%)
2026-09-25 20:05:12,259 - INFO - 📅 Fetching Basic Metadata: Electrician Simulator
2026-09-25 20:05:12,363 - INFO - 🎯 IGDB Match: 'Electrician Simulator' (100%)
2026-09-25 20:05:12,368 - INFO - 🏢 Publisher Search: World of Warships — Epic Anniversary Tachibana Pack
2026-09-25 20:05:13,704 - INFO - 📅 Fetching Basic Metadata: World of Warships — Epic Anniversary Tachibana Pack
2026-09-25 20:05:13,794 - INFO - 📅 Fetching Basic Metadata: Hyper Echelon
2026-09-25 20:05:13,854 - INFO - 🎯 IGDB Match: 'Hyper Echelon' (100%)
2026-09-25 20:05:13,860 - INFO - 📅 Fetching Basic Metadata: Havendock
2026-09-25 20:05:13,928 - INFO - 🎯 IGDB Match: 'Havendock' (100%)
2026-09-25 20:05:13,934 - INFO - 📅 Fetching Basic Metadata: Clone Drone in the Danger Zone
2026-09-25 20:05:14,119 - INFO - 🎯 IGDB Match: 'Clone Drone in the Danger Zone' (100%)
2026-09-25 20:05:14,125 - INFO - 🏢 Publisher Search: TOMAK: Save the Earth Regeneration
2026-09-25 20:05:15,456 - INFO - 📅 Fetching Basic Metadata: TOMAK: Save the Earth Regeneration
2026-09-25 20:05:15,519 - INFO - 🎯 IGDB Match: 'Tomak: Save the Earth Regeneration' (100%)
2026-09-25 20:05:15,524 - INFO - 📅 Fetching Basic Metadata: Prop Sumo
2026-09-25 20:05:15,611 - INFO - 🎯 IGDB Match: 'Prop Sumo' (100%)
2026-09-25 20:05:15,616 - INFO - 📅 Fetching Basic Metadata: The Stone of Madness
2026-09-25 20:05:15,676 - INFO - 🎯 IGDB Match: 'The Stone of Madness' (100%)
2026-09-25 20:05:15,682 - INFO - 📅 Fetching Basic Metadata: Firestone Online Idle RPG
2026-09-25 20:05:15,747 - INFO - 🎯 IGDB Match: 'Firestone: Online Idle RPG' (98%)
2026-09-25 20:05:15,753 - INFO - 📅 Fetching Basic Metadata: Oddsparks: An Automation Adventure
2026-09-25 20:05:15,823 - INFO - 🎯 IGDB Match: 'Oddsparks: An Automation Adventure' (100%)
2026-09-25 20:05:15,829 - INFO - 📅 Fetching Basic Metadata: Trash Goblin
2026-09-25 20:05:15,903 - INFO - 🎯 IGDB Match: 'Trash Goblin' (100%)
2026-09-25 20:05:15,908 - INFO - 🏢 Publisher Search: The Telltale Batman Shadows Edition
2026-09-25 20:05:17,248 - INFO - 📅 Fetching Basic Metadata: The Telltale Batman Shadows Edition
2026-09-25 20:05:17,370 - INFO - 🎯 IGDB Match: 'Telltale Batman Shadows Edition' (95%)
2026-09-25 20:05:17,375 - INFO - 🏢 Publisher Search: Sunderfolk - Standard Edition
2026-09-25 20:05:18,698 - INFO - 📅 Fetching Basic Metadata: Sunderfolk - Standard Edition
2026-09-25 20:05:18,764 - INFO - 📅 Fetching Basic Metadata: Down in Bermuda
2026-09-25 20:05:18,827 - INFO - 🎯 IGDB Match: 'Down in Bermuda' (100%)
2026-09-25 20:05:18,833 - INFO - 📅 Fetching Basic Metadata: Tomb Raider I-III Remastered Starring Lara Croft
2026-09-25 20:05:18,897 - INFO - 📅 Fetching Basic Metadata: LONESTAR
2026-09-25 20:05:18,962 - INFO - 🎯 IGDB Match: 'LoneStar' (100%)
2026-09-25 20:05:18,967 - INFO - 📅 Fetching Basic Metadata: Calico
2026-09-25 20:05:19,031 - INFO - 🎯 IGDB Match: 'Calico' (100%)
2026-09-25 20:05:19,036 - INFO - 📅 Fetching Basic Metadata: Rogue Waters
2026-09-25 20:05:19,130 - INFO - 🎯 IGDB Match: 'Rogue Waters' (100%)
2026-09-25 20:05:19,135 - INFO - 📅 Fetching Basic Metadata: The Ouroboros King
2026-09-25 20:05:19,199 - INFO - 🎯 IGDB Match: 'The Ouroboros King' (100%)
2026-09-25 20:05:19,204 - INFO - 🏢 Publisher Search: Warhammer 40K Speed Freeks
2026-09-25 20:05:20,557 - INFO - 📅 Fetching Basic Metadata: I Have No Mouth, and I Must Scream
2026-09-25 20:05:20,658 - INFO - 🎯 IGDB Match: 'I Have No Mouth, and I Must Scream' (100%)
2026-09-25 20:05:20,664 - INFO - 📅 Fetching Basic Metadata: Nova Lands
2026-09-25 20:05:20,723 - INFO - 🎯 IGDB Match: 'Nova Lands' (100%)
2026-09-25 20:05:20,728 - INFO - 📅 Fetching Basic Metadata: Tattoo Tycoon
2026-09-25 20:05:20,823 - INFO - 🎯 IGDB Match: 'Tattoo Tycoon' (100%)
2026-09-25 20:05:20,828 - INFO - 📅 Fetching Basic Metadata: Echo Generation: Midnight Edition
2026-09-25 20:05:20,901 - INFO - 🎯 IGDB Match: 'Echo Generation: Midnight Edition' (100%)
2026-09-25 20:05:20,906 - INFO - 💰 Price Search: Foretales
2026-09-25 20:05:21,972 - WARNING - Price error for Foretales: string indices must be integers, not 'str'
2026-09-25 20:05:21,973 - INFO - 📅 Fetching Basic Metadata: Foretales
2026-09-25 20:05:22,069 - INFO - 🎯 IGDB Match: 'Foretales' (100%)
2026-09-25 20:05:22,078 - INFO - 💰 Price Search: OTXO
2026-09-25 20:05:23,123 - WARNING - Price error for OTXO: string indices must be integers, not 'str'
2026-09-25 20:05:23,124 - INFO - 💰 Price Search: Sol Cesto
2026-09-25 20:05:24,173 - WARNING - Price error for Sol Cesto: string indices must be integers, not 'str'
2026-09-25 20:05:24,173 - INFO - 📅 Fetching Basic Metadata: Sol Cesto
2026-09-25 20:05:24,236 - INFO - 🎯 IGDB Match: 'Sol Cesto' (100%)
2026-09-25 20:05:24,241 - INFO - 💰 Price Search: Beacon Pines
2026-09-25 20:05:25,279 - WARNING - Price error for Beacon Pines: string indices must be integers, not 'str'
2026-09-25 20:05:25,280 - INFO - 💰 Price Search: Caravan SandWitch
2026-09-25 20:05:26,330 - WARNING - Price error for Caravan SandWitch: string indices must be integers, not 'str'
2026-09-25 20:05:26,331 - INFO - 💰 Price Search: Cardpocalypse Standard Edition
2026-09-25 20:05:27,385 - WARNING - Price error for Cardpocalypse Standard Edition: string indices must be integers, not 'str'
2026-09-25 20:05:27,386 - INFO - 🏢 Publisher Search: Cardpocalypse Standard Edition
2026-09-25 20:05:28,712 - INFO - 📅 Fetching Basic Metadata: Cardpocalypse Standard Edition
2026-09-25 20:05:28,779 - INFO - 💰 Price Search: Epic Mage Bundle
2026-09-25 20:05:29,823 - WARNING - Price error for Epic Mage Bundle: string indices must be integers, not 'str'
2026-09-25 20:05:29,823 - INFO - 🏢 Publisher Search: Epic Mage Bundle
2026-09-25 20:05:31,178 - INFO - 📅 Fetching Basic Metadata: Epic Mage Bundle
2026-09-25 20:05:31,245 - INFO - 💰 Price Search: Rival Stars Horse Racing : Desktop Edition
2026-09-25 20:05:32,280 - WARNING - Price error for Rival Stars Horse Racing : Desktop Edition: string indices must be integers, not 'str'
2026-09-25 20:05:32,281 - INFO - 🏢 Publisher Search: Rival Stars Horse Racing : Desktop Edition
2026-09-25 20:05:33,625 - INFO - 📅 Fetching Basic Metadata: Rival Stars Horse Racing : Desktop Edition
2026-09-25 20:05:33,688 - INFO - 🎯 IGDB Match: 'Rival Stars Horse Racing: Desktop Edition' (99%)
2026-09-25 20:05:33,693 - INFO - 💰 Price Search: Alone With You
2026-09-25 20:05:34,720 - WARNING - Price error for Alone With You: string indices must be integers, not 'str'
2026-09-25 20:05:34,720 - INFO - 📅 Fetching Basic Metadata: Alone With You
2026-09-25 20:05:34,825 - INFO - 🎯 IGDB Match: 'Alone With You' (100%)
2026-09-25 20:05:34,830 - INFO - 💰 Price Search: Luftrausers
2026-09-25 20:05:35,861 - WARNING - Price error for Luftrausers: string indices must be integers, not 'str'
2026-09-25 20:05:35,862 - INFO - 💰 Price Search: Astral Ascent
2026-09-25 20:05:36,905 - WARNING - Price error for Astral Ascent: string indices must be integers, not 'str'
2026-09-25 20:05:36,906 - INFO - 💰 Price Search: Mindcop
2026-09-25 20:05:37,945 - WARNING - Price error for Mindcop: string indices must be integers, not 'str'
2026-09-25 20:05:37,946 - INFO - 💰 Price Search: Shogun Showdown
2026-09-25 20:05:38,973 - WARNING - Price error for Shogun Showdown: string indices must be integers, not 'str'
2026-09-25 20:05:38,974 - INFO - 💰 Price Search: Astrea Six Sided Oracles
2026-09-25 20:05:40,001 - WARNING - Price error for Astrea Six Sided Oracles: string indices must be integers, not 'str'
2026-09-25 20:05:40,002 - INFO - 🏢 Publisher Search: Astrea Six Sided Oracles
2026-09-25 20:05:41,532 - INFO - 💰 Price Search: Mechabellum
2026-09-25 20:05:42,579 - WARNING - Price error for Mechabellum: string indices must be integers, not 'str'
2026-09-25 20:05:42,579 - INFO - 🏢 Publisher Search: Mechabellum
2026-09-25 20:05:44,034 - INFO - 📅 Fetching Basic Metadata: Mechabellum
2026-09-25 20:05:44,137 - INFO - 🎯 IGDB Match: 'Mechabellum' (100%)
2026-09-25 20:05:44,147 - INFO - 
--- Starting Data Quality Checks ---
2026-09-25 20:05:44,157 - INFO - --- Data Quality Checks Complete ---

2026-09-25 20:05:44,179 - INFO - | Metric | Statistics |
| :--- | :--- |
| 💰 **Total Market Value** | **$13,332.99** |
| 📦 **Total Games Collected** | 707 |
| 🏷️ **Average Retail Price** | $21.87 per game |
| 💎 **Most Expensive Title** | Civilization 6 Platinum Edition ($79.99) |
| 👑 **MVP Publisher** | Bethesda Softworks |
| 🏢 **Value Leaders** | 2K ($579.90), Bethesda Softworks ($544.80), Paradox Interactive ($409.89) |
| 📈 **Inflation-Adjusted Value** | $15,130.23 |
| 🎈 **Inflation Bonus** | **+$1,797.24** in purchasing power |
| 🗓️ **Peak Saving Month** | 🎄 **Seasonality Peak:** December is historically the best month, offering $3,388.17 in savings. |
| ⭐ **Average Score** | 77.0/100 |
| 💳 **Subscription Equivalent** | **$166.24 / mo** |
| 🎯 **Prestige Ratio** | **2.0%** (Strategic Hype) |
| 🏎️ **Lead Time Avg** | 441 Days to Sequel |

2026-09-25 20:05:44,180 - INFO - ✅ README.md updated.
2026-09-25 20:05:44,198 - INFO - Using categorical units to plot a list of strings that are all parsable as floats or dates. If these strings should be plotted as numbers, cast to the appropriate data type before plotting.
2026-09-25 20:05:44,199 - INFO - Using categorical units to plot a list of strings that are all parsable as floats or dates. If these strings should be plotted as numbers, cast to the appropriate data type before plotting.
2026-09-25 20:05:48,670 - INFO - 📈 All charts generated successfully.
