2026-09-15 19:46:44,497 - INFO - Failed to extract font properties from /usr/share/fonts/truetype/noto/NotoColorEmoji.ttf: Non-scalable fonts are not supported
2026-09-15 19:46:44,588 - INFO - generated new fontManager
2026-09-15 19:46:44,954 - INFO - ✅ Migration Successful!
2026-09-15 19:46:45,082 - INFO - No new games found.
2026-09-15 19:46:45,456 - INFO - 🔍 Found 626 games needing metadata. Starting IGDB + Steam + CheapShark enrichment...
2026-09-15 19:46:45,555 - INFO - 📅 Fetching Basic Metadata: LEGO Batman Trilogy
2026-09-15 19:46:45,801 - INFO - 🎯 IGDB Match: 'LEGO Batman Trilogy' (100%)
2026-09-15 19:46:45,823 - INFO - 📅 Fetching Basic Metadata: Antstream
2026-09-15 19:46:46,039 - INFO - 📅 Fetching Basic Metadata: The Drone Racing League Simulator
2026-09-15 19:46:46,149 - INFO - 🎯 IGDB Match: 'The Drone Racing League Simulator' (100%)
2026-09-15 19:46:46,157 - INFO - 📅 Fetching Basic Metadata: Dark Deity
2026-09-15 19:46:46,262 - INFO - 🎯 IGDB Match: 'Dark Deity' (100%)
2026-09-15 19:46:46,268 - INFO - 📅 Fetching Basic Metadata: RPG in a Box
2026-09-15 19:46:46,519 - INFO - 🎯 IGDB Match: 'RPG in a Box' (100%)
2026-09-15 19:46:46,527 - INFO - 📅 Fetching Basic Metadata: Fallout Classic Collection
2026-09-15 19:46:46,631 - INFO - 🎯 IGDB Match: 'Fallout Classic Collection' (100%)
2026-09-15 19:46:46,639 - INFO - 📅 Fetching Basic Metadata: Recipe for Disaster
2026-09-15 19:46:46,804 - INFO - 🎯 IGDB Match: 'Recipe For Disaster' (100%)
2026-09-15 19:46:46,811 - INFO - 📅 Fetching Basic Metadata: World of Warships — Starter Pack: Ishizuchi
2026-09-15 19:46:46,987 - INFO - 🎯 IGDB Match: 'World of Warships: Starter Pack - Ishizuchi' (98%)
2026-09-15 19:46:46,995 - INFO - 📅 Fetching Basic Metadata: Poker Club
2026-09-15 19:46:47,216 - INFO - 🎯 IGDB Match: 'Poker Club' (100%)
2026-09-15 19:46:47,223 - INFO - 📅 Fetching Basic Metadata: The Sims 4 The Daring Lifestyle Bundle
2026-09-15 19:46:47,323 - INFO - 🎯 IGDB Match: 'The Sims 4: The Daring Lifestyle Bundle' (99%)
2026-09-15 19:46:47,331 - INFO - 📅 Fetching Basic Metadata: Dodo Peak
2026-09-15 19:46:47,498 - INFO - 🎯 IGDB Match: 'Dodo Peak' (100%)
2026-09-15 19:46:47,505 - INFO - 📅 Fetching Basic Metadata: Spelldrifter
2026-09-15 19:46:47,698 - INFO - 🎯 IGDB Match: 'Spelldrifter' (100%)
2026-09-15 19:46:47,705 - INFO - 📅 Fetching Basic Metadata: Model Builder
2026-09-15 19:46:47,808 - INFO - 🎯 IGDB Match: 'Model Builder' (100%)
2026-09-15 19:46:47,815 - INFO - 📅 Fetching Basic Metadata: Godlike Burger
2026-09-15 19:46:48,070 - INFO - 🎯 IGDB Match: 'Godlike Burger' (100%)
2026-09-15 19:46:48,076 - INFO - 📅 Fetching Basic Metadata: Q.U.B.E. Ultimate Bundle
2026-09-15 19:46:48,177 - INFO - 🎯 IGDB Match: 'Q.U.B.E. Ultimate Bundle' (100%)
2026-09-15 19:46:48,185 - INFO - 📅 Fetching Basic Metadata: Jitsu Squad
2026-09-15 19:46:48,313 - INFO - 🎯 IGDB Match: 'Jitsu Squad' (100%)
2026-09-15 19:46:48,319 - INFO - 📅 Fetching Basic Metadata: Mighty Fight Federation
2026-09-15 19:46:48,418 - INFO - 🎯 IGDB Match: 'Mighty Fight Federation' (100%)
2026-09-15 19:46:48,427 - INFO - 📅 Fetching Basic Metadata: LOVE
2026-09-15 19:46:48,556 - INFO - 🎯 IGDB Match: 'Love Love Love' (90%)
2026-09-15 19:46:48,564 - INFO - 📅 Fetching Basic Metadata: Call of The Wild: The Angler
2026-09-15 19:46:48,671 - INFO - 🎯 IGDB Match: 'Call of the Wild: The Angler' (100%)
2026-09-15 19:46:48,679 - INFO - 📅 Fetching Basic Metadata: The Falconeer
2026-09-15 19:46:48,807 - INFO - 🎯 IGDB Match: 'The Falconeer: The Hunter' (90%)
2026-09-15 19:46:48,814 - INFO - 📅 Fetching Basic Metadata: Rawmen: Food Fighter Arena
2026-09-15 19:46:49,009 - INFO - 🎯 IGDB Match: 'Rawmen' (90%)
2026-09-15 19:46:49,016 - INFO - 📅 Fetching Basic Metadata: World of Warships – Starter Pack: Albany
2026-09-15 19:46:49,120 - INFO - 📅 Fetching Basic Metadata: Fallout Classic Edition
2026-09-15 19:46:49,388 - WARNING - IGDB Error for Fallout Classic Edition: string indices must be integers, not 'str'
2026-09-15 19:46:49,396 - INFO - 📅 Fetching Basic Metadata: Outliver: Tribulation
2026-09-15 19:46:49,482 - WARNING - IGDB Error for Outliver: Tribulation: string indices must be integers, not 'str'
2026-09-15 19:46:49,490 - INFO - 📅 Fetching Basic Metadata: Bus Simulator 21 Next Stop
2026-09-15 19:46:49,578 - WARNING - IGDB Error for Bus Simulator 21 Next Stop: string indices must be integers, not 'str'
2026-09-15 19:46:49,587 - INFO - 📅 Fetching Basic Metadata: Turmoil
2026-09-15 19:46:49,674 - WARNING - IGDB Error for Turmoil: string indices must be integers, not 'str'
2026-09-15 19:46:49,682 - INFO - 📅 Fetching Basic Metadata: World War Z Aftermath
2026-09-15 19:46:49,865 - WARNING - IGDB Error for World War Z Aftermath: string indices must be integers, not 'str'
2026-09-15 19:46:49,872 - INFO - 📅 Fetching Basic Metadata: World Of Warships – Anniversary Party Flavor
2026-09-15 19:46:50,072 - INFO - 📅 Fetching Basic Metadata: Neko Ghost, Jump!
2026-09-15 19:46:50,256 - WARNING - IGDB Error for Neko Ghost, Jump!: string indices must be integers, not 'str'
2026-09-15 19:46:50,264 - INFO - 📅 Fetching Basic Metadata: Super Space Club
2026-09-15 19:46:50,352 - WARNING - IGDB Error for Super Space Club: string indices must be integers, not 'str'
2026-09-15 19:46:50,359 - INFO - 📅 Fetching Basic Metadata: Touch Type Tale
2026-09-15 19:46:50,445 - WARNING - IGDB Error for Touch Type Tale: string indices must be integers, not 'str'
2026-09-15 19:46:50,452 - INFO - 📅 Fetching Basic Metadata: Gigapocalypse
2026-09-15 19:46:50,551 - INFO - 🎯 IGDB Match: 'Gigapocalypse' (100%)
2026-09-15 19:46:50,559 - INFO - 📅 Fetching Basic Metadata: Legion TD2
2026-09-15 19:46:50,691 - INFO - 📅 Fetching Basic Metadata: Nightingale
2026-09-15 19:46:50,788 - INFO - 🎯 IGDB Match: 'Nightingale' (100%)
2026-09-15 19:46:50,797 - INFO - 📅 Fetching Basic Metadata: Godzilla Voxel Wars
2026-09-15 19:46:50,901 - INFO - 🎯 IGDB Match: 'Godzilla Voxel Wars' (100%)
2026-09-15 19:46:50,909 - INFO - 📅 Fetching Basic Metadata: Trine Classic Collection
2026-09-15 19:46:51,102 - INFO - 🎯 IGDB Match: 'Trine Classic Collection' (100%)
2026-09-15 19:46:51,110 - INFO - 📅 Fetching Basic Metadata: Poison Retro Set
2026-09-15 19:46:51,209 - INFO - 🎯 IGDB Match: 'Pixel Gun 3D: Poison Retro Set' (90%)
2026-09-15 19:46:51,215 - INFO - 📅 Fetching Basic Metadata: The Darkside Detective A Fumble in the Dark
2026-09-15 19:46:51,315 - INFO - 🎯 IGDB Match: 'The Darkside Detective: A Fumble in the Dark' (99%)
2026-09-15 19:46:51,322 - INFO - 📅 Fetching Basic Metadata: Return to Ash
2026-09-15 19:46:51,423 - INFO - 🎯 IGDB Match: 'Return to Ash' (100%)
2026-09-15 19:46:51,429 - INFO - 🏢 Publisher Search: STALCRAFT: X Starter Edition
2026-09-15 19:46:52,815 - INFO - 📅 Fetching Basic Metadata: STALCRAFT: X Starter Edition
2026-09-15 19:46:53,029 - INFO - 📅 Fetching Basic Metadata: Boxes: Lost Fragments
2026-09-15 19:46:53,128 - INFO - 🎯 IGDB Match: 'Boxes: Lost Fragments' (100%)
2026-09-15 19:46:53,134 - INFO - 📅 Fetching Basic Metadata: My Night Job
2026-09-15 19:46:53,330 - INFO - 🎯 IGDB Match: 'My Night Job' (100%)
2026-09-15 19:46:53,337 - INFO - 📅 Fetching Basic Metadata: Electrician Simulator
2026-09-15 19:46:53,438 - INFO - 🎯 IGDB Match: 'Electrician Simulator' (100%)
2026-09-15 19:46:53,444 - INFO - 🏢 Publisher Search: World of Warships — Epic Anniversary Tachibana Pack
2026-09-15 19:46:54,881 - INFO - 📅 Fetching Basic Metadata: World of Warships — Epic Anniversary Tachibana Pack
2026-09-15 19:46:55,037 - INFO - 📅 Fetching Basic Metadata: Hyper Echelon
2026-09-15 19:46:55,249 - INFO - 🎯 IGDB Match: 'Hyper Echelon' (100%)
2026-09-15 19:46:55,256 - INFO - 📅 Fetching Basic Metadata: Havendock
2026-09-15 19:46:55,354 - INFO - 🎯 IGDB Match: 'Havendock' (100%)
2026-09-15 19:46:55,361 - INFO - 📅 Fetching Basic Metadata: Clone Drone in the Danger Zone
2026-09-15 19:46:55,559 - INFO - 🎯 IGDB Match: 'Clone Drone in the Danger Zone' (100%)
2026-09-15 19:46:55,566 - INFO - 🏢 Publisher Search: TOMAK: Save the Earth Regeneration
2026-09-15 19:46:56,968 - INFO - 📅 Fetching Basic Metadata: TOMAK: Save the Earth Regeneration
2026-09-15 19:46:57,066 - INFO - 🎯 IGDB Match: 'Tomak: Save the Earth Regeneration' (100%)
2026-09-15 19:46:57,072 - INFO - 📅 Fetching Basic Metadata: Prop Sumo
2026-09-15 19:46:57,231 - INFO - 🎯 IGDB Match: 'Prop Sumo' (100%)
2026-09-15 19:46:57,238 - INFO - 📅 Fetching Basic Metadata: The Stone of Madness
2026-09-15 19:46:57,420 - INFO - 🎯 IGDB Match: 'The Stone of Madness' (100%)
2026-09-15 19:46:57,427 - INFO - 📅 Fetching Basic Metadata: Firestone Online Idle RPG
2026-09-15 19:46:57,525 - INFO - 🎯 IGDB Match: 'Firestone: Online Idle RPG' (98%)
2026-09-15 19:46:57,532 - INFO - 📅 Fetching Basic Metadata: Oddsparks: An Automation Adventure
2026-09-15 19:46:57,630 - INFO - 🎯 IGDB Match: 'Oddsparks: An Automation Adventure' (100%)
2026-09-15 19:46:57,637 - INFO - 📅 Fetching Basic Metadata: Trash Goblin
2026-09-15 19:46:57,829 - INFO - 🎯 IGDB Match: 'Trash Goblin' (100%)
2026-09-15 19:46:57,835 - INFO - 🏢 Publisher Search: The Telltale Batman Shadows Edition
2026-09-15 19:46:59,226 - INFO - 📅 Fetching Basic Metadata: The Telltale Batman Shadows Edition
2026-09-15 19:46:59,421 - INFO - 🎯 IGDB Match: 'Telltale Batman Shadows Edition' (95%)
2026-09-15 19:46:59,427 - INFO - 🏢 Publisher Search: Sunderfolk - Standard Edition
2026-09-15 19:47:00,814 - INFO - 📅 Fetching Basic Metadata: Sunderfolk - Standard Edition
2026-09-15 19:47:00,917 - INFO - 📅 Fetching Basic Metadata: Down in Bermuda
2026-09-15 19:47:01,113 - INFO - 🎯 IGDB Match: 'Down in Bermuda' (100%)
2026-09-15 19:47:01,119 - INFO - 📅 Fetching Basic Metadata: Tomb Raider I-III Remastered Starring Lara Croft
2026-09-15 19:47:01,317 - INFO - 📅 Fetching Basic Metadata: LONESTAR
2026-09-15 19:47:01,547 - INFO - 🎯 IGDB Match: 'LoneStar' (100%)
2026-09-15 19:47:01,553 - INFO - 📅 Fetching Basic Metadata: Calico
2026-09-15 19:47:01,655 - INFO - 🎯 IGDB Match: 'Calico' (100%)
2026-09-15 19:47:01,661 - INFO - 📅 Fetching Basic Metadata: Rogue Waters
2026-09-15 19:47:01,761 - INFO - 🎯 IGDB Match: 'Rogue Waters' (100%)
2026-09-15 19:47:01,768 - INFO - 📅 Fetching Basic Metadata: The Ouroboros King
2026-09-15 19:47:01,949 - INFO - 🎯 IGDB Match: 'The Ouroboros King' (100%)
2026-09-15 19:47:01,956 - INFO - 🏢 Publisher Search: Warhammer 40K Speed Freeks
2026-09-15 19:47:03,338 - INFO - 📅 Fetching Basic Metadata: I Have No Mouth, and I Must Scream
2026-09-15 19:47:03,452 - INFO - 🎯 IGDB Match: 'I Have No Mouth, and I Must Scream' (100%)
2026-09-15 19:47:03,458 - INFO - 📅 Fetching Basic Metadata: Nova Lands
2026-09-15 19:47:03,645 - INFO - 🎯 IGDB Match: 'Nova Lands' (100%)
2026-09-15 19:47:03,651 - INFO - 📅 Fetching Basic Metadata: Tattoo Tycoon
2026-09-15 19:47:03,844 - INFO - 🎯 IGDB Match: 'Tattoo Tycoon' (100%)
2026-09-15 19:47:03,851 - INFO - 📅 Fetching Basic Metadata: Echo Generation: Midnight Edition
2026-09-15 19:47:03,951 - INFO - 🎯 IGDB Match: 'Echo Generation: Midnight Edition' (100%)
2026-09-15 19:47:03,958 - INFO - 💰 Price Search: Foretales
2026-09-15 19:47:05,099 - WARNING - Price error for Foretales: string indices must be integers, not 'str'
2026-09-15 19:47:05,099 - INFO - 📅 Fetching Basic Metadata: Foretales
2026-09-15 19:47:05,198 - INFO - 🎯 IGDB Match: 'Foretales' (100%)
2026-09-15 19:47:05,205 - INFO - 💰 Price Search: OTXO
2026-09-15 19:47:06,300 - WARNING - Price error for OTXO: string indices must be integers, not 'str'
2026-09-15 19:47:06,301 - INFO - 💰 Price Search: Sol Cesto
2026-09-15 19:47:07,361 - WARNING - Price error for Sol Cesto: string indices must be integers, not 'str'
2026-09-15 19:47:07,361 - INFO - 📅 Fetching Basic Metadata: Sol Cesto
2026-09-15 19:47:07,464 - INFO - 🎯 IGDB Match: 'Sol Cesto' (100%)
2026-09-15 19:47:07,470 - INFO - 💰 Price Search: Beacon Pines
2026-09-15 19:47:08,515 - WARNING - Price error for Beacon Pines: string indices must be integers, not 'str'
2026-09-15 19:47:08,516 - INFO - 💰 Price Search: Caravan SandWitch
2026-09-15 19:47:09,587 - WARNING - Price error for Caravan SandWitch: string indices must be integers, not 'str'
2026-09-15 19:47:09,588 - INFO - 💰 Price Search: Cardpocalypse Standard Edition
2026-09-15 19:47:10,684 - WARNING - Price error for Cardpocalypse Standard Edition: string indices must be integers, not 'str'
2026-09-15 19:47:10,684 - INFO - 🏢 Publisher Search: Cardpocalypse Standard Edition
2026-09-15 19:47:12,090 - INFO - 📅 Fetching Basic Metadata: Cardpocalypse Standard Edition
2026-09-15 19:47:12,197 - INFO - 💰 Price Search: Epic Mage Bundle
2026-09-15 19:47:13,282 - WARNING - Price error for Epic Mage Bundle: string indices must be integers, not 'str'
2026-09-15 19:47:13,282 - INFO - 🏢 Publisher Search: Epic Mage Bundle
2026-09-15 19:47:14,678 - INFO - 📅 Fetching Basic Metadata: Epic Mage Bundle
2026-09-15 19:47:15,213 - INFO - 💰 Price Search: Rival Stars Horse Racing : Desktop Edition
2026-09-15 19:47:16,248 - WARNING - Price error for Rival Stars Horse Racing : Desktop Edition: string indices must be integers, not 'str'
2026-09-15 19:47:16,248 - INFO - 🏢 Publisher Search: Rival Stars Horse Racing : Desktop Edition
2026-09-15 19:47:17,655 - INFO - 📅 Fetching Basic Metadata: Rival Stars Horse Racing : Desktop Edition
2026-09-15 19:47:17,757 - INFO - 🎯 IGDB Match: 'Rival Stars Horse Racing: Desktop Edition' (99%)
2026-09-15 19:47:17,764 - INFO - 💰 Price Search: Alone With You
2026-09-15 19:47:18,803 - WARNING - Price error for Alone With You: string indices must be integers, not 'str'
2026-09-15 19:47:18,803 - INFO - 📅 Fetching Basic Metadata: Alone With You
2026-09-15 19:47:18,910 - INFO - 🎯 IGDB Match: 'Alone With You' (100%)
2026-09-15 19:47:18,917 - INFO - 💰 Price Search: Luftrausers
2026-09-15 19:47:20,003 - WARNING - Price error for Luftrausers: string indices must be integers, not 'str'
2026-09-15 19:47:20,004 - INFO - 💰 Price Search: Astral Ascent
2026-09-15 19:47:21,038 - WARNING - Price error for Astral Ascent: string indices must be integers, not 'str'
2026-09-15 19:47:21,044 - INFO - 
--- Starting Data Quality Checks ---
2026-09-15 19:47:21,057 - INFO - --- Data Quality Checks Complete ---

2026-09-15 19:47:21,086 - INFO - | Metric | Statistics |
| :--- | :--- |
| 💰 **Total Market Value** | **$13,332.99** |
| 📦 **Total Games Collected** | 703 |
| 🏷️ **Average Retail Price** | $21.99 per game |
| 💎 **Most Expensive Title** | Civilization 6 Platinum Edition ($79.99) |
| 👑 **MVP Publisher** | Bethesda Softworks |
| 🏢 **Value Leaders** | 2K ($579.90), Bethesda Softworks ($544.80), Paradox Interactive ($409.89) |
| 📈 **Inflation-Adjusted Value** | $15,130.23 |
| 🎈 **Inflation Bonus** | **+$1,797.24** in purchasing power |
| 🗓️ **Peak Saving Month** | 🎄 **Seasonality Peak:** December is historically the best month, offering $3,388.17 in savings. |
| ⭐ **Average Score** | 76.9/100 |
| 💳 **Subscription Equivalent** | **$166.24 / mo** |
| 🎯 **Prestige Ratio** | **2.0%** (Strategic Hype) |
| 🏎️ **Lead Time Avg** | 441 Days to Sequel |

2026-09-15 19:47:21,087 - INFO - ✅ README.md updated.
2026-09-15 19:47:21,110 - INFO - Using categorical units to plot a list of strings that are all parsable as floats or dates. If these strings should be plotted as numbers, cast to the appropriate data type before plotting.
2026-09-15 19:47:21,111 - INFO - Using categorical units to plot a list of strings that are all parsable as floats or dates. If these strings should be plotted as numbers, cast to the appropriate data type before plotting.
2026-09-15 19:47:27,074 - INFO - 📈 All charts generated successfully.
