2026-08-21 17:00:54,468 - INFO - Failed to extract font properties from /usr/share/fonts/truetype/noto/NotoColorEmoji.ttf: Non-scalable fonts are not supported
2026-08-21 17:00:54,586 - INFO - generated new fontManager
2026-08-21 17:00:54,935 - INFO - ✅ Migration Successful!
2026-08-21 17:00:55,027 - INFO - No new games found.
2026-08-21 17:00:55,404 - INFO - 🔍 Found 621 games needing metadata. Starting IGDB + Steam + CheapShark enrichment...
2026-08-21 17:00:55,478 - INFO - 📅 Fetching Basic Metadata: LEGO Batman Trilogy
2026-08-21 17:00:55,849 - INFO - 🎯 IGDB Match: 'LEGO Batman Trilogy' (100%)
2026-08-21 17:00:55,872 - INFO - 📅 Fetching Basic Metadata: Antstream
2026-08-21 17:00:55,996 - INFO - 📅 Fetching Basic Metadata: The Drone Racing League Simulator
2026-08-21 17:00:56,233 - INFO - 🎯 IGDB Match: 'The Drone Racing League Simulator' (100%)
2026-08-21 17:00:56,241 - INFO - 📅 Fetching Basic Metadata: Dark Deity
2026-08-21 17:00:56,392 - INFO - 🎯 IGDB Match: 'Dark Deity' (100%)
2026-08-21 17:00:56,398 - INFO - 📅 Fetching Basic Metadata: RPG in a Box
2026-08-21 17:00:56,625 - INFO - 🎯 IGDB Match: 'RPG in a Box' (100%)
2026-08-21 17:00:56,632 - INFO - 📅 Fetching Basic Metadata: Fallout Classic Collection
2026-08-21 17:00:56,757 - INFO - 🎯 IGDB Match: 'Fallout Classic Collection' (100%)
2026-08-21 17:00:56,765 - INFO - 📅 Fetching Basic Metadata: Recipe for Disaster
2026-08-21 17:00:57,022 - INFO - 🎯 IGDB Match: 'Recipe For Disaster' (100%)
2026-08-21 17:00:57,029 - INFO - 📅 Fetching Basic Metadata: World of Warships — Starter Pack: Ishizuchi
2026-08-21 17:00:57,187 - INFO - 🎯 IGDB Match: 'World of Warships: Starter Pack - Ishizuchi' (98%)
2026-08-21 17:00:57,194 - INFO - 📅 Fetching Basic Metadata: Poker Club
2026-08-21 17:00:57,370 - INFO - 🎯 IGDB Match: 'Poker Club' (100%)
2026-08-21 17:00:57,376 - INFO - 📅 Fetching Basic Metadata: The Sims 4 The Daring Lifestyle Bundle
2026-08-21 17:00:57,491 - INFO - 🎯 IGDB Match: 'The Sims 4: The Daring Lifestyle Bundle' (99%)
2026-08-21 17:00:57,499 - INFO - 📅 Fetching Basic Metadata: Dodo Peak
2026-08-21 17:00:57,695 - INFO - 🎯 IGDB Match: 'Dodo Peak' (100%)
2026-08-21 17:00:57,702 - INFO - 📅 Fetching Basic Metadata: Spelldrifter
2026-08-21 17:00:57,835 - INFO - 🎯 IGDB Match: 'Spelldrifter' (100%)
2026-08-21 17:00:57,842 - INFO - 📅 Fetching Basic Metadata: Model Builder
2026-08-21 17:00:57,967 - INFO - 🎯 IGDB Match: 'Model Builder' (100%)
2026-08-21 17:00:57,974 - INFO - 📅 Fetching Basic Metadata: Godlike Burger
2026-08-21 17:00:58,191 - INFO - 🎯 IGDB Match: 'Godlike Burger' (100%)
2026-08-21 17:00:58,198 - INFO - 📅 Fetching Basic Metadata: Q.U.B.E. Ultimate Bundle
2026-08-21 17:00:58,606 - INFO - 🎯 IGDB Match: 'Q.U.B.E. Ultimate Bundle' (100%)
2026-08-21 17:00:58,614 - INFO - 📅 Fetching Basic Metadata: Jitsu Squad
2026-08-21 17:00:58,853 - INFO - 🎯 IGDB Match: 'Jitsu Squad' (100%)
2026-08-21 17:00:58,859 - INFO - 📅 Fetching Basic Metadata: Mighty Fight Federation
2026-08-21 17:00:59,054 - INFO - 🎯 IGDB Match: 'Mighty Fight Federation' (100%)
2026-08-21 17:00:59,063 - INFO - 📅 Fetching Basic Metadata: LOVE
2026-08-21 17:00:59,231 - INFO - 🎯 IGDB Match: 'Love Love Love' (90%)
2026-08-21 17:00:59,239 - INFO - 📅 Fetching Basic Metadata: Call of The Wild: The Angler
2026-08-21 17:00:59,352 - INFO - 🎯 IGDB Match: 'Call of the Wild: The Angler' (100%)
2026-08-21 17:00:59,361 - INFO - 📅 Fetching Basic Metadata: The Falconeer
2026-08-21 17:00:59,481 - INFO - 🎯 IGDB Match: 'The Falconeer: The Hunter' (90%)
2026-08-21 17:00:59,488 - INFO - 📅 Fetching Basic Metadata: Rawmen: Food Fighter Arena
2026-08-21 17:00:59,628 - INFO - 🎯 IGDB Match: 'Rawmen' (90%)
2026-08-21 17:00:59,635 - INFO - 📅 Fetching Basic Metadata: World of Warships – Starter Pack: Albany
2026-08-21 17:00:59,862 - INFO - 📅 Fetching Basic Metadata: Fallout Classic Edition
2026-08-21 17:01:00,002 - INFO - 📅 Fetching Basic Metadata: Outliver: Tribulation
2026-08-21 17:01:00,114 - INFO - 🎯 IGDB Match: 'Outliver: Tribulation' (100%)
2026-08-21 17:01:00,122 - INFO - 📅 Fetching Basic Metadata: Bus Simulator 21 Next Stop
2026-08-21 17:01:00,280 - INFO - 🎯 IGDB Match: 'Bus Simulator 21: Next Stop' (98%)
2026-08-21 17:01:00,288 - INFO - 📅 Fetching Basic Metadata: Turmoil
2026-08-21 17:01:00,493 - INFO - 🎯 IGDB Match: 'Turmoil' (100%)
2026-08-21 17:01:00,501 - INFO - 📅 Fetching Basic Metadata: World War Z Aftermath
2026-08-21 17:01:00,606 - INFO - 🎯 IGDB Match: 'World War Z: Aftermath' (98%)
2026-08-21 17:01:00,613 - INFO - 📅 Fetching Basic Metadata: World Of Warships – Anniversary Party Flavor
2026-08-21 17:01:00,725 - INFO - 📅 Fetching Basic Metadata: Neko Ghost, Jump!
2026-08-21 17:01:00,842 - INFO - 🎯 IGDB Match: 'Neko Ghost, Jump!' (100%)
2026-08-21 17:01:00,849 - INFO - 📅 Fetching Basic Metadata: Super Space Club
2026-08-21 17:01:01,148 - INFO - 🎯 IGDB Match: 'Super Space Club' (100%)
2026-08-21 17:01:01,155 - INFO - 📅 Fetching Basic Metadata: Touch Type Tale
2026-08-21 17:01:01,311 - WARNING - IGDB Error for Touch Type Tale: string indices must be integers, not 'str'
2026-08-21 17:01:01,318 - INFO - 📅 Fetching Basic Metadata: Gigapocalypse
2026-08-21 17:01:01,431 - INFO - 🎯 IGDB Match: 'Gigapocalypse' (100%)
2026-08-21 17:01:01,439 - INFO - 📅 Fetching Basic Metadata: Legion TD2
2026-08-21 17:01:01,546 - WARNING - IGDB Error for Legion TD2: string indices must be integers, not 'str'
2026-08-21 17:01:01,555 - INFO - 📅 Fetching Basic Metadata: Nightingale
2026-08-21 17:01:01,656 - WARNING - IGDB Error for Nightingale: string indices must be integers, not 'str'
2026-08-21 17:01:01,664 - INFO - 📅 Fetching Basic Metadata: Godzilla Voxel Wars
2026-08-21 17:01:02,012 - INFO - 🎯 IGDB Match: 'Godzilla Voxel Wars' (100%)
2026-08-21 17:01:02,020 - INFO - 📅 Fetching Basic Metadata: Trine Classic Collection
2026-08-21 17:01:02,135 - INFO - 🎯 IGDB Match: 'Trine Classic Collection' (100%)
2026-08-21 17:01:02,143 - INFO - 📅 Fetching Basic Metadata: Poison Retro Set
2026-08-21 17:01:02,323 - WARNING - IGDB Error for Poison Retro Set: string indices must be integers, not 'str'
2026-08-21 17:01:02,330 - INFO - 📅 Fetching Basic Metadata: The Darkside Detective A Fumble in the Dark
2026-08-21 17:01:02,441 - INFO - 🎯 IGDB Match: 'The Darkside Detective: A Fumble in the Dark' (99%)
2026-08-21 17:01:02,449 - INFO - 📅 Fetching Basic Metadata: Return to Ash
2026-08-21 17:01:02,567 - INFO - 🎯 IGDB Match: 'Return to Ash' (100%)
2026-08-21 17:01:02,574 - INFO - 🏢 Publisher Search: STALCRAFT: X Starter Edition
2026-08-21 17:01:03,928 - INFO - 📅 Fetching Basic Metadata: STALCRAFT: X Starter Edition
2026-08-21 17:01:04,084 - INFO - 📅 Fetching Basic Metadata: Boxes: Lost Fragments
2026-08-21 17:01:04,232 - INFO - 🎯 IGDB Match: 'Boxes: Lost Fragments' (100%)
2026-08-21 17:01:04,239 - INFO - 📅 Fetching Basic Metadata: My Night Job
2026-08-21 17:01:04,493 - INFO - 🎯 IGDB Match: 'My Night Job' (100%)
2026-08-21 17:01:04,501 - INFO - 📅 Fetching Basic Metadata: Electrician Simulator
2026-08-21 17:01:04,613 - INFO - 🎯 IGDB Match: 'Electrician Simulator' (100%)
2026-08-21 17:01:04,619 - INFO - 🏢 Publisher Search: World of Warships — Epic Anniversary Tachibana Pack
2026-08-21 17:01:05,948 - INFO - 📅 Fetching Basic Metadata: World of Warships — Epic Anniversary Tachibana Pack
2026-08-21 17:01:06,062 - INFO - 📅 Fetching Basic Metadata: Hyper Echelon
2026-08-21 17:01:06,306 - INFO - 🎯 IGDB Match: 'Hyper Echelon' (100%)
2026-08-21 17:01:06,312 - INFO - 📅 Fetching Basic Metadata: Havendock
2026-08-21 17:01:06,566 - INFO - 🎯 IGDB Match: 'Havendock' (100%)
2026-08-21 17:01:06,574 - INFO - 📅 Fetching Basic Metadata: Clone Drone in the Danger Zone
2026-08-21 17:01:06,683 - INFO - 🎯 IGDB Match: 'Clone Drone in the Danger Zone' (100%)
2026-08-21 17:01:06,689 - INFO - 🏢 Publisher Search: TOMAK: Save the Earth Regeneration
2026-08-21 17:01:08,056 - INFO - 📅 Fetching Basic Metadata: TOMAK: Save the Earth Regeneration
2026-08-21 17:01:08,206 - INFO - 🎯 IGDB Match: 'Tomak: Save the Earth Regeneration' (100%)
2026-08-21 17:01:08,213 - INFO - 📅 Fetching Basic Metadata: Prop Sumo
2026-08-21 17:01:08,356 - INFO - 🎯 IGDB Match: 'Prop Sumo' (100%)
2026-08-21 17:01:08,362 - INFO - 📅 Fetching Basic Metadata: The Stone of Madness
2026-08-21 17:01:08,472 - INFO - 🎯 IGDB Match: 'The Stone of Madness' (100%)
2026-08-21 17:01:08,479 - INFO - 📅 Fetching Basic Metadata: Firestone Online Idle RPG
2026-08-21 17:01:08,588 - INFO - 🎯 IGDB Match: 'Firestone: Online Idle RPG' (98%)
2026-08-21 17:01:08,595 - INFO - 📅 Fetching Basic Metadata: Oddsparks: An Automation Adventure
2026-08-21 17:01:08,710 - INFO - 🎯 IGDB Match: 'Oddsparks: An Automation Adventure' (100%)
2026-08-21 17:01:08,717 - INFO - 📅 Fetching Basic Metadata: Trash Goblin
2026-08-21 17:01:08,825 - INFO - 🎯 IGDB Match: 'Trash Goblin' (100%)
2026-08-21 17:01:08,832 - INFO - 🏢 Publisher Search: The Telltale Batman Shadows Edition
2026-08-21 17:01:10,254 - INFO - 📅 Fetching Basic Metadata: The Telltale Batman Shadows Edition
2026-08-21 17:01:10,493 - INFO - 🎯 IGDB Match: 'Telltale Batman Shadows Edition' (95%)
2026-08-21 17:01:10,499 - INFO - 🏢 Publisher Search: Sunderfolk - Standard Edition
2026-08-21 17:01:11,839 - INFO - 📅 Fetching Basic Metadata: Sunderfolk - Standard Edition
2026-08-21 17:01:12,013 - INFO - 📅 Fetching Basic Metadata: Down in Bermuda
2026-08-21 17:01:12,164 - INFO - 🎯 IGDB Match: 'Down in Bermuda' (100%)
2026-08-21 17:01:12,171 - INFO - 📅 Fetching Basic Metadata: Tomb Raider I-III Remastered Starring Lara Croft
2026-08-21 17:01:12,409 - INFO - 📅 Fetching Basic Metadata: LONESTAR
2026-08-21 17:01:12,523 - INFO - 🎯 IGDB Match: 'LoneStar' (100%)
2026-08-21 17:01:12,529 - INFO - 📅 Fetching Basic Metadata: Calico
2026-08-21 17:01:12,750 - INFO - 🎯 IGDB Match: 'Calico' (100%)
2026-08-21 17:01:12,756 - INFO - 📅 Fetching Basic Metadata: Rogue Waters
2026-08-21 17:01:12,871 - INFO - 🎯 IGDB Match: 'Rogue Waters' (100%)
2026-08-21 17:01:12,879 - INFO - 📅 Fetching Basic Metadata: The Ouroboros King
2026-08-21 17:01:13,170 - INFO - 🎯 IGDB Match: 'The Ouroboros King' (100%)
2026-08-21 17:01:13,177 - INFO - 🏢 Publisher Search: Warhammer 40K Speed Freeks
2026-08-21 17:01:14,516 - INFO - 📅 Fetching Basic Metadata: I Have No Mouth, and I Must Scream
2026-08-21 17:01:14,748 - INFO - 🎯 IGDB Match: 'I Have No Mouth, and I Must Scream' (100%)
2026-08-21 17:01:14,755 - INFO - 📅 Fetching Basic Metadata: Nova Lands
2026-08-21 17:01:14,871 - INFO - 🎯 IGDB Match: 'Nova Lands' (100%)
2026-08-21 17:01:14,877 - INFO - 📅 Fetching Basic Metadata: Tattoo Tycoon
2026-08-21 17:01:15,250 - INFO - 🎯 IGDB Match: 'Tattoo Tycoon' (100%)
2026-08-21 17:01:15,257 - INFO - 📅 Fetching Basic Metadata: Echo Generation: Midnight Edition
2026-08-21 17:01:15,389 - INFO - 🎯 IGDB Match: 'Echo Generation: Midnight Edition' (100%)
2026-08-21 17:01:15,396 - INFO - 💰 Price Search: Foretales
2026-08-21 17:01:16,471 - WARNING - Price error for Foretales: string indices must be integers, not 'str'
2026-08-21 17:01:16,471 - INFO - 📅 Fetching Basic Metadata: Foretales
2026-08-21 17:01:16,636 - INFO - 🎯 IGDB Match: 'Foretales' (100%)
2026-08-21 17:01:16,643 - INFO - 💰 Price Search: OTXO
2026-08-21 17:01:17,693 - WARNING - Price error for OTXO: string indices must be integers, not 'str'
2026-08-21 17:01:17,694 - INFO - 💰 Price Search: Sol Cesto
2026-08-21 17:01:18,738 - WARNING - Price error for Sol Cesto: string indices must be integers, not 'str'
2026-08-21 17:01:18,739 - INFO - 📅 Fetching Basic Metadata: Sol Cesto
2026-08-21 17:01:18,852 - INFO - 🎯 IGDB Match: 'Sol Cesto' (100%)
2026-08-21 17:01:18,859 - INFO - 💰 Price Search: Beacon Pines
2026-08-21 17:01:19,894 - WARNING - Price error for Beacon Pines: string indices must be integers, not 'str'
2026-08-21 17:01:19,895 - INFO - 💰 Price Search: Caravan SandWitch
2026-08-21 17:01:20,932 - WARNING - Price error for Caravan SandWitch: string indices must be integers, not 'str'
2026-08-21 17:01:20,933 - INFO - 💰 Price Search: Cardpocalypse Standard Edition
2026-08-21 17:01:21,980 - WARNING - Price error for Cardpocalypse Standard Edition: string indices must be integers, not 'str'
2026-08-21 17:01:21,980 - INFO - 🏢 Publisher Search: Cardpocalypse Standard Edition
2026-08-21 17:01:23,298 - INFO - 📅 Fetching Basic Metadata: Cardpocalypse Standard Edition
2026-08-21 17:01:23,425 - INFO - 💰 Price Search: Epic Mage Bundle
2026-08-21 17:01:24,463 - WARNING - Price error for Epic Mage Bundle: string indices must be integers, not 'str'
2026-08-21 17:01:24,464 - INFO - 🏢 Publisher Search: Epic Mage Bundle
2026-08-21 17:01:25,886 - INFO - 📅 Fetching Basic Metadata: Epic Mage Bundle
2026-08-21 17:01:26,163 - INFO - 
--- Starting Data Quality Checks ---
2026-08-21 17:01:26,175 - INFO - --- Data Quality Checks Complete ---

2026-08-21 17:01:26,207 - INFO - | Metric | Statistics |
| :--- | :--- |
| 💰 **Total Market Value** | **$13,332.99** |
| 📦 **Total Games Collected** | 698 |
| 🏷️ **Average Retail Price** | $22.11 per game |
| 💎 **Most Expensive Title** | Civilization 6 Platinum Edition ($79.99) |
| 👑 **MVP Publisher** | Bethesda Softworks |
| 🏢 **Value Leaders** | 2K ($579.90), Bethesda Softworks ($544.80), Paradox Interactive ($409.89) |
| 📈 **Inflation-Adjusted Value** | $15,130.23 |
| 🎈 **Inflation Bonus** | **+$1,797.24** in purchasing power |
| 🗓️ **Peak Saving Month** | 🎄 **Seasonality Peak:** December is historically the best month, offering $3,388.17 in savings. |
| ⭐ **Average Score** | 76.9/100 |
| 💳 **Subscription Equivalent** | **$167.78 / mo** |
| 🎯 **Prestige Ratio** | **2.0%** (Strategic Hype) |
| 🏎️ **Lead Time Avg** | 441 Days to Sequel |

2026-08-21 17:01:26,207 - INFO - ✅ README.md updated.
2026-08-21 17:01:26,232 - INFO - Using categorical units to plot a list of strings that are all parsable as floats or dates. If these strings should be plotted as numbers, cast to the appropriate data type before plotting.
2026-08-21 17:01:26,232 - INFO - Using categorical units to plot a list of strings that are all parsable as floats or dates. If these strings should be plotted as numbers, cast to the appropriate data type before plotting.
2026-08-21 17:01:32,132 - INFO - 📈 All charts generated successfully.
