2026-09-10 19:11:00,549 - INFO - Failed to extract font properties from /usr/share/fonts/truetype/noto/NotoColorEmoji.ttf: Non-scalable fonts are not supported
2026-09-10 19:11:00,564 - INFO - generated new fontManager
2026-09-10 19:11:00,857 - INFO - ✅ Migration Successful!
2026-09-10 19:11:01,412 - INFO - Added 2 new games!
2026-09-10 19:11:01,819 - INFO - 🔍 Found 626 games needing metadata. Starting IGDB + Steam + CheapShark enrichment...
2026-09-10 19:11:01,916 - INFO - 📅 Fetching Basic Metadata: LEGO Batman Trilogy
2026-09-10 19:11:02,345 - INFO - 🎯 IGDB Match: 'LEGO Batman Trilogy' (100%)
2026-09-10 19:11:02,362 - INFO - 📅 Fetching Basic Metadata: Antstream
2026-09-10 19:11:02,666 - INFO - 📅 Fetching Basic Metadata: The Drone Racing League Simulator
2026-09-10 19:11:02,922 - INFO - 🎯 IGDB Match: 'The Drone Racing League Simulator' (100%)
2026-09-10 19:11:02,929 - INFO - 📅 Fetching Basic Metadata: Dark Deity
2026-09-10 19:11:03,111 - INFO - 🎯 IGDB Match: 'Dark Deity' (100%)
2026-09-10 19:11:03,116 - INFO - 📅 Fetching Basic Metadata: RPG in a Box
2026-09-10 19:11:03,292 - INFO - 🎯 IGDB Match: 'RPG in a Box' (100%)
2026-09-10 19:11:03,298 - INFO - 📅 Fetching Basic Metadata: Fallout Classic Collection
2026-09-10 19:11:03,555 - INFO - 🎯 IGDB Match: 'Fallout Classic Collection' (100%)
2026-09-10 19:11:03,561 - INFO - 📅 Fetching Basic Metadata: Recipe for Disaster
2026-09-10 19:11:03,711 - INFO - 🎯 IGDB Match: 'Recipe For Disaster' (100%)
2026-09-10 19:11:03,716 - INFO - 📅 Fetching Basic Metadata: World of Warships — Starter Pack: Ishizuchi
2026-09-10 19:11:03,848 - INFO - 🎯 IGDB Match: 'World of Warships: Starter Pack - Ishizuchi' (98%)
2026-09-10 19:11:03,854 - INFO - 📅 Fetching Basic Metadata: Poker Club
2026-09-10 19:11:04,067 - INFO - 🎯 IGDB Match: 'Poker Club' (100%)
2026-09-10 19:11:04,072 - INFO - 📅 Fetching Basic Metadata: The Sims 4 The Daring Lifestyle Bundle
2026-09-10 19:11:04,202 - INFO - 🎯 IGDB Match: 'The Sims 4: The Daring Lifestyle Bundle' (99%)
2026-09-10 19:11:04,209 - INFO - 📅 Fetching Basic Metadata: Dodo Peak
2026-09-10 19:11:04,341 - INFO - 🎯 IGDB Match: 'Dodo Peak' (100%)
2026-09-10 19:11:04,347 - INFO - 📅 Fetching Basic Metadata: Spelldrifter
2026-09-10 19:11:04,523 - INFO - 🎯 IGDB Match: 'Spelldrifter' (100%)
2026-09-10 19:11:04,529 - INFO - 📅 Fetching Basic Metadata: Model Builder
2026-09-10 19:11:04,660 - INFO - 🎯 IGDB Match: 'Model Builder' (100%)
2026-09-10 19:11:04,665 - INFO - 📅 Fetching Basic Metadata: Godlike Burger
2026-09-10 19:11:04,839 - INFO - 🎯 IGDB Match: 'Godlike Burger' (100%)
2026-09-10 19:11:04,844 - INFO - 📅 Fetching Basic Metadata: Q.U.B.E. Ultimate Bundle
2026-09-10 19:11:04,972 - INFO - 🎯 IGDB Match: 'Q.U.B.E. Ultimate Bundle' (100%)
2026-09-10 19:11:04,978 - INFO - 📅 Fetching Basic Metadata: Jitsu Squad
2026-09-10 19:11:05,113 - INFO - 🎯 IGDB Match: 'Jitsu Squad' (100%)
2026-09-10 19:11:05,119 - INFO - 📅 Fetching Basic Metadata: Mighty Fight Federation
2026-09-10 19:11:05,250 - INFO - 🎯 IGDB Match: 'Mighty Fight Federation' (100%)
2026-09-10 19:11:05,257 - INFO - 📅 Fetching Basic Metadata: LOVE
2026-09-10 19:11:05,423 - INFO - 🎯 IGDB Match: 'Love Love Love' (90%)
2026-09-10 19:11:05,429 - INFO - 📅 Fetching Basic Metadata: Call of The Wild: The Angler
2026-09-10 19:11:05,559 - INFO - 🎯 IGDB Match: 'Call of the Wild: The Angler' (100%)
2026-09-10 19:11:05,566 - INFO - 📅 Fetching Basic Metadata: The Falconeer
2026-09-10 19:11:05,705 - INFO - 🎯 IGDB Match: 'The Falconeer: The Hunter' (90%)
2026-09-10 19:11:05,711 - INFO - 📅 Fetching Basic Metadata: Rawmen: Food Fighter Arena
2026-09-10 19:11:05,881 - WARNING - IGDB Error for Rawmen: Food Fighter Arena: string indices must be integers, not 'str'
2026-09-10 19:11:05,886 - INFO - 📅 Fetching Basic Metadata: World of Warships – Starter Pack: Albany
2026-09-10 19:11:06,029 - INFO - 📅 Fetching Basic Metadata: Fallout Classic Edition
2026-09-10 19:11:06,168 - INFO - 📅 Fetching Basic Metadata: Outliver: Tribulation
2026-09-10 19:11:06,299 - INFO - 🎯 IGDB Match: 'Outliver: Tribulation' (100%)
2026-09-10 19:11:06,305 - INFO - 📅 Fetching Basic Metadata: Bus Simulator 21 Next Stop
2026-09-10 19:11:06,486 - INFO - 🎯 IGDB Match: 'Bus Simulator 21: Next Stop' (98%)
2026-09-10 19:11:06,493 - INFO - 📅 Fetching Basic Metadata: Turmoil
2026-09-10 19:11:06,632 - INFO - 🎯 IGDB Match: 'Turmoil' (100%)
2026-09-10 19:11:06,639 - INFO - 📅 Fetching Basic Metadata: World War Z Aftermath
2026-09-10 19:11:06,771 - INFO - 🎯 IGDB Match: 'World War Z: Aftermath' (98%)
2026-09-10 19:11:06,777 - INFO - 📅 Fetching Basic Metadata: World Of Warships – Anniversary Party Flavor
2026-09-10 19:11:06,895 - WARNING - IGDB Error for World Of Warships – Anniversary Party Flavor: string indices must be integers, not 'str'
2026-09-10 19:11:06,901 - INFO - 📅 Fetching Basic Metadata: Neko Ghost, Jump!
2026-09-10 19:11:07,101 - WARNING - IGDB Error for Neko Ghost, Jump!: string indices must be integers, not 'str'
2026-09-10 19:11:07,107 - INFO - 📅 Fetching Basic Metadata: Super Space Club
2026-09-10 19:11:07,222 - WARNING - IGDB Error for Super Space Club: string indices must be integers, not 'str'
2026-09-10 19:11:07,228 - INFO - 📅 Fetching Basic Metadata: Touch Type Tale
2026-09-10 19:11:07,345 - WARNING - IGDB Error for Touch Type Tale: string indices must be integers, not 'str'
2026-09-10 19:11:07,351 - INFO - 📅 Fetching Basic Metadata: Gigapocalypse
2026-09-10 19:11:07,551 - WARNING - IGDB Error for Gigapocalypse: string indices must be integers, not 'str'
2026-09-10 19:11:07,558 - INFO - 📅 Fetching Basic Metadata: Legion TD2
2026-09-10 19:11:07,677 - WARNING - IGDB Error for Legion TD2: string indices must be integers, not 'str'
2026-09-10 19:11:07,684 - INFO - 📅 Fetching Basic Metadata: Nightingale
2026-09-10 19:11:07,802 - WARNING - IGDB Error for Nightingale: string indices must be integers, not 'str'
2026-09-10 19:11:07,808 - INFO - 📅 Fetching Basic Metadata: Godzilla Voxel Wars
2026-09-10 19:11:07,926 - WARNING - IGDB Error for Godzilla Voxel Wars: string indices must be integers, not 'str'
2026-09-10 19:11:07,933 - INFO - 📅 Fetching Basic Metadata: Trine Classic Collection
2026-09-10 19:11:08,125 - INFO - 🎯 IGDB Match: 'Trine Classic Collection' (100%)
2026-09-10 19:11:08,131 - INFO - 📅 Fetching Basic Metadata: Poison Retro Set
2026-09-10 19:11:08,270 - INFO - 🎯 IGDB Match: 'Pixel Gun 3D: Poison Retro Set' (90%)
2026-09-10 19:11:08,275 - INFO - 📅 Fetching Basic Metadata: The Darkside Detective A Fumble in the Dark
2026-09-10 19:11:08,414 - INFO - 🎯 IGDB Match: 'The Darkside Detective: A Fumble in the Dark' (99%)
2026-09-10 19:11:08,419 - INFO - 📅 Fetching Basic Metadata: Return to Ash
2026-09-10 19:11:08,551 - INFO - 🎯 IGDB Match: 'Return to Ash' (100%)
2026-09-10 19:11:08,557 - INFO - 🏢 Publisher Search: STALCRAFT: X Starter Edition
2026-09-10 19:11:09,959 - INFO - 📅 Fetching Basic Metadata: STALCRAFT: X Starter Edition
2026-09-10 19:11:10,171 - INFO - 📅 Fetching Basic Metadata: Boxes: Lost Fragments
2026-09-10 19:11:10,305 - INFO - 🎯 IGDB Match: 'Boxes: Lost Fragments' (100%)
2026-09-10 19:11:10,310 - INFO - 📅 Fetching Basic Metadata: My Night Job
2026-09-10 19:11:10,448 - INFO - 🎯 IGDB Match: 'My Night Job' (100%)
2026-09-10 19:11:10,454 - INFO - 📅 Fetching Basic Metadata: Electrician Simulator
2026-09-10 19:11:10,612 - INFO - 🎯 IGDB Match: 'Electrician Simulator' (100%)
2026-09-10 19:11:10,618 - INFO - 🏢 Publisher Search: World of Warships — Epic Anniversary Tachibana Pack
2026-09-10 19:11:11,986 - INFO - 📅 Fetching Basic Metadata: World of Warships — Epic Anniversary Tachibana Pack
2026-09-10 19:11:12,122 - INFO - 📅 Fetching Basic Metadata: Hyper Echelon
2026-09-10 19:11:12,253 - INFO - 🎯 IGDB Match: 'Hyper Echelon' (100%)
2026-09-10 19:11:12,258 - INFO - 📅 Fetching Basic Metadata: Havendock
2026-09-10 19:11:12,395 - INFO - 🎯 IGDB Match: 'Havendock' (100%)
2026-09-10 19:11:12,400 - INFO - 📅 Fetching Basic Metadata: Clone Drone in the Danger Zone
2026-09-10 19:11:12,547 - INFO - 🎯 IGDB Match: 'Clone Drone in the Danger Zone' (100%)
2026-09-10 19:11:12,552 - INFO - 🏢 Publisher Search: TOMAK: Save the Earth Regeneration
2026-09-10 19:11:13,930 - INFO - 📅 Fetching Basic Metadata: TOMAK: Save the Earth Regeneration
2026-09-10 19:11:14,116 - INFO - 🎯 IGDB Match: 'Tomak: Save the Earth Regeneration' (100%)
2026-09-10 19:11:14,121 - INFO - 📅 Fetching Basic Metadata: Prop Sumo
2026-09-10 19:11:14,249 - INFO - 🎯 IGDB Match: 'Prop Sumo' (100%)
2026-09-10 19:11:14,254 - INFO - 📅 Fetching Basic Metadata: The Stone of Madness
2026-09-10 19:11:14,469 - INFO - 🎯 IGDB Match: 'The Stone of Madness' (100%)
2026-09-10 19:11:14,474 - INFO - 📅 Fetching Basic Metadata: Firestone Online Idle RPG
2026-09-10 19:11:14,607 - INFO - 🎯 IGDB Match: 'Firestone: Online Idle RPG' (98%)
2026-09-10 19:11:14,613 - INFO - 📅 Fetching Basic Metadata: Oddsparks: An Automation Adventure
2026-09-10 19:11:14,742 - INFO - 🎯 IGDB Match: 'Oddsparks: An Automation Adventure' (100%)
2026-09-10 19:11:14,748 - INFO - 📅 Fetching Basic Metadata: Trash Goblin
2026-09-10 19:11:14,880 - INFO - 🎯 IGDB Match: 'Trash Goblin' (100%)
2026-09-10 19:11:14,885 - INFO - 🏢 Publisher Search: The Telltale Batman Shadows Edition
2026-09-10 19:11:16,255 - INFO - 📅 Fetching Basic Metadata: The Telltale Batman Shadows Edition
2026-09-10 19:11:16,456 - INFO - 🎯 IGDB Match: 'Telltale Batman Shadows Edition' (95%)
2026-09-10 19:11:16,462 - INFO - 🏢 Publisher Search: Sunderfolk - Standard Edition
2026-09-10 19:11:17,828 - INFO - 📅 Fetching Basic Metadata: Sunderfolk - Standard Edition
2026-09-10 19:11:18,037 - INFO - 📅 Fetching Basic Metadata: Down in Bermuda
2026-09-10 19:11:18,214 - INFO - 🎯 IGDB Match: 'Down in Bermuda' (100%)
2026-09-10 19:11:18,220 - INFO - 📅 Fetching Basic Metadata: Tomb Raider I-III Remastered Starring Lara Croft
2026-09-10 19:11:18,351 - INFO - 📅 Fetching Basic Metadata: LONESTAR
2026-09-10 19:11:18,493 - INFO - 🎯 IGDB Match: 'LoneStar' (100%)
2026-09-10 19:11:18,498 - INFO - 📅 Fetching Basic Metadata: Calico
2026-09-10 19:11:18,744 - INFO - 🎯 IGDB Match: 'Calico' (100%)
2026-09-10 19:11:18,749 - INFO - 📅 Fetching Basic Metadata: Rogue Waters
2026-09-10 19:11:18,879 - INFO - 🎯 IGDB Match: 'Rogue Waters' (100%)
2026-09-10 19:11:18,884 - INFO - 📅 Fetching Basic Metadata: The Ouroboros King
2026-09-10 19:11:19,019 - INFO - 🎯 IGDB Match: 'The Ouroboros King' (100%)
2026-09-10 19:11:19,024 - INFO - 🏢 Publisher Search: Warhammer 40K Speed Freeks
2026-09-10 19:11:20,411 - INFO - 📅 Fetching Basic Metadata: I Have No Mouth, and I Must Scream
2026-09-10 19:11:20,542 - INFO - 🎯 IGDB Match: 'I Have No Mouth, and I Must Scream' (100%)
2026-09-10 19:11:20,548 - INFO - 📅 Fetching Basic Metadata: Nova Lands
2026-09-10 19:11:20,684 - INFO - 🎯 IGDB Match: 'Nova Lands' (100%)
2026-09-10 19:11:20,689 - INFO - 📅 Fetching Basic Metadata: Tattoo Tycoon
2026-09-10 19:11:20,858 - INFO - 🎯 IGDB Match: 'Tattoo Tycoon' (100%)
2026-09-10 19:11:20,864 - INFO - 📅 Fetching Basic Metadata: Echo Generation: Midnight Edition
2026-09-10 19:11:21,006 - INFO - 🎯 IGDB Match: 'Echo Generation: Midnight Edition' (100%)
2026-09-10 19:11:21,011 - INFO - 💰 Price Search: Foretales
2026-09-10 19:11:22,165 - WARNING - Price error for Foretales: string indices must be integers, not 'str'
2026-09-10 19:11:22,165 - INFO - 📅 Fetching Basic Metadata: Foretales
2026-09-10 19:11:22,303 - INFO - 🎯 IGDB Match: 'Foretales' (100%)
2026-09-10 19:11:22,308 - INFO - 💰 Price Search: OTXO
2026-09-10 19:11:23,399 - WARNING - Price error for OTXO: string indices must be integers, not 'str'
2026-09-10 19:11:23,400 - INFO - 💰 Price Search: Sol Cesto
2026-09-10 19:11:24,485 - WARNING - Price error for Sol Cesto: string indices must be integers, not 'str'
2026-09-10 19:11:24,485 - INFO - 📅 Fetching Basic Metadata: Sol Cesto
2026-09-10 19:11:24,643 - INFO - 🎯 IGDB Match: 'Sol Cesto' (100%)
2026-09-10 19:11:24,648 - INFO - 💰 Price Search: Beacon Pines
2026-09-10 19:11:25,732 - WARNING - Price error for Beacon Pines: string indices must be integers, not 'str'
2026-09-10 19:11:25,733 - INFO - 💰 Price Search: Caravan SandWitch
2026-09-10 19:11:26,825 - WARNING - Price error for Caravan SandWitch: string indices must be integers, not 'str'
2026-09-10 19:11:26,826 - INFO - 💰 Price Search: Cardpocalypse Standard Edition
2026-09-10 19:11:27,921 - WARNING - Price error for Cardpocalypse Standard Edition: string indices must be integers, not 'str'
2026-09-10 19:11:27,921 - INFO - 🏢 Publisher Search: Cardpocalypse Standard Edition
2026-09-10 19:11:29,287 - INFO - 📅 Fetching Basic Metadata: Cardpocalypse Standard Edition
2026-09-10 19:11:29,419 - INFO - 💰 Price Search: Epic Mage Bundle
2026-09-10 19:11:30,495 - WARNING - Price error for Epic Mage Bundle: string indices must be integers, not 'str'
2026-09-10 19:11:30,496 - INFO - 🏢 Publisher Search: Epic Mage Bundle
2026-09-10 19:11:31,922 - INFO - 📅 Fetching Basic Metadata: Epic Mage Bundle
2026-09-10 19:11:32,056 - INFO - 💰 Price Search: Rival Stars Horse Racing : Desktop Edition
2026-09-10 19:11:33,133 - WARNING - Price error for Rival Stars Horse Racing : Desktop Edition: string indices must be integers, not 'str'
2026-09-10 19:11:33,133 - INFO - 🏢 Publisher Search: Rival Stars Horse Racing : Desktop Edition
2026-09-10 19:11:34,516 - INFO - 📅 Fetching Basic Metadata: Rival Stars Horse Racing : Desktop Edition
2026-09-10 19:11:34,698 - INFO - 🎯 IGDB Match: 'Rival Stars Horse Racing: Desktop Edition' (99%)
2026-09-10 19:11:34,703 - INFO - 💰 Price Search: Alone With You
2026-09-10 19:11:35,788 - WARNING - Price error for Alone With You: string indices must be integers, not 'str'
2026-09-10 19:11:35,788 - INFO - 📅 Fetching Basic Metadata: Alone With You
2026-09-10 19:11:35,980 - INFO - 🎯 IGDB Match: 'Alone With You' (100%)
2026-09-10 19:11:35,986 - INFO - 💰 Price Search: Luftrausers
2026-09-10 19:11:37,066 - WARNING - Price error for Luftrausers: string indices must be integers, not 'str'
2026-09-10 19:11:37,067 - INFO - 🏢 Publisher Search: Luftrausers
2026-09-10 19:11:38,579 - INFO - 📅 Fetching Basic Metadata: Luftrausers
2026-09-10 19:11:38,779 - INFO - 🎯 IGDB Match: 'Luftrausers' (100%)
2026-09-10 19:11:38,779 - INFO - 🔗 Searching Franchise Context: Luftrausers
2026-09-10 19:11:39,312 - INFO - ℹ️ No release found AFTER 2026-09-10 for Luftrausers
2026-09-10 19:11:39,318 - INFO - 💰 Price Search: Astral Ascent
2026-09-10 19:11:40,403 - WARNING - Price error for Astral Ascent: string indices must be integers, not 'str'
2026-09-10 19:11:40,404 - INFO - 🏢 Publisher Search: Astral Ascent
2026-09-10 19:11:42,014 - INFO - 📅 Fetching Basic Metadata: Astral Ascent
2026-09-10 19:11:42,255 - INFO - 🎯 IGDB Match: 'Astral Ascent' (100%)
2026-09-10 19:11:42,255 - INFO - 🔗 Searching Franchise Context: Astral Ascent
2026-09-10 19:11:42,592 - INFO - 📡 Fallback to IGDB for Astral Ascent
2026-09-10 19:11:42,799 - INFO - 
--- Starting Data Quality Checks ---
2026-09-10 19:11:42,809 - INFO - --- Data Quality Checks Complete ---

2026-09-10 19:11:42,831 - INFO - | Metric | Statistics |
| :--- | :--- |
| 💰 **Total Market Value** | **$13,332.99** |
| 📦 **Total Games Collected** | 703 |
| 🏷️ **Average Retail Price** | $21.99 per game |
| 💎 **Most Expensive Title** | Civilization 6 Platinum Edition ($79.99) |
| 👑 **MVP Publisher** | Bethesda Softworks |
| 🏢 **Value Leaders** | 2K ($579.90), Bethesda Softworks ($544.80), Paradox Interactive ($409.89) |
| 📈 **Inflation-Adjusted Value** | $15,130.23 |
| 🎈 **Inflation Bonus** | **+$1,797.24** in purchasing power |
| 🗓️ **Peak Saving Month** | 🎄 **Seasonality Peak:** December is historically the best month, offering $3,388.17 in savings. |
| ⭐ **Average Score** | 76.9/100 |
| 💳 **Subscription Equivalent** | **$166.24 / mo** |
| 🎯 **Prestige Ratio** | **2.0%** (Strategic Hype) |
| 🏎️ **Lead Time Avg** | 441 Days to Sequel |

2026-09-10 19:11:42,831 - INFO - ✅ README.md updated.
2026-09-10 19:11:42,849 - INFO - Using categorical units to plot a list of strings that are all parsable as floats or dates. If these strings should be plotted as numbers, cast to the appropriate data type before plotting.
2026-09-10 19:11:42,850 - INFO - Using categorical units to plot a list of strings that are all parsable as floats or dates. If these strings should be plotted as numbers, cast to the appropriate data type before plotting.
2026-09-10 19:11:47,302 - INFO - 📈 All charts generated successfully.
