2026-09-08 19:30:07,809 - INFO - Failed to extract font properties from /usr/share/fonts/truetype/noto/NotoColorEmoji.ttf: Non-scalable fonts are not supported
2026-09-08 19:30:07,835 - INFO - generated new fontManager
2026-09-08 19:30:08,199 - INFO - ✅ Migration Successful!
2026-09-08 19:30:08,336 - INFO - No new games found.
2026-09-08 19:30:08,644 - INFO - 🔍 Found 624 games needing metadata. Starting IGDB + Steam + CheapShark enrichment...
2026-09-08 19:30:08,671 - INFO - 📅 Fetching Basic Metadata: LEGO Batman Trilogy
2026-09-08 19:30:09,123 - INFO - 🎯 IGDB Match: 'LEGO Batman Trilogy' (100%)
2026-09-08 19:30:09,151 - INFO - 📅 Fetching Basic Metadata: Antstream
2026-09-08 19:30:09,396 - INFO - 📅 Fetching Basic Metadata: The Drone Racing League Simulator
2026-09-08 19:30:09,589 - INFO - 🎯 IGDB Match: 'The Drone Racing League Simulator' (100%)
2026-09-08 19:30:09,598 - INFO - 📅 Fetching Basic Metadata: Dark Deity
2026-09-08 19:30:09,846 - INFO - 🎯 IGDB Match: 'Dark Deity' (100%)
2026-09-08 19:30:09,853 - INFO - 📅 Fetching Basic Metadata: RPG in a Box
2026-09-08 19:30:10,040 - INFO - 🎯 IGDB Match: 'RPG in a Box' (100%)
2026-09-08 19:30:10,048 - INFO - 📅 Fetching Basic Metadata: Fallout Classic Collection
2026-09-08 19:30:10,161 - INFO - 🎯 IGDB Match: 'Fallout Classic Collection' (100%)
2026-09-08 19:30:10,170 - INFO - 📅 Fetching Basic Metadata: Recipe for Disaster
2026-09-08 19:30:10,397 - INFO - 🎯 IGDB Match: 'Recipe For Disaster' (100%)
2026-09-08 19:30:10,404 - INFO - 📅 Fetching Basic Metadata: World of Warships — Starter Pack: Ishizuchi
2026-09-08 19:30:10,528 - INFO - 🎯 IGDB Match: 'World of Warships: Starter Pack - Ishizuchi' (98%)
2026-09-08 19:30:10,536 - INFO - 📅 Fetching Basic Metadata: Poker Club
2026-09-08 19:30:10,714 - INFO - 🎯 IGDB Match: 'Poker Club' (100%)
2026-09-08 19:30:10,721 - INFO - 📅 Fetching Basic Metadata: The Sims 4 The Daring Lifestyle Bundle
2026-09-08 19:30:10,891 - INFO - 🎯 IGDB Match: 'The Sims 4: The Daring Lifestyle Bundle' (99%)
2026-09-08 19:30:10,899 - INFO - 📅 Fetching Basic Metadata: Dodo Peak
2026-09-08 19:30:11,035 - INFO - 🎯 IGDB Match: 'Dodo Peak' (100%)
2026-09-08 19:30:11,042 - INFO - 📅 Fetching Basic Metadata: Spelldrifter
2026-09-08 19:30:11,153 - INFO - 🎯 IGDB Match: 'Spelldrifter' (100%)
2026-09-08 19:30:11,160 - INFO - 📅 Fetching Basic Metadata: Model Builder
2026-09-08 19:30:11,271 - INFO - 🎯 IGDB Match: 'Model Builder' (100%)
2026-09-08 19:30:11,277 - INFO - 📅 Fetching Basic Metadata: Godlike Burger
2026-09-08 19:30:11,392 - INFO - 🎯 IGDB Match: 'Godlike Burger' (100%)
2026-09-08 19:30:11,399 - INFO - 📅 Fetching Basic Metadata: Q.U.B.E. Ultimate Bundle
2026-09-08 19:30:11,629 - INFO - 🎯 IGDB Match: 'Q.U.B.E. Ultimate Bundle' (100%)
2026-09-08 19:30:11,637 - INFO - 📅 Fetching Basic Metadata: Jitsu Squad
2026-09-08 19:30:11,747 - INFO - 🎯 IGDB Match: 'Jitsu Squad' (100%)
2026-09-08 19:30:11,754 - INFO - 📅 Fetching Basic Metadata: Mighty Fight Federation
2026-09-08 19:30:11,926 - INFO - 🎯 IGDB Match: 'Mighty Fight Federation' (100%)
2026-09-08 19:30:11,936 - INFO - 📅 Fetching Basic Metadata: LOVE
2026-09-08 19:30:12,126 - INFO - 🎯 IGDB Match: 'Love Love Love' (90%)
2026-09-08 19:30:12,134 - INFO - 📅 Fetching Basic Metadata: Call of The Wild: The Angler
2026-09-08 19:30:12,247 - INFO - 🎯 IGDB Match: 'Call of the Wild: The Angler' (100%)
2026-09-08 19:30:12,256 - INFO - 📅 Fetching Basic Metadata: The Falconeer
2026-09-08 19:30:12,463 - INFO - 🎯 IGDB Match: 'The Falconeer: The Hunter' (90%)
2026-09-08 19:30:12,470 - INFO - 📅 Fetching Basic Metadata: Rawmen: Food Fighter Arena
2026-09-08 19:30:12,654 - INFO - 🎯 IGDB Match: 'Rawmen' (90%)
2026-09-08 19:30:12,661 - INFO - 📅 Fetching Basic Metadata: World of Warships – Starter Pack: Albany
2026-09-08 19:30:12,830 - WARNING - IGDB Error for World of Warships – Starter Pack: Albany: string indices must be integers, not 'str'
2026-09-08 19:30:12,837 - INFO - 📅 Fetching Basic Metadata: Fallout Classic Edition
2026-09-08 19:30:12,951 - INFO - 📅 Fetching Basic Metadata: Outliver: Tribulation
2026-09-08 19:30:13,069 - INFO - 🎯 IGDB Match: 'Outliver: Tribulation' (100%)
2026-09-08 19:30:13,077 - INFO - 📅 Fetching Basic Metadata: Bus Simulator 21 Next Stop
2026-09-08 19:30:13,209 - WARNING - IGDB Error for Bus Simulator 21 Next Stop: string indices must be integers, not 'str'
2026-09-08 19:30:13,219 - INFO - 📅 Fetching Basic Metadata: Turmoil
2026-09-08 19:30:13,316 - WARNING - IGDB Error for Turmoil: string indices must be integers, not 'str'
2026-09-08 19:30:13,324 - INFO - 📅 Fetching Basic Metadata: World War Z Aftermath
2026-09-08 19:30:13,524 - WARNING - IGDB Error for World War Z Aftermath: string indices must be integers, not 'str'
2026-09-08 19:30:13,532 - INFO - 📅 Fetching Basic Metadata: World Of Warships – Anniversary Party Flavor
2026-09-08 19:30:13,661 - INFO - 📅 Fetching Basic Metadata: Neko Ghost, Jump!
2026-09-08 19:30:13,799 - INFO - 🎯 IGDB Match: 'Neko Ghost, Jump!' (100%)
2026-09-08 19:30:13,807 - INFO - 📅 Fetching Basic Metadata: Super Space Club
2026-09-08 19:30:13,932 - INFO - 🎯 IGDB Match: 'Super Space Club' (100%)
2026-09-08 19:30:13,938 - INFO - 📅 Fetching Basic Metadata: Touch Type Tale
2026-09-08 19:30:14,051 - INFO - 🎯 IGDB Match: 'Touch Type Tale' (100%)
2026-09-08 19:30:14,058 - INFO - 📅 Fetching Basic Metadata: Gigapocalypse
2026-09-08 19:30:14,289 - INFO - 🎯 IGDB Match: 'Gigapocalypse' (100%)
2026-09-08 19:30:14,297 - INFO - 📅 Fetching Basic Metadata: Legion TD2
2026-09-08 19:30:14,441 - INFO - 📅 Fetching Basic Metadata: Nightingale
2026-09-08 19:30:14,558 - INFO - 🎯 IGDB Match: 'Nightingale' (100%)
2026-09-08 19:30:14,566 - INFO - 📅 Fetching Basic Metadata: Godzilla Voxel Wars
2026-09-08 19:30:14,685 - INFO - 🎯 IGDB Match: 'Godzilla Voxel Wars' (100%)
2026-09-08 19:30:14,694 - INFO - 📅 Fetching Basic Metadata: Trine Classic Collection
2026-09-08 19:30:14,889 - WARNING - IGDB Error for Trine Classic Collection: string indices must be integers, not 'str'
2026-09-08 19:30:14,897 - INFO - 📅 Fetching Basic Metadata: Poison Retro Set
2026-09-08 19:30:14,990 - WARNING - IGDB Error for Poison Retro Set: string indices must be integers, not 'str'
2026-09-08 19:30:14,996 - INFO - 📅 Fetching Basic Metadata: The Darkside Detective A Fumble in the Dark
2026-09-08 19:30:15,098 - WARNING - IGDB Error for The Darkside Detective A Fumble in the Dark: string indices must be integers, not 'str'
2026-09-08 19:30:15,105 - INFO - 📅 Fetching Basic Metadata: Return to Ash
2026-09-08 19:30:15,267 - WARNING - IGDB Error for Return to Ash: string indices must be integers, not 'str'
2026-09-08 19:30:15,274 - INFO - 🏢 Publisher Search: STALCRAFT: X Starter Edition
2026-09-08 19:30:16,606 - INFO - 📅 Fetching Basic Metadata: STALCRAFT: X Starter Edition
2026-09-08 19:30:16,725 - INFO - 📅 Fetching Basic Metadata: Boxes: Lost Fragments
2026-09-08 19:30:16,834 - INFO - 🎯 IGDB Match: 'Boxes: Lost Fragments' (100%)
2026-09-08 19:30:16,840 - INFO - 📅 Fetching Basic Metadata: My Night Job
2026-09-08 19:30:16,955 - INFO - 🎯 IGDB Match: 'My Night Job' (100%)
2026-09-08 19:30:16,962 - INFO - 📅 Fetching Basic Metadata: Electrician Simulator
2026-09-08 19:30:17,073 - INFO - 🎯 IGDB Match: 'Electrician Simulator' (100%)
2026-09-08 19:30:17,079 - INFO - 🏢 Publisher Search: World of Warships — Epic Anniversary Tachibana Pack
2026-09-08 19:30:18,416 - INFO - 📅 Fetching Basic Metadata: World of Warships — Epic Anniversary Tachibana Pack
2026-09-08 19:30:18,537 - INFO - 📅 Fetching Basic Metadata: Hyper Echelon
2026-09-08 19:30:18,652 - INFO - 🎯 IGDB Match: 'Hyper Echelon' (100%)
2026-09-08 19:30:18,659 - INFO - 📅 Fetching Basic Metadata: Havendock
2026-09-08 19:30:18,846 - INFO - 🎯 IGDB Match: 'Havendock' (100%)
2026-09-08 19:30:18,852 - INFO - 📅 Fetching Basic Metadata: Clone Drone in the Danger Zone
2026-09-08 19:30:18,959 - INFO - 🎯 IGDB Match: 'Clone Drone in the Danger Zone' (100%)
2026-09-08 19:30:18,965 - INFO - 🏢 Publisher Search: TOMAK: Save the Earth Regeneration
2026-09-08 19:30:20,308 - INFO - 📅 Fetching Basic Metadata: TOMAK: Save the Earth Regeneration
2026-09-08 19:30:20,415 - INFO - 🎯 IGDB Match: 'Tomak: Save the Earth Regeneration' (100%)
2026-09-08 19:30:20,422 - INFO - 📅 Fetching Basic Metadata: Prop Sumo
2026-09-08 19:30:20,623 - INFO - 🎯 IGDB Match: 'Prop Sumo' (100%)
2026-09-08 19:30:20,629 - INFO - 📅 Fetching Basic Metadata: The Stone of Madness
2026-09-08 19:30:20,755 - INFO - 🎯 IGDB Match: 'The Stone of Madness' (100%)
2026-09-08 19:30:20,762 - INFO - 📅 Fetching Basic Metadata: Firestone Online Idle RPG
2026-09-08 19:30:20,930 - INFO - 🎯 IGDB Match: 'Firestone: Online Idle RPG' (98%)
2026-09-08 19:30:20,936 - INFO - 📅 Fetching Basic Metadata: Oddsparks: An Automation Adventure
2026-09-08 19:30:21,082 - INFO - 🎯 IGDB Match: 'Oddsparks: An Automation Adventure' (100%)
2026-09-08 19:30:21,089 - INFO - 📅 Fetching Basic Metadata: Trash Goblin
2026-09-08 19:30:21,210 - INFO - 🎯 IGDB Match: 'Trash Goblin' (100%)
2026-09-08 19:30:21,216 - INFO - 🏢 Publisher Search: The Telltale Batman Shadows Edition
2026-09-08 19:30:22,558 - INFO - 📅 Fetching Basic Metadata: The Telltale Batman Shadows Edition
2026-09-08 19:30:22,677 - INFO - 🎯 IGDB Match: 'Telltale Batman Shadows Edition' (95%)
2026-09-08 19:30:22,683 - INFO - 🏢 Publisher Search: Sunderfolk - Standard Edition
2026-09-08 19:30:24,030 - INFO - 📅 Fetching Basic Metadata: Sunderfolk - Standard Edition
2026-09-08 19:30:24,148 - INFO - 📅 Fetching Basic Metadata: Down in Bermuda
2026-09-08 19:30:24,266 - INFO - 🎯 IGDB Match: 'Down in Bermuda' (100%)
2026-09-08 19:30:24,272 - INFO - 📅 Fetching Basic Metadata: Tomb Raider I-III Remastered Starring Lara Croft
2026-09-08 19:30:24,392 - INFO - 📅 Fetching Basic Metadata: LONESTAR
2026-09-08 19:30:24,497 - INFO - 🎯 IGDB Match: 'LoneStar' (100%)
2026-09-08 19:30:24,504 - INFO - 📅 Fetching Basic Metadata: Calico
2026-09-08 19:30:24,695 - INFO - 🎯 IGDB Match: 'Calico' (100%)
2026-09-08 19:30:24,702 - INFO - 📅 Fetching Basic Metadata: Rogue Waters
2026-09-08 19:30:24,812 - INFO - 🎯 IGDB Match: 'Rogue Waters' (100%)
2026-09-08 19:30:24,819 - INFO - 📅 Fetching Basic Metadata: The Ouroboros King
2026-09-08 19:30:24,927 - INFO - 🎯 IGDB Match: 'The Ouroboros King' (100%)
2026-09-08 19:30:24,934 - INFO - 🏢 Publisher Search: Warhammer 40K Speed Freeks
2026-09-08 19:30:26,277 - INFO - 📅 Fetching Basic Metadata: I Have No Mouth, and I Must Scream
2026-09-08 19:30:26,395 - INFO - 🎯 IGDB Match: 'I Have No Mouth, and I Must Scream' (100%)
2026-09-08 19:30:26,402 - INFO - 📅 Fetching Basic Metadata: Nova Lands
2026-09-08 19:30:26,536 - INFO - 🎯 IGDB Match: 'Nova Lands' (100%)
2026-09-08 19:30:26,543 - INFO - 📅 Fetching Basic Metadata: Tattoo Tycoon
2026-09-08 19:30:26,652 - INFO - 🎯 IGDB Match: 'Tattoo Tycoon' (100%)
2026-09-08 19:30:26,659 - INFO - 📅 Fetching Basic Metadata: Echo Generation: Midnight Edition
2026-09-08 19:30:26,912 - INFO - 🎯 IGDB Match: 'Echo Generation: Midnight Edition' (100%)
2026-09-08 19:30:26,919 - INFO - 💰 Price Search: Foretales
2026-09-08 19:30:28,066 - WARNING - Price error for Foretales: string indices must be integers, not 'str'
2026-09-08 19:30:28,066 - INFO - 📅 Fetching Basic Metadata: Foretales
2026-09-08 19:30:28,175 - INFO - 🎯 IGDB Match: 'Foretales' (100%)
2026-09-08 19:30:28,182 - INFO - 💰 Price Search: OTXO
2026-09-08 19:30:29,234 - WARNING - Price error for OTXO: string indices must be integers, not 'str'
2026-09-08 19:30:29,235 - INFO - 💰 Price Search: Sol Cesto
2026-09-08 19:30:30,280 - WARNING - Price error for Sol Cesto: string indices must be integers, not 'str'
2026-09-08 19:30:30,281 - INFO - 📅 Fetching Basic Metadata: Sol Cesto
2026-09-08 19:30:30,437 - INFO - 🎯 IGDB Match: 'Sol Cesto' (100%)
2026-09-08 19:30:30,444 - INFO - 💰 Price Search: Beacon Pines
2026-09-08 19:30:31,498 - WARNING - Price error for Beacon Pines: string indices must be integers, not 'str'
2026-09-08 19:30:31,499 - INFO - 💰 Price Search: Caravan SandWitch
2026-09-08 19:30:32,593 - WARNING - Price error for Caravan SandWitch: string indices must be integers, not 'str'
2026-09-08 19:30:32,594 - INFO - 💰 Price Search: Cardpocalypse Standard Edition
2026-09-08 19:30:33,647 - WARNING - Price error for Cardpocalypse Standard Edition: string indices must be integers, not 'str'
2026-09-08 19:30:33,647 - INFO - 🏢 Publisher Search: Cardpocalypse Standard Edition
2026-09-08 19:30:35,035 - INFO - 📅 Fetching Basic Metadata: Cardpocalypse Standard Edition
2026-09-08 19:30:35,161 - INFO - 💰 Price Search: Epic Mage Bundle
2026-09-08 19:30:36,201 - WARNING - Price error for Epic Mage Bundle: string indices must be integers, not 'str'
2026-09-08 19:30:36,202 - INFO - 🏢 Publisher Search: Epic Mage Bundle
2026-09-08 19:30:37,624 - INFO - 📅 Fetching Basic Metadata: Epic Mage Bundle
2026-09-08 19:30:37,738 - INFO - 💰 Price Search: Rival Stars Horse Racing : Desktop Edition
2026-09-08 19:30:38,770 - WARNING - Price error for Rival Stars Horse Racing : Desktop Edition: string indices must be integers, not 'str'
2026-09-08 19:30:38,770 - INFO - 🏢 Publisher Search: Rival Stars Horse Racing : Desktop Edition
2026-09-08 19:30:40,160 - INFO - 📅 Fetching Basic Metadata: Rival Stars Horse Racing : Desktop Edition
2026-09-08 19:30:40,267 - INFO - 🎯 IGDB Match: 'Rival Stars Horse Racing: Desktop Edition' (99%)
2026-09-08 19:30:40,273 - INFO - 💰 Price Search: Alone With You
2026-09-08 19:30:41,307 - WARNING - Price error for Alone With You: string indices must be integers, not 'str'
2026-09-08 19:30:41,307 - INFO - 📅 Fetching Basic Metadata: Alone With You
2026-09-08 19:30:41,423 - INFO - 🎯 IGDB Match: 'Alone With You' (100%)
2026-09-08 19:30:41,434 - INFO - 
--- Starting Data Quality Checks ---
2026-09-08 19:30:41,447 - INFO - --- Data Quality Checks Complete ---

2026-09-08 19:30:41,477 - INFO - | Metric | Statistics |
| :--- | :--- |
| 💰 **Total Market Value** | **$13,332.99** |
| 📦 **Total Games Collected** | 701 |
| 🏷️ **Average Retail Price** | $22.06 per game |
| 💎 **Most Expensive Title** | Civilization 6 Platinum Edition ($79.99) |
| 👑 **MVP Publisher** | Bethesda Softworks |
| 🏢 **Value Leaders** | 2K ($579.90), Bethesda Softworks ($544.80), Paradox Interactive ($409.89) |
| 📈 **Inflation-Adjusted Value** | $15,130.23 |
| 🎈 **Inflation Bonus** | **+$1,797.24** in purchasing power |
| 🗓️ **Peak Saving Month** | 🎄 **Seasonality Peak:** December is historically the best month, offering $3,388.17 in savings. |
| ⭐ **Average Score** | 76.9/100 |
| 💳 **Subscription Equivalent** | **$166.24 / mo** |
| 🎯 **Prestige Ratio** | **2.0%** (Strategic Hype) |
| 🏎️ **Lead Time Avg** | 441 Days to Sequel |

2026-09-08 19:30:41,477 - INFO - ✅ README.md updated.
2026-09-08 19:30:41,501 - INFO - Using categorical units to plot a list of strings that are all parsable as floats or dates. If these strings should be plotted as numbers, cast to the appropriate data type before plotting.
2026-09-08 19:30:41,502 - INFO - Using categorical units to plot a list of strings that are all parsable as floats or dates. If these strings should be plotted as numbers, cast to the appropriate data type before plotting.
2026-09-08 19:30:47,775 - INFO - 📈 All charts generated successfully.
