2026-09-30 20:55:50,881 - INFO - Failed to extract font properties from /usr/share/fonts/truetype/noto/NotoColorEmoji.ttf: Non-scalable fonts are not supported
2026-09-30 20:55:51,019 - INFO - generated new fontManager
2026-09-30 20:55:51,314 - INFO - ✅ Migration Successful!
2026-09-30 20:55:51,445 - INFO - No new games found.
2026-09-30 20:55:51,748 - INFO - 🔍 Found 630 games needing metadata. Starting IGDB + Steam + CheapShark enrichment...
2026-09-30 20:55:51,776 - INFO - 📅 Fetching Basic Metadata: LEGO Batman Trilogy
2026-09-30 20:55:52,177 - INFO - 🎯 IGDB Match: 'LEGO Batman Trilogy' (100%)
2026-09-30 20:55:52,206 - INFO - 📅 Fetching Basic Metadata: Antstream
2026-09-30 20:55:52,435 - INFO - 📅 Fetching Basic Metadata: The Drone Racing League Simulator
2026-09-30 20:55:52,622 - INFO - 🎯 IGDB Match: 'The Drone Racing League Simulator' (100%)
2026-09-30 20:55:52,630 - INFO - 📅 Fetching Basic Metadata: Dark Deity
2026-09-30 20:55:52,816 - INFO - 🎯 IGDB Match: 'Dark Deity' (100%)
2026-09-30 20:55:52,823 - INFO - 📅 Fetching Basic Metadata: RPG in a Box
2026-09-30 20:55:53,088 - INFO - 🎯 IGDB Match: 'RPG in a Box' (100%)
2026-09-30 20:55:53,095 - INFO - 📅 Fetching Basic Metadata: Fallout Classic Collection
2026-09-30 20:55:53,216 - INFO - 🎯 IGDB Match: 'Fallout Classic Collection' (100%)
2026-09-30 20:55:53,225 - INFO - 📅 Fetching Basic Metadata: Recipe for Disaster
2026-09-30 20:55:53,481 - INFO - 🎯 IGDB Match: 'Recipe For Disaster' (100%)
2026-09-30 20:55:53,489 - INFO - 📅 Fetching Basic Metadata: World of Warships — Starter Pack: Ishizuchi
2026-09-30 20:55:53,737 - INFO - 🎯 IGDB Match: 'World of Warships: Starter Pack - Ishizuchi' (98%)
2026-09-30 20:55:53,745 - INFO - 📅 Fetching Basic Metadata: Poker Club
2026-09-30 20:55:54,004 - INFO - 🎯 IGDB Match: 'Poker Club' (100%)
2026-09-30 20:55:54,011 - INFO - 📅 Fetching Basic Metadata: The Sims 4 The Daring Lifestyle Bundle
2026-09-30 20:55:54,165 - INFO - 🎯 IGDB Match: 'The Sims 4: The Daring Lifestyle Bundle' (99%)
2026-09-30 20:55:54,175 - INFO - 📅 Fetching Basic Metadata: Dodo Peak
2026-09-30 20:55:54,289 - INFO - 🎯 IGDB Match: 'Dodo Peak' (100%)
2026-09-30 20:55:54,296 - INFO - 📅 Fetching Basic Metadata: Spelldrifter
2026-09-30 20:55:54,595 - INFO - 🎯 IGDB Match: 'Spelldrifter' (100%)
2026-09-30 20:55:54,603 - INFO - 📅 Fetching Basic Metadata: Model Builder
2026-09-30 20:55:54,838 - INFO - 🎯 IGDB Match: 'Model Builder' (100%)
2026-09-30 20:55:54,844 - INFO - 📅 Fetching Basic Metadata: Godlike Burger
2026-09-30 20:55:54,958 - INFO - 🎯 IGDB Match: 'Godlike Burger' (100%)
2026-09-30 20:55:54,965 - INFO - 📅 Fetching Basic Metadata: Q.U.B.E. Ultimate Bundle
2026-09-30 20:55:55,158 - INFO - 🎯 IGDB Match: 'Q.U.B.E. Ultimate Bundle' (100%)
2026-09-30 20:55:55,166 - INFO - 📅 Fetching Basic Metadata: Jitsu Squad
2026-09-30 20:55:55,335 - INFO - 🎯 IGDB Match: 'Jitsu Squad' (100%)
2026-09-30 20:55:55,341 - INFO - 📅 Fetching Basic Metadata: Mighty Fight Federation
2026-09-30 20:55:55,543 - INFO - 🎯 IGDB Match: 'Mighty Fight Federation' (100%)
2026-09-30 20:55:55,554 - INFO - 📅 Fetching Basic Metadata: LOVE
2026-09-30 20:55:55,830 - INFO - 🎯 IGDB Match: 'Love Love Love' (90%)
2026-09-30 20:55:55,839 - INFO - 📅 Fetching Basic Metadata: Call of The Wild: The Angler
2026-09-30 20:55:55,961 - INFO - 🎯 IGDB Match: 'Call of the Wild: The Angler' (100%)
2026-09-30 20:55:55,970 - INFO - 📅 Fetching Basic Metadata: The Falconeer
2026-09-30 20:55:56,170 - INFO - 🎯 IGDB Match: 'The Falconeer: The Hunter' (90%)
2026-09-30 20:55:56,178 - INFO - 📅 Fetching Basic Metadata: Rawmen: Food Fighter Arena
2026-09-30 20:55:56,405 - INFO - 🎯 IGDB Match: 'Rawmen' (90%)
2026-09-30 20:55:56,412 - INFO - 📅 Fetching Basic Metadata: World of Warships – Starter Pack: Albany
2026-09-30 20:55:56,561 - INFO - 📅 Fetching Basic Metadata: Fallout Classic Edition
2026-09-30 20:55:56,748 - INFO - 📅 Fetching Basic Metadata: Outliver: Tribulation
2026-09-30 20:55:56,864 - INFO - 🎯 IGDB Match: 'Outliver: Tribulation' (100%)
2026-09-30 20:55:56,872 - INFO - 📅 Fetching Basic Metadata: Bus Simulator 21 Next Stop
2026-09-30 20:55:56,988 - INFO - 🎯 IGDB Match: 'Bus Simulator 21: Next Stop' (98%)
2026-09-30 20:55:56,997 - INFO - 📅 Fetching Basic Metadata: Turmoil
2026-09-30 20:55:57,241 - INFO - 🎯 IGDB Match: 'Turmoil' (100%)
2026-09-30 20:55:57,249 - INFO - 📅 Fetching Basic Metadata: World War Z Aftermath
2026-09-30 20:55:57,369 - INFO - 🎯 IGDB Match: 'World War Z: Aftermath' (98%)
2026-09-30 20:55:57,376 - INFO - 📅 Fetching Basic Metadata: World Of Warships – Anniversary Party Flavor
2026-09-30 20:55:57,499 - INFO - 📅 Fetching Basic Metadata: Neko Ghost, Jump!
2026-09-30 20:55:57,610 - INFO - 🎯 IGDB Match: 'Neko Ghost, Jump!' (100%)
2026-09-30 20:55:57,617 - INFO - 📅 Fetching Basic Metadata: Super Space Club
2026-09-30 20:55:57,727 - INFO - 🎯 IGDB Match: 'Super Space Club' (100%)
2026-09-30 20:55:57,734 - INFO - 📅 Fetching Basic Metadata: Touch Type Tale
2026-09-30 20:55:57,855 - INFO - 🎯 IGDB Match: 'Touch Type Tale' (100%)
2026-09-30 20:55:57,862 - INFO - 📅 Fetching Basic Metadata: Gigapocalypse
2026-09-30 20:55:57,973 - INFO - 🎯 IGDB Match: 'Gigapocalypse' (100%)
2026-09-30 20:55:57,981 - INFO - 📅 Fetching Basic Metadata: Legion TD2
2026-09-30 20:55:58,248 - INFO - 📅 Fetching Basic Metadata: Nightingale
2026-09-30 20:55:58,354 - WARNING - IGDB Error for Nightingale: string indices must be integers, not 'str'
2026-09-30 20:55:58,363 - INFO - 📅 Fetching Basic Metadata: Godzilla Voxel Wars
2026-09-30 20:55:58,556 - WARNING - IGDB Error for Godzilla Voxel Wars: string indices must be integers, not 'str'
2026-09-30 20:55:58,565 - INFO - 📅 Fetching Basic Metadata: Trine Classic Collection
2026-09-30 20:55:58,672 - WARNING - IGDB Error for Trine Classic Collection: string indices must be integers, not 'str'
2026-09-30 20:55:58,680 - INFO - 📅 Fetching Basic Metadata: Poison Retro Set
2026-09-30 20:55:58,873 - WARNING - IGDB Error for Poison Retro Set: string indices must be integers, not 'str'
2026-09-30 20:55:58,880 - INFO - 📅 Fetching Basic Metadata: The Darkside Detective A Fumble in the Dark
2026-09-30 20:55:58,979 - WARNING - IGDB Error for The Darkside Detective A Fumble in the Dark: string indices must be integers, not 'str'
2026-09-30 20:55:58,986 - INFO - 📅 Fetching Basic Metadata: Return to Ash
2026-09-30 20:55:59,186 - WARNING - IGDB Error for Return to Ash: string indices must be integers, not 'str'
2026-09-30 20:55:59,193 - INFO - 🏢 Publisher Search: STALCRAFT: X Starter Edition
2026-09-30 20:56:00,685 - INFO - 📅 Fetching Basic Metadata: STALCRAFT: X Starter Edition
2026-09-30 20:56:00,819 - INFO - 📅 Fetching Basic Metadata: Boxes: Lost Fragments
2026-09-30 20:56:00,926 - INFO - 🎯 IGDB Match: 'Boxes: Lost Fragments' (100%)
2026-09-30 20:56:00,932 - INFO - 📅 Fetching Basic Metadata: My Night Job
2026-09-30 20:56:01,046 - INFO - 🎯 IGDB Match: 'My Night Job' (100%)
2026-09-30 20:56:01,054 - INFO - 📅 Fetching Basic Metadata: Electrician Simulator
2026-09-30 20:56:01,245 - INFO - 🎯 IGDB Match: 'Electrician Simulator' (100%)
2026-09-30 20:56:01,252 - INFO - 🏢 Publisher Search: World of Warships — Epic Anniversary Tachibana Pack
2026-09-30 20:56:02,683 - INFO - 📅 Fetching Basic Metadata: World of Warships — Epic Anniversary Tachibana Pack
2026-09-30 20:56:02,812 - INFO - 📅 Fetching Basic Metadata: Hyper Echelon
2026-09-30 20:56:02,923 - INFO - 🎯 IGDB Match: 'Hyper Echelon' (100%)
2026-09-30 20:56:02,930 - INFO - 📅 Fetching Basic Metadata: Havendock
2026-09-30 20:56:03,135 - INFO - 🎯 IGDB Match: 'Havendock' (100%)
2026-09-30 20:56:03,142 - INFO - 📅 Fetching Basic Metadata: Clone Drone in the Danger Zone
2026-09-30 20:56:03,253 - INFO - 🎯 IGDB Match: 'Clone Drone in the Danger Zone' (100%)
2026-09-30 20:56:03,260 - INFO - 🏢 Publisher Search: TOMAK: Save the Earth Regeneration
2026-09-30 20:56:04,785 - INFO - 📅 Fetching Basic Metadata: TOMAK: Save the Earth Regeneration
2026-09-30 20:56:04,969 - INFO - 🎯 IGDB Match: 'Tomak: Save the Earth Regeneration' (100%)
2026-09-30 20:56:04,976 - INFO - 📅 Fetching Basic Metadata: Prop Sumo
2026-09-30 20:56:05,086 - INFO - 🎯 IGDB Match: 'Prop Sumo' (100%)
2026-09-30 20:56:05,093 - INFO - 📅 Fetching Basic Metadata: The Stone of Madness
2026-09-30 20:56:05,212 - INFO - 🎯 IGDB Match: 'The Stone of Madness' (100%)
2026-09-30 20:56:05,219 - INFO - 📅 Fetching Basic Metadata: Firestone Online Idle RPG
2026-09-30 20:56:05,333 - INFO - 🎯 IGDB Match: 'Firestone: Online Idle RPG' (98%)
2026-09-30 20:56:05,339 - INFO - 📅 Fetching Basic Metadata: Oddsparks: An Automation Adventure
2026-09-30 20:56:05,449 - INFO - 🎯 IGDB Match: 'Oddsparks: An Automation Adventure' (100%)
2026-09-30 20:56:05,456 - INFO - 📅 Fetching Basic Metadata: Trash Goblin
2026-09-30 20:56:05,603 - INFO - 🎯 IGDB Match: 'Trash Goblin' (100%)
2026-09-30 20:56:05,610 - INFO - 🏢 Publisher Search: The Telltale Batman Shadows Edition
2026-09-30 20:56:06,963 - INFO - 📅 Fetching Basic Metadata: The Telltale Batman Shadows Edition
2026-09-30 20:56:07,077 - INFO - 🎯 IGDB Match: 'Telltale Batman Shadows Edition' (95%)
2026-09-30 20:56:07,083 - INFO - 🏢 Publisher Search: Sunderfolk - Standard Edition
2026-09-30 20:56:08,606 - INFO - 📅 Fetching Basic Metadata: Sunderfolk - Standard Edition
2026-09-30 20:56:08,726 - INFO - 📅 Fetching Basic Metadata: Down in Bermuda
2026-09-30 20:56:08,849 - INFO - 🎯 IGDB Match: 'Down in Bermuda' (100%)
2026-09-30 20:56:08,855 - INFO - 📅 Fetching Basic Metadata: Tomb Raider I-III Remastered Starring Lara Croft
2026-09-30 20:56:08,977 - INFO - 📅 Fetching Basic Metadata: LONESTAR
2026-09-30 20:56:09,084 - INFO - 🎯 IGDB Match: 'LoneStar' (100%)
2026-09-30 20:56:09,091 - INFO - 📅 Fetching Basic Metadata: Calico
2026-09-30 20:56:09,285 - INFO - 🎯 IGDB Match: 'Calico' (100%)
2026-09-30 20:56:09,292 - INFO - 📅 Fetching Basic Metadata: Rogue Waters
2026-09-30 20:56:09,408 - INFO - 🎯 IGDB Match: 'Rogue Waters' (100%)
2026-09-30 20:56:09,415 - INFO - 📅 Fetching Basic Metadata: The Ouroboros King
2026-09-30 20:56:09,535 - INFO - 🎯 IGDB Match: 'The Ouroboros King' (100%)
2026-09-30 20:56:09,542 - INFO - 🏢 Publisher Search: Warhammer 40K Speed Freeks
2026-09-30 20:56:10,934 - INFO - 📅 Fetching Basic Metadata: I Have No Mouth, and I Must Scream
2026-09-30 20:56:11,060 - INFO - 🎯 IGDB Match: 'I Have No Mouth, and I Must Scream' (100%)
2026-09-30 20:56:11,067 - INFO - 📅 Fetching Basic Metadata: Nova Lands
2026-09-30 20:56:11,180 - INFO - 🎯 IGDB Match: 'Nova Lands' (100%)
2026-09-30 20:56:11,186 - INFO - 📅 Fetching Basic Metadata: Tattoo Tycoon
2026-09-30 20:56:11,404 - INFO - 🎯 IGDB Match: 'Tattoo Tycoon' (100%)
2026-09-30 20:56:11,420 - INFO - 📅 Fetching Basic Metadata: Echo Generation: Midnight Edition
2026-09-30 20:56:11,528 - INFO - 🎯 IGDB Match: 'Echo Generation: Midnight Edition' (100%)
2026-09-30 20:56:11,534 - INFO - 💰 Price Search: Foretales
2026-09-30 20:56:12,703 - WARNING - Price error for Foretales: string indices must be integers, not 'str'
2026-09-30 20:56:12,703 - INFO - 📅 Fetching Basic Metadata: Foretales
2026-09-30 20:56:12,814 - INFO - 🎯 IGDB Match: 'Foretales' (100%)
2026-09-30 20:56:12,821 - INFO - 💰 Price Search: OTXO
2026-09-30 20:56:13,868 - WARNING - Price error for OTXO: string indices must be integers, not 'str'
2026-09-30 20:56:13,869 - INFO - 💰 Price Search: Sol Cesto
2026-09-30 20:56:14,931 - WARNING - Price error for Sol Cesto: string indices must be integers, not 'str'
2026-09-30 20:56:14,931 - INFO - 📅 Fetching Basic Metadata: Sol Cesto
2026-09-30 20:56:15,044 - INFO - 🎯 IGDB Match: 'Sol Cesto' (100%)
2026-09-30 20:56:15,050 - INFO - 💰 Price Search: Beacon Pines
2026-09-30 20:56:16,095 - WARNING - Price error for Beacon Pines: string indices must be integers, not 'str'
2026-09-30 20:56:16,096 - INFO - 💰 Price Search: Caravan SandWitch
2026-09-30 20:56:17,166 - WARNING - Price error for Caravan SandWitch: string indices must be integers, not 'str'
2026-09-30 20:56:17,167 - INFO - 💰 Price Search: Cardpocalypse Standard Edition
2026-09-30 20:56:18,219 - WARNING - Price error for Cardpocalypse Standard Edition: string indices must be integers, not 'str'
2026-09-30 20:56:18,219 - INFO - 🏢 Publisher Search: Cardpocalypse Standard Edition
2026-09-30 20:56:19,641 - INFO - 📅 Fetching Basic Metadata: Cardpocalypse Standard Edition
2026-09-30 20:56:19,760 - INFO - 💰 Price Search: Epic Mage Bundle
2026-09-30 20:56:20,795 - WARNING - Price error for Epic Mage Bundle: string indices must be integers, not 'str'
2026-09-30 20:56:20,795 - INFO - 🏢 Publisher Search: Epic Mage Bundle
2026-09-30 20:56:22,310 - INFO - 📅 Fetching Basic Metadata: Epic Mage Bundle
2026-09-30 20:56:22,438 - INFO - 💰 Price Search: Rival Stars Horse Racing : Desktop Edition
2026-09-30 20:56:23,476 - WARNING - Price error for Rival Stars Horse Racing : Desktop Edition: string indices must be integers, not 'str'
2026-09-30 20:56:23,476 - INFO - 🏢 Publisher Search: Rival Stars Horse Racing : Desktop Edition
2026-09-30 20:56:24,904 - INFO - 📅 Fetching Basic Metadata: Rival Stars Horse Racing : Desktop Edition
2026-09-30 20:56:25,208 - INFO - 🎯 IGDB Match: 'Rival Stars Horse Racing: Desktop Edition' (99%)
2026-09-30 20:56:25,215 - INFO - 💰 Price Search: Alone With You
2026-09-30 20:56:26,250 - WARNING - Price error for Alone With You: string indices must be integers, not 'str'
2026-09-30 20:56:26,251 - INFO - 📅 Fetching Basic Metadata: Alone With You
2026-09-30 20:56:26,365 - INFO - 🎯 IGDB Match: 'Alone With You' (100%)
2026-09-30 20:56:26,372 - INFO - 💰 Price Search: Luftrausers
2026-09-30 20:56:27,409 - WARNING - Price error for Luftrausers: string indices must be integers, not 'str'
2026-09-30 20:56:27,410 - INFO - 💰 Price Search: Astral Ascent
2026-09-30 20:56:28,456 - WARNING - Price error for Astral Ascent: string indices must be integers, not 'str'
2026-09-30 20:56:28,457 - INFO - 💰 Price Search: Mindcop
2026-09-30 20:56:29,492 - WARNING - Price error for Mindcop: string indices must be integers, not 'str'
2026-09-30 20:56:29,493 - INFO - 💰 Price Search: Shogun Showdown
2026-09-30 20:56:30,529 - WARNING - Price error for Shogun Showdown: string indices must be integers, not 'str'
2026-09-30 20:56:30,531 - INFO - 💰 Price Search: Astrea Six Sided Oracles
2026-09-30 20:56:31,570 - WARNING - Price error for Astrea Six Sided Oracles: string indices must be integers, not 'str'
2026-09-30 20:56:31,571 - INFO - 💰 Price Search: Mechabellum
2026-09-30 20:56:32,615 - WARNING - Price error for Mechabellum: string indices must be integers, not 'str'
2026-09-30 20:56:32,615 - INFO - 📅 Fetching Basic Metadata: Mechabellum
2026-09-30 20:56:32,724 - INFO - 🎯 IGDB Match: 'Mechabellum' (100%)
2026-09-30 20:56:32,735 - INFO - 
--- Starting Data Quality Checks ---
2026-09-30 20:56:32,748 - INFO - --- Data Quality Checks Complete ---

2026-09-30 20:56:32,778 - INFO - | Metric | Statistics |
| :--- | :--- |
| 💰 **Total Market Value** | **$13,332.99** |
| 📦 **Total Games Collected** | 707 |
| 🏷️ **Average Retail Price** | $21.87 per game |
| 💎 **Most Expensive Title** | Civilization 6 Platinum Edition ($79.99) |
| 👑 **MVP Publisher** | Bethesda Softworks |
| 🏢 **Value Leaders** | 2K ($579.90), Bethesda Softworks ($544.80), Paradox Interactive ($409.89) |
| 📈 **Inflation-Adjusted Value** | $15,130.23 |
| 🎈 **Inflation Bonus** | **+$1,797.24** in purchasing power |
| 🗓️ **Peak Saving Month** | 🎄 **Seasonality Peak:** December is historically the best month, offering $3,388.17 in savings. |
| ⭐ **Average Score** | 77.0/100 |
| 💳 **Subscription Equivalent** | **$166.24 / mo** |
| 🎯 **Prestige Ratio** | **2.0%** (Strategic Hype) |
| 🏎️ **Lead Time Avg** | 441 Days to Sequel |

2026-09-30 20:56:32,779 - INFO - ✅ README.md updated.
2026-09-30 20:56:32,803 - INFO - Using categorical units to plot a list of strings that are all parsable as floats or dates. If these strings should be plotted as numbers, cast to the appropriate data type before plotting.
2026-09-30 20:56:32,804 - INFO - Using categorical units to plot a list of strings that are all parsable as floats or dates. If these strings should be plotted as numbers, cast to the appropriate data type before plotting.
2026-09-30 20:56:39,103 - INFO - 📈 All charts generated successfully.
