2026-08-12 17:28:39,706 - INFO - Failed to extract font properties from /usr/share/fonts/truetype/noto/NotoColorEmoji.ttf: Non-scalable fonts are not supported
2026-08-12 17:28:40,703 - INFO - generated new fontManager
2026-08-12 17:28:41,071 - INFO - ✅ Migration Successful!
2026-08-12 17:28:41,372 - INFO - No new games found.
2026-08-12 17:28:41,699 - INFO - 🔍 Found 618 games needing metadata. Starting IGDB + Steam + CheapShark enrichment...
2026-08-12 17:28:41,798 - INFO - 📅 Fetching Basic Metadata: LEGO Batman Trilogy
2026-08-12 17:28:42,066 - INFO - 🎯 IGDB Match: 'LEGO Batman Trilogy' (100%)
2026-08-12 17:28:42,095 - INFO - 📅 Fetching Basic Metadata: Antstream
2026-08-12 17:28:42,240 - INFO - 📅 Fetching Basic Metadata: The Drone Racing League Simulator
2026-08-12 17:28:42,327 - INFO - 🎯 IGDB Match: 'The Drone Racing League Simulator' (100%)
2026-08-12 17:28:42,335 - INFO - 📅 Fetching Basic Metadata: Dark Deity
2026-08-12 17:28:42,407 - INFO - 🎯 IGDB Match: 'Dark Deity' (100%)
2026-08-12 17:28:42,414 - INFO - 📅 Fetching Basic Metadata: RPG in a Box
2026-08-12 17:28:42,505 - INFO - 🎯 IGDB Match: 'RPG in a Box' (100%)
2026-08-12 17:28:42,512 - INFO - 📅 Fetching Basic Metadata: Fallout Classic Collection
2026-08-12 17:28:42,583 - INFO - 🎯 IGDB Match: 'Fallout Classic Collection' (100%)
2026-08-12 17:28:42,592 - INFO - 📅 Fetching Basic Metadata: Recipe for Disaster
2026-08-12 17:28:42,663 - INFO - 🎯 IGDB Match: 'Recipe For Disaster' (100%)
2026-08-12 17:28:42,670 - INFO - 📅 Fetching Basic Metadata: World of Warships — Starter Pack: Ishizuchi
2026-08-12 17:28:42,751 - INFO - 🎯 IGDB Match: 'World of Warships: Starter Pack - Ishizuchi' (98%)
2026-08-12 17:28:42,758 - INFO - 📅 Fetching Basic Metadata: Poker Club
2026-08-12 17:28:42,851 - INFO - 🎯 IGDB Match: 'Poker Club' (100%)
2026-08-12 17:28:42,858 - INFO - 📅 Fetching Basic Metadata: The Sims 4 The Daring Lifestyle Bundle
2026-08-12 17:28:42,930 - INFO - 🎯 IGDB Match: 'The Sims 4: The Daring Lifestyle Bundle' (99%)
2026-08-12 17:28:42,939 - INFO - 📅 Fetching Basic Metadata: Dodo Peak
2026-08-12 17:28:43,048 - INFO - 🎯 IGDB Match: 'Dodo Peak' (100%)
2026-08-12 17:28:43,054 - INFO - 📅 Fetching Basic Metadata: Spelldrifter
2026-08-12 17:28:43,124 - INFO - 🎯 IGDB Match: 'Spelldrifter' (100%)
2026-08-12 17:28:43,131 - INFO - 📅 Fetching Basic Metadata: Model Builder
2026-08-12 17:28:43,201 - INFO - 🎯 IGDB Match: 'Model Builder' (100%)
2026-08-12 17:28:43,207 - INFO - 📅 Fetching Basic Metadata: Godlike Burger
2026-08-12 17:28:43,288 - INFO - 🎯 IGDB Match: 'Godlike Burger' (100%)
2026-08-12 17:28:43,294 - INFO - 📅 Fetching Basic Metadata: Q.U.B.E. Ultimate Bundle
2026-08-12 17:28:43,374 - INFO - 🎯 IGDB Match: 'Q.U.B.E. Ultimate Bundle' (100%)
2026-08-12 17:28:43,381 - INFO - 📅 Fetching Basic Metadata: Jitsu Squad
2026-08-12 17:28:43,457 - INFO - 🎯 IGDB Match: 'Jitsu Squad' (100%)
2026-08-12 17:28:43,463 - INFO - 📅 Fetching Basic Metadata: Mighty Fight Federation
2026-08-12 17:28:43,560 - WARNING - IGDB Error for Mighty Fight Federation: string indices must be integers, not 'str'
2026-08-12 17:28:43,570 - INFO - 📅 Fetching Basic Metadata: LOVE
2026-08-12 17:28:43,624 - WARNING - IGDB Error for LOVE: string indices must be integers, not 'str'
2026-08-12 17:28:43,632 - INFO - 📅 Fetching Basic Metadata: Call of The Wild: The Angler
2026-08-12 17:28:43,699 - WARNING - IGDB Error for Call of The Wild: The Angler: string indices must be integers, not 'str'
2026-08-12 17:28:43,708 - INFO - 📅 Fetching Basic Metadata: The Falconeer
2026-08-12 17:28:43,767 - WARNING - IGDB Error for The Falconeer: string indices must be integers, not 'str'
2026-08-12 17:28:43,775 - INFO - 📅 Fetching Basic Metadata: Rawmen: Food Fighter Arena
2026-08-12 17:28:43,828 - WARNING - IGDB Error for Rawmen: Food Fighter Arena: string indices must be integers, not 'str'
2026-08-12 17:28:43,835 - INFO - 📅 Fetching Basic Metadata: World of Warships – Starter Pack: Albany
2026-08-12 17:28:43,890 - WARNING - IGDB Error for World of Warships – Starter Pack: Albany: string indices must be integers, not 'str'
2026-08-12 17:28:43,897 - INFO - 📅 Fetching Basic Metadata: Fallout Classic Edition
2026-08-12 17:28:43,951 - WARNING - IGDB Error for Fallout Classic Edition: string indices must be integers, not 'str'
2026-08-12 17:28:43,959 - INFO - 📅 Fetching Basic Metadata: Outliver: Tribulation
2026-08-12 17:28:44,035 - WARNING - IGDB Error for Outliver: Tribulation: string indices must be integers, not 'str'
2026-08-12 17:28:44,042 - INFO - 📅 Fetching Basic Metadata: Bus Simulator 21 Next Stop
2026-08-12 17:28:44,096 - WARNING - IGDB Error for Bus Simulator 21 Next Stop: string indices must be integers, not 'str'
2026-08-12 17:28:44,105 - INFO - 📅 Fetching Basic Metadata: Turmoil
2026-08-12 17:28:44,181 - WARNING - IGDB Error for Turmoil: string indices must be integers, not 'str'
2026-08-12 17:28:44,188 - INFO - 📅 Fetching Basic Metadata: World War Z Aftermath
2026-08-12 17:28:44,242 - WARNING - IGDB Error for World War Z Aftermath: string indices must be integers, not 'str'
2026-08-12 17:28:44,249 - INFO - 📅 Fetching Basic Metadata: World Of Warships – Anniversary Party Flavor
2026-08-12 17:28:44,303 - WARNING - IGDB Error for World Of Warships – Anniversary Party Flavor: string indices must be integers, not 'str'
2026-08-12 17:28:44,310 - INFO - 📅 Fetching Basic Metadata: Neko Ghost, Jump!
2026-08-12 17:28:44,377 - WARNING - IGDB Error for Neko Ghost, Jump!: string indices must be integers, not 'str'
2026-08-12 17:28:44,384 - INFO - 📅 Fetching Basic Metadata: Super Space Club
2026-08-12 17:28:44,478 - WARNING - IGDB Error for Super Space Club: string indices must be integers, not 'str'
2026-08-12 17:28:44,485 - INFO - 📅 Fetching Basic Metadata: Touch Type Tale
2026-08-12 17:28:44,538 - WARNING - IGDB Error for Touch Type Tale: string indices must be integers, not 'str'
2026-08-12 17:28:44,544 - INFO - 📅 Fetching Basic Metadata: Gigapocalypse
2026-08-12 17:28:44,636 - WARNING - IGDB Error for Gigapocalypse: string indices must be integers, not 'str'
2026-08-12 17:28:44,644 - INFO - 📅 Fetching Basic Metadata: Legion TD2
2026-08-12 17:28:44,704 - WARNING - IGDB Error for Legion TD2: string indices must be integers, not 'str'
2026-08-12 17:28:44,712 - INFO - 📅 Fetching Basic Metadata: Nightingale
2026-08-12 17:28:44,764 - WARNING - IGDB Error for Nightingale: string indices must be integers, not 'str'
2026-08-12 17:28:44,772 - INFO - 📅 Fetching Basic Metadata: Godzilla Voxel Wars
2026-08-12 17:28:44,826 - WARNING - IGDB Error for Godzilla Voxel Wars: string indices must be integers, not 'str'
2026-08-12 17:28:44,834 - INFO - 📅 Fetching Basic Metadata: Trine Classic Collection
2026-08-12 17:28:44,903 - INFO - 🎯 IGDB Match: 'Trine Classic Collection' (100%)
2026-08-12 17:28:44,910 - INFO - 📅 Fetching Basic Metadata: Poison Retro Set
2026-08-12 17:28:44,979 - INFO - 🎯 IGDB Match: 'Pixel Gun 3D: Poison Retro Set' (90%)
2026-08-12 17:28:44,985 - INFO - 📅 Fetching Basic Metadata: The Darkside Detective A Fumble in the Dark
2026-08-12 17:28:45,063 - INFO - 🎯 IGDB Match: 'The Darkside Detective: A Fumble in the Dark' (99%)
2026-08-12 17:28:45,070 - INFO - 📅 Fetching Basic Metadata: Return to Ash
2026-08-12 17:28:45,146 - INFO - 🎯 IGDB Match: 'Return to Ash' (100%)
2026-08-12 17:28:45,152 - INFO - 🏢 Publisher Search: STALCRAFT: X Starter Edition
2026-08-12 17:28:46,503 - INFO - 📅 Fetching Basic Metadata: STALCRAFT: X Starter Edition
2026-08-12 17:28:46,573 - INFO - 📅 Fetching Basic Metadata: Boxes: Lost Fragments
2026-08-12 17:28:46,643 - INFO - 🎯 IGDB Match: 'Boxes: Lost Fragments' (100%)
2026-08-12 17:28:46,650 - INFO - 📅 Fetching Basic Metadata: My Night Job
2026-08-12 17:28:46,767 - INFO - 🎯 IGDB Match: 'My Night Job' (100%)
2026-08-12 17:28:46,774 - INFO - 📅 Fetching Basic Metadata: Electrician Simulator
2026-08-12 17:28:46,842 - INFO - 🎯 IGDB Match: 'Electrician Simulator' (100%)
2026-08-12 17:28:46,848 - INFO - 🏢 Publisher Search: World of Warships — Epic Anniversary Tachibana Pack
2026-08-12 17:28:48,211 - INFO - 📅 Fetching Basic Metadata: World of Warships — Epic Anniversary Tachibana Pack
2026-08-12 17:28:48,291 - INFO - 📅 Fetching Basic Metadata: Hyper Echelon
2026-08-12 17:28:48,359 - INFO - 🎯 IGDB Match: 'Hyper Echelon' (100%)
2026-08-12 17:28:48,365 - INFO - 📅 Fetching Basic Metadata: Havendock
2026-08-12 17:28:48,453 - INFO - 🎯 IGDB Match: 'Havendock' (100%)
2026-08-12 17:28:48,459 - INFO - 📅 Fetching Basic Metadata: Clone Drone in the Danger Zone
2026-08-12 17:28:48,541 - INFO - 🎯 IGDB Match: 'Clone Drone in the Danger Zone' (100%)
2026-08-12 17:28:48,547 - INFO - 🏢 Publisher Search: TOMAK: Save the Earth Regeneration
2026-08-12 17:28:49,871 - INFO - 📅 Fetching Basic Metadata: TOMAK: Save the Earth Regeneration
2026-08-12 17:28:49,960 - INFO - 🎯 IGDB Match: 'Tomak: Save the Earth Regeneration' (100%)
2026-08-12 17:28:49,966 - INFO - 📅 Fetching Basic Metadata: Prop Sumo
2026-08-12 17:28:50,032 - INFO - 🎯 IGDB Match: 'Prop Sumo' (100%)
2026-08-12 17:28:50,038 - INFO - 📅 Fetching Basic Metadata: The Stone of Madness
2026-08-12 17:28:50,105 - INFO - 🎯 IGDB Match: 'The Stone of Madness' (100%)
2026-08-12 17:28:50,111 - INFO - 📅 Fetching Basic Metadata: Firestone Online Idle RPG
2026-08-12 17:28:50,186 - INFO - 🎯 IGDB Match: 'Firestone: Online Idle RPG' (98%)
2026-08-12 17:28:50,192 - INFO - 📅 Fetching Basic Metadata: Oddsparks: An Automation Adventure
2026-08-12 17:28:50,267 - INFO - 🎯 IGDB Match: 'Oddsparks: An Automation Adventure' (100%)
2026-08-12 17:28:50,273 - INFO - 📅 Fetching Basic Metadata: Trash Goblin
2026-08-12 17:28:50,341 - INFO - 🎯 IGDB Match: 'Trash Goblin' (100%)
2026-08-12 17:28:50,347 - INFO - 🏢 Publisher Search: The Telltale Batman Shadows Edition
2026-08-12 17:28:51,633 - INFO - 📅 Fetching Basic Metadata: The Telltale Batman Shadows Edition
2026-08-12 17:28:51,705 - INFO - 🎯 IGDB Match: 'Telltale Batman Shadows Edition' (95%)
2026-08-12 17:28:51,712 - INFO - 🏢 Publisher Search: Sunderfolk - Standard Edition
2026-08-12 17:28:53,039 - INFO - 📅 Fetching Basic Metadata: Sunderfolk - Standard Edition
2026-08-12 17:28:53,117 - INFO - 📅 Fetching Basic Metadata: Down in Bermuda
2026-08-12 17:28:53,181 - INFO - 🎯 IGDB Match: 'Down in Bermuda' (100%)
2026-08-12 17:28:53,187 - INFO - 📅 Fetching Basic Metadata: Tomb Raider I-III Remastered Starring Lara Croft
2026-08-12 17:28:53,266 - INFO - 📅 Fetching Basic Metadata: LONESTAR
2026-08-12 17:28:53,332 - INFO - 🎯 IGDB Match: 'LoneStar' (100%)
2026-08-12 17:28:53,338 - INFO - 📅 Fetching Basic Metadata: Calico
2026-08-12 17:28:53,410 - INFO - 🎯 IGDB Match: 'Calico' (100%)
2026-08-12 17:28:53,416 - INFO - 📅 Fetching Basic Metadata: Rogue Waters
2026-08-12 17:28:53,484 - INFO - 🎯 IGDB Match: 'Rogue Waters' (100%)
2026-08-12 17:28:53,490 - INFO - 📅 Fetching Basic Metadata: The Ouroboros King
2026-08-12 17:28:53,558 - INFO - 🎯 IGDB Match: 'The Ouroboros King' (100%)
2026-08-12 17:28:53,564 - INFO - 🏢 Publisher Search: Warhammer 40K Speed Freeks
2026-08-12 17:28:54,929 - INFO - 📅 Fetching Basic Metadata: I Have No Mouth, and I Must Scream
2026-08-12 17:28:55,034 - INFO - 🎯 IGDB Match: 'I Have No Mouth, and I Must Scream' (100%)
2026-08-12 17:28:55,040 - INFO - 📅 Fetching Basic Metadata: Nova Lands
2026-08-12 17:28:55,108 - INFO - 🎯 IGDB Match: 'Nova Lands' (100%)
2026-08-12 17:28:55,114 - INFO - 📅 Fetching Basic Metadata: Tattoo Tycoon
2026-08-12 17:28:55,186 - INFO - 🎯 IGDB Match: 'Tattoo Tycoon' (100%)
2026-08-12 17:28:55,193 - INFO - 📅 Fetching Basic Metadata: Echo Generation: Midnight Edition
2026-08-12 17:28:55,260 - INFO - 🎯 IGDB Match: 'Echo Generation: Midnight Edition' (100%)
2026-08-12 17:28:55,266 - INFO - 💰 Price Search: Foretales
2026-08-12 17:28:56,328 - WARNING - Price error for Foretales: string indices must be integers, not 'str'
2026-08-12 17:28:56,328 - INFO - 📅 Fetching Basic Metadata: Foretales
2026-08-12 17:28:56,398 - INFO - 🎯 IGDB Match: 'Foretales' (100%)
2026-08-12 17:28:56,405 - INFO - 💰 Price Search: OTXO
2026-08-12 17:28:57,444 - WARNING - Price error for OTXO: string indices must be integers, not 'str'
2026-08-12 17:28:57,445 - INFO - 💰 Price Search: Sol Cesto
2026-08-12 17:28:58,492 - WARNING - Price error for Sol Cesto: string indices must be integers, not 'str'
2026-08-12 17:28:58,492 - INFO - 📅 Fetching Basic Metadata: Sol Cesto
2026-08-12 17:28:58,566 - INFO - 🎯 IGDB Match: 'Sol Cesto' (100%)
2026-08-12 17:28:58,573 - INFO - 💰 Price Search: Beacon Pines
2026-08-12 17:28:59,619 - WARNING - Price error for Beacon Pines: string indices must be integers, not 'str'
2026-08-12 17:28:59,625 - INFO - 
--- Starting Data Quality Checks ---
2026-08-12 17:28:59,638 - INFO - --- Data Quality Checks Complete ---

2026-08-12 17:28:59,668 - INFO - | Metric | Statistics |
| :--- | :--- |
| 💰 **Total Market Value** | **$13,332.99** |
| 📦 **Total Games Collected** | 695 |
| 🏷️ **Average Retail Price** | $22.21 per game |
| 💎 **Most Expensive Title** | Civilization 6 Platinum Edition ($79.99) |
| 👑 **MVP Publisher** | Bethesda Softworks |
| 🏢 **Value Leaders** | 2K ($579.90), Bethesda Softworks ($544.80), Paradox Interactive ($409.89) |
| 📈 **Inflation-Adjusted Value** | $15,130.23 |
| 🎈 **Inflation Bonus** | **+$1,797.24** in purchasing power |
| 🗓️ **Peak Saving Month** | 🎄 **Seasonality Peak:** December is historically the best month, offering $3,388.17 in savings. |
| ⭐ **Average Score** | 76.9/100 |
| 💳 **Subscription Equivalent** | **$167.78 / mo** |
| 🎯 **Prestige Ratio** | **2.0%** (Strategic Hype) |
| 🏎️ **Lead Time Avg** | 441 Days to Sequel |

2026-08-12 17:28:59,669 - INFO - ✅ README.md updated.
2026-08-12 17:28:59,693 - INFO - Using categorical units to plot a list of strings that are all parsable as floats or dates. If these strings should be plotted as numbers, cast to the appropriate data type before plotting.
2026-08-12 17:28:59,694 - INFO - Using categorical units to plot a list of strings that are all parsable as floats or dates. If these strings should be plotted as numbers, cast to the appropriate data type before plotting.
2026-08-12 17:29:06,029 - INFO - 📈 All charts generated successfully.
