2026-08-16 16:51:24,112 - INFO - Failed to extract font properties from /usr/share/fonts/truetype/noto/NotoColorEmoji.ttf: Non-scalable fonts are not supported
2026-08-16 16:51:24,284 - INFO - generated new fontManager
2026-08-16 16:51:24,572 - INFO - ✅ Migration Successful!
2026-08-16 16:51:25,003 - INFO - No new games found.
2026-08-16 16:51:25,374 - INFO - 🔍 Found 619 games needing metadata. Starting IGDB + Steam + CheapShark enrichment...
2026-08-16 16:51:25,439 - INFO - 📅 Fetching Basic Metadata: LEGO Batman Trilogy
2026-08-16 16:51:25,740 - INFO - 🎯 IGDB Match: 'LEGO Batman Trilogy' (100%)
2026-08-16 16:51:25,758 - INFO - 📅 Fetching Basic Metadata: Antstream
2026-08-16 16:51:25,937 - INFO - 📅 Fetching Basic Metadata: The Drone Racing League Simulator
2026-08-16 16:51:26,156 - INFO - 🎯 IGDB Match: 'The Drone Racing League Simulator' (100%)
2026-08-16 16:51:26,162 - INFO - 📅 Fetching Basic Metadata: Dark Deity
2026-08-16 16:51:26,334 - INFO - 🎯 IGDB Match: 'Dark Deity' (100%)
2026-08-16 16:51:26,339 - INFO - 📅 Fetching Basic Metadata: RPG in a Box
2026-08-16 16:51:26,517 - INFO - 🎯 IGDB Match: 'RPG in a Box' (100%)
2026-08-16 16:51:26,522 - INFO - 📅 Fetching Basic Metadata: Fallout Classic Collection
2026-08-16 16:51:26,748 - INFO - 🎯 IGDB Match: 'Fallout Classic Collection' (100%)
2026-08-16 16:51:26,755 - INFO - 📅 Fetching Basic Metadata: Recipe for Disaster
2026-08-16 16:51:26,884 - INFO - 🎯 IGDB Match: 'Recipe For Disaster' (100%)
2026-08-16 16:51:26,890 - INFO - 📅 Fetching Basic Metadata: World of Warships — Starter Pack: Ishizuchi
2026-08-16 16:51:27,101 - INFO - 🎯 IGDB Match: 'World of Warships: Starter Pack - Ishizuchi' (98%)
2026-08-16 16:51:27,209 - INFO - 📅 Fetching Basic Metadata: Poker Club
2026-08-16 16:51:27,394 - INFO - 🎯 IGDB Match: 'Poker Club' (100%)
2026-08-16 16:51:27,400 - INFO - 📅 Fetching Basic Metadata: The Sims 4 The Daring Lifestyle Bundle
2026-08-16 16:51:27,651 - INFO - 🎯 IGDB Match: 'The Sims 4: The Daring Lifestyle Bundle' (99%)
2026-08-16 16:51:27,658 - INFO - 📅 Fetching Basic Metadata: Dodo Peak
2026-08-16 16:51:27,935 - INFO - 🎯 IGDB Match: 'Dodo Peak' (100%)
2026-08-16 16:51:27,940 - INFO - 📅 Fetching Basic Metadata: Spelldrifter
2026-08-16 16:51:28,097 - INFO - 🎯 IGDB Match: 'Spelldrifter' (100%)
2026-08-16 16:51:28,102 - INFO - 📅 Fetching Basic Metadata: Model Builder
2026-08-16 16:51:28,231 - INFO - 🎯 IGDB Match: 'Model Builder' (100%)
2026-08-16 16:51:28,237 - INFO - 📅 Fetching Basic Metadata: Godlike Burger
2026-08-16 16:51:28,462 - INFO - 🎯 IGDB Match: 'Godlike Burger' (100%)
2026-08-16 16:51:28,467 - INFO - 📅 Fetching Basic Metadata: Q.U.B.E. Ultimate Bundle
2026-08-16 16:51:28,712 - INFO - 🎯 IGDB Match: 'Q.U.B.E. Ultimate Bundle' (100%)
2026-08-16 16:51:28,718 - INFO - 📅 Fetching Basic Metadata: Jitsu Squad
2026-08-16 16:51:28,876 - INFO - 🎯 IGDB Match: 'Jitsu Squad' (100%)
2026-08-16 16:51:28,881 - INFO - 📅 Fetching Basic Metadata: Mighty Fight Federation
2026-08-16 16:51:29,038 - INFO - 🎯 IGDB Match: 'Mighty Fight Federation' (100%)
2026-08-16 16:51:29,045 - INFO - 📅 Fetching Basic Metadata: LOVE
2026-08-16 16:51:29,203 - INFO - 🎯 IGDB Match: 'Love Love Love' (90%)
2026-08-16 16:51:29,209 - INFO - 📅 Fetching Basic Metadata: Call of The Wild: The Angler
2026-08-16 16:51:29,454 - INFO - 🎯 IGDB Match: 'Call of the Wild: The Angler' (100%)
2026-08-16 16:51:29,461 - INFO - 📅 Fetching Basic Metadata: The Falconeer
2026-08-16 16:51:29,590 - INFO - 🎯 IGDB Match: 'The Falconeer: The Hunter' (90%)
2026-08-16 16:51:29,596 - INFO - 📅 Fetching Basic Metadata: Rawmen: Food Fighter Arena
2026-08-16 16:51:29,773 - INFO - 🎯 IGDB Match: 'Rawmen' (90%)
2026-08-16 16:51:29,779 - INFO - 📅 Fetching Basic Metadata: World of Warships – Starter Pack: Albany
2026-08-16 16:51:29,942 - INFO - 📅 Fetching Basic Metadata: Fallout Classic Edition
2026-08-16 16:51:30,134 - INFO - 📅 Fetching Basic Metadata: Outliver: Tribulation
2026-08-16 16:51:30,332 - INFO - 🎯 IGDB Match: 'Outliver: Tribulation' (100%)
2026-08-16 16:51:30,338 - INFO - 📅 Fetching Basic Metadata: Bus Simulator 21 Next Stop
2026-08-16 16:51:30,533 - INFO - 🎯 IGDB Match: 'Bus Simulator 21: Next Stop' (98%)
2026-08-16 16:51:30,539 - INFO - 📅 Fetching Basic Metadata: Turmoil
2026-08-16 16:51:30,667 - INFO - 🎯 IGDB Match: 'Turmoil' (100%)
2026-08-16 16:51:30,672 - INFO - 📅 Fetching Basic Metadata: World War Z Aftermath
2026-08-16 16:51:30,817 - INFO - 🎯 IGDB Match: 'World War Z: Aftermath' (98%)
2026-08-16 16:51:30,822 - INFO - 📅 Fetching Basic Metadata: World Of Warships – Anniversary Party Flavor
2026-08-16 16:51:30,967 - INFO - 📅 Fetching Basic Metadata: Neko Ghost, Jump!
2026-08-16 16:51:31,140 - INFO - 🎯 IGDB Match: 'Neko Ghost, Jump!' (100%)
2026-08-16 16:51:31,145 - INFO - 📅 Fetching Basic Metadata: Super Space Club
2026-08-16 16:51:31,320 - INFO - 🎯 IGDB Match: 'Super Space Club' (100%)
2026-08-16 16:51:31,325 - INFO - 📅 Fetching Basic Metadata: Touch Type Tale
2026-08-16 16:51:31,457 - INFO - 🎯 IGDB Match: 'Touch Type Tale' (100%)
2026-08-16 16:51:31,463 - INFO - 📅 Fetching Basic Metadata: Gigapocalypse
2026-08-16 16:51:31,617 - INFO - 🎯 IGDB Match: 'Gigapocalypse' (100%)
2026-08-16 16:51:31,703 - INFO - 📅 Fetching Basic Metadata: Legion TD2
2026-08-16 16:51:31,837 - INFO - 📅 Fetching Basic Metadata: Nightingale
2026-08-16 16:51:31,958 - WARNING - IGDB Error for Nightingale: string indices must be integers, not 'str'
2026-08-16 16:51:31,964 - INFO - 📅 Fetching Basic Metadata: Godzilla Voxel Wars
2026-08-16 16:51:32,087 - WARNING - IGDB Error for Godzilla Voxel Wars: string indices must be integers, not 'str'
2026-08-16 16:51:32,094 - INFO - 📅 Fetching Basic Metadata: Trine Classic Collection
2026-08-16 16:51:32,209 - WARNING - IGDB Error for Trine Classic Collection: string indices must be integers, not 'str'
2026-08-16 16:51:32,215 - INFO - 📅 Fetching Basic Metadata: Poison Retro Set
2026-08-16 16:51:32,380 - WARNING - IGDB Error for Poison Retro Set: string indices must be integers, not 'str'
2026-08-16 16:51:32,386 - INFO - 📅 Fetching Basic Metadata: The Darkside Detective A Fumble in the Dark
2026-08-16 16:51:32,673 - WARNING - IGDB Error for The Darkside Detective A Fumble in the Dark: string indices must be integers, not 'str'
2026-08-16 16:51:32,695 - INFO - 📅 Fetching Basic Metadata: Return to Ash
2026-08-16 16:51:32,826 - INFO - 🎯 IGDB Match: 'Return to Ash' (100%)
2026-08-16 16:51:32,835 - INFO - 🏢 Publisher Search: STALCRAFT: X Starter Edition
2026-08-16 16:51:34,204 - INFO - 📅 Fetching Basic Metadata: STALCRAFT: X Starter Edition
2026-08-16 16:51:34,417 - INFO - 📅 Fetching Basic Metadata: Boxes: Lost Fragments
2026-08-16 16:51:34,547 - INFO - 🎯 IGDB Match: 'Boxes: Lost Fragments' (100%)
2026-08-16 16:51:34,656 - INFO - 📅 Fetching Basic Metadata: My Night Job
2026-08-16 16:51:34,788 - INFO - 🎯 IGDB Match: 'My Night Job' (100%)
2026-08-16 16:51:34,898 - INFO - 📅 Fetching Basic Metadata: Electrician Simulator
2026-08-16 16:51:35,032 - INFO - 🎯 IGDB Match: 'Electrician Simulator' (100%)
2026-08-16 16:51:35,138 - INFO - 🏢 Publisher Search: World of Warships — Epic Anniversary Tachibana Pack
2026-08-16 16:51:36,627 - INFO - 📅 Fetching Basic Metadata: World of Warships — Epic Anniversary Tachibana Pack
2026-08-16 16:51:36,869 - INFO - 📅 Fetching Basic Metadata: Hyper Echelon
2026-08-16 16:51:37,031 - INFO - 🎯 IGDB Match: 'Hyper Echelon' (100%)
2026-08-16 16:51:37,059 - INFO - 📅 Fetching Basic Metadata: Havendock
2026-08-16 16:51:37,187 - INFO - 🎯 IGDB Match: 'Havendock' (100%)
2026-08-16 16:51:37,193 - INFO - 📅 Fetching Basic Metadata: Clone Drone in the Danger Zone
2026-08-16 16:51:37,323 - INFO - 🎯 IGDB Match: 'Clone Drone in the Danger Zone' (100%)
2026-08-16 16:51:37,328 - INFO - 🏢 Publisher Search: TOMAK: Save the Earth Regeneration
2026-08-16 16:51:38,729 - INFO - 📅 Fetching Basic Metadata: TOMAK: Save the Earth Regeneration
2026-08-16 16:51:38,859 - INFO - 🎯 IGDB Match: 'Tomak: Save the Earth Regeneration' (100%)
2026-08-16 16:51:38,864 - INFO - 📅 Fetching Basic Metadata: Prop Sumo
2026-08-16 16:51:38,994 - INFO - 🎯 IGDB Match: 'Prop Sumo' (100%)
2026-08-16 16:51:38,999 - INFO - 📅 Fetching Basic Metadata: The Stone of Madness
2026-08-16 16:51:39,127 - INFO - 🎯 IGDB Match: 'The Stone of Madness' (100%)
2026-08-16 16:51:39,132 - INFO - 📅 Fetching Basic Metadata: Firestone Online Idle RPG
2026-08-16 16:51:39,260 - INFO - 🎯 IGDB Match: 'Firestone: Online Idle RPG' (98%)
2026-08-16 16:51:39,265 - INFO - 📅 Fetching Basic Metadata: Oddsparks: An Automation Adventure
2026-08-16 16:51:39,464 - INFO - 🎯 IGDB Match: 'Oddsparks: An Automation Adventure' (100%)
2026-08-16 16:51:39,469 - INFO - 📅 Fetching Basic Metadata: Trash Goblin
2026-08-16 16:51:39,671 - INFO - 🎯 IGDB Match: 'Trash Goblin' (100%)
2026-08-16 16:51:39,676 - INFO - 🏢 Publisher Search: The Telltale Batman Shadows Edition
2026-08-16 16:51:41,174 - INFO - 📅 Fetching Basic Metadata: The Telltale Batman Shadows Edition
2026-08-16 16:51:41,307 - INFO - 🎯 IGDB Match: 'Telltale Batman Shadows Edition' (95%)
2026-08-16 16:51:41,312 - INFO - 🏢 Publisher Search: Sunderfolk - Standard Edition
2026-08-16 16:51:42,720 - INFO - 📅 Fetching Basic Metadata: Sunderfolk - Standard Edition
2026-08-16 16:51:42,866 - INFO - 📅 Fetching Basic Metadata: Down in Bermuda
2026-08-16 16:51:43,056 - INFO - 🎯 IGDB Match: 'Down in Bermuda' (100%)
2026-08-16 16:51:43,064 - INFO - 📅 Fetching Basic Metadata: Tomb Raider I-III Remastered Starring Lara Croft
2026-08-16 16:51:43,264 - INFO - 📅 Fetching Basic Metadata: LONESTAR
2026-08-16 16:51:43,471 - INFO - 🎯 IGDB Match: 'LoneStar' (100%)
2026-08-16 16:51:43,477 - INFO - 📅 Fetching Basic Metadata: Calico
2026-08-16 16:51:43,611 - INFO - 🎯 IGDB Match: 'Calico' (100%)
2026-08-16 16:51:43,616 - INFO - 📅 Fetching Basic Metadata: Rogue Waters
2026-08-16 16:51:43,798 - INFO - 🎯 IGDB Match: 'Rogue Waters' (100%)
2026-08-16 16:51:43,804 - INFO - 📅 Fetching Basic Metadata: The Ouroboros King
2026-08-16 16:51:43,933 - INFO - 🎯 IGDB Match: 'The Ouroboros King' (100%)
2026-08-16 16:51:43,938 - INFO - 🏢 Publisher Search: Warhammer 40K Speed Freeks
2026-08-16 16:51:45,300 - INFO - 📅 Fetching Basic Metadata: I Have No Mouth, and I Must Scream
2026-08-16 16:51:45,430 - INFO - 🎯 IGDB Match: 'I Have No Mouth, and I Must Scream' (100%)
2026-08-16 16:51:45,436 - INFO - 📅 Fetching Basic Metadata: Nova Lands
2026-08-16 16:51:45,606 - INFO - 🎯 IGDB Match: 'Nova Lands' (100%)
2026-08-16 16:51:45,611 - INFO - 📅 Fetching Basic Metadata: Tattoo Tycoon
2026-08-16 16:51:45,775 - INFO - 🎯 IGDB Match: 'Tattoo Tycoon' (100%)
2026-08-16 16:51:45,780 - INFO - 📅 Fetching Basic Metadata: Echo Generation: Midnight Edition
2026-08-16 16:51:45,938 - INFO - 🎯 IGDB Match: 'Echo Generation: Midnight Edition' (100%)
2026-08-16 16:51:45,943 - INFO - 💰 Price Search: Foretales
2026-08-16 16:51:47,095 - WARNING - Price error for Foretales: string indices must be integers, not 'str'
2026-08-16 16:51:47,096 - INFO - 📅 Fetching Basic Metadata: Foretales
2026-08-16 16:51:47,225 - INFO - 🎯 IGDB Match: 'Foretales' (100%)
2026-08-16 16:51:47,230 - INFO - 💰 Price Search: OTXO
2026-08-16 16:51:48,313 - WARNING - Price error for OTXO: string indices must be integers, not 'str'
2026-08-16 16:51:48,314 - INFO - 💰 Price Search: Sol Cesto
2026-08-16 16:51:49,393 - WARNING - Price error for Sol Cesto: string indices must be integers, not 'str'
2026-08-16 16:51:49,393 - INFO - 📅 Fetching Basic Metadata: Sol Cesto
2026-08-16 16:51:49,613 - INFO - 🎯 IGDB Match: 'Sol Cesto' (100%)
2026-08-16 16:51:49,618 - INFO - 💰 Price Search: Beacon Pines
2026-08-16 16:51:50,702 - WARNING - Price error for Beacon Pines: string indices must be integers, not 'str'
2026-08-16 16:51:50,703 - INFO - 💰 Price Search: Caravan SandWitch
2026-08-16 16:51:51,792 - WARNING - Price error for Caravan SandWitch: string indices must be integers, not 'str'
2026-08-16 16:51:51,797 - INFO - 
--- Starting Data Quality Checks ---
2026-08-16 16:51:51,807 - INFO - --- Data Quality Checks Complete ---

2026-08-16 16:51:51,830 - INFO - | Metric | Statistics |
| :--- | :--- |
| 💰 **Total Market Value** | **$13,332.99** |
| 📦 **Total Games Collected** | 696 |
| 🏷️ **Average Retail Price** | $22.18 per game |
| 💎 **Most Expensive Title** | Civilization 6 Platinum Edition ($79.99) |
| 👑 **MVP Publisher** | Bethesda Softworks |
| 🏢 **Value Leaders** | 2K ($579.90), Bethesda Softworks ($544.80), Paradox Interactive ($409.89) |
| 📈 **Inflation-Adjusted Value** | $15,130.23 |
| 🎈 **Inflation Bonus** | **+$1,797.24** in purchasing power |
| 🗓️ **Peak Saving Month** | 🎄 **Seasonality Peak:** December is historically the best month, offering $3,388.17 in savings. |
| ⭐ **Average Score** | 76.9/100 |
| 💳 **Subscription Equivalent** | **$167.78 / mo** |
| 🎯 **Prestige Ratio** | **2.0%** (Strategic Hype) |
| 🏎️ **Lead Time Avg** | 441 Days to Sequel |

2026-08-16 16:51:51,830 - INFO - ✅ README.md updated.
2026-08-16 16:51:51,848 - INFO - Using categorical units to plot a list of strings that are all parsable as floats or dates. If these strings should be plotted as numbers, cast to the appropriate data type before plotting.
2026-08-16 16:51:51,849 - INFO - Using categorical units to plot a list of strings that are all parsable as floats or dates. If these strings should be plotted as numbers, cast to the appropriate data type before plotting.
2026-08-16 16:51:56,487 - INFO - 📈 All charts generated successfully.
